2026-09-27T03:15:45Z INFO Logging to /tmp/logs/update_2026-09-27T03-15-45Z.log.
2026-09-27T03:15:45Z INFO Update qualifying-lfp-content-ids (base directory /tmp).
2026-09-27T03:15:47Z INFO Processing 354 items (58763 already recorded).
2026-09-27T03:15:49Z INFO [1/354] 18b270d7-bbe9-4b4b-9c8c-ce8c3e0ad41c: does not qualify; 2.1 s; peak memory 224 MiB.
2026-09-27T03:15:50Z INFO [2/354] 18b29c0b-08bb-40c3-9b5d-3f34e2d2af70: does not qualify; 1.2 s; peak memory 224 MiB.
2026-09-27T03:15:51Z INFO [3/354] 18b2bc97-7a1b-4151-8ba0-1cf9b317b6cd: does not qualify; 1.4 s; peak memory 224 MiB.
2026-09-27T03:15:52Z INFO [4/354] 18b4e024-bd84-4e3e-8d79-b46029c1815b: does not qualify; 1.1 s; peak memory 224 MiB.
2026-09-27T03:15:54Z INFO [5/354] 18b4f46e-90fb-4e3c-baff-7ebaf5dd19d2: does not qualify; 1.7 s; peak memory 224 MiB.
2026-09-27T03:15:56Z INFO [6/354] 18b5d6a7-3bd2-45ba-8ca2-5af2661f061e: does not qualify; 1.6 s; peak memory 224 MiB.
2026-09-27T03:15:57Z INFO [7/354] 18b63bb8-8ab5-40be-8fbd-82674e214741: does not qualify; 1.2 s; peak memory 224 MiB.
2026-09-27T03:15:58Z INFO [8/354] 18b765de-4932-4d09-b84c-a8404ff5d5e3: does not qualify; 1.6 s; peak memory 225 MiB.
2026-09-27T03:16:03Z INFO [9/354] 18b7f86a-9d11-4741-908c-49a9daacd675: qualifies; 4.6 s; peak memory 228 MiB.
2026-09-27T03:16:04Z INFO [10/354] 18b8aadf-8563-41f5-859d-0bd0e6490a38: does not qualify; 1.0 s; peak memory 228 MiB.
2026-09-27T03:16:05Z INFO [11/354] 18b93c72-784e-4012-8313-90d65cc4b883: does not qualify; 1.5 s; peak memory 228 MiB.
2026-09-27T03:16:07Z INFO [12/354] 18b9472d-4543-4fd6-b43d-2ab8f4d355ea: does not qualify; 1.5 s; peak memory 228 MiB.
2026-09-27T03:16:09Z INFO [13/354] 18b986e1-7aa7-4659-8c59-913b5b885d85: does not qualify; 2.0 s; peak memory 228 MiB.
2026-09-27T03:16:10Z INFO [14/354] 18b9d716-468c-4971-bc03-d260ffabb7ad: does not qualify; 1.2 s; peak memory 228 MiB.
2026-09-27T03:16:12Z INFO [15/354] 18ba99f0-db02-4446-869d-7e455067df8d: does not qualify; 1.4 s; peak memory 228 MiB.
2026-09-27T03:16:13Z INFO [16/354] 18bb545c-2390-45c6-9fb9-23b353e6d468: does not qualify; 1.5 s; peak memory 228 MiB.
2026-09-27T03:16:14Z INFO [17/354] 18bc0049-b9f0-4b7b-bac4-13f610521fe9: does not qualify; 1.3 s; peak memory 228 MiB.
2026-09-27T03:16:15Z INFO [18/354] 18bc656f-9d46-4efd-aaba-52d33b9e0b93: does not qualify; 1.0 s; peak memory 228 MiB.
2026-09-27T03:16:17Z INFO [19/354] 18bc904f-e895-40d2-8233-62bcbe468404: does not qualify; 1.7 s; peak memory 228 MiB.
2026-09-27T03:16:19Z INFO [20/354] 18bca6af-561e-4f8b-92ac-3e72355002d7: does not qualify; 1.3 s; peak memory 228 MiB.
2026-09-27T03:16:20Z INFO [21/354] 18bca925-124a-421b-b583-0c1e837b847d: does not qualify; 1.4 s; peak memory 228 MiB.
2026-09-27T03:16:28Z INFO [22/354] 18be17c7-3607-4012-b6e7-34a27d89b095: does not qualify; 7.8 s; peak memory 271 MiB.
2026-09-27T03:16:29Z INFO [23/354] 18bf4512-52c1-492d-902f-3747e0a3618d: does not qualify; 1.6 s; peak memory 271 MiB.
2026-09-27T03:16:37Z INFO [24/354] 18bf5f0d-2031-4104-8f0b-b212c2f2a221: does not qualify; 7.3 s; peak memory 274 MiB.
2026-09-27T03:16:38Z INFO [25/354] 18c051ff-b483-485f-9a51-8c5be2c3e355: does not qualify; 1.3 s; peak memory 274 MiB.
2026-09-27T03:16:39Z INFO [26/354] 18c07149-46cb-4013-ac76-40cd6974fcdd: does not qualify; 1.5 s; peak memory 274 MiB.
2026-09-27T03:16:41Z INFO [27/354] 18c08f35-fd9f-49c2-870c-6a5afd753a82: does not qualify; 1.5 s; peak memory 274 MiB.
2026-09-27T03:16:42Z INFO [28/354] 18c125c8-4a4c-4cec-98e3-ff1496362e58: does not qualify; 1.4 s; peak memory 274 MiB.
2026-09-27T03:16:44Z INFO [29/354] 18c172c2-dea8-4151-9494-c069a75664f3: does not qualify; 1.4 s; peak memory 274 MiB.
2026-09-27T03:16:45Z INFO [30/354] 18c240c7-1447-4fed-ab90-3fb2e2541bc9: does not qualify; 1.5 s; peak memory 274 MiB.
2026-09-27T03:16:47Z INFO [31/354] 18c3072a-0dce-4cbe-a06f-4907c6c3b7dd: does not qualify; 1.5 s; peak memory 274 MiB.
2026-09-27T03:16:49Z INFO [32/354] 18c3e21d-62fd-4465-b9b9-ffe55b64def8: does not qualify; 2.4 s; peak memory 274 MiB.
2026-09-27T03:16:50Z INFO [33/354] 18c425ba-8e9c-4140-b92d-1a3b7e54abd0: does not qualify; 0.9 s; peak memory 274 MiB.
2026-09-27T03:16:51Z INFO [34/354] 18c47a86-fc52-4aa6-a7f2-d921f296d2fa: does not qualify; 1.0 s; peak memory 274 MiB.
2026-09-27T03:16:53Z INFO [35/354] 18c49790-c2d6-4fe2-a08c-b0065e985347: qualifies; 1.9 s; peak memory 275 MiB.
2026-09-27T03:16:54Z INFO [36/354] 18c4a14e-0cf3-459d-a6a4-89e2680da199: does not qualify; 1.4 s; peak memory 275 MiB.
2026-09-27T03:16:56Z INFO [37/354] 18c55003-8029-4064-9521-082922039b65: does not qualify; 1.8 s; peak memory 275 MiB.
2026-09-27T03:16:57Z INFO [38/354] 18c70108-dc21-41a0-9137-9edeef91b03d: does not qualify; 1.2 s; peak memory 275 MiB.
2026-09-27T03:16:58Z INFO [39/354] 18c72c34-9dca-4c92-a6a5-345f7ea7083e: does not qualify; 1.2 s; peak memory 275 MiB.
2026-09-27T03:17:29Z INFO [40/354] 18c7fa25-2492-4ffe-9c1f-a9d152493e9c: does not qualify; 30.1 s; peak memory 296 MiB.
2026-09-27T03:17:32Z INFO [41/354] 18c85e7a-f55d-47f5-a2d7-0a881496b0bc: does not qualify; 3.4 s; peak memory 296 MiB.
2026-09-27T03:17:34Z INFO [42/354] 18c91dba-6ed1-4246-8947-d9196dc133c2: does not qualify; 2.1 s; peak memory 296 MiB.
2026-09-27T03:17:35Z INFO [43/354] 18c922a3-516b-4469-8cb7-14de86cc123a: does not qualify; 1.3 s; peak memory 296 MiB.
2026-09-27T03:17:36Z INFO [44/354] 18c95557-6868-458d-b352-fc833ba3b306: does not qualify; 1.0 s; peak memory 296 MiB.
2026-09-27T03:17:38Z INFO [45/354] 18ca0eae-1425-490e-b240-6b045b5284e8: qualifies; 2.1 s; peak memory 296 MiB.
2026-09-27T03:17:41Z INFO [46/354] 18ca61d0-d53e-43b2-8379-df7ff18417b4: does not qualify; 2.5 s; peak memory 296 MiB.
2026-09-27T03:17:42Z INFO [47/354] 18cab741-c42c-4927-a2ea-f30ba56263ea: does not qualify; 1.0 s; peak memory 296 MiB.
2026-09-27T03:17:43Z INFO [48/354] 18cada7f-ab80-4408-81bc-efea7198c594: does not qualify; 1.3 s; peak memory 296 MiB.
2026-09-27T03:17:44Z INFO [49/354] 18cb008d-7b69-43b7-84f9-ae4b0568833b: does not qualify; 1.1 s; peak memory 296 MiB.
2026-09-27T03:17:46Z INFO [50/354] 18cbb56d-53da-420f-9e07-c4c9081320a3: does not qualify; 1.4 s; peak memory 296 MiB.
2026-09-27T03:17:46Z INFO [50/354] 18cbb56d-53da-420f-9e07-c4c9081320a3: checkpointed 58813 records.
2026-09-27T03:17:47Z INFO [51/354] 18cc2044-1ffb-4388-b6c0-b0b8eab109ab: does not qualify; 1.0 s; peak memory 296 MiB.
2026-09-27T03:17:48Z INFO [52/354] 18cd3b72-ccb1-457c-b8fd-4616e8bbc744: does not qualify; 1.0 s; peak memory 296 MiB.
2026-09-27T03:17:50Z INFO [53/354] 18cd567d-dbe6-47a2-a002-11ad5b2f7633: does not qualify; 2.4 s; peak memory 296 MiB.
2026-09-27T03:17:51Z INFO [54/354] 18cd66b2-ef7c-4e09-bf27-d9560e2626f4: does not qualify; 1.2 s; peak memory 296 MiB.
2026-09-27T03:17:54Z INFO [55/354] 18ce4fd7-87dd-414b-bc4a-b60df6419265: does not qualify; 2.2 s; peak memory 296 MiB.
2026-09-27T03:17:54Z INFO [56/354] 18ceeeb0-3ac0-4964-abe8-001641837af5: does not qualify; 0.9 s; peak memory 296 MiB.
2026-09-27T03:17:56Z INFO [57/354] 18d06ab8-c4bd-4a36-bd97-0e43518bd794: does not qualify; 1.5 s; peak memory 296 MiB.
2026-09-27T03:18:06Z INFO [58/354] 18d3a4d9-9de9-43d8-abff-0f73588c941e: does not qualify; 9.6 s; peak memory 296 MiB.
2026-09-27T03:18:07Z INFO [59/354] 18d3fed6-37eb-45c5-a276-529631001171: does not qualify; 1.1 s; peak memory 296 MiB.
2026-09-27T03:18:10Z INFO [60/354] 18d3ff94-9801-4892-ae8a-6eb23ed25baf: does not qualify; 3.1 s; peak memory 296 MiB.
2026-09-27T03:18:11Z INFO [61/354] 18d47db2-c507-4ef0-bbe6-ffbf2c88486a: does not qualify; 1.8 s; peak memory 296 MiB.
2026-09-27T03:18:13Z INFO [62/354] 18d4bc1b-9fa2-4d38-871e-7c2235c42cdf: does not qualify; 1.2 s; peak memory 296 MiB.
2026-09-27T03:18:14Z INFO [63/354] 18d4d822-fbf2-4adb-b03d-cb7e1eed75f2: does not qualify; 0.9 s; peak memory 296 MiB.
2026-09-27T03:18:15Z INFO [64/354] 18d52b1d-1753-426c-8aaa-be851b37a002: does not qualify; 1.8 s; peak memory 296 MiB.
2026-09-27T03:18:17Z INFO [65/354] 18d560f0-ad05-4ccd-8085-273320969350: does not qualify; 1.5 s; peak memory 296 MiB.
2026-09-27T03:18:18Z INFO [66/354] 18d5a328-b66d-40ee-9d08-3df8e6f73923: does not qualify; 1.1 s; peak memory 296 MiB.
2026-09-27T03:18:19Z INFO [67/354] 18d5a85a-8e35-4dc7-8cef-1def012f2768: does not qualify; 1.1 s; peak memory 296 MiB.
2026-09-27T03:18:20Z INFO [68/354] 18d5dfd1-1b25-4277-9712-d84ebcc82135: does not qualify; 1.1 s; peak memory 296 MiB.
2026-09-27T03:18:21Z INFO [69/354] 18d60e3b-8883-485e-9da3-7b6c0ea06452: does not qualify; 1.0 s; peak memory 296 MiB.
2026-09-27T03:18:30Z INFO [70/354] 18d64569-606e-4a96-92a6-8425adb5ba6a: does not qualify; 8.5 s; peak memory 296 MiB.
2026-09-27T03:18:31Z INFO [71/354] 18d6ac0d-017d-4788-aea0-05e21d7239d6: does not qualify; 1.0 s; peak memory 296 MiB.
2026-09-27T03:18:32Z INFO [72/354] 18d78307-dc7e-4a6c-88c1-cbe698992268: does not qualify; 1.1 s; peak memory 296 MiB.
2026-09-27T03:18:33Z INFO [73/354] 18d85e24-2c2d-43cb-b63a-cc038e3aa2a1: does not qualify; 1.1 s; peak memory 296 MiB.
2026-09-27T03:18:34Z INFO [74/354] 18d86620-6dce-46e5-909c-ce85ad943647: does not qualify; 1.1 s; peak memory 296 MiB.
2026-09-27T03:18:36Z INFO [75/354] 18d8b9a0-087e-459d-a959-fcd76bbf3f4d: does not qualify; 1.9 s; peak memory 296 MiB.
2026-09-27T03:18:37Z INFO [76/354] 18d9713a-1684-4ce4-9639-0a5db43a383b: does not qualify; 0.9 s; peak memory 296 MiB.
2026-09-27T03:18:45Z INFO [77/354] 18d98344-dbf8-486e-871b-297ec4dbd2c2: does not qualify; 7.8 s; peak memory 296 MiB.
2026-09-27T03:18:46Z INFO [78/354] 18da2525-886a-4087-a1e1-fafcde23789a: does not qualify; 1.2 s; peak memory 296 MiB.
2026-09-27T03:18:47Z INFO [79/354] 18da5252-9d2a-492c-af77-4a2de1aef69c: does not qualify; 1.0 s; peak memory 296 MiB.
2026-09-27T03:18:49Z INFO [80/354] 18da981d-3c6d-481e-a212-15b453cd40b5: does not qualify; 1.8 s; peak memory 296 MiB.
2026-09-27T03:18:51Z INFO [81/354] 18dc5a4f-9780-48a4-8e9b-d8520ba4eba7: does not qualify; 2.7 s; peak memory 296 MiB.
2026-09-27T03:18:52Z INFO [82/354] 18dd4d87-8123-44bf-bbd1-fdaef419f18d: does not qualify; 0.8 s; peak memory 296 MiB.
2026-09-27T03:18:54Z INFO [83/354] 18ddec35-20d7-4e3b-b1cd-5aa05f7eeaad: does not qualify; 2.0 s; peak memory 296 MiB.
2026-09-27T03:18:56Z INFO [84/354] 18de84e9-6462-40d1-ac72-613856b53e78: does not qualify; 1.4 s; peak memory 296 MiB.
2026-09-27T03:18:56Z INFO [85/354] 18df0293-e65c-4992-bbcc-d1191d152013: does not qualify; 0.9 s; peak memory 296 MiB.
2026-09-27T03:18:57Z INFO [86/354] 18df230c-a6c3-47ff-83ea-2e7df68a007a: does not qualify; 1.0 s; peak memory 296 MiB.
2026-09-27T03:18:58Z INFO [87/354] 18df98bc-0354-485e-b543-6eade5a772bc: does not qualify; 0.8 s; peak memory 296 MiB.
2026-09-27T03:18:59Z INFO [88/354] 18e02d24-a29c-4545-ac54-cf8ac29e134f: does not qualify; 1.1 s; peak memory 296 MiB.
2026-09-27T03:19:02Z INFO [89/354] 18e099e9-e065-4307-b988-a03f2b75805f: does not qualify; 2.6 s; peak memory 296 MiB.
2026-09-27T03:19:03Z INFO [90/354] 18e1b913-184e-4b0c-b434-712ea284a035: does not qualify; 1.1 s; peak memory 296 MiB.
2026-09-27T03:19:04Z INFO [91/354] 18e1ea87-4c03-4c71-a2c8-b7310c84a62a: does not qualify; 1.1 s; peak memory 296 MiB.
2026-09-27T03:19:10Z INFO [92/354] 18e2044a-b8df-4d65-9654-73296a918113: does not qualify; 5.9 s; peak memory 296 MiB.
2026-09-27T03:19:11Z INFO [93/354] 18e265db-e131-4b49-9e28-51ffa6488dfa: does not qualify; 1.5 s; peak memory 296 MiB.
2026-09-27T03:19:14Z INFO [94/354] 18e2ea51-d1fe-49cd-bb0e-25c463757d73: does not qualify; 2.0 s; peak memory 296 MiB.
2026-09-27T03:19:15Z INFO [95/354] 18e38190-eb3f-442e-bd09-59613e55b839: does not qualify; 1.1 s; peak memory 296 MiB.
2026-09-27T03:19:16Z INFO [96/354] 18e381c5-790f-486b-9537-0ca04cfc4235: does not qualify; 1.2 s; peak memory 296 MiB.
2026-09-27T03:19:22Z INFO [97/354] 18e3f6db-5105-4757-9766-933de9f9c88d: does not qualify; 6.2 s; peak memory 296 MiB.
2026-09-27T03:19:23Z INFO [98/354] 18e46d7e-3a3d-46e3-9a9d-59d93a720067: does not qualify; 1.0 s; peak memory 296 MiB.
2026-09-27T03:19:25Z INFO [99/354] 18e53777-e309-4b81-810b-42f376165451: does not qualify; 1.6 s; peak memory 296 MiB.
2026-09-27T03:19:26Z INFO [100/354] 18e6b5bf-b092-401d-98bb-ab17b41a6486: does not qualify; 1.7 s; peak memory 296 MiB.
2026-09-27T03:19:26Z INFO [100/354] 18e6b5bf-b092-401d-98bb-ab17b41a6486: checkpointed 58863 records.
2026-09-27T03:19:28Z INFO [101/354] 18e6b6f1-fb46-4f0e-b987-986fc6ba5fad: does not qualify; 1.7 s; peak memory 296 MiB.
2026-09-27T03:19:29Z INFO [102/354] 18e6c881-fb73-49ec-9e0f-f9c66fed4593: does not qualify; 1.4 s; peak memory 296 MiB.
2026-09-27T03:19:31Z INFO [103/354] 18e6d106-c545-4611-9c9c-c2f360bce859: does not qualify; 1.1 s; peak memory 296 MiB.
2026-09-27T03:19:31Z INFO [104/354] 18e6f3c3-0dd7-484e-8b71-093d27cfb9e0: does not qualify; 0.8 s; peak memory 296 MiB.
2026-09-27T03:19:33Z INFO [105/354] 18e77985-d753-419d-a501-74b6d57ab463: does not qualify; 1.1 s; peak memory 296 MiB.
2026-09-27T03:19:41Z INFO [106/354] 18e7d0f7-b8d6-4046-90be-d4deefd87ecc: does not qualify; 8.2 s; peak memory 296 MiB.
2026-09-27T03:19:42Z INFO [107/354] 18e80d77-8ca3-41c4-b748-10e2dd87405b: does not qualify; 0.8 s; peak memory 296 MiB.
2026-09-27T03:19:42Z INFO [108/354] 18e9709c-bf61-4847-b75a-ab0562655c29: does not qualify; 1.0 s; peak memory 296 MiB.
2026-09-27T03:19:44Z INFO [109/354] 18e98fd0-08c6-4cc2-8668-b54598f74c6d: does not qualify; 1.0 s; peak memory 296 MiB.
2026-09-27T03:19:46Z INFO [110/354] 18e99adc-1a2d-40fc-a8f4-4949d81db5f0: does not qualify; 2.0 s; peak memory 296 MiB.
2026-09-27T03:19:47Z INFO [111/354] 18e9a01b-87e2-4e17-b7ca-a88876a63803: does not qualify; 1.5 s; peak memory 296 MiB.
2026-09-27T03:19:52Z INFO [112/354] 18e9af08-dd35-4479-aa16-84861a774e80: does not qualify; 4.7 s; peak memory 296 MiB.
2026-09-27T03:19:54Z INFO [113/354] 18e9b468-39eb-4cbd-b700-cc06b430066d: does not qualify; 2.4 s; peak memory 296 MiB.
2026-09-27T03:19:56Z INFO [114/354] 18ea8280-f581-4e76-a98f-efc80dfd4c57: does not qualify; 2.0 s; peak memory 296 MiB.
2026-09-27T03:19:57Z INFO [115/354] 18eb4614-ac2b-4dc5-8aca-0487c65d93a9: does not qualify; 1.1 s; peak memory 296 MiB.
2026-09-27T03:20:02Z INFO [116/354] 18ebcc72-56dc-491d-98cd-c871d0d386a5: does not qualify; 5.1 s; peak memory 296 MiB.
2026-09-27T03:20:04Z INFO [117/354] 18ec058c-9157-4f78-a9ea-88b01a9f6856: does not qualify; 1.4 s; peak memory 296 MiB.
2026-09-27T03:20:08Z INFO [118/354] 18edd663-2986-4d90-b32f-24ca798b78cd: does not qualify; 4.6 s; peak memory 296 MiB.
2026-09-27T03:20:10Z INFO [119/354] 18edff27-9a06-46f7-a517-76ab6d6e5028: does not qualify; 1.6 s; peak memory 296 MiB.
2026-09-27T03:20:11Z INFO [120/354] 18eea337-30ab-4289-8ae9-0f6e472ac8b4: does not qualify; 1.0 s; peak memory 296 MiB.
2026-09-27T03:20:12Z INFO [121/354] 18ef382e-8c9b-435d-8a4a-d43ab472e9ab: does not qualify; 1.2 s; peak memory 296 MiB.
2026-09-27T03:20:14Z INFO [122/354] 18efea65-18e5-42d5-9e26-849f739b78a9: does not qualify; 1.6 s; peak memory 296 MiB.
2026-09-27T03:20:15Z INFO [123/354] 18f09206-0fa7-442a-b0f6-418cf8591259: does not qualify; 1.6 s; peak memory 296 MiB.
2026-09-27T03:20:17Z INFO [124/354] 18f0f5f4-4bdd-463c-a2f7-c3372c2d8326: does not qualify; 1.7 s; peak memory 296 MiB.
2026-09-27T03:20:18Z INFO [125/354] 18f15c9d-583c-485d-9a41-a8f357de0d74: does not qualify; 0.8 s; peak memory 296 MiB.
2026-09-27T03:20:19Z INFO [126/354] 18f18157-6db9-4041-a627-3136dbe4ab39: does not qualify; 1.4 s; peak memory 296 MiB.
2026-09-27T03:20:20Z INFO [127/354] 18f1aabd-7dd3-4cb3-8b68-f9f63d02a4dd: does not qualify; 1.0 s; peak memory 296 MiB.
2026-09-27T03:20:22Z INFO [128/354] 18f241ba-b939-47a0-9714-1afb34c934eb: does not qualify; 1.3 s; peak memory 296 MiB.
2026-09-27T03:20:37Z INFO [129/354] 18f25c66-1bee-4d99-bd0c-2299a4d6fd03: does not qualify; 15.6 s; peak memory 296 MiB.
2026-09-27T03:20:38Z INFO [130/354] 18f26f39-1aa7-4c38-a70b-6acbc5250d32: does not qualify; 1.1 s; peak memory 296 MiB.
2026-09-27T03:20:39Z INFO [131/354] 18f2e345-4540-456a-8097-cfdf0425c5b0: does not qualify; 0.9 s; peak memory 296 MiB.
2026-09-27T03:20:42Z INFO [132/354] 18f42d37-4435-4299-a58e-169ec9703cd7: does not qualify; 2.5 s; peak memory 296 MiB.
2026-09-27T03:20:43Z INFO [133/354] 18f452c3-21b0-4cd9-88bc-032e97c2d63c: does not qualify; 1.0 s; peak memory 296 MiB.
2026-09-27T03:20:47Z INFO [134/354] 18f4c4ff-221c-424c-9175-c9a5423cd749: does not qualify; 4.7 s; peak memory 296 MiB.
2026-09-27T03:20:48Z INFO [135/354] 18f51c15-2f47-4463-bc28-78b91c8b4396: does not qualify; 1.0 s; peak memory 296 MiB.
2026-09-27T03:20:51Z INFO [136/354] 18f55a6f-b6a8-47c2-a356-262f07c50e1b: does not qualify; 2.2 s; peak memory 296 MiB.
2026-09-27T03:20:53Z INFO [137/354] 18f67678-575a-466b-af9e-cdfd57218afa: does not qualify; 2.3 s; peak memory 296 MiB.
2026-09-27T03:20:54Z INFO [138/354] 18f6d1d4-bdad-49cf-b732-e8e6d8d50b71: does not qualify; 0.8 s; peak memory 296 MiB.
2026-09-27T03:21:00Z INFO [139/354] 18f6f978-16b9-4217-877a-2a871fd0b9fd: does not qualify; 6.2 s; peak memory 296 MiB.
2026-09-27T03:21:02Z INFO [140/354] 18f7fe1c-9804-4c2a-8bc7-1509f1341ed5: does not qualify; 1.7 s; peak memory 296 MiB.
2026-09-27T03:21:03Z INFO [141/354] 18f8689d-8ed3-413c-9b1b-46127c725fba: does not qualify; 1.0 s; peak memory 296 MiB.
2026-09-27T03:21:04Z INFO [142/354] 18f8aa6f-df50-43aa-b052-97e223a029e4: does not qualify; 1.1 s; peak memory 296 MiB.
2026-09-27T03:21:05Z INFO [143/354] 18f8b791-4814-4e00-b742-6c3574d0b726: does not qualify; 1.3 s; peak memory 296 MiB.
2026-09-27T03:21:07Z INFO [144/354] 18f8df71-bf71-4645-9785-e6fc50d9cd8a: does not qualify; 1.7 s; peak memory 296 MiB.
2026-09-27T03:21:13Z INFO [145/354] 18f901ad-7b80-4d21-beb8-8421caa3dcdd: does not qualify; 5.8 s; peak memory 296 MiB.
2026-09-27T03:21:14Z INFO [146/354] 18f9b397-a4c9-4e6c-b7fe-00d2dd479372: does not qualify; 1.6 s; peak memory 296 MiB.
2026-09-27T03:21:17Z INFO [147/354] 18f9f05d-39d4-47e0-80fc-8fc4704fccc9: does not qualify; 2.9 s; peak memory 296 MiB.
2026-09-27T03:21:19Z INFO [148/354] 18fa4f2f-4bb9-4013-8004-22ef3a502feb: does not qualify; 1.5 s; peak memory 296 MiB.
2026-09-27T03:21:20Z INFO [149/354] 18fa6d92-427f-4a33-aa35-21b8eccfae8f: does not qualify; 0.9 s; peak memory 296 MiB.
2026-09-27T03:21:24Z INFO [150/354] 18faafb1-d06e-4d97-aadb-0ecd24eacdd2: does not qualify; 4.2 s; peak memory 296 MiB.
2026-09-27T03:21:24Z INFO [150/354] 18faafb1-d06e-4d97-aadb-0ecd24eacdd2: checkpointed 58913 records.
2026-09-27T03:21:25Z INFO [151/354] 18fb2a50-399a-42e2-af6e-7714d70c3fbb: does not qualify; 1.0 s; peak memory 296 MiB.
2026-09-27T03:21:26Z INFO [152/354] 18fd7d6f-642c-4d1f-86b5-ddd68a2382ee: does not qualify; 1.0 s; peak memory 296 MiB.
2026-09-27T03:21:29Z INFO [153/354] 18fe048a-20c6-423b-9513-06f79c9d70ad: does not qualify; 2.8 s; peak memory 296 MiB.
2026-09-27T03:21:30Z INFO [154/354] 18fe051e-d573-4b9e-aa00-6efb6c19050e: does not qualify; 1.0 s; peak memory 296 MiB.
2026-09-27T03:21:31Z INFO [155/354] 18fe3ca4-d46f-44ed-b507-af464c1c3f4e: does not qualify; 1.0 s; peak memory 296 MiB.
2026-09-27T03:21:32Z INFO [156/354] 18fe6cd2-2e0b-4f60-9f7d-f96d648ae01a: does not qualify; 1.2 s; peak memory 296 MiB.
2026-09-27T03:21:34Z INFO [157/354] 18ff746a-82bc-4fcd-807d-8596d1dfac80: does not qualify; 2.2 s; peak memory 296 MiB.
2026-09-27T03:21:36Z INFO [158/354] 1900cf47-90fd-407c-9795-4b11548a9874: does not qualify; 1.3 s; peak memory 296 MiB.
2026-09-27T03:21:36Z INFO [159/354] 1901ce3b-a9cb-42f0-93ec-0eec4d696eea: does not qualify; 1.0 s; peak memory 296 MiB.
2026-09-27T03:21:37Z INFO [160/354] 1901f99f-2b02-4071-832f-bd2f4d25f9f4: does not qualify; 1.0 s; peak memory 296 MiB.
2026-09-27T03:21:42Z INFO [161/354] 19020333-dbc8-4e43-b372-a9ec2ffc1b29: does not qualify; 4.2 s; peak memory 296 MiB.
2026-09-27T03:21:43Z INFO [162/354] 19041e1b-b175-4d79-ad7d-bf48dec2dc44: does not qualify; 1.0 s; peak memory 296 MiB.
2026-09-27T03:21:44Z INFO [163/354] 19047d2a-20f5-4ad2-ad01-1b9ff0e6f067: does not qualify; 1.0 s; peak memory 296 MiB.
2026-09-27T03:21:45Z INFO [164/354] 1904eef1-0672-4bd9-9af1-f9105064f169: does not qualify; 1.2 s; peak memory 296 MiB.
2026-09-27T03:21:46Z INFO [165/354] 19063072-3a35-44ec-beab-12361dbcd79a: does not qualify; 1.3 s; peak memory 296 MiB.
2026-09-27T03:21:47Z INFO [166/354] 1906bcb6-1e68-43d2-8eb3-caa0f0a0ffd6: does not qualify; 0.8 s; peak memory 296 MiB.
2026-09-27T03:21:48Z INFO [167/354] 19071c5c-f6f6-40e0-8ca6-b058fbdf71cf: does not qualify; 1.2 s; peak memory 296 MiB.
2026-09-27T03:21:49Z INFO [168/354] 19074b82-7a70-4110-97af-5b366d7e9ef2: does not qualify; 1.4 s; peak memory 296 MiB.
2026-09-27T03:22:14Z INFO [169/354] 190782de-3dd8-49c5-b850-8dea11a982c0: does not qualify; 24.5 s; peak memory 351 MiB.
2026-09-27T03:22:19Z INFO [170/354] 1907931b-c2eb-4b7d-8bc5-4c9518edfe7b: does not qualify; 5.0 s; peak memory 509 MiB.
2026-09-27T03:22:20Z INFO [171/354] 1907b687-824f-4c72-a8a3-c808fb7f3859: does not qualify; 1.2 s; peak memory 509 MiB.
2026-09-27T03:22:26Z INFO [172/354] 1908a448-47bd-488e-b5dc-e4d2e639eefd: does not qualify; 5.5 s; peak memory 509 MiB.
2026-09-27T03:22:27Z INFO [173/354] 1908fe4d-4e2e-4611-99ed-31aa18dd87be: does not qualify; 1.3 s; peak memory 509 MiB.
2026-09-27T03:22:38Z INFO [174/354] 190988f7-73ff-4090-81d6-1ea71b972f50: does not qualify; 10.6 s; peak memory 509 MiB.
2026-09-27T03:22:39Z INFO [175/354] 19098fbc-b40d-4036-b325-2eba2de2652e: does not qualify; 1.1 s; peak memory 509 MiB.
2026-09-27T03:22:41Z INFO [176/354] 1909cc09-30d4-4ea6-8296-de5ce937bc76: does not qualify; 2.8 s; peak memory 509 MiB.
2026-09-27T03:22:43Z INFO [177/354] 1909e5f0-c3ef-4151-b185-dd8da845d55f: does not qualify; 1.6 s; peak memory 509 MiB.
2026-09-27T03:22:44Z INFO [178/354] 190a0899-4fa8-48d6-bd97-29545c3d7761: does not qualify; 1.2 s; peak memory 509 MiB.
2026-09-27T03:22:45Z INFO [179/354] 190a7c60-f5af-4f58-acd3-d883014a573e: does not qualify; 1.3 s; peak memory 509 MiB.
2026-09-27T03:22:47Z INFO [180/354] 190ac0dc-e8fe-4a85-baf8-d9a93e34e78e: does not qualify; 1.1 s; peak memory 509 MiB.
2026-09-27T03:22:48Z INFO [181/354] 190b9fb0-368d-40bf-9b95-031619f550c8: does not qualify; 0.9 s; peak memory 509 MiB.
2026-09-27T03:22:50Z INFO [182/354] 190be370-f11d-46f4-8b62-f5cf930f5e62: does not qualify; 2.1 s; peak memory 509 MiB.
2026-09-27T03:22:53Z INFO [183/354] 190c2f8e-5e3a-458a-91dd-e5af4a51afed: does not qualify; 3.7 s; peak memory 509 MiB.
2026-09-27T03:22:54Z INFO [184/354] 190c92b4-e6ea-4575-a938-d0ccd1be9285: does not qualify; 0.9 s; peak memory 509 MiB.
2026-09-27T03:22:55Z INFO [185/354] 190cec6f-49f9-4a09-b3c5-8e4fa6f74a60: does not qualify; 0.9 s; peak memory 509 MiB.
2026-09-27T03:22:57Z INFO [186/354] 190d6582-e9d2-4552-9917-66107d276e82: does not qualify; 1.7 s; peak memory 509 MiB.
2026-09-27T03:22:58Z INFO [187/354] 190d7a77-2598-4950-9c25-69aef266bd71: does not qualify; 1.0 s; peak memory 509 MiB.
2026-09-27T03:22:59Z INFO [188/354] 190d7d52-e2d6-459d-835d-6a77701922cd: does not qualify; 1.2 s; peak memory 509 MiB.
2026-09-27T03:23:00Z INFO [189/354] 190f4740-33d3-44b4-9037-c498be6fc4b2: does not qualify; 0.8 s; peak memory 509 MiB.
2026-09-27T03:23:06Z INFO [190/354] 191035b2-7e3a-4bf7-aefb-e071e877296c: does not qualify; 6.1 s; peak memory 509 MiB.
2026-09-27T03:23:07Z INFO [191/354] 19103d86-a7b1-4855-911f-9b8006217a4c: does not qualify; 1.0 s; peak memory 509 MiB.
2026-09-27T03:23:08Z INFO [192/354] 1910431f-f4a6-4c58-8621-78f2b9d4be52: does not qualify; 1.2 s; peak memory 509 MiB.
2026-09-27T03:23:10Z INFO [193/354] 19104555-1d4e-480a-b80d-7b59dda7de97: does not qualify; 2.2 s; peak memory 509 MiB.
2026-09-27T03:23:12Z INFO [194/354] 1910dd30-5055-4fce-8761-2a3d1c9e9714: does not qualify; 1.2 s; peak memory 509 MiB.
2026-09-27T03:23:13Z INFO [195/354] 1910e908-d146-4791-a47e-cd7ca600c85c: does not qualify; 1.0 s; peak memory 509 MiB.
2026-09-27T03:23:14Z INFO [196/354] 1910ef64-4d7a-42de-8dee-6707c8a0096d: does not qualify; 1.3 s; peak memory 509 MiB.
2026-09-27T03:23:15Z INFO [197/354] 19124186-14e9-47f7-98d9-531f715e3abc: does not qualify; 1.2 s; peak memory 509 MiB.
2026-09-27T03:23:24Z INFO [198/354] 1912ed8c-8b80-480d-b10f-3de3393dc2f1: does not qualify; 8.9 s; peak memory 509 MiB.
2026-09-27T03:23:25Z INFO [199/354] 1913ec1c-a08e-4e11-a680-fcfcd27a1deb: does not qualify; 1.4 s; peak memory 509 MiB.
2026-09-27T03:23:26Z INFO [200/354] 1913f36b-f57d-48f2-99d3-5dc2dbbfd29d: does not qualify; 0.9 s; peak memory 509 MiB.
2026-09-27T03:23:26Z INFO [200/354] 1913f36b-f57d-48f2-99d3-5dc2dbbfd29d: checkpointed 58963 records.
2026-09-27T03:23:28Z INFO [201/354] 1914242f-ff06-4ed6-ab19-3ab3484dc508: does not qualify; 2.1 s; peak memory 509 MiB.
2026-09-27T03:23:29Z INFO [202/354] 1914e12a-e975-44aa-a0ce-122e13e0200e: does not qualify; 0.8 s; peak memory 509 MiB.
2026-09-27T03:23:30Z INFO [203/354] 1915da6b-ea34-4f87-a4c7-f96b55c39a12: does not qualify; 1.0 s; peak memory 509 MiB.
2026-09-27T03:23:32Z INFO [204/354] 19160665-bea2-450b-854e-9fbcfe8f0e8e: does not qualify; 2.3 s; peak memory 509 MiB.
2026-09-27T03:23:38Z INFO [205/354] 1916baf4-2783-490c-a74d-97749be1fc8e: does not qualify; 6.1 s; peak memory 509 MiB.
2026-09-27T03:23:40Z INFO [206/354] 19191d7c-daaa-4a7a-800f-280ce09684ed: does not qualify; 1.3 s; peak memory 509 MiB.
2026-09-27T03:23:45Z INFO [207/354] 1919291a-6a4f-44d3-b216-6ea4faebadde: does not qualify; 4.8 s; peak memory 509 MiB.
2026-09-27T03:23:46Z INFO [208/354] 191a76c8-faad-4280-bb99-74b840641450: does not qualify; 1.4 s; peak memory 509 MiB.
2026-09-27T03:23:47Z INFO [209/354] 191b10f1-f979-4270-9013-0b423b2b41b9: does not qualify; 1.2 s; peak memory 509 MiB.
2026-09-27T03:23:50Z INFO [210/354] 191bac72-cb97-4957-af92-66c2bd3d4dad: does not qualify; 3.2 s; peak memory 509 MiB.
2026-09-27T03:23:52Z INFO [211/354] 191bb381-c313-41b6-bec9-e47eaec44980: does not qualify; 1.4 s; peak memory 509 MiB.
2026-09-27T03:23:54Z INFO [212/354] 191c90a1-3377-4fbc-8b58-1737f74a1a78: does not qualify; 2.6 s; peak memory 509 MiB.
2026-09-27T03:23:59Z INFO [213/354] 191dbfb6-44f3-40ee-812d-5593ec46c7b3: does not qualify; 5.0 s; peak memory 509 MiB.
2026-09-27T03:24:01Z INFO [214/354] 191ee120-cb84-4992-8049-96f6d51e7b57: does not qualify; 2.0 s; peak memory 509 MiB.
2026-09-27T03:24:03Z INFO [215/354] 191f1295-6811-4a90-b6a7-05968dca15eb: does not qualify; 1.3 s; peak memory 509 MiB.
2026-09-27T03:24:05Z INFO [216/354] 191f1b85-64c1-4a20-a5c9-65e7c9212803: does not qualify; 2.8 s; peak memory 509 MiB.
2026-09-27T03:24:07Z INFO [217/354] 191f4c2e-253d-4d12-8fe3-d039b90f707d: does not qualify; 1.3 s; peak memory 509 MiB.
2026-09-27T03:24:08Z INFO [218/354] 192037c1-8bb4-4b9e-9281-73e815d5ec74: does not qualify; 1.4 s; peak memory 509 MiB.
2026-09-27T03:24:10Z INFO [219/354] 19208ee8-174a-4f6a-b084-e16029b8bd86: does not qualify; 1.8 s; peak memory 509 MiB.
2026-09-27T03:24:11Z INFO [220/354] 19209e18-8d3c-4992-9c07-0ab58e9c7f07: does not qualify; 0.9 s; peak memory 509 MiB.
2026-09-27T03:24:12Z INFO [221/354] 19215aaa-cbfd-4d37-9357-757d18ea09e2: does not qualify; 1.3 s; peak memory 509 MiB.
2026-09-27T03:24:15Z INFO [222/354] 1921869e-1bb7-4e66-9909-368edb54f245: does not qualify; 2.8 s; peak memory 509 MiB.
2026-09-27T03:24:17Z INFO [223/354] 192200b9-a16e-44ab-b31a-984829643fd9: does not qualify; 2.4 s; peak memory 509 MiB.
2026-09-27T03:24:19Z INFO [224/354] 1922b87e-4add-4db0-bc0e-6daa640a37fb: does not qualify; 1.6 s; peak memory 509 MiB.
2026-09-27T03:24:24Z INFO [225/354] 1922b90d-380b-421c-bbed-21bfae7188fe: qualifies; 5.1 s; peak memory 509 MiB.
2026-09-27T03:24:25Z INFO [226/354] 1925554c-e3ef-40c6-9376-b96a3980ac9b: does not qualify; 1.1 s; peak memory 509 MiB.
2026-09-27T03:24:28Z INFO [227/354] 19267d5d-e603-4314-901d-05d13ffd7f47: does not qualify; 2.6 s; peak memory 509 MiB.
2026-09-27T03:24:29Z INFO [228/354] 1926cbd7-ab3a-4623-9c6b-684c1bb54b03: does not qualify; 1.0 s; peak memory 509 MiB.
2026-09-27T03:24:30Z INFO [229/354] 1927051e-5b2a-4988-8221-7787a7911768: does not qualify; 1.1 s; peak memory 509 MiB.
2026-09-27T03:24:40Z INFO [230/354] 19270bb8-15d9-4b0c-86ab-beece111f18e: does not qualify; 10.4 s; peak memory 509 MiB.
2026-09-27T03:24:42Z INFO [231/354] 19271bb4-7809-4bd6-8796-917b862e09ea: does not qualify; 1.9 s; peak memory 509 MiB.
2026-09-27T03:24:44Z INFO [232/354] 1928462d-331a-4edb-a18b-06af0991e51a: qualifies; 1.8 s; peak memory 509 MiB.
2026-09-27T03:24:46Z INFO [233/354] 192894a2-634d-4484-b608-7063c3dc734a: does not qualify; 1.9 s; peak memory 509 MiB.
2026-09-27T03:24:47Z INFO [234/354] 19289c90-44b0-43e5-8ad3-c11ec7c233b3: does not qualify; 0.8 s; peak memory 509 MiB.
2026-09-27T03:24:48Z INFO [235/354] 192a0c4a-d2b8-4234-94e5-d7f68ede2fea: does not qualify; 1.2 s; peak memory 509 MiB.
2026-09-27T03:24:49Z INFO [236/354] 192a891e-30d2-4e1c-a060-50e5475c00f0: does not qualify; 1.2 s; peak memory 509 MiB.
2026-09-27T03:24:51Z INFO [237/354] 192abb33-46b4-4651-8d38-03491f64dc52: does not qualify; 1.5 s; peak memory 509 MiB.
2026-09-27T03:24:51Z INFO [238/354] 192b88c4-ec49-4b0b-bd73-2b26296b9b31: does not qualify; 0.8 s; peak memory 509 MiB.
2026-09-27T03:24:53Z INFO [239/354] 192b8d9a-b917-4e30-a6bc-5edac78ba112: does not qualify; 1.4 s; peak memory 509 MiB.
2026-09-27T03:25:00Z INFO [240/354] 192bae2f-fd22-4079-bc3a-8728b1fd0679: does not qualify; 7.5 s; peak memory 509 MiB.
2026-09-27T03:25:02Z INFO [241/354] 192dc0cf-6d84-41e8-8028-2b2e1dc6e09a: does not qualify; 1.5 s; peak memory 509 MiB.
2026-09-27T03:25:03Z INFO [242/354] 192dc6d5-caba-4a8c-9e7a-3a87f69925a4: does not qualify; 1.6 s; peak memory 509 MiB.
2026-09-27T03:25:05Z INFO [243/354] 192e1fae-9606-4e82-a276-a35d1af8f92c: does not qualify; 1.3 s; peak memory 509 MiB.
2026-09-27T03:25:07Z INFO [244/354] 192f5705-209a-49d1-98d9-6d8a40917ccd: does not qualify; 2.3 s; peak memory 509 MiB.
2026-09-27T03:25:08Z INFO [245/354] 192fb397-5234-4354-8c24-e3f24d90dc63: does not qualify; 1.0 s; peak memory 509 MiB.
2026-09-27T03:25:09Z INFO [246/354] 19315b85-a96f-4126-81a3-3c29e0f0a072: does not qualify; 1.1 s; peak memory 509 MiB.
2026-09-27T03:25:11Z INFO [247/354] 19316f02-86cf-4269-ae6a-4572081b2a49: does not qualify; 2.0 s; peak memory 509 MiB.
2026-09-27T03:25:12Z INFO [248/354] 19322f2b-d40c-4703-aa92-cd919a067859: does not qualify; 1.3 s; peak memory 509 MiB.
2026-09-27T03:25:15Z INFO [249/354] 193254c7-338b-4590-b1a7-643937cfd44e: does not qualify; 2.7 s; peak memory 509 MiB.
2026-09-27T03:25:20Z INFO [250/354] 19325b59-7b44-4915-bd0f-22431884954a: does not qualify; 4.7 s; peak memory 509 MiB.
2026-09-27T03:25:20Z INFO [250/354] 19325b59-7b44-4915-bd0f-22431884954a: checkpointed 59013 records.
2026-09-27T03:25:21Z INFO [251/354] 19327802-0d4d-42b8-bcce-f726f1bc7b1f: does not qualify; 0.8 s; peak memory 509 MiB.
2026-09-27T03:25:27Z INFO [252/354] 1932a898-ec7b-4e02-a137-690e3a06cf94: does not qualify; 6.4 s; peak memory 509 MiB.
2026-09-27T03:25:28Z INFO [253/354] 1932f5d2-4cd3-4547-9f65-850159eba260: does not qualify; 1.0 s; peak memory 509 MiB.
2026-09-27T03:25:29Z INFO [254/354] 19330299-4c59-497f-a9c1-e0283f2b9af7: does not qualify; 1.0 s; peak memory 509 MiB.
2026-09-27T03:25:30Z INFO [255/354] 1934bc35-a717-428e-bfb8-4b7acda6950c: does not qualify; 0.8 s; peak memory 509 MiB.
2026-09-27T03:25:34Z INFO [256/354] 19355151-db5c-40d7-9ccf-eb1ce7344ec4: does not qualify; 4.6 s; peak memory 509 MiB.
2026-09-27T03:25:46Z INFO [257/354] 1935b8ca-ab45-43b6-9ed3-87017bea04ed: does not qualify; 11.8 s; peak memory 509 MiB.
2026-09-27T03:25:52Z INFO [258/354] 19361608-7c7d-4357-940b-5f385216fd19: does not qualify; 5.5 s; peak memory 509 MiB.
2026-09-27T03:25:57Z INFO [259/354] 1937609b-70fe-49b0-8e78-0631377c3d52: does not qualify; 5.6 s; peak memory 636 MiB.
2026-09-27T03:25:58Z INFO [260/354] 19377bea-cdc4-4d75-b3a4-49dae88521d4: does not qualify; 1.0 s; peak memory 636 MiB.
2026-09-27T03:25:59Z INFO [261/354] 1938885b-edf7-48bb-a65c-5d03fd676dc4: does not qualify; 0.8 s; peak memory 636 MiB.
2026-09-27T03:26:00Z INFO [262/354] 19392fe6-52fa-4809-a838-e0a23811ef33: does not qualify; 1.0 s; peak memory 636 MiB.
2026-09-27T03:26:01Z INFO [263/354] 193987fe-d8f5-409b-98ce-e7ab0ddf70ee: does not qualify; 1.2 s; peak memory 636 MiB.
2026-09-27T03:26:03Z INFO [264/354] 19399c3f-149c-4325-b1a6-e3eeb2f7fd1d: does not qualify; 1.8 s; peak memory 636 MiB.
2026-09-27T03:26:08Z INFO [265/354] 1939e757-875e-4ae2-9f33-6eb50c65a7d8: does not qualify; 5.1 s; peak memory 636 MiB.
2026-09-27T03:26:09Z INFO [266/354] 193a04c3-8c85-4637-8831-8f400b4c0bc3: does not qualify; 0.8 s; peak memory 636 MiB.
2026-09-27T03:26:10Z INFO [267/354] 193a960a-4cfb-413d-b060-4df584f9dc12: does not qualify; 1.2 s; peak memory 636 MiB.
2026-09-27T03:26:11Z INFO [268/354] 193c2caa-edb3-4655-8334-8d844cacb68f: does not qualify; 1.1 s; peak memory 636 MiB.
2026-09-27T03:26:14Z INFO [269/354] 193cf5fe-8770-421a-8d41-41907e9fb374: does not qualify; 2.9 s; peak memory 636 MiB.
2026-09-27T03:26:18Z INFO [270/354] 193e8bb2-ddca-4083-a311-23f756540fc3: does not qualify; 4.2 s; peak memory 636 MiB.
2026-09-27T03:26:25Z INFO [271/354] 193ef16e-85a0-4b24-8104-f5e44e39c5b1: does not qualify; 6.7 s; peak memory 636 MiB.
2026-09-27T03:26:26Z INFO [272/354] 193f6aff-eaf4-42c7-8056-02d322fdbd6e: does not qualify; 1.3 s; peak memory 636 MiB.
2026-09-27T03:26:28Z INFO [273/354] 19405d16-21b7-4748-b29b-b5a80be95ed0: does not qualify; 2.0 s; peak memory 636 MiB.
2026-09-27T03:26:30Z INFO [274/354] 1941b8d2-1799-4f6d-b394-6444e6df925f: does not qualify; 1.3 s; peak memory 636 MiB.
2026-09-27T03:26:32Z INFO [275/354] 1943bb6c-0c50-40ae-80c5-1038aa482c08: does not qualify; 1.9 s; peak memory 636 MiB.
2026-09-27T03:26:33Z INFO [276/354] 1944d161-a9f3-4498-a2f6-060e0fa6c3c4: does not qualify; 1.1 s; peak memory 636 MiB.
2026-09-27T03:26:34Z INFO [277/354] 1946fc86-526f-4d5a-a0be-886ea9c09f2f: does not qualify; 1.4 s; peak memory 636 MiB.
2026-09-27T03:26:38Z INFO [278/354] 19492b0e-f08f-48e1-8e55-cbe416d3d43a: does not qualify; 4.4 s; peak memory 636 MiB.
2026-09-27T03:26:39Z INFO [279/354] 1949cbce-0c6f-4b77-ad79-c96bb72ddcb7: does not qualify; 1.0 s; peak memory 636 MiB.
2026-09-27T03:26:42Z INFO [280/354] 194a3f0e-1b64-418b-a62e-422589139507: does not qualify; 2.3 s; peak memory 636 MiB.
2026-09-27T03:26:43Z INFO [281/354] 194a97dd-1b21-4099-8eef-87beca01f59c: does not qualify; 1.0 s; peak memory 636 MiB.
2026-09-27T03:26:44Z INFO [282/354] 194aaee1-abd9-41f5-90b1-4679ee4b8125: does not qualify; 1.4 s; peak memory 636 MiB.
2026-09-27T03:26:45Z INFO [283/354] 194bb8fe-d4d0-4c46-bd53-3657442e86e1: does not qualify; 1.0 s; peak memory 636 MiB.
2026-09-27T03:26:46Z INFO [284/354] 194c7191-a8dd-4b46-be23-69465b56fe21: does not qualify; 1.2 s; peak memory 636 MiB.
2026-09-27T03:26:50Z INFO [285/354] 194d5544-613c-4923-9d41-47331b63d45e: does not qualify; 3.4 s; peak memory 636 MiB.
2026-09-27T03:26:51Z INFO [286/354] 194d9801-ad6a-44b9-9046-7c760e1ead5c: does not qualify; 1.2 s; peak memory 636 MiB.
2026-09-27T03:26:52Z INFO [287/354] 194defc8-6bb2-4012-a369-2bcde648cf12: does not qualify; 1.0 s; peak memory 636 MiB.
2026-09-27T03:26:53Z INFO [288/354] 194f211d-e6ce-4a90-81ea-f06ee30bab14: does not qualify; 1.3 s; peak memory 636 MiB.
2026-09-27T03:27:02Z INFO [289/354] 194f38f2-0c3f-469e-8b98-147cbc176e37: does not qualify; 8.7 s; peak memory 636 MiB.
2026-09-27T03:27:14Z INFO [290/354] 194f5c68-c82d-4ee7-9ea0-7d89453065dc: does not qualify; 12.1 s; peak memory 636 MiB.
2026-09-27T03:27:15Z INFO [291/354] 1950517e-daa8-4e8d-a0f9-74a6d76ed261: does not qualify; 1.1 s; peak memory 636 MiB.
2026-09-27T03:27:16Z INFO [292/354] 195083d2-2c23-4a58-8d1b-da3930a4285e: does not qualify; 1.1 s; peak memory 636 MiB.
2026-09-27T03:27:18Z INFO [293/354] 1950851a-082f-4ed9-a3c2-2035f0fd02b1: does not qualify; 1.3 s; peak memory 636 MiB.
2026-09-27T03:27:19Z INFO [294/354] 1950bbff-9dd6-4be1-bd5c-415b4f2e91b8: does not qualify; 1.2 s; peak memory 636 MiB.
2026-09-27T03:27:20Z INFO [295/354] 1951225b-94e6-4ec2-99c3-6cbaacb5596d: does not qualify; 1.0 s; peak memory 636 MiB.
2026-09-27T03:27:21Z INFO [296/354] 19513291-45fa-44bc-adda-0a93d9b14e1b: does not qualify; 1.4 s; peak memory 636 MiB.
2026-09-27T03:27:23Z INFO [297/354] 19529b7e-7179-4696-ac0a-3751e5c233dc: does not qualify; 1.7 s; peak memory 636 MiB.
2026-09-27T03:27:24Z INFO [298/354] 1952d630-def1-469b-b768-b0b1470dd6de: does not qualify; 0.9 s; peak memory 636 MiB.
2026-09-27T03:27:25Z INFO [299/354] 195355ac-8595-43c9-8b8b-d5d67c34a5aa: qualifies; 1.5 s; peak memory 636 MiB.
2026-09-27T03:27:27Z INFO [300/354] 1955284f-efc1-4962-8209-197223950343: does not qualify; 1.5 s; peak memory 636 MiB.
2026-09-27T03:27:27Z INFO [300/354] 1955284f-efc1-4962-8209-197223950343: checkpointed 59063 records.
2026-09-27T03:27:29Z INFO [301/354] 195582f1-aa6e-4aa2-8d29-63fc05e796ab: does not qualify; 2.2 s; peak memory 636 MiB.
2026-09-27T03:27:32Z INFO [302/354] 19562e8c-6a92-4a72-9e1a-77953bd3014d: does not qualify; 2.5 s; peak memory 636 MiB.
2026-09-27T03:27:32Z INFO [303/354] 1956b75a-dafc-46a4-b67f-0ae71a196fea: does not qualify; 0.9 s; peak memory 636 MiB.
2026-09-27T03:27:34Z INFO [304/354] 1956c4bb-68b0-4ded-ab6a-235ee7d004ce: does not qualify; 1.1 s; peak memory 636 MiB.
2026-09-27T03:27:35Z INFO [305/354] 1956fa3e-32a5-4d82-849e-ed44588510bd: does not qualify; 1.8 s; peak memory 636 MiB.
2026-09-27T03:27:38Z INFO [306/354] 195790d9-be9f-4897-ae30-832056b2dc61: does not qualify; 2.3 s; peak memory 636 MiB.
2026-09-27T03:27:39Z INFO [307/354] 1957df46-9e89-4eb9-b596-1a82eab33f47: does not qualify; 1.2 s; peak memory 636 MiB.
2026-09-27T03:27:40Z INFO [308/354] 19584798-6e4d-400c-a73e-ba6f02e50b3d: does not qualify; 1.2 s; peak memory 636 MiB.
2026-09-27T03:27:41Z INFO [309/354] 1958a48a-3ee7-4629-b953-b06542111225: does not qualify; 1.0 s; peak memory 636 MiB.
2026-09-27T03:27:42Z INFO [310/354] 1958e17f-5a91-4285-8421-b0b93978f321: does not qualify; 1.1 s; peak memory 636 MiB.
2026-09-27T03:27:43Z INFO [311/354] 19599c86-3182-42d9-9e3d-c9a79d94092d: does not qualify; 1.1 s; peak memory 636 MiB.
2026-09-27T03:27:51Z INFO [312/354] 1959e8be-108f-4435-b51f-5c18a35a8cca: does not qualify; 8.0 s; peak memory 636 MiB.
2026-09-27T03:28:51Z INFO [313/354] 195a378b-7680-4d4a-86e0-7e2b2f0f206f: does not qualify; 59.6 s; peak memory 636 MiB.
2026-09-27T03:28:54Z INFO [314/354] 195a474b-fea4-4b3b-94c9-5ab64049f89e: does not qualify; 3.1 s; peak memory 636 MiB.
2026-09-27T03:28:55Z INFO [315/354] 195b020b-8a0e-4cc3-94a3-33208af51f3f: does not qualify; 0.9 s; peak memory 636 MiB.
2026-09-27T03:28:57Z INFO [316/354] 195b50fb-7272-4544-ae0a-14e3e712c800: qualifies; 2.3 s; peak memory 636 MiB.
2026-09-27T03:28:58Z INFO [317/354] 195cd9be-5eea-467e-837d-6c7d041e76d0: does not qualify; 1.2 s; peak memory 636 MiB.
2026-09-27T03:28:59Z INFO [318/354] 195d810b-6bf9-488c-a60f-687fcc4c1d5c: does not qualify; 1.0 s; peak memory 636 MiB.
2026-09-27T03:29:00Z INFO [319/354] 195e19b7-dd02-498d-8417-018057bbf0cd: does not qualify; 0.8 s; peak memory 636 MiB.
2026-09-27T03:29:03Z INFO [320/354] 195e2c3e-9233-4d8c-9408-0409544eee54: does not qualify; 2.7 s; peak memory 636 MiB.
2026-09-27T03:29:04Z INFO [321/354] 195e742e-34d4-4d67-a058-967316819008: does not qualify; 1.1 s; peak memory 636 MiB.
2026-09-27T03:29:08Z INFO [322/354] 195ec690-cb02-43ff-8dda-575aa22c19cc: does not qualify; 3.7 s; peak memory 636 MiB.
2026-09-27T03:29:14Z INFO [323/354] 195f217c-85f0-4896-854b-7a067882ed05: does not qualify; 5.9 s; peak memory 636 MiB.
2026-09-27T03:29:15Z INFO [324/354] 19607b9f-44b2-4265-a6a1-052379785e50: does not qualify; 1.5 s; peak memory 636 MiB.
2026-09-27T03:29:16Z INFO [325/354] 1960ccaf-a8c2-45ff-ae67-0ae66cfdcff7: does not qualify; 1.1 s; peak memory 636 MiB.
2026-09-27T03:29:17Z INFO [326/354] 196120ec-ec7c-4df5-bf12-7255b6fddad0: does not qualify; 1.1 s; peak memory 636 MiB.
2026-09-27T03:29:19Z INFO [327/354] 19613816-f649-4d6f-a0f6-96ab374e21de: does not qualify; 1.4 s; peak memory 636 MiB.
2026-09-27T03:29:24Z INFO [328/354] 19619a4a-f4b1-43a2-a853-0b16038ba6a2: does not qualify; 5.5 s; peak memory 636 MiB.
2026-09-27T03:29:25Z INFO [329/354] 1961b80f-8dd9-431b-9a75-623cfe5098f0: does not qualify; 1.1 s; peak memory 636 MiB.
2026-09-27T03:29:27Z INFO [330/354] 19625356-95a5-4753-8746-b7eccad042bc: does not qualify; 1.8 s; peak memory 636 MiB.
2026-09-27T03:29:33Z INFO [331/354] 1962c062-fd37-4f22-8a86-3b3c924f2c84: does not qualify; 6.0 s; peak memory 636 MiB.
2026-09-27T03:29:35Z INFO [332/354] 19634aaf-eb9b-4a7b-9e69-5c0db653bae1: does not qualify; 1.2 s; peak memory 636 MiB.
2026-09-27T03:29:41Z INFO [333/354] 19638b70-cc42-4ad5-8163-867fb4834397: does not qualify; 6.2 s; peak memory 636 MiB.
2026-09-27T03:29:42Z INFO [334/354] 1963af06-74ec-46c2-a011-6f752c65e46f: does not qualify; 1.0 s; peak memory 636 MiB.
2026-09-27T03:29:47Z INFO [335/354] 1963c0a1-36a1-4d96-b479-f47001728219: does not qualify; 4.9 s; peak memory 636 MiB.
2026-09-27T03:29:48Z INFO [336/354] 19641809-5685-4c04-981d-13fd8f27b324: does not qualify; 0.9 s; peak memory 636 MiB.
2026-09-27T03:29:53Z INFO [337/354] 19652768-5cbe-42a0-b637-2c48aa2789d5: does not qualify; 5.5 s; peak memory 636 MiB.
2026-09-27T03:29:54Z INFO [338/354] 1965b753-f016-4277-841c-6f017015fa17: does not qualify; 1.4 s; peak memory 636 MiB.
2026-09-27T03:29:55Z INFO [339/354] 1966595f-94f6-42bd-8bfc-bf22559752ea: does not qualify; 1.1 s; peak memory 636 MiB.
2026-09-27T03:29:57Z INFO [340/354] 1967470f-269a-47a4-a39a-7a3bc74a3683: does not qualify; 1.3 s; peak memory 636 MiB.
2026-09-27T03:29:58Z INFO [341/354] 1967ff29-4dfe-4fb2-9fc7-43df205d8ad9: does not qualify; 1.3 s; peak memory 636 MiB.
2026-09-27T03:29:59Z INFO [342/354] 1969c75b-4cb0-40b4-8c68-55848e7a0cb7: does not qualify; 1.1 s; peak memory 636 MiB.
2026-09-27T03:30:00Z INFO [343/354] 1969cbba-6614-4b5f-aed7-afc325520ab6: does not qualify; 1.0 s; peak memory 636 MiB.
2026-09-27T03:30:02Z INFO [344/354] 196a1550-d76a-4b53-870d-55be5440cf62: does not qualify; 1.4 s; peak memory 636 MiB.
2026-09-27T03:30:03Z INFO [345/354] 196a8845-5df0-443c-b8e1-6046f104f9e8: does not qualify; 1.2 s; peak memory 636 MiB.
2026-09-27T03:30:05Z INFO [346/354] 196af3a4-abc7-429e-84e7-ed368e555dc6: does not qualify; 1.8 s; peak memory 636 MiB.
2026-09-27T03:30:06Z INFO [347/354] 196b9a66-e5eb-4b7c-a7c3-cfc1d4a1eed7: does not qualify; 0.9 s; peak memory 636 MiB.
2026-09-27T03:30:11Z INFO [348/354] 196bdb9d-0591-4fcf-a5d4-6ab9a6b2189d: does not qualify; 5.9 s; peak memory 636 MiB.
2026-09-27T03:30:14Z INFO [349/354] 196c1450-8484-4809-9d44-9376a4b28ea7: does not qualify; 2.2 s; peak memory 636 MiB.
2026-09-27T03:30:15Z INFO [350/354] 196c3d83-fcbb-4bce-8849-bb4740423f4e: does not qualify; 1.3 s; peak memory 636 MiB.
2026-09-27T03:30:15Z INFO [350/354] 196c3d83-fcbb-4bce-8849-bb4740423f4e: checkpointed 59113 records.
2026-09-27T03:30:19Z INFO [351/354] 196d6aad-b13b-45e9-9e1d-de3a008ad9cf: does not qualify; 4.0 s; peak memory 636 MiB.
2026-09-27T03:30:21Z INFO [352/354] 196d8b19-af25-4a2c-b582-10a0ed75087b: does not qualify; 1.5 s; peak memory 636 MiB.
2026-09-27T03:30:22Z INFO [353/354] 196e0297-8976-47ed-8229-d69f5cc311cd: does not qualify; 1.3 s; peak memory 636 MiB.
2026-09-27T03:30:27Z INFO [354/354] 196f3af9-619e-4c79-9d25-638eefa89853: does not qualify; 4.8 s; peak memory 636 MiB.
2026-09-27T03:30:27Z INFO Wrote 59117 records to /tmp/derivatives/qualifying_lfp_content_ids.jsonl (354 new, 0 failed) in 14.7 min (peak memory 636 MiB).
