2026-09-17T20:53:16Z INFO Logging to /tmp/logs/update_2026-09-17T20-53-16Z.log.
2026-09-17T20:53:16Z INFO Update qualifying-lfp-content-ids (base directory /tmp).
2026-09-17T20:53:18Z INFO Processing 372 items (48410 already recorded).
2026-09-17T20:53:19Z INFO [1/372] 031ead3d-5b25-470a-9e4a-ce71a59cce1e: does not qualify; 1.2 s; peak memory 219 MiB.
2026-09-17T20:53:20Z INFO [2/372] 031eaed9-8c5a-4641-8dbc-727617a5e071: does not qualify; 1.2 s; peak memory 221 MiB.
2026-09-17T20:53:22Z INFO [3/372] 031ec13b-5ba0-41ad-8616-4e096672c2cf: does not qualify; 1.6 s; peak memory 222 MiB.
2026-09-17T20:53:26Z INFO [4/372] 031f08bd-8b9d-420c-a50b-1de3cbd5d026: does not qualify; 4.2 s; peak memory 232 MiB.
2026-09-17T20:53:27Z INFO [5/372] 031f10e6-c448-4607-bf4d-105dac9357dd: does not qualify; 1.3 s; peak memory 232 MiB.
2026-09-17T20:53:29Z INFO [6/372] 031f7146-a42c-4d6a-a31a-1e9f2c395779: does not qualify; 1.3 s; peak memory 232 MiB.
2026-09-17T20:53:30Z INFO [7/372] 03206baf-a88c-4c20-b780-cb8a6e42624c: does not qualify; 1.7 s; peak memory 232 MiB.
2026-09-17T20:53:31Z INFO [8/372] 03208b4c-3453-42ce-a4bc-66ba61308329: does not qualify; 0.8 s; peak memory 232 MiB.
2026-09-17T20:53:32Z INFO [9/372] 0320bea0-3094-4c04-a8db-461b04e6eaf2: does not qualify; 1.0 s; peak memory 232 MiB.
2026-09-17T20:53:33Z INFO [10/372] 032137d6-d4b1-467c-a85c-973ed7513df2: does not qualify; 1.1 s; peak memory 232 MiB.
2026-09-17T20:53:34Z INFO [11/372] 03218b80-9caf-45af-bd7f-5956e243f5b8: does not qualify; 1.0 s; peak memory 232 MiB.
2026-09-17T20:53:37Z INFO [12/372] 0322e3f9-64b5-4e78-865e-74f060889edf: does not qualify; 2.6 s; peak memory 232 MiB.
2026-09-17T20:53:44Z INFO [13/372] 03238fef-42c2-4294-a6a1-5267a33c07d5: does not qualify; 7.2 s; peak memory 254 MiB.
2026-09-17T20:53:45Z INFO [14/372] 0323b62c-bc7f-4806-9ad9-1696d2b42bb9: does not qualify; 1.2 s; peak memory 254 MiB.
2026-09-17T20:53:46Z INFO [15/372] 0323c827-3c2a-4b92-98db-a7cac2f647c2: does not qualify; 1.1 s; peak memory 254 MiB.
2026-09-17T20:53:47Z INFO [16/372] 0323f0ad-1a89-45ef-aaeb-cdcc6ef765df: does not qualify; 1.0 s; peak memory 254 MiB.
2026-09-17T20:53:51Z INFO [17/372] 03254648-f5e8-4a29-b720-2ac3356e5a2f: does not qualify; 4.0 s; peak memory 254 MiB.
2026-09-17T20:53:53Z INFO [18/372] 0326a20f-0453-4949-b951-637340e2a5aa: does not qualify; 2.2 s; peak memory 254 MiB.
2026-09-17T20:53:55Z INFO [19/372] 03273dca-c55a-4ca9-868c-f1fbb2860e76: does not qualify; 1.1 s; peak memory 254 MiB.
2026-09-17T20:53:56Z INFO [20/372] 0327aa4d-71e8-4f7d-8d9d-2e032fa568f5: does not qualify; 1.0 s; peak memory 254 MiB.
2026-09-17T20:53:57Z INFO [21/372] 03286bbd-707b-4b66-925e-04609288a358: does not qualify; 1.2 s; peak memory 254 MiB.
2026-09-17T20:53:58Z INFO [22/372] 032934d7-f9e2-43c8-be56-d6598ec75d69: does not qualify; 1.4 s; peak memory 254 MiB.
2026-09-17T20:53:59Z INFO [23/372] 032952f0-410a-423c-be15-f17deb371265: does not qualify; 0.9 s; peak memory 254 MiB.
2026-09-17T20:54:00Z INFO [24/372] 03297d06-7c90-42a4-b2ca-ca1c99cfc2b7: does not qualify; 1.1 s; peak memory 254 MiB.
2026-09-17T20:54:02Z INFO [25/372] 032a5355-e71e-4389-b744-708ec235a859: does not qualify; 1.4 s; peak memory 254 MiB.
2026-09-17T20:54:03Z INFO [26/372] 032a6458-d3de-48c2-8b3d-d2563f742a66: does not qualify; 1.8 s; peak memory 254 MiB.
2026-09-17T20:54:04Z INFO [27/372] 032dcb2f-2af3-44c3-aa26-ad24f3b74f98: does not qualify; 1.0 s; peak memory 254 MiB.
2026-09-17T20:54:06Z INFO [28/372] 032de5e9-9861-4d19-8fef-58f2781bf5ef: does not qualify; 1.2 s; peak memory 254 MiB.
2026-09-17T20:54:08Z INFO [29/372] 032dffee-1ab3-4c02-ab04-7f37a305efa5: does not qualify; 1.9 s; peak memory 254 MiB.
2026-09-17T20:54:09Z INFO [30/372] 032e2141-b01e-44e0-8143-9a2f093892fd: does not qualify; 1.2 s; peak memory 254 MiB.
2026-09-17T20:54:10Z INFO [31/372] 032eb711-8a39-4b7f-a927-c9e5e94b9dae: does not qualify; 1.1 s; peak memory 254 MiB.
2026-09-17T20:54:11Z INFO [32/372] 032f3a47-0dd7-43d1-a1e8-8c345fbc44ae: does not qualify; 0.9 s; peak memory 254 MiB.
2026-09-17T20:54:12Z INFO [33/372] 032f4cf8-2f93-4bf6-a7eb-71866f271201: does not qualify; 1.1 s; peak memory 254 MiB.
2026-09-17T20:54:16Z INFO [34/372] 0330349a-dfff-4bbd-9827-03414adb4d22: does not qualify; 4.3 s; peak memory 254 MiB.
2026-09-17T20:54:17Z INFO [35/372] 03303c4c-c2f6-45f0-b66d-8938a09c6c17: does not qualify; 0.7 s; peak memory 254 MiB.
2026-09-17T20:54:18Z INFO [36/372] 0330932f-e846-402d-8ee9-fa6148b98621: does not qualify; 1.1 s; peak memory 254 MiB.
2026-09-17T20:54:20Z INFO [37/372] 03311cff-d6f1-425b-baa7-f0430beb5d51: does not qualify; 2.0 s; peak memory 254 MiB.
2026-09-17T20:54:21Z INFO [38/372] 03316fb0-7256-4277-963b-a94dbfacfcf7: does not qualify; 0.8 s; peak memory 254 MiB.
2026-09-17T20:54:22Z INFO [39/372] 033222b9-3dd6-47f5-a7de-594dd246cdfc: does not qualify; 0.9 s; peak memory 254 MiB.
2026-09-17T20:54:23Z INFO [40/372] 033235e1-fa7c-4d33-8f15-d4a3e8f5a43d: does not qualify; 1.1 s; peak memory 254 MiB.
2026-09-17T20:54:27Z INFO [41/372] 033296a7-f35e-45a0-9a46-3099413de401: does not qualify; 4.5 s; peak memory 254 MiB.
2026-09-17T20:54:28Z INFO [42/372] 0332cbac-390d-42b3-ad6d-ac42d1bf1092: does not qualify; 0.7 s; peak memory 254 MiB.
2026-09-17T20:54:29Z INFO [43/372] 03332538-34cc-44c5-b960-273bdfbdcd73: does not qualify; 0.9 s; peak memory 254 MiB.
2026-09-17T20:54:30Z INFO [44/372] 03338fd2-c2b9-45ea-89d0-1854e6729102: does not qualify; 1.2 s; peak memory 254 MiB.
2026-09-17T20:54:31Z INFO [45/372] 0333f1fc-6191-4b7e-9c50-6bffc8e226bf: does not qualify; 1.0 s; peak memory 254 MiB.
2026-09-17T20:54:32Z INFO [46/372] 03343aa5-19af-40a3-908a-199aa7ac621b: does not qualify; 0.9 s; peak memory 254 MiB.
2026-09-17T20:54:34Z INFO [47/372] 033462b2-6abb-46df-a2fe-85fc771a18f7: does not qualify; 1.8 s; peak memory 254 MiB.
2026-09-17T20:54:35Z INFO [48/372] 03357166-3956-4de7-8501-4d5e8d69c6ce: does not qualify; 1.2 s; peak memory 254 MiB.
2026-09-17T20:54:37Z INFO [49/372] 0335edb5-00c2-4b57-87a4-9ff9afb2aaec: does not qualify; 2.4 s; peak memory 254 MiB.
2026-09-17T20:54:38Z INFO [50/372] 03376a6e-24e2-4dae-a823-c32b693ad95e: does not qualify; 1.3 s; peak memory 254 MiB.
2026-09-17T20:54:39Z INFO [50/372] 03376a6e-24e2-4dae-a823-c32b693ad95e: checkpointed 48460 records.
2026-09-17T20:54:39Z INFO [51/372] 0337823f-ffab-4e5b-9816-b6efdcceade3: does not qualify; 1.0 s; peak memory 254 MiB.
2026-09-17T20:54:41Z INFO [52/372] 0338279c-e3fa-4d30-9bec-8342785951fa: does not qualify; 1.0 s; peak memory 254 MiB.
2026-09-17T20:54:42Z INFO [53/372] 03383de2-51cc-467a-9b50-99e5190964c0: does not qualify; 1.0 s; peak memory 254 MiB.
2026-09-17T20:54:43Z INFO [54/372] 0338f7d1-7504-4746-ae6d-dc45564297b3: does not qualify; 1.0 s; peak memory 254 MiB.
2026-09-17T20:54:43Z INFO [55/372] 033999bf-6d3d-4747-a29b-c298723ab87d: does not qualify; 0.9 s; peak memory 254 MiB.
2026-09-17T20:54:54Z INFO [56/372] 0339f9c8-7306-44a4-8ded-a74556b40692: does not qualify; 10.5 s; peak memory 257 MiB.
2026-09-17T20:54:55Z INFO [57/372] 033a1f6a-80d2-4a49-b9a8-9e6d5ced0d93: does not qualify; 0.7 s; peak memory 257 MiB.
2026-09-17T20:54:55Z INFO [58/372] 033afa80-ba97-4b5a-acb9-bbd1c098de14: does not qualify; 0.8 s; peak memory 257 MiB.
2026-09-17T20:54:56Z INFO [59/372] 033b5034-77c7-4a7c-8b99-61355fc77c85: does not qualify; 0.9 s; peak memory 257 MiB.
2026-09-17T20:54:58Z INFO [60/372] 033b80a3-9b9b-4727-888d-e0ab54a1d97f: does not qualify; 1.8 s; peak memory 257 MiB.
2026-09-17T20:54:59Z INFO [61/372] 033d382a-2c62-4ffe-bb74-96206a90494f: does not qualify; 1.1 s; peak memory 257 MiB.
2026-09-17T20:55:01Z INFO [62/372] 033d8d0b-cea4-46cc-bfb3-e61d0c0752fb: does not qualify; 1.7 s; peak memory 257 MiB.
2026-09-17T20:55:02Z INFO [63/372] 033d9c38-e089-4acd-98d1-f9ddea1d2f1f: does not qualify; 0.9 s; peak memory 257 MiB.
2026-09-17T20:55:03Z INFO [64/372] 033e4d1b-3d5a-47f9-9bd9-84f13d5b61b0: does not qualify; 0.8 s; peak memory 257 MiB.
2026-09-17T20:55:08Z INFO [65/372] 033e5861-9814-4ea9-954f-274d18eb7bee: does not qualify; 4.8 s; peak memory 257 MiB.
2026-09-17T20:55:09Z INFO [66/372] 033ec5e9-54cd-42e6-89dc-8c322e840af7: does not qualify; 1.0 s; peak memory 257 MiB.
2026-09-17T20:55:13Z INFO [67/372] 033ec793-815e-45de-8b0a-5a757a24088e: does not qualify; 4.5 s; peak memory 257 MiB.
2026-09-17T20:55:14Z INFO [68/372] 033ecaf2-4476-4e89-b35f-62e574b72276: does not qualify; 0.9 s; peak memory 257 MiB.
2026-09-17T20:55:15Z INFO [69/372] 033f1196-2003-4a85-9a8d-74c8be3f959c: does not qualify; 0.9 s; peak memory 257 MiB.
2026-09-17T20:55:16Z INFO [70/372] 033f30d2-fded-43cc-92bf-5072c7f2ea79: does not qualify; 1.0 s; peak memory 257 MiB.
2026-09-17T20:55:17Z INFO [71/372] 033ff4cc-fbf8-417e-ba0a-e80109ef5570: does not qualify; 1.6 s; peak memory 257 MiB.
2026-09-17T20:55:18Z INFO [72/372] 0340759f-74fc-41fc-9fc9-605074496141: does not qualify; 0.7 s; peak memory 257 MiB.
2026-09-17T20:55:19Z INFO [73/372] 0340dde7-e96d-4987-a010-3b1df685f62d: does not qualify; 1.3 s; peak memory 257 MiB.
2026-09-17T20:55:20Z INFO [74/372] 0341d644-1a05-46c4-8ca1-0a92757b37e9: does not qualify; 0.9 s; peak memory 257 MiB.
2026-09-17T20:55:21Z INFO [75/372] 03420196-33e6-459e-92e4-90fc641aa13b: does not qualify; 1.0 s; peak memory 257 MiB.
2026-09-17T20:55:33Z INFO [76/372] 0342434a-7129-40e7-9047-553015a90051: does not qualify; 11.5 s; peak memory 257 MiB.
2026-09-17T20:55:34Z INFO [77/372] 034337ce-552e-4693-a83c-51edff94dfde: does not qualify; 0.9 s; peak memory 257 MiB.
2026-09-17T20:55:35Z INFO [78/372] 03439f5b-5ab5-439c-84d4-76c216a1193e: does not qualify; 1.2 s; peak memory 257 MiB.
2026-09-17T20:55:37Z INFO [79/372] 0343e283-6f6b-476b-a17d-cdd0aa50c35b: does not qualify; 2.2 s; peak memory 257 MiB.
2026-09-17T20:55:38Z INFO [80/372] 03445840-960f-4596-bf0a-9a4b4bbb4f13: does not qualify; 0.9 s; peak memory 257 MiB.
2026-09-17T20:55:39Z INFO [81/372] 03455b72-9749-4c19-87c7-170f51106c83: does not qualify; 1.5 s; peak memory 257 MiB.
2026-09-17T20:55:40Z INFO [82/372] 03458a9e-f0ea-4e95-9c55-75721462acf5: does not qualify; 0.8 s; peak memory 257 MiB.
2026-09-17T20:55:41Z INFO [83/372] 0345d8a3-a5cc-4dbd-a587-119fa099bb0b: does not qualify; 1.0 s; peak memory 257 MiB.
2026-09-17T20:55:42Z INFO [84/372] 0345fb05-12ed-4af4-b459-128708850477: does not qualify; 0.8 s; peak memory 257 MiB.
2026-09-17T20:55:44Z INFO [85/372] 03463604-5296-48a3-9169-c90c6e33cad7: qualifies; 1.9 s; peak memory 257 MiB.
2026-09-17T20:55:45Z INFO [86/372] 0346ae94-a3ce-4f8a-bc61-d57ef25bd925: does not qualify; 1.1 s; peak memory 257 MiB.
2026-09-17T20:55:46Z INFO [87/372] 03476e20-8bd0-461e-8f65-dd198fdf4fc0: does not qualify; 0.9 s; peak memory 257 MiB.
2026-09-17T20:55:47Z INFO [88/372] 0348611c-b226-4e37-9a7a-df0669cb1782: does not qualify; 1.6 s; peak memory 257 MiB.
2026-09-17T20:55:49Z INFO [89/372] 0348beb6-a9ca-4c0c-b413-ad8397de3c7d: does not qualify; 1.1 s; peak memory 257 MiB.
2026-09-17T20:55:49Z INFO [90/372] 0348cc8f-2c8e-4bee-910d-f297f822aab0: does not qualify; 0.9 s; peak memory 257 MiB.
2026-09-17T20:55:54Z INFO [91/372] 034990bf-01fe-42f3-b6f1-a9374dcd0066: does not qualify; 4.1 s; peak memory 257 MiB.
2026-09-17T20:55:54Z INFO [92/372] 034a4374-232d-401c-9288-31e5ef206670: does not qualify; 0.8 s; peak memory 257 MiB.
2026-09-17T20:55:56Z INFO [93/372] 034ad8f1-bf60-41dd-bacd-c9ee2d7c71d0: does not qualify; 1.5 s; peak memory 257 MiB.
2026-09-17T20:55:57Z INFO [94/372] 034b24e2-b699-442d-9625-35dbee1395ef: does not qualify; 0.9 s; peak memory 257 MiB.
2026-09-17T20:55:58Z INFO [95/372] 034b904a-2535-4ebb-b627-0d294caa08fe: does not qualify; 0.8 s; peak memory 257 MiB.
2026-09-17T20:55:58Z INFO [96/372] 034d5b77-441e-43a2-a04d-6bedd64b3fc3: does not qualify; 0.7 s; peak memory 257 MiB.
2026-09-17T20:55:59Z INFO [97/372] 034e23ca-affb-43b4-aebe-02162fde2e1f: does not qualify; 0.9 s; peak memory 257 MiB.
2026-09-17T20:56:00Z INFO [98/372] 034e72c9-7891-4cec-aa2d-7579701e253f: does not qualify; 0.9 s; peak memory 257 MiB.
2026-09-17T20:56:09Z INFO [99/372] 034eb273-1e8a-4410-949e-a6871b2c0e83: does not qualify; 8.5 s; peak memory 257 MiB.
2026-09-17T20:56:10Z INFO [100/372] 034ed842-a008-4d73-a069-caf9d4a462f9: does not qualify; 1.0 s; peak memory 258 MiB.
2026-09-17T20:56:10Z INFO [100/372] 034ed842-a008-4d73-a069-caf9d4a462f9: checkpointed 48510 records.
2026-09-17T20:56:10Z INFO [101/372] 034f70b8-dde7-400e-bf1c-b38c8ea64315: does not qualify; 0.8 s; peak memory 258 MiB.
2026-09-17T20:56:11Z INFO [102/372] 034f976b-103c-455a-adfd-b202c3142320: does not qualify; 0.8 s; peak memory 258 MiB.
2026-09-17T20:56:12Z INFO [103/372] 035055d4-b113-430a-bd48-87ab6d55cef5: does not qualify; 0.9 s; peak memory 258 MiB.
2026-09-17T20:56:13Z INFO [104/372] 0350bdf8-0463-49a4-9e14-223b6b99aa54: does not qualify; 1.2 s; peak memory 258 MiB.
2026-09-17T20:56:14Z INFO [105/372] 0350cb7a-ae83-4a02-8bba-48f1d394070d: does not qualify; 1.0 s; peak memory 258 MiB.
2026-09-17T20:56:15Z INFO [106/372] 03513beb-e6d7-4426-ad0b-8eb6c2d9a3e9: does not qualify; 0.9 s; peak memory 258 MiB.
2026-09-17T20:56:16Z INFO [107/372] 03522f7c-36a3-47f8-80c3-05315333f89a: does not qualify; 0.9 s; peak memory 258 MiB.
2026-09-17T20:56:17Z INFO [108/372] 03525e41-fd14-4324-bb75-1151a39a89d0: does not qualify; 1.2 s; peak memory 258 MiB.
2026-09-17T20:56:22Z INFO [109/372] 0353b161-e5c3-4d09-a8f9-2002c88a197b: does not qualify; 5.0 s; peak memory 258 MiB.
2026-09-17T20:56:26Z INFO [110/372] 035407c0-01e5-4282-9881-2a82cb6e0ece: does not qualify; 3.5 s; peak memory 287 MiB.
2026-09-17T20:56:27Z INFO [111/372] 03541dbd-fdb1-4dc0-b4d5-3c93f12ca306: does not qualify; 1.1 s; peak memory 287 MiB.
2026-09-17T20:56:28Z INFO [112/372] 03553748-7730-479c-99f0-944d400569a3: does not qualify; 0.8 s; peak memory 287 MiB.
2026-09-17T20:56:29Z INFO [113/372] 0356024c-a95a-4d6c-9553-cef9c890bb6c: does not qualify; 0.9 s; peak memory 287 MiB.
2026-09-17T20:56:29Z INFO [114/372] 0356e792-4015-459e-85b5-84883cd137c7: does not qualify; 0.8 s; peak memory 287 MiB.
2026-09-17T20:56:30Z INFO [115/372] 0357d8f4-06f6-47a9-a340-cc12d5160c31: does not qualify; 1.0 s; peak memory 287 MiB.
2026-09-17T20:56:31Z INFO [116/372] 03584060-6183-4d46-8aef-e03954523b2c: does not qualify; 1.0 s; peak memory 287 MiB.
2026-09-17T20:56:33Z INFO [117/372] 035963d3-35e8-4a3e-ab35-e777ea8f180b: does not qualify; 1.2 s; peak memory 287 MiB.
2026-09-17T20:56:33Z INFO [118/372] 0359ab7f-ead0-4d29-89a3-2d7b222ee960: does not qualify; 0.9 s; peak memory 287 MiB.
2026-09-17T20:56:35Z INFO [119/372] 035d2ab2-b408-4024-9734-08f4001b6fef: does not qualify; 1.4 s; peak memory 287 MiB.
2026-09-17T20:56:42Z INFO [120/372] 035d7e09-4b1e-4e55-aba2-0108c0307bda: does not qualify; 7.6 s; peak memory 287 MiB.
2026-09-17T20:56:43Z INFO [121/372] 035e4100-b31d-46ee-8cf3-cffd1b45bb9b: does not qualify; 0.8 s; peak memory 287 MiB.
2026-09-17T20:56:44Z INFO [122/372] 035e8698-2903-4745-96d1-cbf452b495a6: does not qualify; 1.0 s; peak memory 287 MiB.
2026-09-17T20:56:46Z INFO [123/372] 035ea321-9263-492e-bf39-ac90bbc1e076: does not qualify; 1.6 s; peak memory 287 MiB.
2026-09-17T20:56:47Z INFO [124/372] 035f8da8-c282-4763-acd1-e6e254f65d29: does not qualify; 1.5 s; peak memory 287 MiB.
2026-09-17T20:56:49Z INFO [125/372] 035fb1c0-567d-4f59-9140-f0d7cdd67882: does not qualify; 1.6 s; peak memory 287 MiB.
2026-09-17T20:56:50Z INFO [126/372] 035ff603-49ef-41ce-bf8f-38e39f6f0780: does not qualify; 1.0 s; peak memory 287 MiB.
2026-09-17T20:56:52Z INFO [127/372] 036089c0-5bef-4f09-97b1-bc7e5ddaa441: does not qualify; 2.0 s; peak memory 287 MiB.
2026-09-17T20:56:53Z INFO [128/372] 0360b7ac-16ea-4852-823d-6525164e418d: does not qualify; 0.9 s; peak memory 287 MiB.
2026-09-17T20:56:54Z INFO [129/372] 0360e12b-d6c4-4094-bc19-6a125f427d38: does not qualify; 0.9 s; peak memory 287 MiB.
2026-09-17T20:56:56Z INFO [130/372] 0361752b-de7f-4a93-b272-4e35b9987ed0: does not qualify; 2.2 s; peak memory 287 MiB.
2026-09-17T20:56:57Z INFO [131/372] 036212a9-0cc2-4b88-af0f-f2ac683244f0: does not qualify; 1.0 s; peak memory 287 MiB.
2026-09-17T20:56:58Z INFO [132/372] 036217bf-e4b1-433e-8ca7-f2193e63991a: does not qualify; 0.8 s; peak memory 287 MiB.
2026-09-17T20:56:59Z INFO [133/372] 0362a1f6-e2d0-4115-9d80-477aca7e9258: does not qualify; 0.8 s; peak memory 287 MiB.
2026-09-17T20:57:00Z INFO [134/372] 0362fbde-a28a-428a-a17c-bfee09afdb6c: does not qualify; 1.1 s; peak memory 287 MiB.
2026-09-17T20:57:01Z INFO [135/372] 0363223b-f442-47fe-ba10-461f0d59c477: does not qualify; 1.1 s; peak memory 287 MiB.
2026-09-17T20:57:06Z INFO [136/372] 0363be5b-35e7-48c3-99eb-2114cd2f852d: does not qualify; 4.8 s; peak memory 287 MiB.
2026-09-17T20:57:07Z INFO [137/372] 03640b7e-7a8d-4421-99d8-3b7ab51d3ff5: does not qualify; 1.5 s; peak memory 287 MiB.
2026-09-17T20:57:11Z INFO [138/372] 036479ff-b638-4212-9329-6b5454fdc7a7: does not qualify; 4.2 s; peak memory 288 MiB.
2026-09-17T20:57:16Z INFO [139/372] 03649a8b-8d4d-4ae8-93d3-a7de6d91de8e: does not qualify; 4.4 s; peak memory 288 MiB.
2026-09-17T20:57:17Z INFO [140/372] 03663897-00d6-4966-8eed-80ffbf7b9ea5: does not qualify; 0.9 s; peak memory 288 MiB.
2026-09-17T20:57:17Z INFO [141/372] 0366e129-5f82-43db-8a33-33fea8391cb4: does not qualify; 0.8 s; peak memory 288 MiB.
2026-09-17T20:57:19Z INFO [142/372] 0366fa38-44be-4caa-8366-abf46045e308: does not qualify; 1.5 s; peak memory 288 MiB.
2026-09-17T20:57:20Z INFO [143/372] 036719e6-8d14-44a8-853b-8b7cd6c94ebd: does not qualify; 1.2 s; peak memory 288 MiB.
2026-09-17T20:57:21Z INFO [144/372] 036787b8-1205-4ca6-ae07-fa30d6d9ab41: does not qualify; 0.8 s; peak memory 288 MiB.
2026-09-17T20:57:22Z INFO [145/372] 0367d7ed-5bfe-4f60-b1eb-5fa6b7a33595: does not qualify; 1.0 s; peak memory 288 MiB.
2026-09-17T20:57:24Z INFO [146/372] 03686970-8ef3-4fe1-b01a-fd5336f55a48: does not qualify; 1.9 s; peak memory 288 MiB.
2026-09-17T20:57:28Z INFO [147/372] 036886da-2908-4b4d-acc4-4012b20eb69f: does not qualify; 4.1 s; peak memory 288 MiB.
2026-09-17T20:57:29Z INFO [148/372] 036a6fbe-2be9-4f4b-abe5-22cd936dda6b: does not qualify; 1.0 s; peak memory 288 MiB.
2026-09-17T20:57:30Z INFO [149/372] 036b84a2-7fb0-4fe5-abe3-0b664f03ea46: does not qualify; 0.8 s; peak memory 288 MiB.
2026-09-17T20:57:32Z INFO [150/372] 036cb812-7e39-44ed-a7aa-46f6d17f3a92: does not qualify; 2.5 s; peak memory 288 MiB.
2026-09-17T20:57:32Z INFO [150/372] 036cb812-7e39-44ed-a7aa-46f6d17f3a92: checkpointed 48560 records.
2026-09-17T20:57:33Z INFO [151/372] 036d9166-d206-48d0-84e2-8d0e0e7bde9d: does not qualify; 0.8 s; peak memory 288 MiB.
2026-09-17T20:57:34Z INFO [152/372] 036ea15c-6a03-4daa-934e-4daf8ac79520: does not qualify; 0.8 s; peak memory 288 MiB.
2026-09-17T20:57:35Z INFO [153/372] 036eff90-215e-4412-8c74-6089062aa4f8: does not qualify; 0.9 s; peak memory 288 MiB.
2026-09-17T20:57:35Z INFO [154/372] 037021f4-bd1b-4183-a264-cd79e76aa68e: does not qualify; 0.8 s; peak memory 288 MiB.
2026-09-17T20:57:36Z INFO [155/372] 03707dbc-8304-479c-88a1-a5b36a8cedde: does not qualify; 1.0 s; peak memory 288 MiB.
2026-09-17T20:57:38Z INFO [156/372] 03709c6c-40e9-49bd-a214-1eb46261bec9: does not qualify; 1.1 s; peak memory 288 MiB.
2026-09-17T20:57:38Z INFO [157/372] 0370fc2d-5cb0-4049-bc05-f0f9fcd935e0: does not qualify; 0.6 s; peak memory 288 MiB.
2026-09-17T20:57:39Z INFO [158/372] 03713bf2-9ef7-4fe2-92e4-f2887fa4bfe5: does not qualify; 1.2 s; peak memory 288 MiB.
2026-09-17T20:57:40Z INFO [159/372] 0371cdd7-3bf7-45a4-900a-2c90a2541dbd: does not qualify; 1.0 s; peak memory 288 MiB.
2026-09-17T20:57:41Z INFO [160/372] 0372dbd7-aab3-4eef-9313-41693dae00cb: does not qualify; 0.9 s; peak memory 288 MiB.
2026-09-17T20:57:46Z INFO [161/372] 0373060e-42f4-48b6-ad0c-5ce065996e9d: does not qualify; 5.2 s; peak memory 632 MiB.
2026-09-17T20:57:48Z INFO [162/372] 03738ca4-472d-4510-8fc5-d05f1f6c1891: does not qualify; 1.1 s; peak memory 632 MiB.
2026-09-17T20:57:48Z INFO [163/372] 0373e678-f683-488e-af98-8e4856874447: does not qualify; 0.9 s; peak memory 632 MiB.
2026-09-17T20:57:49Z INFO [164/372] 03742bde-edac-4f4e-98b2-8a356d10fd35: does not qualify; 1.0 s; peak memory 632 MiB.
2026-09-17T20:57:53Z INFO [165/372] 0375a406-f151-4e99-8ff4-3cb5ff79e2be: does not qualify; 3.8 s; peak memory 632 MiB.
2026-09-17T20:57:54Z INFO [166/372] 037606f9-1415-4829-b7b9-84bf50525328: does not qualify; 1.2 s; peak memory 632 MiB.
2026-09-17T20:57:56Z INFO [167/372] 03761aa2-e0ab-4711-bcf1-0df897c3b356: does not qualify; 1.2 s; peak memory 632 MiB.
2026-09-17T20:57:57Z INFO [168/372] 03763b46-a5d2-4443-b896-f8576bd92ee2: does not qualify; 1.0 s; peak memory 632 MiB.
2026-09-17T20:57:57Z INFO [169/372] 0376e06d-727c-4fef-8e83-262f298427ed: does not qualify; 0.7 s; peak memory 632 MiB.
2026-09-17T20:58:01Z INFO [170/372] 03774c71-940e-4149-8d0b-ba76e76e0236: qualifies; 4.0 s; peak memory 632 MiB.
2026-09-17T20:58:05Z INFO [171/372] 03778925-295d-43ad-88cc-0a7f42ab901e: does not qualify; 3.2 s; peak memory 632 MiB.
2026-09-17T20:58:05Z INFO [172/372] 0378476f-30d8-4389-9f55-b06da2f87969: does not qualify; 0.6 s; peak memory 632 MiB.
2026-09-17T20:58:10Z INFO [173/372] 0378a803-fd3f-4fa4-9923-caf25115bd4b: does not qualify; 4.6 s; peak memory 632 MiB.
2026-09-17T20:58:11Z INFO [174/372] 0378ef84-ebd7-4071-9b98-2bca75bbbbfd: does not qualify; 0.8 s; peak memory 632 MiB.
2026-09-17T20:58:11Z INFO [175/372] 0379d168-f025-4d92-b771-370c4649d0c4: does not qualify; 0.6 s; peak memory 632 MiB.
2026-09-17T20:58:13Z INFO [176/372] 0379d6a0-79d9-4ad9-a764-b1b39654b486: does not qualify; 1.3 s; peak memory 632 MiB.
2026-09-17T20:58:14Z INFO [177/372] 037a2481-0021-4d3e-94a9-1d8e2433bc31: does not qualify; 1.6 s; peak memory 632 MiB.
2026-09-17T20:58:15Z INFO [178/372] 037cc826-b4af-4b24-96ae-c69590ebb7ad: does not qualify; 0.8 s; peak memory 632 MiB.
2026-09-17T20:58:16Z INFO [179/372] 037ccd47-6fbe-44dd-9ba1-56bf4fcead9f: does not qualify; 1.0 s; peak memory 632 MiB.
2026-09-17T20:58:18Z INFO [180/372] 037d8044-a686-420e-a16a-f9b7d6882569: does not qualify; 2.4 s; peak memory 632 MiB.
2026-09-17T20:58:20Z INFO [181/372] 037dc24e-bf2f-4947-b955-4697dd11e0cb: does not qualify; 1.2 s; peak memory 632 MiB.
2026-09-17T20:58:21Z INFO [182/372] 037df688-fca5-4097-88b3-0413aab59c30: does not qualify; 1.3 s; peak memory 632 MiB.
2026-09-17T20:58:22Z INFO [183/372] 037ea6ad-f988-4a52-b30e-562c3cc2ff48: does not qualify; 0.7 s; peak memory 632 MiB.
2026-09-17T20:58:23Z INFO [184/372] 037f50e6-fae5-42ce-9dc4-11d02b4034b2: does not qualify; 1.1 s; peak memory 632 MiB.
2026-09-17T20:58:24Z INFO [185/372] 037fde98-30cd-4670-87be-56f204cfb77f: does not qualify; 0.9 s; peak memory 632 MiB.
2026-09-17T20:58:28Z INFO [186/372] 03803394-d5db-424f-9c60-17d991a73213: does not qualify; 4.6 s; peak memory 632 MiB.
2026-09-17T20:58:35Z INFO [187/372] 03808049-e471-43e6-a4c4-075e3b3f3974: does not qualify; 6.9 s; peak memory 632 MiB.
2026-09-17T20:58:36Z INFO [188/372] 0380e52a-2f7c-43af-b27b-f6fc0841e451: does not qualify; 0.7 s; peak memory 632 MiB.
2026-09-17T20:58:40Z INFO [189/372] 038134b3-bc1e-4334-94d0-ae8f198d6b1a: does not qualify; 4.6 s; peak memory 632 MiB.
2026-09-17T20:58:41Z INFO [190/372] 038183b2-a835-494d-940b-10a31c6cccc5: does not qualify; 0.8 s; peak memory 632 MiB.
2026-09-17T20:58:43Z INFO [191/372] 038194e0-373a-4790-adc4-0c6b11f55738: does not qualify; 1.8 s; peak memory 632 MiB.
2026-09-17T20:58:49Z INFO [192/372] 0381be98-811c-4d5b-b081-b55bf974a24f: does not qualify; 5.5 s; peak memory 632 MiB.
2026-09-17T20:58:50Z INFO [193/372] 0381de47-4144-482f-a992-96c3a17298eb: does not qualify; 1.5 s; peak memory 632 MiB.
2026-09-17T20:58:51Z INFO [194/372] 038234fb-22d2-4c07-928f-12d0c1b51ae4: does not qualify; 0.8 s; peak memory 632 MiB.
2026-09-17T20:58:52Z INFO [195/372] 0382536b-e6b3-454c-873a-5ed0dc1a43e8: does not qualify; 0.8 s; peak memory 632 MiB.
2026-09-17T20:58:52Z INFO [196/372] 03825f7f-c4a4-477e-a9a8-7d04f1c54d1e: does not qualify; 0.8 s; peak memory 632 MiB.
2026-09-17T20:58:54Z INFO [197/372] 038272e9-ecd2-42a0-9f42-9cab74b414aa: does not qualify; 1.5 s; peak memory 632 MiB.
2026-09-17T20:58:55Z INFO [198/372] 0384894a-ba22-4def-b826-358147c4a6ac: does not qualify; 1.2 s; peak memory 632 MiB.
2026-09-17T20:58:56Z INFO [199/372] 0384e90d-2a50-472b-a550-0453a40ad71d: does not qualify; 1.1 s; peak memory 632 MiB.
2026-09-17T20:59:00Z INFO [200/372] 0384f663-434d-4c13-be2c-4647b82f3df9: does not qualify; 3.9 s; peak memory 632 MiB.
2026-09-17T20:59:00Z INFO [200/372] 0384f663-434d-4c13-be2c-4647b82f3df9: checkpointed 48610 records.
2026-09-17T20:59:01Z INFO [201/372] 03856ec4-c434-4210-9f5b-13ca6e24194b: does not qualify; 1.0 s; peak memory 632 MiB.
2026-09-17T20:59:03Z INFO [202/372] 0385905e-2a51-48fa-bf1a-9cf23edc22fb: does not qualify; 1.5 s; peak memory 632 MiB.
2026-09-17T20:59:04Z INFO [203/372] 0386a02a-eaff-4478-b1f4-a938a2160048: does not qualify; 1.0 s; peak memory 632 MiB.
2026-09-17T20:59:05Z INFO [204/372] 0386b5ca-8880-4c62-9131-9220e031e0c5: does not qualify; 1.3 s; peak memory 632 MiB.
2026-09-17T20:59:10Z INFO [205/372] 0387b816-4191-4a71-9ace-6e2db1b542e3: does not qualify; 5.2 s; peak memory 632 MiB.
2026-09-17T20:59:11Z INFO [206/372] 0387d379-e527-4ccd-a19d-65f67cbc57e9: does not qualify; 0.8 s; peak memory 632 MiB.
2026-09-17T20:59:15Z INFO [207/372] 03881080-0cee-4919-98a4-c6935d8728f5: does not qualify; 3.7 s; peak memory 632 MiB.
2026-09-17T20:59:27Z INFO [208/372] 038886df-d3d1-40a6-a2af-d7ca9b52f7a9: does not qualify; 12.0 s; peak memory 632 MiB.
2026-09-17T20:59:43Z INFO [209/372] 03889d5a-cb7b-4075-9e29-76998f7b4415: qualifies; 16.2 s; peak memory 1962 MiB.
2026-09-17T20:59:44Z INFO [210/372] 038a042a-5490-4cf6-8378-9588f87dd5a1: does not qualify; 1.4 s; peak memory 1962 MiB.
2026-09-17T20:59:46Z INFO [211/372] 038a4292-b217-470f-a391-05e1c74b98d4: does not qualify; 1.1 s; peak memory 1962 MiB.
2026-09-17T20:59:56Z INFO [212/372] 038b3ef0-9086-42a9-9bad-3fa4363ad2d3: does not qualify; 10.1 s; peak memory 1962 MiB.
2026-09-17T20:59:57Z INFO [213/372] 038b8a2c-7110-4968-b26a-833665d3e660: does not qualify; 0.8 s; peak memory 1962 MiB.
2026-09-17T20:59:58Z INFO [214/372] 038b916d-c662-41f5-b252-be5af7f16f1b: does not qualify; 0.9 s; peak memory 1962 MiB.
2026-09-17T20:59:58Z INFO [215/372] 038bb7af-8f71-4efe-94de-42cd1a53645f: does not qualify; 0.9 s; peak memory 1962 MiB.
2026-09-17T21:00:01Z INFO [216/372] 038bd1e2-e633-4df0-9339-f4f0f53892c0: does not qualify; 2.4 s; peak memory 1962 MiB.
2026-09-17T21:00:02Z INFO [217/372] 038c0213-f647-4242-8202-9c2d8ac11f9a: does not qualify; 0.9 s; peak memory 1962 MiB.
2026-09-17T21:00:03Z INFO [218/372] 038c0e2e-ce3f-4d9f-bc7f-39cb36d79973: does not qualify; 1.4 s; peak memory 1962 MiB.
2026-09-17T21:00:04Z INFO [219/372] 038c8610-fc84-4f5e-bd30-a02b0cd2f71a: does not qualify; 1.2 s; peak memory 1962 MiB.
2026-09-17T21:00:05Z INFO [220/372] 038d3a18-6555-4ffa-8e6a-4c729c1cae03: does not qualify; 0.9 s; peak memory 1962 MiB.
2026-09-17T21:00:09Z INFO [221/372] 038e83e3-15c5-4c4b-b7f6-c963c08872a4: does not qualify; 4.0 s; peak memory 1962 MiB.
2026-09-17T21:00:11Z INFO [222/372] 038e862e-af4c-41e5-b854-df32655313a2: qualifies; 1.9 s; peak memory 1962 MiB.
2026-09-17T21:00:12Z INFO [223/372] 038e9f92-1210-476e-ba7d-074d3556f11f: does not qualify; 1.1 s; peak memory 1962 MiB.
2026-09-17T21:00:13Z INFO [224/372] 038fcdba-f7db-4d74-948d-a3ac9cfd5915: does not qualify; 1.2 s; peak memory 1962 MiB.
2026-09-17T21:00:17Z INFO [225/372] 039207c0-4a31-4e05-ad1e-ae1fd5f680c9: does not qualify; 4.1 s; peak memory 1962 MiB.
2026-09-17T21:00:18Z INFO [226/372] 03922b26-2eef-463d-a371-53a5f646996a: does not qualify; 0.9 s; peak memory 1962 MiB.
2026-09-17T21:00:19Z INFO [227/372] 0392390a-1394-43ec-8f92-a41ff48a5330: does not qualify; 1.0 s; peak memory 1962 MiB.
2026-09-17T21:00:20Z INFO [228/372] 039270cd-caf4-41aa-9915-2db759fa38f0: does not qualify; 0.8 s; peak memory 1962 MiB.
2026-09-17T21:00:21Z INFO [229/372] 0392fa54-4a52-4f0e-9d53-7075f1c28b4c: does not qualify; 0.9 s; peak memory 1962 MiB.
2026-09-17T21:00:22Z INFO [230/372] 03931d6a-9e56-4814-970e-f001e480b8ff: does not qualify; 1.5 s; peak memory 1962 MiB.
2026-09-17T21:00:28Z INFO [231/372] 03931e1c-d46d-4a66-9463-89358dea1f67: does not qualify; 5.3 s; peak memory 1962 MiB.
2026-09-17T21:00:29Z INFO [232/372] 03933ea7-7826-4186-ae73-3a8d682e4f91: does not qualify; 1.1 s; peak memory 1962 MiB.
2026-09-17T21:00:32Z INFO [233/372] 03938cf8-73c2-43e3-b780-3e71ef11af85: does not qualify; 3.3 s; peak memory 1962 MiB.
2026-09-17T21:00:33Z INFO [234/372] 0393e4a6-ef56-4c93-b8ac-c57261604b59: does not qualify; 1.0 s; peak memory 1962 MiB.
2026-09-17T21:00:34Z INFO [235/372] 03941e56-4e9e-4d62-9ad1-8e888d8334c2: does not qualify; 1.2 s; peak memory 1962 MiB.
2026-09-17T21:00:35Z INFO [236/372] 039703c1-53c3-4e73-a60e-f10d7dbe6e94: does not qualify; 1.0 s; peak memory 1962 MiB.
2026-09-17T21:00:36Z INFO [237/372] 0397ef67-0ee3-4089-9ba2-a67dc785574e: does not qualify; 0.7 s; peak memory 1962 MiB.
2026-09-17T21:00:37Z INFO [238/372] 03996b24-aa29-4a9f-9e7d-afc90dd192bc: does not qualify; 1.1 s; peak memory 1962 MiB.
2026-09-17T21:00:38Z INFO [239/372] 0399c9f9-f6e5-4b05-bc4b-f0976b098de7: does not qualify; 0.9 s; peak memory 1962 MiB.
2026-09-17T21:00:44Z INFO [240/372] 039a8e9f-03ab-42ce-ab23-f7f1917c8efc: does not qualify; 5.6 s; peak memory 1962 MiB.
2026-09-17T21:00:44Z INFO [241/372] 039aca19-51c5-417f-b025-f289b5a126e8: does not qualify; 0.8 s; peak memory 1962 MiB.
2026-09-17T21:00:46Z INFO [242/372] 039d7c13-1b49-478e-b185-0da55623d5e4: does not qualify; 1.2 s; peak memory 1962 MiB.
2026-09-17T21:00:47Z INFO [243/372] 039dfb93-755f-42dd-ba72-72eb816d1896: does not qualify; 0.9 s; peak memory 1962 MiB.
2026-09-17T21:00:48Z INFO [244/372] 039e6a41-6d9e-4f0e-ae11-4eb371eeb343: does not qualify; 1.0 s; peak memory 1962 MiB.
2026-09-17T21:00:48Z INFO [245/372] 039f006c-4037-4ce5-bef0-b242cda999cc: does not qualify; 0.9 s; peak memory 1962 MiB.
2026-09-17T21:00:49Z INFO [246/372] 039f59ff-aba0-49e4-89d6-a1d348efaccb: does not qualify; 1.0 s; peak memory 1962 MiB.
2026-09-17T21:00:51Z INFO [247/372] 03a17e83-a36b-4d24-b5b3-0d96f7605f30: does not qualify; 1.7 s; peak memory 1962 MiB.
2026-09-17T21:00:52Z INFO [248/372] 03a1ce5e-d662-4fb7-8ed3-d30673b7fa91: does not qualify; 1.0 s; peak memory 1962 MiB.
2026-09-17T21:00:53Z INFO [249/372] 03a26f08-21ed-4f08-be0e-faa65c3bcb32: does not qualify; 1.1 s; peak memory 1962 MiB.
2026-09-17T21:00:55Z INFO [250/372] 03a2737c-b6ef-4224-aca3-7f33b8d06a4b: does not qualify; 1.8 s; peak memory 1962 MiB.
2026-09-17T21:00:55Z INFO [250/372] 03a2737c-b6ef-4224-aca3-7f33b8d06a4b: checkpointed 48660 records.
2026-09-17T21:00:59Z INFO [251/372] 03a2f8b6-7b65-4b54-acc3-8cbf488ab5bf: does not qualify; 4.1 s; peak memory 1962 MiB.
2026-09-17T21:01:00Z INFO [252/372] 03a3b0b4-315d-4444-a022-99405b0c50a0: does not qualify; 0.7 s; peak memory 1962 MiB.
2026-09-17T21:01:01Z INFO [253/372] 03a439fd-b93b-4820-92ab-8df48b85f4c8: does not qualify; 1.1 s; peak memory 1962 MiB.
2026-09-17T21:01:02Z INFO [254/372] 03a49dc1-dfcb-4697-8e81-ef96a9c512bb: does not qualify; 1.1 s; peak memory 1962 MiB.
2026-09-17T21:01:06Z INFO [255/372] 03a5817e-9949-455f-9c24-6da9777c5cb4: does not qualify; 3.6 s; peak memory 1962 MiB.
2026-09-17T21:01:07Z INFO [256/372] 03a5d4d1-7069-4cb7-821f-eead93b6e976: does not qualify; 1.3 s; peak memory 1962 MiB.
2026-09-17T21:01:08Z INFO [257/372] 03a66085-f01b-4651-b51b-9fc9e3f9aaf6: does not qualify; 1.3 s; peak memory 1962 MiB.
2026-09-17T21:01:12Z INFO [258/372] 03a6e32d-5e20-4bc7-990b-a5c5eb7a0f7d: does not qualify; 3.9 s; peak memory 1962 MiB.
2026-09-17T21:01:13Z INFO [259/372] 03a7eb27-bc12-4a72-ba0a-0b28599e37f8: does not qualify; 1.0 s; peak memory 1962 MiB.
2026-09-17T21:01:15Z INFO [260/372] 03a80078-da03-4c6d-aef4-b00b87402bcb: does not qualify; 1.5 s; peak memory 1962 MiB.
2026-09-17T21:01:16Z INFO [261/372] 03a8c3ec-dc5d-4de7-86d8-e6d5fa08c477: does not qualify; 1.7 s; peak memory 1962 MiB.
2026-09-17T21:01:17Z INFO [262/372] 03a943f2-7463-46cc-a392-d82e0a864d6d: does not qualify; 0.9 s; peak memory 1962 MiB.
2026-09-17T21:01:18Z INFO [263/372] 03a96456-38e0-445b-a831-879d39840db6: does not qualify; 0.7 s; peak memory 1962 MiB.
2026-09-17T21:01:20Z INFO [264/372] 03a96c44-87eb-4f77-9638-8088f7bc77b2: does not qualify; 2.3 s; peak memory 1962 MiB.
2026-09-17T21:01:21Z INFO [265/372] 03a99fed-ec35-4e20-bf74-cef5a8de0876: does not qualify; 0.9 s; peak memory 1962 MiB.
2026-09-17T21:01:22Z INFO [266/372] 03aa8a88-246f-4e78-a21b-345697d61e0f: does not qualify; 1.3 s; peak memory 1962 MiB.
2026-09-17T21:01:27Z INFO [267/372] 03abf0d0-58e8-40d8-81fc-45bad31188cb: does not qualify; 4.3 s; peak memory 1962 MiB.
2026-09-17T21:01:28Z INFO [268/372] 03ad9338-798c-4b6f-b1c6-81c3db7d7515: does not qualify; 1.1 s; peak memory 1962 MiB.
2026-09-17T21:01:32Z INFO [269/372] 03adfaa8-453f-47b4-a749-83cbce65e1de: does not qualify; 4.2 s; peak memory 1962 MiB.
2026-09-17T21:01:48Z INFO [270/372] 03af6b84-ea4e-4b97-aeb8-fd8a24148e8b: does not qualify; 15.9 s; peak memory 1962 MiB.
2026-09-17T21:01:49Z INFO [271/372] 03af7007-63c3-494b-a4ae-e0d0b152c576: does not qualify; 1.5 s; peak memory 1962 MiB.
2026-09-17T21:01:57Z INFO [272/372] 03af8f6d-e3dd-4250-8291-ea6328be6966: does not qualify; 7.3 s; peak memory 1962 MiB.
2026-09-17T21:01:58Z INFO [273/372] 03b00359-ddd3-43c4-84f3-d85fa08623d0: does not qualify; 1.4 s; peak memory 1962 MiB.
2026-09-17T21:01:59Z INFO [274/372] 03b0391e-7304-4649-8266-b3f9cc2b3371: does not qualify; 1.2 s; peak memory 1962 MiB.
2026-09-17T21:02:00Z INFO [275/372] 03b2638f-dfdc-4050-a52f-f373ce725ea4: does not qualify; 1.0 s; peak memory 1962 MiB.
2026-09-17T21:02:01Z INFO [276/372] 03b27246-cf92-4875-aa20-9806865f4638: does not qualify; 1.0 s; peak memory 1962 MiB.
2026-09-17T21:02:02Z INFO [277/372] 03b35f10-4401-4f10-9032-c14efb73f401: does not qualify; 1.3 s; peak memory 1962 MiB.
2026-09-17T21:02:03Z INFO [278/372] 03b39d0f-f7c6-4d67-899e-0deef00ecbc4: does not qualify; 0.8 s; peak memory 1962 MiB.
2026-09-17T21:02:04Z INFO [279/372] 03b3c918-b0fe-4070-88ed-c1180b765d6a: does not qualify; 1.0 s; peak memory 1962 MiB.
2026-09-17T21:02:10Z INFO [280/372] 03b49e97-c601-4867-8140-9f9f9a881446: does not qualify; 6.1 s; peak memory 1962 MiB.
2026-09-17T21:02:11Z INFO [281/372] 03b508ab-20c0-4e88-929e-9b4345f4c262: does not qualify; 0.7 s; peak memory 1962 MiB.
2026-09-17T21:02:14Z INFO [282/372] 03b5a503-be05-46c9-926a-776e632eae61: does not qualify; 2.8 s; peak memory 1962 MiB.
2026-09-17T21:02:15Z INFO [283/372] 03b5b3e0-5c49-4b4b-8c8e-8f7ae6f869f4: does not qualify; 1.7 s; peak memory 1962 MiB.
2026-09-17T21:02:17Z INFO [284/372] 03b5fa08-4dd1-49d6-8b38-539f4c6eea6e: qualifies; 1.5 s; peak memory 1962 MiB.
2026-09-17T21:02:19Z INFO [285/372] 03b5fd74-4578-4bb5-84fb-18d1e6f92c81: does not qualify; 2.3 s; peak memory 1962 MiB.
2026-09-17T21:02:21Z INFO [286/372] 03b6d20b-8942-455b-8885-3f4efc436ace: does not qualify; 1.8 s; peak memory 1962 MiB.
2026-09-17T21:02:22Z INFO [287/372] 03b6ef09-af93-42b0-8093-c751cb9d7d05: does not qualify; 1.4 s; peak memory 1962 MiB.
2026-09-17T21:02:24Z INFO [288/372] 03b70f23-043a-4a93-b695-78fa65057de7: does not qualify; 2.1 s; peak memory 1962 MiB.
2026-09-17T21:02:26Z INFO [289/372] 03b84871-2dfb-430f-93d5-876a5947376a: does not qualify; 1.2 s; peak memory 1962 MiB.
2026-09-17T21:02:26Z INFO [290/372] 03b8a104-a365-412c-95c8-b3277fca4008: does not qualify; 0.5 s; peak memory 1962 MiB.
2026-09-17T21:02:27Z INFO [291/372] 03b934ea-1d1b-4f62-861d-2a0108287964: does not qualify; 0.9 s; peak memory 1962 MiB.
2026-09-17T21:02:28Z INFO [292/372] 03b9518f-4d72-4693-a07f-95d1ecb76873: does not qualify; 1.0 s; peak memory 1962 MiB.
2026-09-17T21:02:29Z INFO [293/372] 03ba0c91-25d7-4243-aa81-04e239526f1d: does not qualify; 0.8 s; peak memory 1962 MiB.
2026-09-17T21:02:30Z INFO [294/372] 03baecf3-0b14-4149-a7a7-6f47fa69e251: does not qualify; 1.1 s; peak memory 1962 MiB.
2026-09-17T21:02:31Z INFO [295/372] 03bb4414-0ef0-46ea-a313-a785d7e1f0d6: does not qualify; 0.8 s; peak memory 1962 MiB.
2026-09-17T21:02:32Z INFO [296/372] 03bb5284-35df-48b2-9c30-5c38f948d9d1: does not qualify; 0.8 s; peak memory 1962 MiB.
2026-09-17T21:02:33Z INFO [297/372] 03bb6b02-bf0b-4e29-a6a1-f2fd67292c0f: does not qualify; 1.2 s; peak memory 1962 MiB.
2026-09-17T21:02:34Z INFO [298/372] 03bbc9f4-e57e-44d0-b958-ed4ef8bf68ad: does not qualify; 1.0 s; peak memory 1962 MiB.
2026-09-17T21:02:34Z INFO [299/372] 03bc7027-065b-4595-b8cf-d3b4c40a410d: does not qualify; 0.7 s; peak memory 1962 MiB.
2026-09-17T21:02:36Z INFO [300/372] 03bdf982-6d4b-4f31-901c-ea3828450718: does not qualify; 1.5 s; peak memory 1962 MiB.
2026-09-17T21:02:36Z INFO [300/372] 03bdf982-6d4b-4f31-901c-ea3828450718: checkpointed 48710 records.
2026-09-17T21:02:39Z INFO [301/372] 03be1195-3611-40c9-8506-6bdfee89b09f: does not qualify; 2.9 s; peak memory 1962 MiB.
2026-09-17T21:02:41Z INFO [302/372] 03be98df-ae6c-47e0-8a17-9d1b0bc3804e: does not qualify; 1.7 s; peak memory 1962 MiB.
2026-09-17T21:02:42Z INFO [303/372] 03becee8-5e6d-45c8-8719-2d26c85017db: does not qualify; 1.1 s; peak memory 1962 MiB.
2026-09-17T21:02:43Z INFO [304/372] 03bf086e-0d40-4c23-a20f-c0448d6789ea: does not qualify; 0.9 s; peak memory 1962 MiB.
2026-09-17T21:02:44Z INFO [305/372] 03bf6b6a-3e24-4beb-828a-684c37ae4e23: does not qualify; 1.2 s; peak memory 1962 MiB.
2026-09-17T21:02:45Z INFO [306/372] 03bfb8a3-deb2-49a4-bf41-0a4089431d57: does not qualify; 0.8 s; peak memory 1962 MiB.
2026-09-17T21:02:47Z INFO [307/372] 03c0c9a6-0fb6-4ffb-b7eb-9d4ad30c5be8: does not qualify; 2.5 s; peak memory 1962 MiB.
2026-09-17T21:02:48Z INFO [308/372] 03c16da4-e708-4e3e-9d52-bc2a675881eb: does not qualify; 0.8 s; peak memory 1962 MiB.
2026-09-17T21:02:50Z INFO [309/372] 03c19c14-8b10-4af9-86e2-30653c64c4b1: does not qualify; 1.6 s; peak memory 1962 MiB.
2026-09-17T21:02:52Z INFO [310/372] 03c34f85-48fd-4e87-b43f-f670dabd1a86: does not qualify; 2.2 s; peak memory 1962 MiB.
2026-09-17T21:02:53Z INFO [311/372] 03c39874-db50-43c4-9d8f-e43f08a9cf3c: does not qualify; 1.3 s; peak memory 1962 MiB.
2026-09-17T21:02:54Z INFO [312/372] 03c43af3-a5b1-4e72-85db-ba12e3748656: does not qualify; 0.9 s; peak memory 1962 MiB.
2026-09-17T21:02:55Z INFO [313/372] 03c521af-1033-456f-a758-accaedaff4f3: does not qualify; 0.9 s; peak memory 1962 MiB.
2026-09-17T21:02:56Z INFO [314/372] 03c65b1c-0849-4035-850b-5da6ded7f989: does not qualify; 1.1 s; peak memory 1962 MiB.
2026-09-17T21:02:57Z INFO [315/372] 03c68a5d-629d-4cd1-a269-6d8f26c0389d: does not qualify; 1.0 s; peak memory 1962 MiB.
2026-09-17T21:02:58Z INFO [316/372] 03c70e32-eed3-4aa3-a9e9-34eb94bf6366: does not qualify; 1.3 s; peak memory 1962 MiB.
2026-09-17T21:02:59Z INFO [317/372] 03c783ac-89a0-4004-b758-2ee5c894d633: does not qualify; 0.9 s; peak memory 1962 MiB.
2026-09-17T21:03:01Z INFO [318/372] 03c7bf13-2ca7-45d0-a1ef-ec6730d9c14f: does not qualify; 1.3 s; peak memory 1962 MiB.
2026-09-17T21:03:02Z INFO [319/372] 03c822e8-1c6b-49bf-a782-08f32ad4bae0: does not qualify; 1.2 s; peak memory 1962 MiB.
2026-09-17T21:03:02Z INFO [320/372] 03c9b621-be88-4792-b475-d94a09fd183e: does not qualify; 0.6 s; peak memory 1962 MiB.
2026-09-17T21:03:05Z INFO [321/372] 03caf4d3-2d41-4870-94a3-c6440d69de25: does not qualify; 2.3 s; peak memory 1962 MiB.
2026-09-17T21:03:06Z INFO [322/372] 03cb6af4-899a-412d-a60d-e99a6401cf68: does not qualify; 1.0 s; peak memory 1962 MiB.
2026-09-17T21:03:13Z INFO [323/372] 03cb7096-f086-431d-afb2-69d4d4382f73: does not qualify; 6.7 s; peak memory 1962 MiB.
2026-09-17T21:03:15Z INFO [324/372] 03cdc9b3-30d6-4cde-a777-8820b8ae67ab: does not qualify; 2.1 s; peak memory 1962 MiB.
2026-09-17T21:03:16Z INFO [325/372] 03ce16b8-c6fd-404d-b976-4e46859c83f4: does not qualify; 1.8 s; peak memory 1962 MiB.
2026-09-17T21:03:18Z INFO [326/372] 03ced12b-f056-4906-9e0a-ba72103efb8d: does not qualify; 1.6 s; peak memory 1962 MiB.
2026-09-17T21:03:19Z INFO [327/372] 03cfdf88-0534-4f8d-b8e6-977a69fe76d5: does not qualify; 1.2 s; peak memory 1962 MiB.
2026-09-17T21:03:20Z INFO [328/372] 03d0040b-8397-4d53-956b-e0c93e792bbd: does not qualify; 1.0 s; peak memory 1962 MiB.
2026-09-17T21:03:21Z INFO [329/372] 03d07605-258a-4676-a97b-4e088c19aedd: does not qualify; 1.1 s; peak memory 1962 MiB.
2026-09-17T21:03:23Z INFO [330/372] 03d08bd5-0910-4d5b-b6fa-63186462c868: does not qualify; 2.0 s; peak memory 1962 MiB.
2026-09-17T21:03:24Z INFO [331/372] 03d11f44-9f9a-4f45-8b92-a02f7ea880f7: does not qualify; 0.9 s; peak memory 1962 MiB.
2026-09-17T21:03:31Z INFO [332/372] 03d1381e-d6aa-40de-b763-59fa49a8ae0b: does not qualify; 6.6 s; peak memory 1962 MiB.
2026-09-17T21:03:32Z INFO [333/372] 03d14de2-11cb-494a-8bbc-d70546313137: does not qualify; 1.2 s; peak memory 1962 MiB.
2026-09-17T21:03:33Z INFO [334/372] 03d1b835-91dd-468b-97af-963cae29d521: does not qualify; 0.9 s; peak memory 1962 MiB.
2026-09-17T21:03:34Z INFO [335/372] 03d20e1e-c30a-4b6a-98ac-1d5f01db1930: does not qualify; 1.1 s; peak memory 1962 MiB.
2026-09-17T21:03:35Z INFO [336/372] 03d329e6-a1ad-4217-916a-b76adbd089f3: does not qualify; 1.2 s; peak memory 1962 MiB.
2026-09-17T21:03:36Z INFO [337/372] 03d32e21-7f60-408c-9723-0acbcb22160d: does not qualify; 0.8 s; peak memory 1962 MiB.
2026-09-17T21:03:37Z INFO [338/372] 03d371e1-05dd-4eae-91c3-d4ded3e8fdc1: does not qualify; 1.4 s; peak memory 1962 MiB.
2026-09-17T21:03:38Z INFO [339/372] 03d4d97b-3b1e-4e00-9dce-2251fb9f5c10: does not qualify; 0.7 s; peak memory 1962 MiB.
2026-09-17T21:03:39Z INFO [340/372] 03d5ed0b-744e-46e1-ab8b-37d7408cbaca: does not qualify; 0.8 s; peak memory 1962 MiB.
2026-09-17T21:03:40Z INFO [341/372] 03d794a1-4767-4870-8cfe-fa177048a5b9: does not qualify; 0.8 s; peak memory 1962 MiB.
2026-09-17T21:03:42Z INFO [342/372] 03d7f67e-714f-4e00-a364-90e347101b87: does not qualify; 2.0 s; peak memory 1962 MiB.
2026-09-17T21:03:49Z INFO [343/372] 03d94654-76d5-4918-9cce-9f7f91d7de9e: does not qualify; 7.5 s; peak memory 1962 MiB.
2026-09-17T21:03:50Z INFO [344/372] 03dbac81-de7f-438a-bf55-62b6d688ad8a: does not qualify; 0.6 s; peak memory 1962 MiB.
2026-09-17T21:03:57Z INFO [345/372] 03dd367b-c8a5-4103-8168-2c376f573d0e: does not qualify; 6.9 s; peak memory 1962 MiB.
2026-09-17T21:04:00Z INFO [346/372] 03de4b32-beca-4329-9259-9744145a8d62: does not qualify; 3.6 s; peak memory 1962 MiB.
2026-09-17T21:04:01Z INFO [347/372] 03df35a8-2fc8-42b4-87d5-b138b4481ac8: does not qualify; 0.9 s; peak memory 1962 MiB.
2026-09-17T21:04:02Z INFO [348/372] 03df852b-6e9a-4c2c-9353-16514524c45b: does not qualify; 1.1 s; peak memory 1962 MiB.
2026-09-17T21:04:03Z INFO [349/372] 03e1134b-77fd-48b3-81d6-bab61553b6a7: does not qualify; 0.9 s; peak memory 1962 MiB.
2026-09-17T21:04:04Z INFO [350/372] 03e1d695-0111-4856-bea2-eda67da0f3fc: does not qualify; 1.2 s; peak memory 1962 MiB.
2026-09-17T21:04:04Z INFO [350/372] 03e1d695-0111-4856-bea2-eda67da0f3fc: checkpointed 48760 records.
2026-09-17T21:04:06Z INFO [351/372] 03e2d6ba-7a8c-4eb7-8015-c741f4f42704: does not qualify; 1.2 s; peak memory 1962 MiB.
2026-09-17T21:04:06Z INFO [352/372] 03e33b55-5ae4-4361-b275-22db1e778545: does not qualify; 0.9 s; peak memory 1962 MiB.
2026-09-17T21:04:07Z INFO [353/372] 03e3ce8a-c548-4567-a700-b72ec6b654db: does not qualify; 1.0 s; peak memory 1962 MiB.
2026-09-17T21:04:12Z INFO [354/372] 03e3eb31-e31a-4994-9d8a-66c73ec842f8: does not qualify; 4.5 s; peak memory 1962 MiB.
2026-09-17T21:04:17Z INFO [355/372] 03e4e22c-3828-4b9e-81ae-fc232f95b7b7: does not qualify; 5.5 s; peak memory 1962 MiB.
2026-09-17T21:04:18Z INFO [356/372] 03e5b037-451e-4282-9289-c7acdfc3d9e7: does not qualify; 1.0 s; peak memory 1962 MiB.
2026-09-17T21:04:19Z INFO [357/372] 03e5f51d-60df-46c6-beb9-6613388170fd: does not qualify; 0.9 s; peak memory 1962 MiB.
2026-09-17T21:04:20Z INFO [358/372] 03e6aadc-eaba-4a6e-a0e2-247c6a49ec10: does not qualify; 0.9 s; peak memory 1962 MiB.
2026-09-17T21:04:21Z INFO [359/372] 03e78578-c95b-4139-9fda-66f774028dfa: does not qualify; 1.2 s; peak memory 1962 MiB.
2026-09-17T21:04:42Z INFO [360/372] 03e7de10-be8c-44ba-8c26-454bb392ae81: does not qualify; 20.1 s; peak memory 1962 MiB.
2026-09-17T21:04:43Z INFO [361/372] 03e8193f-79ad-4c50-aaf3-8dc2effa26b1: does not qualify; 1.1 s; peak memory 1962 MiB.
2026-09-17T21:04:44Z INFO [362/372] 03e82f2d-84a8-4de7-a091-915cb50e8483: does not qualify; 0.9 s; peak memory 1962 MiB.
2026-09-17T21:04:45Z INFO [363/372] 03e86e6a-e980-44eb-821d-89c8ba233ad5: does not qualify; 1.6 s; peak memory 1962 MiB.
2026-09-17T21:04:46Z INFO [364/372] 03e8ca1d-9e8c-456f-b38e-59dfa29e8f40: does not qualify; 1.0 s; peak memory 1962 MiB.
2026-09-17T21:04:48Z INFO [365/372] 03e9a542-6e32-4e55-b5b7-98f9a625795d: does not qualify; 2.1 s; peak memory 1962 MiB.
2026-09-17T21:04:50Z INFO [366/372] 03e9b575-7c10-4266-8c8e-1a543458f42a: does not qualify; 1.8 s; peak memory 1962 MiB.
2026-09-17T21:04:51Z INFO [367/372] 03ea0039-025f-4fce-94de-6e0a64d607d7: does not qualify; 1.0 s; peak memory 1962 MiB.
2026-09-17T21:06:11Z INFO [368/372] 03ea64d7-28d9-401e-ac61-aa251cbffa71: qualifies; 80.4 s; peak memory 1962 MiB.
2026-09-17T21:06:13Z INFO [369/372] 03eb974e-41e4-4675-9c2a-d9549c006da5: does not qualify; 1.4 s; peak memory 1962 MiB.
2026-09-17T21:06:14Z INFO [370/372] 03ec0b0d-8399-4b63-8a42-4cba1609cb4f: does not qualify; 1.6 s; peak memory 1962 MiB.
2026-09-17T21:06:16Z INFO [371/372] 03ec1c40-d2be-4b16-a13c-4bdfb5070db7: does not qualify; 1.1 s; peak memory 1962 MiB.
2026-09-17T21:06:17Z INFO [372/372] 7f80fa49-a032-42c5-96d9-115b1408e1f6: does not qualify; 1.6 s; peak memory 1962 MiB.
2026-09-17T21:06:17Z INFO Wrote 48782 records to /tmp/derivatives/qualifying_lfp_content_ids.jsonl (372 new, 0 failed) in 13.0 min (peak memory 1962 MiB).
