2026-09-18T15:41:49Z INFO Logging to /tmp/logs/update_2026-09-18T15-41-49Z.log.
2026-09-18T15:41:49Z INFO Update qualifying-lfp-content-ids (base directory /tmp).
2026-09-18T15:41:50Z INFO Processing 748 items (49147 already recorded).
2026-09-18T15:41:52Z INFO [1/748] 0166c3fd-03f3-4920-9f20-93d081fa89e0: does not qualify; 2.0 s; peak memory 219 MiB.
2026-09-18T15:41:59Z INFO [2/748] 04b6f7fd-5c5f-4c4b-b274-789fb97d321d: does not qualify; 6.2 s; peak memory 235 MiB.
2026-09-18T15:42:06Z INFO [3/748] 04b75f8c-8408-434b-84a4-463257141e4c: does not qualify; 7.0 s; peak memory 241 MiB.
2026-09-18T15:42:07Z INFO [4/748] 04b7cf3b-c18b-43df-a0e6-e3e7cc791aea: does not qualify; 1.3 s; peak memory 241 MiB.
2026-09-18T15:42:08Z INFO [5/748] 04b91b84-bd6c-4180-825d-107e795031cc: does not qualify; 1.7 s; peak memory 241 MiB.
2026-09-18T15:42:15Z INFO [6/748] 04b93355-d721-4440-8542-339579fdb827: does not qualify; 6.8 s; peak memory 241 MiB.
2026-09-18T15:42:18Z INFO [7/748] 04ba01a2-879e-406b-94af-614aeb1096f6: does not qualify; 2.3 s; peak memory 241 MiB.
2026-09-18T15:42:28Z INFO [8/748] 04ba6299-80c9-4ad4-9a10-a40a10c2c3e3: does not qualify; 10.6 s; peak memory 248 MiB.
2026-09-18T15:42:31Z INFO [9/748] 04ba97ae-796a-43bc-997e-b3acbe8a24ff: does not qualify; 2.9 s; peak memory 248 MiB.
2026-09-18T15:42:35Z INFO [10/748] 04bb20f8-d2c1-4670-8466-7bb2d5d2c9b0: does not qualify; 4.1 s; peak memory 248 MiB.
2026-09-18T15:42:37Z INFO [11/748] 04bbfbc8-a688-4460-a7fe-e21414f621fd: does not qualify; 2.4 s; peak memory 248 MiB.
2026-09-18T15:42:56Z INFO [12/748] 04bd51d2-c127-4422-b6df-75c95498f7d6: does not qualify; 19.0 s; peak memory 257 MiB.
2026-09-18T15:42:58Z INFO [13/748] 04bea271-a43a-4e75-a3a9-6e1363ac9868: does not qualify; 1.5 s; peak memory 257 MiB.
2026-09-18T15:43:07Z INFO [14/748] 04bf3571-7c36-41c4-8905-dd6a7ee3d403: does not qualify; 8.9 s; peak memory 257 MiB.
2026-09-18T15:43:08Z INFO [15/748] 04bf62f9-7c2f-4359-918c-b643f579dd1a: does not qualify; 1.2 s; peak memory 257 MiB.
2026-09-18T15:43:09Z INFO [16/748] 04bf6640-086a-4544-8fd3-d1f203a2de9a: does not qualify; 1.0 s; peak memory 257 MiB.
2026-09-18T15:43:17Z INFO [17/748] 04bfd946-cac3-4c5b-841e-0b13bf57d0ad: does not qualify; 7.6 s; peak memory 257 MiB.
2026-09-18T15:43:24Z INFO [18/748] 04c13ec4-37ce-4764-a066-c912353d4e54: does not qualify; 7.2 s; peak memory 257 MiB.
2026-09-18T15:43:29Z INFO [19/748] 04c1d581-4645-4033-9257-7346bc321c1a: does not qualify; 5.0 s; peak memory 257 MiB.
2026-09-18T15:43:33Z INFO [20/748] 04c30374-3e71-47e8-9eb3-d00fa139982e: does not qualify; 4.2 s; peak memory 257 MiB.
2026-09-18T15:43:39Z INFO [21/748] 04c5801e-e982-4d6e-8739-74d2fa98888f: does not qualify; 5.7 s; peak memory 257 MiB.
2026-09-18T15:43:41Z INFO [22/748] 04c5da28-3562-46fb-95bb-cabcca6c0f58: does not qualify; 1.8 s; peak memory 257 MiB.
2026-09-18T15:43:42Z INFO [23/748] 04c6ec16-a785-43c7-bc16-3c5329ac9897: does not qualify; 1.0 s; peak memory 257 MiB.
2026-09-18T15:43:43Z INFO [24/748] 04c78985-f9e6-4abf-a650-889cbdf351b5: does not qualify; 1.1 s; peak memory 257 MiB.
2026-09-18T15:43:45Z INFO [25/748] 04c7ec52-6dfb-49eb-9ae1-081ad7953da5: does not qualify; 2.1 s; peak memory 257 MiB.
2026-09-18T15:43:46Z INFO [26/748] 04c854fc-33f9-4917-80d8-3f6758c2f63b: does not qualify; 1.3 s; peak memory 257 MiB.
2026-09-18T15:43:47Z INFO [27/748] 04c88410-5fec-4025-86a6-dd222af2e55f: does not qualify; 0.9 s; peak memory 257 MiB.
2026-09-18T15:43:49Z INFO [28/748] 04c93ef1-dd65-4f47-abe7-f7e89b41c220: does not qualify; 1.8 s; peak memory 257 MiB.
2026-09-18T15:43:57Z INFO [29/748] 04c9d35e-0ff3-4b6a-813f-0fef8ecbe166: does not qualify; 8.2 s; peak memory 258 MiB.
2026-09-18T15:43:58Z INFO [30/748] 04ca3d57-3436-4d27-b5ec-b063b2155aae: does not qualify; 1.2 s; peak memory 258 MiB.
2026-09-18T15:44:00Z INFO [31/748] 04cab266-f3a2-4cbf-93eb-235d8168a081: does not qualify; 1.6 s; peak memory 258 MiB.
2026-09-18T15:44:09Z INFO [32/748] 04cbdb1e-c710-40ae-856b-8ae7c9143661: does not qualify; 9.6 s; peak memory 258 MiB.
2026-09-18T15:44:11Z INFO [33/748] 04cc2c4d-23c5-4753-b34f-3a0febdf5c10: does not qualify; 2.0 s; peak memory 258 MiB.
2026-09-18T15:44:13Z INFO [34/748] 04cc45ae-b3bc-4153-a6ba-c6252b53c9a7: does not qualify; 1.3 s; peak memory 258 MiB.
2026-09-18T15:44:18Z INFO [35/748] 04ccb402-e377-481a-826e-37a38f10b697: does not qualify; 5.5 s; peak memory 258 MiB.
2026-09-18T15:44:21Z INFO [36/748] 04ccfb7b-9f3e-4c4b-bf22-e31b0bcd4fce: does not qualify; 2.5 s; peak memory 258 MiB.
2026-09-18T15:44:28Z INFO [37/748] 04ce4583-71ce-4db0-9f1c-ca33d2d34e6a: does not qualify; 7.2 s; peak memory 258 MiB.
2026-09-18T15:44:31Z INFO [38/748] 04ce85e8-335d-4e23-9e17-7988d05dccac: does not qualify; 2.8 s; peak memory 258 MiB.
2026-09-18T15:44:36Z INFO [39/748] 04ceb4f1-455f-4326-a65c-1969cba58533: qualifies; 5.3 s; peak memory 259 MiB.
2026-09-18T15:44:38Z INFO [40/748] 04cf9c6e-1b43-4b41-b13a-78b6f3291b25: does not qualify; 2.0 s; peak memory 259 MiB.
2026-09-18T15:44:39Z INFO [41/748] 04cfcee1-25bc-487b-aa97-c58435632eaa: does not qualify; 1.1 s; peak memory 259 MiB.
2026-09-18T15:44:44Z INFO [42/748] 04cff2cf-1bc2-4979-b725-03b30ccafe5b: does not qualify; 5.2 s; peak memory 259 MiB.
2026-09-18T15:45:17Z INFO [43/748] 04d15b81-ffdf-40a1-8d14-c2c727393219: does not qualify; 32.4 s; peak memory 305 MiB.
2026-09-18T15:45:18Z INFO [44/748] 04d37eca-c836-49d0-9384-697a7a78adc7: does not qualify; 1.4 s; peak memory 305 MiB.
2026-09-18T15:45:21Z INFO [45/748] 04d381be-2b99-47e2-bbc5-ccf589079750: does not qualify; 2.5 s; peak memory 305 MiB.
2026-09-18T15:45:22Z INFO [46/748] 04d3cd83-6508-47d3-8f0d-a19c87827f81: does not qualify; 1.7 s; peak memory 305 MiB.
2026-09-18T15:45:23Z INFO [47/748] 04d84bb5-c2ae-4171-b16c-a037108f9860: does not qualify; 1.1 s; peak memory 305 MiB.
2026-09-18T15:45:31Z INFO [48/748] 04d89014-425a-4f6e-8dfa-0081a882e9ce: does not qualify; 7.5 s; peak memory 305 MiB.
2026-09-18T15:45:33Z INFO [49/748] 04d897bc-85b7-430d-9b61-9f917bc1c12d: does not qualify; 2.2 s; peak memory 305 MiB.
2026-09-18T15:45:34Z INFO [50/748] 04d8ca1b-d1a8-4b60-b9ab-f38c774f3fe4: does not qualify; 1.4 s; peak memory 305 MiB.
2026-09-18T15:45:34Z INFO [50/748] 04d8ca1b-d1a8-4b60-b9ab-f38c774f3fe4: checkpointed 49197 records.
2026-09-18T15:45:36Z INFO [51/748] 04d8f136-6cac-420b-b929-52bf8d350972: does not qualify; 1.9 s; peak memory 305 MiB.
2026-09-18T15:45:42Z INFO [52/748] 04da2b67-547e-4b74-971f-a1ce4a0f4f52: does not qualify; 5.6 s; peak memory 305 MiB.
2026-09-18T15:45:43Z INFO [53/748] 04daa83f-5811-4ecf-a29d-ff9dd8157394: does not qualify; 1.2 s; peak memory 305 MiB.
2026-09-18T15:45:46Z INFO [54/748] 04daef77-1e02-453a-826d-73cf10415ecc: does not qualify; 2.4 s; peak memory 305 MiB.
2026-09-18T15:45:50Z INFO [55/748] 04db3464-54d3-40bc-8e8e-6add83e7af02: does not qualify; 4.1 s; peak memory 305 MiB.
2026-09-18T15:45:53Z INFO [56/748] 04dbafa1-9d99-477a-81c7-9d50cbbcacb9: does not qualify; 3.2 s; peak memory 305 MiB.
2026-09-18T15:45:55Z INFO [57/748] 04dc43e5-fb1b-4888-bcd2-b5f1d6a65af2: does not qualify; 2.6 s; peak memory 305 MiB.
2026-09-18T15:45:57Z INFO [58/748] 04dc888b-f7ca-4a43-88f0-00fa3478c249: does not qualify; 1.7 s; peak memory 305 MiB.
2026-09-18T15:46:00Z INFO [59/748] 04dd1a97-e6a2-4aa0-a746-15fe52c95607: does not qualify; 2.7 s; peak memory 305 MiB.
2026-09-18T15:46:06Z INFO [60/748] 04ddfe52-99f4-45e0-9feb-3abac4db59dc: does not qualify; 6.4 s; peak memory 306 MiB.
2026-09-18T15:46:09Z INFO [61/748] 04e0ec7f-51f4-44ce-baff-893a69a0ce47: does not qualify; 2.4 s; peak memory 306 MiB.
2026-09-18T15:46:11Z INFO [62/748] 04e19bcb-be0a-4790-8e0f-400c521fe08e: does not qualify; 2.2 s; peak memory 306 MiB.
2026-09-18T15:46:12Z INFO [63/748] 04e24594-3c4c-449f-90ba-e9d32e652c3d: does not qualify; 0.9 s; peak memory 306 MiB.
2026-09-18T15:46:18Z INFO [64/748] 04e2ccde-7401-4e56-acb6-e3be4abf9a9b: does not qualify; 6.2 s; peak memory 306 MiB.
2026-09-18T15:46:21Z INFO [65/748] 04e51693-c77c-4308-a859-2078518513cb: does not qualify; 2.9 s; peak memory 306 MiB.
2026-09-18T15:46:22Z INFO [66/748] 04e537fd-635a-4d1c-85c2-6ce86ebe8e6b: does not qualify; 1.0 s; peak memory 306 MiB.
2026-09-18T15:46:23Z INFO [67/748] 04e58eae-80cc-4866-9894-d577f33053a5: does not qualify; 1.6 s; peak memory 306 MiB.
2026-09-18T15:46:25Z INFO [68/748] 04e5a990-9c34-4151-b430-2d9529cdc31c: does not qualify; 1.1 s; peak memory 306 MiB.
2026-09-18T15:46:27Z INFO [69/748] 04e6692a-f8ae-4205-9b25-88979f89798e: does not qualify; 2.1 s; peak memory 306 MiB.
2026-09-18T15:46:30Z INFO [70/748] 04e6d7ac-ca1b-464f-8957-c56fc83e2251: does not qualify; 3.5 s; peak memory 306 MiB.
2026-09-18T15:46:32Z INFO [71/748] 04e6e187-cd74-46b9-bac6-5e26a08e226e: does not qualify; 2.3 s; peak memory 306 MiB.
2026-09-18T15:46:33Z INFO [72/748] 04e74583-9aa0-4fff-9189-0859a6150d77: does not qualify; 1.1 s; peak memory 306 MiB.
2026-09-18T15:46:35Z INFO [73/748] 04e7db75-acab-4c26-a3dd-a71c77444991: does not qualify; 1.8 s; peak memory 306 MiB.
2026-09-18T15:46:37Z INFO [74/748] 04e7f16a-6af4-40a0-8ed8-b46396f16fee: does not qualify; 2.1 s; peak memory 306 MiB.
2026-09-18T15:46:38Z INFO [75/748] 04e80725-9f9a-4cf9-9a39-98449bf71d5f: does not qualify; 1.1 s; peak memory 306 MiB.
2026-09-18T15:46:39Z INFO [76/748] 04e836d2-cd54-4065-9e05-5cf7b738d6ef: does not qualify; 1.0 s; peak memory 306 MiB.
2026-09-18T15:46:41Z INFO [77/748] 04ea2377-ec13-4b2f-ad22-5ab4443f0c37: does not qualify; 1.2 s; peak memory 306 MiB.
2026-09-18T15:46:43Z INFO [78/748] 04ea2caa-60ab-405c-a66e-34113f1e3d7c: qualifies; 2.5 s; peak memory 307 MiB.
2026-09-18T15:46:44Z INFO [79/748] 04eaf3d4-d242-45b6-94fe-a0832889eb03: does not qualify; 1.2 s; peak memory 307 MiB.
2026-09-18T15:46:48Z INFO [80/748] 04eb25f0-0e94-43b9-8a8e-c613b37f5ef7: does not qualify; 3.4 s; peak memory 307 MiB.
2026-09-18T15:46:49Z INFO [81/748] 04ebca63-0d09-481c-8472-e583372cede8: does not qualify; 1.6 s; peak memory 307 MiB.
2026-09-18T15:46:55Z INFO [82/748] 04ec7731-2d22-46c7-8b54-ade4cf81fa5b: does not qualify; 5.5 s; peak memory 307 MiB.
2026-09-18T15:47:00Z INFO [83/748] 04ecc08f-4e3e-4b51-8d22-076b0977a190: qualifies; 5.0 s; peak memory 307 MiB.
2026-09-18T15:47:01Z INFO [84/748] 04ed14e5-e1b3-4d2a-a588-97c22c07f48b: does not qualify; 1.5 s; peak memory 307 MiB.
2026-09-18T15:47:03Z INFO [85/748] 04ed34f6-8bd8-4518-93ac-a2760da8a530: does not qualify; 1.7 s; peak memory 307 MiB.
2026-09-18T15:47:05Z INFO [86/748] 04ed57cb-260f-450c-8d7c-98ad421799ec: does not qualify; 2.5 s; peak memory 307 MiB.
2026-09-18T15:47:07Z INFO [87/748] 04f100c5-7e1f-49de-b8c2-34821e174a74: does not qualify; 1.9 s; peak memory 307 MiB.
2026-09-18T15:47:08Z INFO [88/748] 04f1dd03-5427-4964-be2e-a537f4ce2e50: does not qualify; 1.0 s; peak memory 307 MiB.
2026-09-18T15:47:10Z INFO [89/748] 04f20083-d3b1-43ee-8624-4f3e91460ef3: does not qualify; 1.2 s; peak memory 307 MiB.
2026-09-18T15:47:21Z INFO [90/748] 04f2d532-29f8-40db-8cd9-d97be248cbbe: does not qualify; 11.3 s; peak memory 307 MiB.
2026-09-18T15:47:26Z INFO [91/748] 04f3b474-cbe3-466b-a02b-9c690c79a378: does not qualify; 5.3 s; peak memory 307 MiB.
2026-09-18T15:47:33Z INFO [92/748] 04f3f0a9-5799-4439-94e1-9f9e309da750: does not qualify; 6.6 s; peak memory 629 MiB.
2026-09-18T15:47:35Z INFO [93/748] 04f58417-ecca-411f-be13-d9bb4b372b08: does not qualify; 2.1 s; peak memory 629 MiB.
2026-09-18T15:48:13Z INFO [94/748] 04f69532-62d9-4aba-b999-8c137390cebf: does not qualify; 37.7 s; peak memory 629 MiB.
2026-09-18T15:48:18Z INFO [95/748] 04f71112-ab4b-47ea-967b-a5cc48c4592b: does not qualify; 5.8 s; peak memory 629 MiB.
2026-09-18T15:48:19Z INFO [96/748] 04f86dbe-6d4b-4d58-ac58-67ef2e4ddf5e: does not qualify; 1.0 s; peak memory 629 MiB.
2026-09-18T15:48:21Z INFO [97/748] 04f8dbcd-b240-44bf-ab0e-b25f67894097: does not qualify; 1.5 s; peak memory 629 MiB.
2026-09-18T15:48:24Z INFO [98/748] 04f94ce4-97e9-4fb7-a052-92a966da56df: qualifies; 2.6 s; peak memory 629 MiB.
2026-09-18T15:48:25Z INFO [99/748] 04fae1e9-fa34-4349-a804-6d95cde357f8: does not qualify; 1.0 s; peak memory 629 MiB.
2026-09-18T15:48:26Z INFO [100/748] 04fcac86-918f-46bb-9785-c084492c8b9a: does not qualify; 1.4 s; peak memory 629 MiB.
2026-09-18T15:48:26Z INFO [100/748] 04fcac86-918f-46bb-9785-c084492c8b9a: checkpointed 49247 records.
2026-09-18T15:48:29Z INFO [101/748] 04fcdaae-3990-4615-964c-8ad64ea53bd7: does not qualify; 3.3 s; peak memory 629 MiB.
2026-09-18T15:48:35Z INFO [102/748] 04fd136b-7222-43e3-9408-d79538e49dee: does not qualify; 5.7 s; peak memory 629 MiB.
2026-09-18T15:48:36Z INFO [103/748] 04fd40ac-9429-4f02-b5ba-8377635db041: does not qualify; 1.0 s; peak memory 629 MiB.
2026-09-18T15:48:37Z INFO [104/748] 04fdcc00-e766-4545-b320-721dab9c989e: does not qualify; 1.2 s; peak memory 629 MiB.
2026-09-18T15:48:44Z INFO [105/748] 04ff3d1c-0fbb-4356-a9d0-9252fa79d01d: does not qualify; 6.4 s; peak memory 629 MiB.
2026-09-18T15:48:45Z INFO [106/748] 04ffae92-785b-4aa6-a26c-c0287e4caf0a: does not qualify; 1.3 s; peak memory 629 MiB.
2026-09-18T15:48:56Z INFO [107/748] 04fffa38-3b37-4d6c-8de3-368840f7225e: does not qualify; 11.1 s; peak memory 629 MiB.
2026-09-18T15:48:57Z INFO [108/748] 05001f92-0085-4e4d-b830-f234acd3e73d: does not qualify; 1.2 s; peak memory 629 MiB.
2026-09-18T15:49:00Z INFO [109/748] 05017956-2108-4fc4-a405-c20d9d883c45: does not qualify; 2.5 s; peak memory 629 MiB.
2026-09-18T15:49:10Z INFO [110/748] 0501e906-c202-47b3-ba7c-1df97a77b2f7: does not qualify; 10.1 s; peak memory 629 MiB.
2026-09-18T15:49:19Z INFO [111/748] 050267a9-8330-4f28-8a17-8db7aba456f0: does not qualify; 9.3 s; peak memory 629 MiB.
2026-09-18T15:49:22Z INFO [112/748] 05028253-7a54-4b0b-ab59-2c8fe0fa6ea6: does not qualify; 2.3 s; peak memory 629 MiB.
2026-09-18T15:49:23Z INFO [113/748] 0504e10e-b038-4802-81d2-6a3d67718b59: does not qualify; 1.5 s; peak memory 629 MiB.
2026-09-18T15:49:24Z INFO [114/748] 0504ef12-4cb6-4ca1-8937-6469866a042b: does not qualify; 1.2 s; peak memory 629 MiB.
2026-09-18T15:49:25Z INFO [115/748] 050550e1-a831-45dd-a977-33bf756d994c: does not qualify; 1.0 s; peak memory 629 MiB.
2026-09-18T15:49:27Z INFO [116/748] 0505bd3b-63c8-4008-a5d3-288a3e74ba7e: does not qualify; 1.3 s; peak memory 629 MiB.
2026-09-18T15:49:28Z INFO [117/748] 0507d609-cc26-46ea-a674-ce2ad35cafae: does not qualify; 1.1 s; peak memory 629 MiB.
2026-09-18T15:49:30Z INFO [118/748] 0507d7b0-0ec2-4525-9470-6aaa87d8fdcf: does not qualify; 2.6 s; peak memory 629 MiB.
2026-09-18T15:49:31Z INFO [119/748] 0507e94a-1459-44cf-b181-5e1afe3d5f66: does not qualify; 1.2 s; peak memory 629 MiB.
2026-09-18T15:49:33Z INFO [120/748] 05081903-4c28-4e19-b2b6-46adebe3e3c0: does not qualify; 1.1 s; peak memory 629 MiB.
2026-09-18T15:49:34Z INFO [121/748] 05089a79-0ec8-43ef-919d-538b8cd985a7: does not qualify; 1.4 s; peak memory 629 MiB.
2026-09-18T15:49:36Z INFO [122/748] 050b4e2d-c483-42e1-a84d-14373380562b: does not qualify; 2.1 s; peak memory 629 MiB.
2026-09-18T15:49:37Z INFO [123/748] 050d2356-e146-46ef-8023-d24420dcdf12: does not qualify; 1.4 s; peak memory 629 MiB.
2026-09-18T15:49:40Z INFO [124/748] 050d4416-08a1-493e-b091-0220b46540f3: does not qualify; 3.0 s; peak memory 629 MiB.
2026-09-18T15:49:42Z INFO [125/748] 050e0508-e634-4dc7-9102-6121039a88e8: does not qualify; 1.8 s; peak memory 629 MiB.
2026-09-18T15:49:45Z INFO [126/748] 050ffb22-b1fe-4110-9e76-62595555d2c9: does not qualify; 2.5 s; peak memory 629 MiB.
2026-09-18T15:49:46Z INFO [127/748] 0510ea5f-8bb1-4ddb-baf5-53a9fd0b0334: does not qualify; 1.1 s; peak memory 629 MiB.
2026-09-18T15:49:47Z INFO [128/748] 051256ac-2622-449f-9625-7ea4d684349a: does not qualify; 1.0 s; peak memory 629 MiB.
2026-09-18T15:49:48Z INFO [129/748] 051288c6-590a-490b-9061-2764eb5a4189: does not qualify; 1.3 s; peak memory 629 MiB.
2026-09-18T15:49:49Z INFO [130/748] 0512e21a-5458-4206-92d4-2ce31622622a: does not qualify; 1.2 s; peak memory 629 MiB.
2026-09-18T15:49:50Z INFO [131/748] 0513128f-8da9-4fda-9bf1-09e551d2f532: does not qualify; 1.1 s; peak memory 629 MiB.
2026-09-18T15:49:51Z INFO [132/748] 05136dcf-557a-409d-96db-5a4e20291b1f: does not qualify; 0.8 s; peak memory 629 MiB.
2026-09-18T15:50:02Z INFO [133/748] 0513c38a-3eee-4553-9e27-a50af4138ff9: does not qualify; 10.3 s; peak memory 629 MiB.
2026-09-18T15:50:03Z INFO [134/748] 0513cce0-d56c-4434-a831-fd84da3fad73: does not qualify; 1.6 s; peak memory 629 MiB.
2026-09-18T15:50:08Z INFO [135/748] 05144f3c-8f2b-46ea-9543-eb29dd13be94: does not qualify; 4.5 s; peak memory 629 MiB.
2026-09-18T15:50:09Z INFO [136/748] 0514f007-a890-4e83-b0a5-69b9de319ac3: does not qualify; 1.7 s; peak memory 629 MiB.
2026-09-18T15:50:19Z INFO [137/748] 05156443-e952-4f78-95d6-1234cbc9d0a8: does not qualify; 9.5 s; peak memory 629 MiB.
2026-09-18T15:50:20Z INFO [138/748] 0515698a-ba7f-491c-b7a4-36ac259a247d: does not qualify; 1.4 s; peak memory 629 MiB.
2026-09-18T15:50:22Z INFO [139/748] 05163ed0-c6f2-4e21-8c86-2ce72651b103: does not qualify; 1.3 s; peak memory 629 MiB.
2026-09-18T15:50:23Z INFO [140/748] 05164ea7-da9f-455b-a82c-7a922938d2d8: does not qualify; 1.4 s; peak memory 629 MiB.
2026-09-18T15:50:24Z INFO [141/748] 05179b9d-5a97-4eb5-9768-964b0b8a9d07: does not qualify; 1.3 s; peak memory 629 MiB.
2026-09-18T15:50:25Z INFO [142/748] 0517c7a3-d041-42a4-bf0e-404aae292ed2: does not qualify; 1.0 s; peak memory 629 MiB.
2026-09-18T15:50:27Z INFO [143/748] 0517e2a4-3fef-4792-9028-167e59d43fa4: does not qualify; 1.3 s; peak memory 629 MiB.
2026-09-18T15:50:28Z INFO [144/748] 0518061f-53eb-4891-ad0b-fabfbc05c9ce: does not qualify; 1.1 s; peak memory 629 MiB.
2026-09-18T15:50:29Z INFO [145/748] 05183659-fd91-448a-8c5b-2ed920235cf7: does not qualify; 1.2 s; peak memory 629 MiB.
2026-09-18T15:50:30Z INFO [146/748] 0518f1f4-df62-4a59-8738-41ec0836899e: does not qualify; 0.9 s; peak memory 629 MiB.
2026-09-18T15:50:31Z INFO [147/748] 051987e9-a292-42ab-964b-f0fcfb10ca3a: does not qualify; 1.2 s; peak memory 629 MiB.
2026-09-18T15:50:33Z INFO [148/748] 051a1b67-2995-4226-94c1-cf4715884f40: does not qualify; 2.1 s; peak memory 629 MiB.
2026-09-18T15:50:38Z INFO [149/748] 051a509c-49ff-4665-9275-e9e260e17c10: does not qualify; 4.5 s; peak memory 629 MiB.
2026-09-18T15:50:39Z INFO [150/748] 051b1694-3d04-4e5b-8ce4-c62accf072a3: does not qualify; 1.1 s; peak memory 629 MiB.
2026-09-18T15:50:39Z INFO [150/748] 051b1694-3d04-4e5b-8ce4-c62accf072a3: checkpointed 49297 records.
2026-09-18T15:50:40Z INFO [151/748] 051b1705-46eb-412c-980a-e99eaa22225d: does not qualify; 1.2 s; peak memory 629 MiB.
2026-09-18T15:50:43Z INFO [152/748] 051cc117-2547-4be4-84c3-475570ca9fd2: does not qualify; 2.7 s; peak memory 629 MiB.
2026-09-18T15:50:44Z INFO [153/748] 051d1195-6de3-4853-bf26-4c7b31c06fd5: does not qualify; 1.0 s; peak memory 629 MiB.
2026-09-18T15:50:45Z INFO [154/748] 051db6b5-c7de-4bd8-a393-cc1061454c0c: does not qualify; 1.2 s; peak memory 629 MiB.
2026-09-18T15:50:46Z INFO [155/748] 051f15f8-fe80-4995-9774-8afa607a8fe6: does not qualify; 0.9 s; peak memory 629 MiB.
2026-09-18T15:50:48Z INFO [156/748] 051f3823-9a6d-489c-9d78-8d2da1ca608b: does not qualify; 1.8 s; peak memory 629 MiB.
2026-09-18T15:50:49Z INFO [157/748] 05201abc-afb4-4987-bcf8-c0c03d1e79dd: does not qualify; 1.4 s; peak memory 629 MiB.
2026-09-18T15:50:50Z INFO [158/748] 0520a84b-5634-42a0-b4cb-47bcf1aa2227: does not qualify; 1.0 s; peak memory 629 MiB.
2026-09-18T15:50:51Z INFO [159/748] 0520c2b1-4445-41c6-81db-070b67762bb8: does not qualify; 1.4 s; peak memory 629 MiB.
2026-09-18T15:50:52Z INFO [160/748] 052154f9-dedb-4f88-aa7d-6f3ecc66f44e: does not qualify; 1.1 s; peak memory 629 MiB.
2026-09-18T15:50:54Z INFO [161/748] 0521bb2b-f854-4c9d-9999-6084f184976f: does not qualify; 1.7 s; peak memory 629 MiB.
2026-09-18T15:50:56Z INFO [162/748] 0521fbc4-dd4e-41b7-bad3-dca6c7fcecdb: does not qualify; 2.0 s; peak memory 629 MiB.
2026-09-18T15:50:57Z INFO [163/748] 052213ec-d13d-47b3-a3fa-e0a90c13168e: does not qualify; 1.0 s; peak memory 629 MiB.
2026-09-18T15:50:59Z INFO [164/748] 0522b33d-7075-4f11-802e-77c2cbed9ce6: does not qualify; 2.2 s; peak memory 629 MiB.
2026-09-18T15:51:01Z INFO [165/748] 052319e3-22bb-43f6-bdf6-000c5910d720: does not qualify; 2.0 s; peak memory 629 MiB.
2026-09-18T15:51:08Z INFO [166/748] 05231b9d-5dfa-4d67-a552-1a89b8a18b56: does not qualify; 7.0 s; peak memory 639 MiB.
2026-09-18T15:51:14Z INFO [167/748] 052340f7-5ebc-4172-96e6-8e803c90d685: does not qualify; 5.8 s; peak memory 639 MiB.
2026-09-18T15:51:15Z INFO [168/748] 05239fa2-a564-4f92-a7df-ca5049c362b3: does not qualify; 0.9 s; peak memory 639 MiB.
2026-09-18T15:51:17Z INFO [169/748] 0523d5d1-e906-4e86-aa27-d2637d04dde9: qualifies; 2.0 s; peak memory 639 MiB.
2026-09-18T15:51:18Z INFO [170/748] 05241971-5896-4444-b214-c0e55d2978a3: does not qualify; 1.4 s; peak memory 639 MiB.
2026-09-18T15:51:22Z INFO [171/748] 05243ff4-f94d-483f-b722-cfcd11fe3df5: does not qualify; 3.2 s; peak memory 639 MiB.
2026-09-18T15:51:23Z INFO [172/748] 05248a2d-f5bc-4f8a-bbfc-35770cec65fa: does not qualify; 1.5 s; peak memory 639 MiB.
2026-09-18T15:51:24Z INFO [173/748] 0524d1fb-8dd1-441f-8de1-4b54ff225c6f: does not qualify; 0.9 s; peak memory 639 MiB.
2026-09-18T15:51:25Z INFO [174/748] 052512fe-e31d-459c-ae39-73d2ff05f82d: does not qualify; 1.4 s; peak memory 639 MiB.
2026-09-18T15:51:27Z INFO [175/748] 052546b7-3b2f-40ee-82f3-f4a3d36c268c: does not qualify; 1.6 s; peak memory 639 MiB.
2026-09-18T15:51:30Z INFO [176/748] 0525811c-61ea-4c29-a3af-55323005658e: qualifies; 2.7 s; peak memory 639 MiB.
2026-09-18T15:51:31Z INFO [177/748] 0525dbb9-d22d-4e51-a108-34eed0f57f87: does not qualify; 1.2 s; peak memory 639 MiB.
2026-09-18T15:51:32Z INFO [178/748] 052647fd-e28f-44d5-a7c1-8074f22757ab: does not qualify; 1.1 s; peak memory 639 MiB.
2026-09-18T15:51:33Z INFO [179/748] 05264de3-8097-44dc-bd31-e104002edbda: does not qualify; 1.5 s; peak memory 639 MiB.
2026-09-18T15:51:35Z INFO [180/748] 0526a3e7-40c2-41af-8bf5-76ef6ea64e83: does not qualify; 1.1 s; peak memory 639 MiB.
2026-09-18T15:53:18Z INFO [181/748] 0526a42c-d2a3-49bf-98ed-f858a216e6f0: qualifies; 103.8 s; peak memory 6102 MiB.
2026-09-18T15:53:20Z INFO [182/748] 0526c308-5dd4-44ee-bd02-ea610ed4965c: does not qualify; 1.9 s; peak memory 6102 MiB.
2026-09-18T15:53:21Z INFO [183/748] 05272907-eac1-4083-b709-f71fb2b4429d: does not qualify; 1.0 s; peak memory 6102 MiB.
2026-09-18T15:53:22Z INFO [184/748] 0527701a-2f59-40a3-908f-7e6cf134dcc9: does not qualify; 1.0 s; peak memory 6102 MiB.
2026-09-18T15:53:25Z INFO [185/748] 0528b3c0-1d48-4ce8-8955-89c9127906c4: does not qualify; 2.7 s; peak memory 6102 MiB.
2026-09-18T15:53:30Z INFO [186/748] 05294673-6cce-4a0f-ae49-94d839dd9be1: does not qualify; 4.8 s; peak memory 6102 MiB.
2026-09-18T15:53:31Z INFO [187/748] 0529820d-d9b4-406d-8272-cdbe86f20be8: does not qualify; 1.0 s; peak memory 6102 MiB.
2026-09-18T15:53:33Z INFO [188/748] 0529b167-b311-4838-9146-2affc1d70758: does not qualify; 1.7 s; peak memory 6102 MiB.
2026-09-18T15:53:35Z INFO [189/748] 052a2e40-d431-4c8f-9f17-34b2c3d2b495: does not qualify; 2.0 s; peak memory 6102 MiB.
2026-09-18T15:53:36Z INFO [190/748] 052a35af-2ecf-4cd8-a080-030515bec6c8: does not qualify; 1.5 s; peak memory 6102 MiB.
2026-09-18T15:53:48Z INFO [191/748] 052acef7-8603-4d12-a7e8-549c8edb94f8: does not qualify; 12.1 s; peak memory 6102 MiB.
2026-09-18T15:53:49Z INFO [192/748] 052ca61b-e2d2-4439-8cb3-5c726cfcc2e8: does not qualify; 0.9 s; peak memory 6102 MiB.
2026-09-18T15:53:50Z INFO [193/748] 052d7264-d393-4418-845e-0eb4b77c4357: does not qualify; 1.1 s; peak memory 6102 MiB.
2026-09-18T15:53:53Z INFO [194/748] 052d7c98-bc6b-442f-b6b4-0d581a717cbc: does not qualify; 3.4 s; peak memory 6102 MiB.
2026-09-18T15:53:55Z INFO [195/748] 052e0351-cf13-4156-b41f-8fd1206866a5: does not qualify; 1.2 s; peak memory 6102 MiB.
2026-09-18T15:53:56Z INFO [196/748] 052ead5a-ce14-41cc-9e89-30451ee32c87: does not qualify; 1.1 s; peak memory 6102 MiB.
2026-09-18T15:53:57Z INFO [197/748] 052f0be5-f546-49b7-af9e-80941a76e589: does not qualify; 1.1 s; peak memory 6102 MiB.
2026-09-18T15:53:58Z INFO [198/748] 052f14e3-dd9e-46ac-a852-0bcce7e0bb84: does not qualify; 1.5 s; peak memory 6102 MiB.
2026-09-18T15:53:59Z INFO [199/748] 052fbc3f-4ce6-4ec8-ace8-b490212687c3: does not qualify; 1.1 s; peak memory 6102 MiB.
2026-09-18T15:54:01Z INFO [200/748] 05301c4c-539b-421a-8be0-102e6fe39d6c: does not qualify; 1.2 s; peak memory 6102 MiB.
2026-09-18T15:54:01Z INFO [200/748] 05301c4c-539b-421a-8be0-102e6fe39d6c: checkpointed 49347 records.
2026-09-18T15:54:02Z INFO [201/748] 05301e4d-6b77-43ac-a8ae-ecfca7a66bd5: does not qualify; 1.3 s; peak memory 6102 MiB.
2026-09-18T15:54:04Z INFO [202/748] 05308207-db13-4831-b969-31455895c2b5: does not qualify; 2.4 s; peak memory 6102 MiB.
2026-09-18T15:54:06Z INFO [203/748] 05318185-0f03-4931-9762-7c8c16b57d9d: does not qualify; 1.6 s; peak memory 6102 MiB.
2026-09-18T15:54:07Z INFO [204/748] 0531a2ba-291b-4607-92fc-23d17a8ea611: does not qualify; 1.4 s; peak memory 6102 MiB.
2026-09-18T15:54:10Z INFO [205/748] 0531f2b6-d871-4cf5-bfa4-8cb4674835e2: does not qualify; 3.0 s; peak memory 6102 MiB.
2026-09-18T15:54:11Z INFO [206/748] 0531fdd0-9e41-4fa9-abfe-6498a6a804f1: does not qualify; 0.9 s; peak memory 6102 MiB.
2026-09-18T15:54:13Z INFO [207/748] 05328b9e-33fa-4484-bd72-10ea83b2bfcf: does not qualify; 1.5 s; peak memory 6102 MiB.
2026-09-18T15:54:14Z INFO [208/748] 0532c216-8987-49bf-af2b-6616ac7fd50d: does not qualify; 1.1 s; peak memory 6102 MiB.
2026-09-18T15:54:15Z INFO [209/748] 0532fa88-4a06-4d1f-82d9-cff8add983ee: does not qualify; 1.5 s; peak memory 6102 MiB.
2026-09-18T15:54:17Z INFO [210/748] 053312d4-a28b-4274-9601-f3fc6662ce44: does not qualify; 1.6 s; peak memory 6102 MiB.
2026-09-18T15:54:18Z INFO [211/748] 05331724-3958-4972-8787-f386d6aac2ca: does not qualify; 0.8 s; peak memory 6102 MiB.
2026-09-18T15:54:19Z INFO [212/748] 05335dcd-bcd5-4f7b-ad42-7bffc834d203: does not qualify; 1.1 s; peak memory 6102 MiB.
2026-09-18T15:54:20Z INFO [213/748] 0533b451-acae-4130-8015-21720ba92705: does not qualify; 1.1 s; peak memory 6102 MiB.
2026-09-18T15:54:22Z INFO [214/748] 0533de9a-b3ca-496b-ad6a-d02e1fb11887: does not qualify; 1.7 s; peak memory 6102 MiB.
2026-09-18T15:54:30Z INFO [215/748] 053447c0-8abf-43ef-ae7e-7f52021beead: does not qualify; 7.9 s; peak memory 6102 MiB.
2026-09-18T15:54:31Z INFO [216/748] 0534842f-40ac-49bd-9ca4-3134bab0c720: does not qualify; 1.7 s; peak memory 6102 MiB.
2026-09-18T15:54:33Z INFO [217/748] 0534931a-a056-4bea-b073-9d28a32ab220: does not qualify; 1.2 s; peak memory 6102 MiB.
2026-09-18T15:54:42Z INFO [218/748] 0534b717-ecca-42f9-9b78-4b921a630c07: does not qualify; 9.5 s; peak memory 6102 MiB.
2026-09-18T15:54:43Z INFO [219/748] 0534d647-b251-4c93-a4b0-7bdacd222888: does not qualify; 1.1 s; peak memory 6102 MiB.
2026-09-18T15:54:47Z INFO [220/748] 0534e10e-a5cb-4a85-88b0-f85277a19f7a: does not qualify; 3.3 s; peak memory 6102 MiB.
2026-09-18T15:54:52Z INFO [221/748] 0535ab9a-b55b-4c56-a725-6a598b27f9dc: does not qualify; 5.7 s; peak memory 6102 MiB.
2026-09-18T15:54:55Z INFO [222/748] 0536bb35-f4ca-4928-a726-995533256bed: does not qualify; 2.4 s; peak memory 6102 MiB.
2026-09-18T15:54:56Z INFO [223/748] 0536f78a-4c24-481f-b0de-a47ddc0e240f: does not qualify; 1.4 s; peak memory 6102 MiB.
2026-09-18T15:54:57Z INFO [224/748] 0536f82f-3a52-4840-a8d2-bd855ef45a68: does not qualify; 1.1 s; peak memory 6102 MiB.
2026-09-18T15:55:06Z INFO [225/748] 0537e742-a2f6-4fee-982d-075f193e8b26: does not qualify; 8.3 s; peak memory 6102 MiB.
2026-09-18T15:55:07Z INFO [226/748] 05385e38-01e3-49b1-b675-ff1cfd1dd57c: does not qualify; 1.4 s; peak memory 6102 MiB.
2026-09-18T15:55:08Z INFO [227/748] 05389890-108a-4f52-bb3d-10945a9c22ca: does not qualify; 1.1 s; peak memory 6102 MiB.
2026-09-18T15:55:18Z INFO [228/748] 0538d570-0c23-4981-b1b8-138227fb5ace: does not qualify; 10.1 s; peak memory 6102 MiB.
2026-09-18T15:55:19Z INFO [229/748] 053a5533-674f-4d37-b15b-f9ff34a57499: does not qualify; 1.2 s; peak memory 6102 MiB.
2026-09-18T15:55:21Z INFO [230/748] 053a66ea-cc4d-4713-8166-9f6f2b00d8c9: does not qualify; 1.5 s; peak memory 6102 MiB.
2026-09-18T15:55:29Z INFO [231/748] 053a6ce2-4775-4330-ab48-52367620034e: does not qualify; 7.8 s; peak memory 6102 MiB.
2026-09-18T15:55:30Z INFO [232/748] 053acf63-2894-4df8-9301-1a477dc0a043: does not qualify; 1.4 s; peak memory 6102 MiB.
2026-09-18T15:55:31Z INFO [233/748] 053af9c8-eb6f-4781-862b-0f2dc4d84706: does not qualify; 1.2 s; peak memory 6102 MiB.
2026-09-18T15:55:37Z INFO [234/748] 053c5f57-b6f5-4222-bccd-b3b6930d8ed0: does not qualify; 5.9 s; peak memory 6102 MiB.
2026-09-18T15:55:46Z INFO [235/748] 053c6b29-e8a9-4f8f-9e89-26ccedef9b80: does not qualify; 9.0 s; peak memory 6102 MiB.
2026-09-18T15:55:48Z INFO [236/748] 053c7815-9c7a-4a00-bee8-59e2e6b9c769: does not qualify; 1.5 s; peak memory 6102 MiB.
2026-09-18T15:55:49Z INFO [237/748] 053d9e74-834f-442d-af7f-86a92f4ca65f: does not qualify; 1.6 s; peak memory 6102 MiB.
2026-09-18T15:55:52Z INFO [238/748] 053dc7d7-c2ac-414b-955b-a79efee0cd85: does not qualify; 3.0 s; peak memory 6102 MiB.
2026-09-18T15:55:53Z INFO [239/748] 053e6ef2-3ebf-49e1-9da3-57ddb77d1990: does not qualify; 1.2 s; peak memory 6102 MiB.
2026-09-18T15:55:54Z INFO [240/748] 053e9ed8-46ca-41e4-9e7c-e5e9de09ebe8: does not qualify; 1.0 s; peak memory 6102 MiB.
2026-09-18T15:55:56Z INFO [241/748] 05400f8a-f2f2-4bda-95e5-16297d6de126: does not qualify; 1.3 s; peak memory 6102 MiB.
2026-09-18T15:55:57Z INFO [242/748] 05402c9f-9b58-45dc-b282-1ef28f4bd8e6: does not qualify; 1.8 s; peak memory 6102 MiB.
2026-09-18T15:55:59Z INFO [243/748] 0540d0a2-af25-4e17-9473-73124b45e55c: does not qualify; 1.3 s; peak memory 6102 MiB.
2026-09-18T15:56:00Z INFO [244/748] 05415d59-84fc-4182-9ea0-18feb7b787d7: does not qualify; 1.5 s; peak memory 6102 MiB.
2026-09-18T15:56:05Z INFO [245/748] 05415e0d-3f85-44d1-9bba-872eec02d63f: does not qualify; 4.8 s; peak memory 6102 MiB.
2026-09-18T15:56:11Z INFO [246/748] 05420548-7fb6-4c5f-92ac-c9abff1ca83d: does not qualify; 6.0 s; peak memory 6102 MiB.
2026-09-18T15:56:12Z INFO [247/748] 05421598-4e27-4717-aad1-49ba56fc2203: does not qualify; 0.9 s; peak memory 6102 MiB.
2026-09-18T15:56:13Z INFO [248/748] 054230ab-9160-4942-92f2-f80573d4cdfe: does not qualify; 1.3 s; peak memory 6102 MiB.
2026-09-18T15:56:14Z INFO [249/748] 05425364-7175-4a4f-b2d6-211aeb84856a: does not qualify; 1.1 s; peak memory 6102 MiB.
2026-09-18T15:56:15Z INFO [250/748] 054417af-0e57-41b0-92d4-3b8668768db0: does not qualify; 1.0 s; peak memory 6102 MiB.
2026-09-18T15:56:16Z INFO [250/748] 054417af-0e57-41b0-92d4-3b8668768db0: checkpointed 49397 records.
2026-09-18T15:56:17Z INFO [251/748] 0544c5fb-e833-401a-8ef2-16d1fcb45cce: does not qualify; 1.6 s; peak memory 6102 MiB.
2026-09-18T15:56:29Z INFO [252/748] 0545f24a-8f1c-45ac-bee3-b69274ec3b20: does not qualify; 11.6 s; peak memory 6102 MiB.
2026-09-18T15:56:37Z INFO [253/748] 0545facd-6940-48d8-8e7c-7ac6ccfba2c9: does not qualify; 8.0 s; peak memory 6102 MiB.
2026-09-18T15:56:39Z INFO [254/748] 054734b4-61fd-4a5f-b87c-5763f75442bc: qualifies; 2.2 s; peak memory 6102 MiB.
2026-09-18T15:56:45Z INFO [255/748] 054846e7-f298-4c0d-9940-4292f25d045d: does not qualify; 6.2 s; peak memory 6102 MiB.
2026-09-18T15:56:47Z INFO [256/748] 05486d44-a3d7-4ae1-a3de-0d3b1383b95c: does not qualify; 1.5 s; peak memory 6102 MiB.
2026-09-18T15:56:48Z INFO [257/748] 0549f14c-5252-4c9f-ba51-f95bd719fd77: does not qualify; 1.2 s; peak memory 6102 MiB.
2026-09-18T15:56:49Z INFO [258/748] 054a1fa4-294e-4ad2-846e-c1b565146d8e: does not qualify; 1.0 s; peak memory 6102 MiB.
2026-09-18T15:56:50Z INFO [259/748] 054aadf7-5c0a-4bb4-872c-04fa146c88e2: does not qualify; 0.9 s; peak memory 6102 MiB.
2026-09-18T15:56:52Z INFO [260/748] 054b8570-9e11-4728-bb1f-556142d8a73c: does not qualify; 2.6 s; peak memory 6102 MiB.
2026-09-18T15:56:55Z INFO [261/748] 054bab49-330a-4605-9c5a-3984acfbbf05: does not qualify; 2.1 s; peak memory 6102 MiB.
2026-09-18T15:57:02Z INFO [262/748] 054c98c6-a4ad-4051-a558-ea4ef9c543c6: does not qualify; 7.2 s; peak memory 6102 MiB.
2026-09-18T15:57:03Z INFO [263/748] 054c9c41-f4c6-4e23-8203-42817016845e: does not qualify; 1.0 s; peak memory 6102 MiB.
2026-09-18T15:57:09Z INFO [264/748] 054cb21f-f9e2-4e56-a2d5-137493cdbf39: does not qualify; 6.6 s; peak memory 6102 MiB.
2026-09-18T15:57:10Z INFO [265/748] 054e0ed6-d959-44af-a2ba-f29377d6018a: does not qualify; 1.1 s; peak memory 6102 MiB.
2026-09-18T15:57:12Z INFO [266/748] 054e72dc-52e0-4554-95b3-8e05884f557b: does not qualify; 1.1 s; peak memory 6102 MiB.
2026-09-18T15:57:12Z INFO [267/748] 054f455c-ed91-47d5-b88c-814b41809ba8: does not qualify; 0.9 s; peak memory 6102 MiB.
2026-09-18T15:57:16Z INFO [268/748] 054f5566-37a0-4a2d-84d3-74b6a7e04603: does not qualify; 4.0 s; peak memory 6102 MiB.
2026-09-18T15:57:18Z INFO [269/748] 055010a4-892c-4e7f-a705-bbef378b2508: does not qualify; 1.1 s; peak memory 6102 MiB.
2026-09-18T15:57:20Z INFO [270/748] 05501e15-bfc6-4a4f-b291-cefda24f52e6: qualifies; 2.9 s; peak memory 6102 MiB.
2026-09-18T15:57:26Z INFO [271/748] 0550927a-a423-4ffa-86f8-7fe737acd3ef: does not qualify; 5.7 s; peak memory 6102 MiB.
2026-09-18T15:57:27Z INFO [272/748] 0551ff6c-4f35-4893-a6d9-4aad9f4a8e44: does not qualify; 0.8 s; peak memory 6102 MiB.
2026-09-18T15:57:28Z INFO [273/748] 05527526-39ad-4591-a074-6b4a49bee1c3: does not qualify; 1.1 s; peak memory 6102 MiB.
2026-09-18T15:57:38Z INFO [274/748] 05549015-08b8-447d-b328-a8509d8aaa15: does not qualify; 10.4 s; peak memory 6102 MiB.
2026-09-18T15:57:40Z INFO [275/748] 055517ad-cee8-4c70-b256-3cbfa58f1833: does not qualify; 1.5 s; peak memory 6102 MiB.
2026-09-18T15:57:41Z INFO [276/748] 055561d0-2178-4976-ad61-5439d915cd42: does not qualify; 1.1 s; peak memory 6102 MiB.
2026-09-18T15:57:42Z INFO [277/748] 0555b960-ad44-4221-a70d-d5815edb7b29: does not qualify; 1.4 s; peak memory 6102 MiB.
2026-09-18T15:57:44Z INFO [278/748] 05569217-8dbe-4c77-bb46-d7193266a198: does not qualify; 1.1 s; peak memory 6102 MiB.
2026-09-18T15:57:44Z INFO [279/748] 0557035c-2ef1-4a1f-92bb-32535a25e041: does not qualify; 0.9 s; peak memory 6102 MiB.
2026-09-18T15:57:46Z INFO [280/748] 05579c36-0f7d-40f6-917c-eba444c7b22d: does not qualify; 1.3 s; peak memory 6102 MiB.
2026-09-18T15:57:48Z INFO [281/748] 0557a512-0e70-4a2d-9d54-9bc012533b82: does not qualify; 1.9 s; peak memory 6102 MiB.
2026-09-18T15:57:54Z INFO [282/748] 0557c384-5e5f-4a8c-810d-696a304c8ac5: does not qualify; 6.6 s; peak memory 6102 MiB.
2026-09-18T15:57:56Z INFO [283/748] 0558761e-232e-41ad-89c6-544dd65aeb45: does not qualify; 1.5 s; peak memory 6102 MiB.
2026-09-18T15:57:57Z INFO [284/748] 055914c0-3e1f-4713-88f9-86da4d166fc4: does not qualify; 1.4 s; peak memory 6102 MiB.
2026-09-18T15:58:02Z INFO [285/748] 055935fd-ff6b-43dd-8bb7-6cf0329d7097: does not qualify; 5.1 s; peak memory 6102 MiB.
2026-09-18T15:58:09Z INFO [286/748] 05597d7f-0d39-43d4-9fc7-ab1bdfc5bab0: does not qualify; 6.2 s; peak memory 6102 MiB.
2026-09-18T15:58:10Z INFO [287/748] 055a7acd-757a-4787-b48e-b9e597e90259: does not qualify; 1.5 s; peak memory 6102 MiB.
2026-09-18T15:58:12Z INFO [288/748] 055b9584-ba1d-4ba1-a5ff-4d3f32044e27: does not qualify; 2.2 s; peak memory 6102 MiB.
2026-09-18T15:58:14Z INFO [289/748] 055bf50c-9c4a-4852-8b3c-cf997c78b86d: does not qualify; 1.5 s; peak memory 6102 MiB.
2026-09-18T15:58:15Z INFO [290/748] 055cc73c-ed61-4982-b342-5c862e8102af: does not qualify; 1.4 s; peak memory 6102 MiB.
2026-09-18T15:58:22Z INFO [291/748] 055d1a52-5382-4dcb-aea5-2c4326f56dd1: does not qualify; 6.4 s; peak memory 6102 MiB.
2026-09-18T15:58:23Z INFO [292/748] 055d25ba-e711-4908-b440-2cfe0b213b4b: does not qualify; 1.4 s; peak memory 6102 MiB.
2026-09-18T15:58:24Z INFO [293/748] 055d4513-2689-40fa-ada9-c6af828c4e46: does not qualify; 1.1 s; peak memory 6102 MiB.
2026-09-18T15:58:25Z INFO [294/748] 055d45dd-05a2-4fe6-ae00-b8a677808326: does not qualify; 1.3 s; peak memory 6102 MiB.
2026-09-18T15:58:27Z INFO [295/748] 055dbc00-4816-4846-b6cf-809d861295de: does not qualify; 1.1 s; peak memory 6102 MiB.
2026-09-18T15:58:28Z INFO [296/748] 055eef36-42e3-45fa-8a84-a8cb54ad6820: does not qualify; 1.9 s; peak memory 6102 MiB.
2026-09-18T15:58:41Z INFO [297/748] 055f3d81-a5b3-4f81-b5eb-8ebc297a76d6: does not qualify; 12.1 s; peak memory 6102 MiB.
2026-09-18T15:58:43Z INFO [298/748] 0560c9cd-6f1e-4ffb-8edf-a49075542b21: does not qualify; 2.7 s; peak memory 6102 MiB.
2026-09-18T15:58:46Z INFO [299/748] 0560da8d-d103-4f9c-8dd4-393db2c06f76: does not qualify; 3.1 s; peak memory 6102 MiB.
2026-09-18T15:58:49Z INFO [300/748] 05614d0b-9e92-4cc8-b856-aea020cdccbd: does not qualify; 3.1 s; peak memory 6102 MiB.
2026-09-18T15:58:49Z INFO [300/748] 05614d0b-9e92-4cc8-b856-aea020cdccbd: checkpointed 49447 records.
2026-09-18T15:58:51Z INFO [301/748] 056211f7-b3fa-49a4-8b3b-814e88145c83: does not qualify; 1.1 s; peak memory 6102 MiB.
2026-09-18T15:58:52Z INFO [302/748] 056294e5-2a3c-4bc7-bed4-a96e8a5bc241: does not qualify; 1.4 s; peak memory 6102 MiB.
2026-09-18T15:58:53Z INFO [303/748] 05644636-ec78-4cec-acc2-e4d4992e9ea9: does not qualify; 1.1 s; peak memory 6102 MiB.
2026-09-18T15:58:54Z INFO [304/748] 05647297-e521-4f31-839c-7096e4249871: does not qualify; 1.3 s; peak memory 6102 MiB.
2026-09-18T15:58:56Z INFO [305/748] 0564dc83-63e2-4e56-a08b-607e898f4567: does not qualify; 1.7 s; peak memory 6102 MiB.
2026-09-18T15:58:57Z INFO [306/748] 05655bdf-f9ed-49db-bddb-4e131d6bcb26: does not qualify; 1.1 s; peak memory 6102 MiB.
2026-09-18T15:58:59Z INFO [307/748] 0567bd82-ef9b-43d3-b6c5-15ba2992353f: does not qualify; 1.5 s; peak memory 6102 MiB.
2026-09-18T15:59:00Z INFO [308/748] 0567d98b-bcb7-4215-8d89-50d1e53db260: does not qualify; 1.6 s; peak memory 6102 MiB.
2026-09-18T15:59:06Z INFO [309/748] 056809b9-ec62-4d18-b015-2b8e035992f7: qualifies; 5.4 s; peak memory 6102 MiB.
2026-09-18T15:59:08Z INFO [310/748] 056825ee-cbba-4b55-8cfa-dfeabdf06bdd: does not qualify; 1.8 s; peak memory 6102 MiB.
2026-09-18T15:59:16Z INFO [311/748] 05686132-b34a-4ad4-8356-465144aeec75: does not qualify; 8.3 s; peak memory 6102 MiB.
2026-09-18T15:59:17Z INFO [312/748] 0568e325-6bdb-4e76-8212-ab8df16ce98b: does not qualify; 1.6 s; peak memory 6102 MiB.
2026-09-18T15:59:19Z INFO [313/748] 056a05c1-4448-4f87-ab11-566663867bb0: does not qualify; 1.5 s; peak memory 6102 MiB.
2026-09-18T15:59:20Z INFO [314/748] 056a5946-98d9-4d9a-9df6-916fc54e586b: does not qualify; 1.0 s; peak memory 6102 MiB.
2026-09-18T15:59:26Z INFO [315/748] 056b5aa8-9d25-495c-a3cf-6785e2da0a90: does not qualify; 6.3 s; peak memory 6102 MiB.
2026-09-18T15:59:29Z INFO [316/748] 056c15ef-0adc-4997-9e27-e7d2ae549a2d: does not qualify; 2.4 s; peak memory 6102 MiB.
2026-09-18T15:59:30Z INFO [317/748] 056c3dbf-f28e-4cc0-a30c-5db22fc0009c: does not qualify; 1.2 s; peak memory 6102 MiB.
2026-09-18T15:59:31Z INFO [318/748] 056c4ccb-9287-42dc-9483-08b60e3855e2: does not qualify; 1.2 s; peak memory 6102 MiB.
2026-09-18T15:59:33Z INFO [319/748] 056df2cd-36f0-437d-a202-f30b722bcbc1: does not qualify; 2.4 s; peak memory 6102 MiB.
2026-09-18T15:59:42Z INFO [320/748] 056e644b-e09d-4912-9025-870ee76736a2: qualifies; 8.7 s; peak memory 6102 MiB.
2026-09-18T15:59:44Z INFO [321/748] 056e6671-0c0f-47c6-bb74-09fc36a099fb: does not qualify; 1.7 s; peak memory 6102 MiB.
2026-09-18T15:59:45Z INFO [322/748] 056ff396-0538-4821-a673-c83a64aa2ecd: does not qualify; 1.6 s; peak memory 6102 MiB.
2026-09-18T15:59:46Z INFO [323/748] 05701e76-557a-4a67-81ea-0a2ba9cdec2e: does not qualify; 1.0 s; peak memory 6102 MiB.
2026-09-18T15:59:49Z INFO [324/748] 057024b8-6614-4635-bce5-537f9716ac4a: does not qualify; 2.3 s; peak memory 6102 MiB.
2026-09-18T15:59:55Z INFO [325/748] 0570bdd6-07a4-4d01-b691-fb7d45da1efc: does not qualify; 6.4 s; peak memory 6102 MiB.
2026-09-18T15:59:56Z INFO [326/748] 0571649d-77e2-4f92-9ec2-73c8a2e087c9: does not qualify; 0.9 s; peak memory 6102 MiB.
2026-09-18T15:59:58Z INFO [327/748] 05732c5b-cb1a-4ef9-a1b5-2677ca1838fd: does not qualify; 1.6 s; peak memory 6102 MiB.
2026-09-18T15:59:59Z INFO [328/748] 0573a8c0-20ae-4620-99e9-bc533b672b4c: does not qualify; 1.1 s; peak memory 6102 MiB.
2026-09-18T16:00:02Z INFO [329/748] 05759489-63c1-4481-aada-c3feb9d7d731: does not qualify; 2.8 s; peak memory 6102 MiB.
2026-09-18T16:00:03Z INFO [330/748] 0575d059-131c-4636-bf02-b65eb0c9a4eb: does not qualify; 1.5 s; peak memory 6102 MiB.
2026-09-18T16:00:34Z INFO [331/748] 0576f568-49d3-45af-8863-336319c84cc0: does not qualify; 31.0 s; peak memory 6102 MiB.
2026-09-18T16:00:35Z INFO [332/748] 05792a93-0c37-49c8-9e66-adf589a6a0e6: does not qualify; 0.9 s; peak memory 6102 MiB.
2026-09-18T16:00:36Z INFO [333/748] 057a97e0-16bf-4036-9111-e290ea134069: does not qualify; 1.1 s; peak memory 6102 MiB.
2026-09-18T16:00:38Z INFO [334/748] 057b2450-4b5e-400e-99f1-2c322b629893: does not qualify; 1.9 s; peak memory 6102 MiB.
2026-09-18T16:00:39Z INFO [335/748] 057b8aa0-5679-4e52-9170-7042245daa30: does not qualify; 1.1 s; peak memory 6102 MiB.
2026-09-18T16:00:47Z INFO [336/748] 057bde3c-fef0-49bc-ac5c-92683e1a2d11: does not qualify; 8.3 s; peak memory 6102 MiB.
2026-09-18T16:00:49Z INFO [337/748] 057bdf78-6f7b-4f14-a200-3cacdacb5b09: does not qualify; 1.6 s; peak memory 6102 MiB.
2026-09-18T16:00:54Z INFO [338/748] 057c7728-919e-47d9-acb6-cfbd2ff638bb: does not qualify; 5.1 s; peak memory 6102 MiB.
2026-09-18T16:01:00Z INFO [339/748] 057cb869-8390-4324-be23-f065ca410fe1: does not qualify; 5.9 s; peak memory 6102 MiB.
2026-09-18T16:01:03Z INFO [340/748] 057cfffb-2188-4823-bbee-0492ceb3dd59: does not qualify; 3.3 s; peak memory 6102 MiB.
2026-09-18T16:01:05Z INFO [341/748] 057d7abe-0353-4768-b600-3a6c8698a666: does not qualify; 1.3 s; peak memory 6102 MiB.
2026-09-18T16:01:07Z INFO [342/748] 057e213b-f570-4f3b-83ca-f946d750ae97: does not qualify; 2.8 s; peak memory 6102 MiB.
2026-09-18T16:01:09Z INFO [343/748] 057e59e9-0043-4b98-8c16-8ebdbdb05a1d: does not qualify; 1.6 s; peak memory 6102 MiB.
2026-09-18T16:01:10Z INFO [344/748] 057e7e7a-f9e7-4010-9bc7-0fec7bb97688: does not qualify; 1.5 s; peak memory 6102 MiB.
2026-09-18T16:01:12Z INFO [345/748] 057ecbef-e732-4e94-8d99-40ebb74d346e: does not qualify; 1.8 s; peak memory 6102 MiB.
2026-09-18T16:01:13Z INFO [346/748] 057f56a7-90a1-4178-a0de-3d147388637c: does not qualify; 0.9 s; peak memory 6102 MiB.
2026-09-18T16:01:16Z INFO [347/748] 0580fb41-c8c6-4452-bb0f-3702435134c0: does not qualify; 2.9 s; peak memory 6102 MiB.
2026-09-18T16:01:17Z INFO [348/748] 05818344-8212-44d1-8b1d-62456155c14f: does not qualify; 1.2 s; peak memory 6102 MiB.
2026-09-18T16:01:19Z INFO [349/748] 0581873f-fca0-4e71-b392-c146f60794fc: does not qualify; 1.8 s; peak memory 6102 MiB.
2026-09-18T16:01:20Z INFO [350/748] 05819595-8374-4286-b122-90e2791ebfe1: does not qualify; 1.5 s; peak memory 6102 MiB.
2026-09-18T16:01:21Z INFO [350/748] 05819595-8374-4286-b122-90e2791ebfe1: checkpointed 49497 records.
2026-09-18T16:01:22Z INFO [351/748] 0581e7ed-0e81-4bf3-bcdc-39e1751f39f5: does not qualify; 1.7 s; peak memory 6102 MiB.
2026-09-18T16:01:24Z INFO [352/748] 05826abe-5555-47b9-b2dc-b5627918814c: does not qualify; 2.0 s; peak memory 6102 MiB.
2026-09-18T16:01:25Z INFO [353/748] 0582a0a5-e610-4eea-90bb-1ef70d141ba0: does not qualify; 1.2 s; peak memory 6102 MiB.
2026-09-18T16:01:31Z INFO [354/748] 0582cbf7-b1b4-479b-92d8-734da6422199: does not qualify; 5.3 s; peak memory 6102 MiB.
2026-09-18T16:01:37Z INFO [355/748] 0582e94c-190b-46c7-bae4-28c684f396ff: does not qualify; 6.3 s; peak memory 6102 MiB.
2026-09-18T16:01:38Z INFO [356/748] 058301bd-c1a2-480f-84a2-68a79d11c888: does not qualify; 1.1 s; peak memory 6102 MiB.
2026-09-18T16:01:41Z INFO [357/748] 058401ea-8ccc-42d3-abb9-04cd2491b983: does not qualify; 2.5 s; peak memory 6102 MiB.
2026-09-18T16:01:44Z INFO [358/748] 0585cd4c-127a-4441-957a-a3c969fe839d: does not qualify; 3.6 s; peak memory 6102 MiB.
2026-09-18T16:01:46Z INFO [359/748] 0585f615-24c5-46f3-96dd-fc05efe1d017: does not qualify; 1.8 s; peak memory 6102 MiB.
2026-09-18T16:01:48Z INFO [360/748] 058687dc-03d8-4421-b47a-69ddcacdfb82: does not qualify; 2.1 s; peak memory 6102 MiB.
2026-09-18T16:01:50Z INFO [361/748] 0586d394-b7f0-47d8-89fb-a70d0e010d82: does not qualify; 2.2 s; peak memory 6102 MiB.
2026-09-18T16:01:51Z INFO [362/748] 0586e108-ae17-4137-8a8e-c9a82fb29735: does not qualify; 0.9 s; peak memory 6102 MiB.
2026-09-18T16:01:52Z INFO [363/748] 05879be5-9b2b-4e0b-87e7-2f4b9a3a8e14: does not qualify; 1.2 s; peak memory 6102 MiB.
2026-09-18T16:01:54Z INFO [364/748] 058a23fb-fc17-49fa-82cf-ca3975f38960: does not qualify; 1.5 s; peak memory 6102 MiB.
2026-09-18T16:01:56Z INFO [365/748] 058a85fa-46ad-4c5c-9ac5-8fd48fc40cf9: qualifies; 2.0 s; peak memory 6102 MiB.
2026-09-18T16:01:58Z INFO [366/748] 058b52e5-37f6-48a0-9225-37322a6e770d: does not qualify; 1.7 s; peak memory 6102 MiB.
2026-09-18T16:02:00Z INFO [367/748] 058b6ddb-08a5-45c6-8334-d49446e7eb03: does not qualify; 1.8 s; peak memory 6102 MiB.
2026-09-18T16:02:04Z INFO [368/748] 058c0235-e6c0-4d77-8f97-5e0d22ff508f: does not qualify; 4.6 s; peak memory 6102 MiB.
2026-09-18T16:02:10Z INFO [369/748] 058c5e60-fc23-4caf-9c7d-59a189d6dab5: does not qualify; 6.2 s; peak memory 6102 MiB.
2026-09-18T16:02:11Z INFO [370/748] 058c8640-026b-4d51-9391-25efac3c7c97: does not qualify; 1.0 s; peak memory 6102 MiB.
2026-09-18T16:02:13Z INFO [371/748] 058cd34e-2fb5-42cb-b70b-59fa4a8ae5b7: does not qualify; 1.9 s; peak memory 6102 MiB.
2026-09-18T16:02:14Z INFO [372/748] 058d855c-8d5f-45f6-830b-480d451d5b83: does not qualify; 1.1 s; peak memory 6102 MiB.
2026-09-18T16:02:16Z INFO [373/748] 058f0b11-b9be-4f63-bebe-3870c515b388: does not qualify; 1.7 s; peak memory 6102 MiB.
2026-09-18T16:02:22Z INFO [374/748] 058f5c26-c13c-4f40-8a5a-e01227def5d0: does not qualify; 6.1 s; peak memory 6102 MiB.
2026-09-18T16:02:30Z INFO [375/748] 058fefa7-b128-4045-87d7-40b429b60aca: does not qualify; 7.7 s; peak memory 6102 MiB.
2026-09-18T16:02:31Z INFO [376/748] 05905626-ffdc-4356-bc6d-1b3743831f26: does not qualify; 1.6 s; peak memory 6102 MiB.
2026-09-18T16:02:34Z INFO [377/748] 059089ef-799d-4198-a6b6-7f2cc22a04b9: does not qualify; 2.6 s; peak memory 6102 MiB.
2026-09-18T16:02:37Z INFO [378/748] 0590a34a-5a3c-42c3-be96-5071220c0b31: does not qualify; 2.8 s; peak memory 6102 MiB.
2026-09-18T16:02:38Z INFO [379/748] 059202c7-04af-4fea-88b7-2c2253d22e1b: does not qualify; 1.1 s; peak memory 6102 MiB.
2026-09-18T16:02:39Z INFO [380/748] 0592d28c-9eba-4113-8b6c-9a936557c21a: does not qualify; 1.2 s; peak memory 6102 MiB.
2026-09-18T16:02:40Z INFO [381/748] 0592ecef-0a70-48fa-b6a5-b6f3408585a4: does not qualify; 1.3 s; peak memory 6102 MiB.
2026-09-18T16:02:43Z INFO [382/748] 0592f8d0-6fc0-4504-a97d-a4dbc5c35a79: does not qualify; 2.9 s; peak memory 6102 MiB.
2026-09-18T16:02:44Z INFO [383/748] 05935ceb-44b7-4cad-b5dd-a53265b9e5e2: does not qualify; 1.0 s; peak memory 6102 MiB.
2026-09-18T16:02:52Z INFO [384/748] 0593b853-d93c-467d-8ad3-586ba6838f93: does not qualify; 7.9 s; peak memory 6102 MiB.
2026-09-18T16:02:54Z INFO [385/748] 0593c7ec-419d-42f0-97a2-f7ae26bd0e9b: does not qualify; 1.7 s; peak memory 6102 MiB.
2026-09-18T16:02:56Z INFO [386/748] 05942bb0-486d-45bd-816f-2330ebe172b6: does not qualify; 1.9 s; peak memory 6102 MiB.
2026-09-18T16:02:57Z INFO [387/748] 05949dbb-a3a7-407f-97b7-16904ed9acf0: does not qualify; 1.2 s; peak memory 6102 MiB.
2026-09-18T16:02:58Z INFO [388/748] 05951d4d-8ab8-4368-bb4d-b529942fca6f: does not qualify; 1.0 s; peak memory 6102 MiB.
2026-09-18T16:03:06Z INFO [389/748] 0595737a-c45e-4e6f-ad93-b63e93df6551: does not qualify; 8.0 s; peak memory 6102 MiB.
2026-09-18T16:03:07Z INFO [390/748] 05960e92-e35d-47f8-a9d4-b278ecc14a42: does not qualify; 1.1 s; peak memory 6102 MiB.
2026-09-18T16:03:09Z INFO [391/748] 05963fc2-b683-4891-9323-529ece8e0087: does not qualify; 1.5 s; peak memory 6102 MiB.
2026-09-18T16:03:12Z INFO [392/748] 05967496-30d0-4968-bc09-fb9e69884b4a: does not qualify; 3.1 s; peak memory 6102 MiB.
2026-09-18T16:03:17Z INFO [393/748] 0596879b-8669-4735-80d8-a7dd67b7d7bd: qualifies; 5.5 s; peak memory 6102 MiB.
2026-09-18T16:03:18Z INFO [394/748] 05968f6e-1635-4d81-9544-e53a1bd77f25: does not qualify; 0.9 s; peak memory 6102 MiB.
2026-09-18T16:03:32Z INFO [395/748] 0596ed64-f930-44b4-b7ba-2a6204683f9c: does not qualify; 14.2 s; peak memory 6102 MiB.
2026-09-18T16:03:34Z INFO [396/748] 059722f8-2154-4ce9-a7ef-f3d463cda8b5: does not qualify; 1.4 s; peak memory 6102 MiB.
2026-09-18T16:03:40Z INFO [397/748] 05973403-95ec-412e-b34e-aae27d3e5ff5: does not qualify; 6.7 s; peak memory 6102 MiB.
2026-09-18T16:03:42Z INFO [398/748] 05977b12-9625-482c-957d-cb83dadfaf08: does not qualify; 1.7 s; peak memory 6102 MiB.
2026-09-18T16:03:44Z INFO [399/748] 0597848c-4be9-4eba-b5f0-f39d92cdf7c2: does not qualify; 1.6 s; peak memory 6102 MiB.
2026-09-18T16:03:46Z INFO [400/748] 059960f0-691e-4a65-a5eb-7439867bbc38: does not qualify; 1.9 s; peak memory 6102 MiB.
2026-09-18T16:03:46Z INFO [400/748] 059960f0-691e-4a65-a5eb-7439867bbc38: checkpointed 49547 records.
2026-09-18T16:03:47Z INFO [401/748] 059985e5-b4f5-458f-a3b2-b750bdd8c13b: does not qualify; 1.4 s; peak memory 6102 MiB.
2026-09-18T16:03:48Z INFO [402/748] 059992cb-4592-49a4-a3c9-9984fc06ab35: does not qualify; 1.3 s; peak memory 6102 MiB.
2026-09-18T16:03:50Z INFO [403/748] 059a21bb-49ce-4b68-bd86-126dea368e6b: does not qualify; 1.1 s; peak memory 6102 MiB.
2026-09-18T16:03:51Z INFO [404/748] 059a809a-b5ed-4493-b061-d7c93c42f356: does not qualify; 1.6 s; peak memory 6102 MiB.
2026-09-18T16:03:53Z INFO [405/748] 059b5dab-1309-4e3a-9f2b-33b86b3eae20: does not qualify; 1.5 s; peak memory 6102 MiB.
2026-09-18T16:03:55Z INFO [406/748] 059b853c-9cb8-4a5d-a0ee-c79c1043c635: does not qualify; 2.8 s; peak memory 6102 MiB.
2026-09-18T16:03:57Z INFO [407/748] 059d47a4-6dd0-4e3c-8eb5-58e19f4761f5: does not qualify; 1.5 s; peak memory 6102 MiB.
2026-09-18T16:04:04Z INFO [408/748] 059d76c4-8f4d-4383-a97e-e0f344cd4b7f: does not qualify; 6.9 s; peak memory 6102 MiB.
2026-09-18T16:04:05Z INFO [409/748] 059d9455-cba1-47c6-bb8f-e5b4df0961d1: does not qualify; 1.3 s; peak memory 6102 MiB.
2026-09-18T16:04:07Z INFO [410/748] 059e90ad-6155-473e-be77-d8a316b09d67: does not qualify; 1.5 s; peak memory 6102 MiB.
2026-09-18T16:04:08Z INFO [411/748] 059f09fb-b87f-4b83-96ee-e68e6c40f340: does not qualify; 1.2 s; peak memory 6102 MiB.
2026-09-18T16:04:09Z INFO [412/748] 059f268d-12f2-46c1-a00c-e891977cd4a4: does not qualify; 1.2 s; peak memory 6102 MiB.
2026-09-18T16:04:10Z INFO [413/748] 059f3791-9241-4963-84f2-c1cae189b86d: does not qualify; 1.1 s; peak memory 6102 MiB.
2026-09-18T16:04:12Z INFO [414/748] 059fac40-4a2a-491c-8002-5d082264de28: does not qualify; 1.4 s; peak memory 6102 MiB.
2026-09-18T16:04:13Z INFO [415/748] 059fda3a-50b5-4dde-8fca-ea928ac012e3: does not qualify; 1.2 s; peak memory 6102 MiB.
2026-09-18T16:04:14Z INFO [416/748] 05a0a69e-70a8-4de7-85a4-6304ccdf3563: does not qualify; 1.4 s; peak memory 6102 MiB.
2026-09-18T16:04:20Z INFO [417/748] 05a0b7b9-c1bd-458d-9798-93fa8a8aa595: does not qualify; 5.9 s; peak memory 6102 MiB.
2026-09-18T16:04:21Z INFO [418/748] 05a0ee39-4b38-4bcf-8310-86a5982c86de: does not qualify; 1.1 s; peak memory 6102 MiB.
2026-09-18T16:04:22Z INFO [419/748] 05a25ab5-f0cf-49bc-a846-4aff5bdd2673: does not qualify; 1.1 s; peak memory 6102 MiB.
2026-09-18T16:04:24Z INFO [420/748] 05a29a0d-0cf8-47ba-9a18-654c36ba787b: does not qualify; 1.1 s; peak memory 6102 MiB.
2026-09-18T16:04:25Z INFO [421/748] 05a2cdcc-8424-4ae0-a387-15403aa0fd54: does not qualify; 1.6 s; peak memory 6102 MiB.
2026-09-18T16:04:26Z INFO [422/748] 05a40dda-6a2d-4bab-8d30-501d837b3923: does not qualify; 1.2 s; peak memory 6102 MiB.
2026-09-18T16:04:28Z INFO [423/748] 05a438dc-ce99-4cb4-aa78-f42618447f53: does not qualify; 1.6 s; peak memory 6102 MiB.
2026-09-18T16:04:29Z INFO [424/748] 05a54513-16dd-48cf-bd41-d58447365491: does not qualify; 1.4 s; peak memory 6102 MiB.
2026-09-18T16:04:37Z INFO [425/748] 05a5dd5c-333c-45e0-ae9e-cffb94fcc7eb: does not qualify; 7.6 s; peak memory 6102 MiB.
2026-09-18T16:04:38Z INFO [426/748] 05a6cb19-8fea-45e2-b8b0-f4b6ff0a4538: does not qualify; 1.4 s; peak memory 6102 MiB.
2026-09-18T16:04:40Z INFO [427/748] 05a6d22f-97f9-4867-93b5-c2bec299e417: does not qualify; 1.3 s; peak memory 6102 MiB.
2026-09-18T16:04:41Z INFO [428/748] 05a73ef3-9ba7-43d5-8af0-5f74ed1fc541: does not qualify; 1.1 s; peak memory 6102 MiB.
2026-09-18T16:04:42Z INFO [429/748] 05a74b0f-7bf7-43f1-99ce-b87ab353336e: does not qualify; 1.2 s; peak memory 6102 MiB.
2026-09-18T16:04:43Z INFO [430/748] 05a76531-49a9-402e-80ee-76284cdd97fc: does not qualify; 1.5 s; peak memory 6102 MiB.
2026-09-18T16:04:50Z INFO [431/748] 05a82e66-4b4d-4421-a904-748c6ca11a38: does not qualify; 6.2 s; peak memory 6102 MiB.
2026-09-18T16:04:51Z INFO [432/748] 05a8d371-6821-4629-9672-81c73f40d132: does not qualify; 1.5 s; peak memory 6102 MiB.
2026-09-18T16:04:52Z INFO [433/748] 05a960bd-657d-46fe-a422-b829a8a624c1: does not qualify; 1.3 s; peak memory 6102 MiB.
2026-09-18T16:04:55Z INFO [434/748] 05a98e73-5522-4e91-8324-f03120d7eda8: does not qualify; 3.0 s; peak memory 6102 MiB.
2026-09-18T16:04:56Z INFO [435/748] 05a9ae09-4c3d-44b3-8be5-f27068fdd854: does not qualify; 1.1 s; peak memory 6102 MiB.
2026-09-18T16:05:05Z INFO [436/748] 05a9ec4a-b95b-4648-98ca-c68cba66031f: does not qualify; 8.4 s; peak memory 6102 MiB.
2026-09-18T16:05:07Z INFO [437/748] 05aa22f2-d2f5-4c69-a68d-f0ee5dc8f6fd: does not qualify; 1.7 s; peak memory 6102 MiB.
2026-09-18T16:05:08Z INFO [438/748] 05aa287a-7a12-405a-a5cf-271bd4acc386: does not qualify; 1.5 s; peak memory 6102 MiB.
2026-09-18T16:05:09Z INFO [439/748] 05aa6494-0342-4297-8671-9631520f5b6c: does not qualify; 1.3 s; peak memory 6102 MiB.
2026-09-18T16:05:11Z INFO [440/748] 05aac6cf-1b02-414b-897c-f14b4bff29cb: does not qualify; 1.3 s; peak memory 6102 MiB.
2026-09-18T16:05:12Z INFO [441/748] 05ab4781-bffd-49a7-baef-ac4e789257a5: does not qualify; 1.1 s; peak memory 6102 MiB.
2026-09-18T16:05:20Z INFO [442/748] 05ac8459-fdb4-4951-b750-46113406401d: does not qualify; 8.4 s; peak memory 6102 MiB.
2026-09-18T16:05:21Z INFO [443/748] 05acb171-09e1-4394-bfaf-b0828f996a15: does not qualify; 0.9 s; peak memory 6102 MiB.
2026-09-18T16:05:22Z INFO [444/748] 05acb20e-69f8-46eb-ad2d-1d14ac886bba: does not qualify; 1.2 s; peak memory 6102 MiB.
2026-09-18T16:05:23Z INFO [445/748] 05add16e-2387-4e76-9d3a-3667cf9281a6: does not qualify; 1.1 s; peak memory 6102 MiB.
2026-09-18T16:05:28Z INFO [446/748] 05ae2b09-d67d-4f7a-90b6-076d954877ab: qualifies; 5.0 s; peak memory 6102 MiB.
2026-09-18T16:05:30Z INFO [447/748] 05ae9d47-2315-4b36-8f4e-657024d0aaf6: does not qualify; 1.8 s; peak memory 6102 MiB.
2026-09-18T16:05:31Z INFO [448/748] 05aebd7d-2516-481e-aad7-dab5325ed098: does not qualify; 1.1 s; peak memory 6102 MiB.
2026-09-18T16:05:33Z INFO [449/748] 05afda79-c8b9-409c-a4d1-94c14dee0183: does not qualify; 1.3 s; peak memory 6102 MiB.
2026-09-18T16:05:34Z INFO [450/748] 05b07817-d5d3-4a2d-babc-1e84fceef41d: does not qualify; 1.0 s; peak memory 6102 MiB.
2026-09-18T16:05:34Z INFO [450/748] 05b07817-d5d3-4a2d-babc-1e84fceef41d: checkpointed 49597 records.
2026-09-18T16:05:35Z INFO [451/748] 05b20ba1-7181-4980-a8f8-8036b95b91a9: does not qualify; 1.3 s; peak memory 6102 MiB.
2026-09-18T16:05:37Z INFO [452/748] 05b2471f-c03c-4ed4-b67c-588e2f08fc82: does not qualify; 1.7 s; peak memory 6102 MiB.
2026-09-18T16:05:38Z INFO [453/748] 05b309aa-c900-4a93-a923-1f688da6124d: does not qualify; 1.5 s; peak memory 6102 MiB.
2026-09-18T16:05:39Z INFO [454/748] 05b320ee-4547-4a84-b60d-73e5da0c1142: does not qualify; 0.9 s; peak memory 6102 MiB.
2026-09-18T16:05:40Z INFO [455/748] 05b3c55d-2c1e-4f0e-9b36-eea4c5826366: does not qualify; 1.0 s; peak memory 6102 MiB.
2026-09-18T16:05:46Z INFO [456/748] 05b496f6-87ac-4c5e-a77b-a3f504b522da: does not qualify; 5.5 s; peak memory 6102 MiB.
2026-09-18T16:06:40Z INFO [457/748] 05b4ee62-d548-434b-a92c-d234a646dd2b: does not qualify; 54.0 s; peak memory 6102 MiB.
2026-09-18T16:06:41Z INFO [458/748] 05b55d06-6b9c-4e31-9efc-cf0886c6422c: does not qualify; 1.5 s; peak memory 6102 MiB.
2026-09-18T16:06:43Z INFO [459/748] 05b677f8-9df6-40f7-88a1-b9c53126bf3a: does not qualify; 1.7 s; peak memory 6102 MiB.
2026-09-18T16:06:44Z INFO [460/748] 05b756ec-d669-4e3b-b044-ddd520fbd54d: does not qualify; 1.6 s; peak memory 6102 MiB.
2026-09-18T16:06:45Z INFO [461/748] 05b8073e-c8bb-41db-8911-2ce119aca306: does not qualify; 1.1 s; peak memory 6102 MiB.
2026-09-18T16:06:47Z INFO [462/748] 05b85da6-d091-4f85-b39f-f0686a57753d: does not qualify; 1.5 s; peak memory 6102 MiB.
2026-09-18T16:06:49Z INFO [463/748] 05b86317-c0c4-4a34-bddb-0c7d1bc25eba: does not qualify; 1.9 s; peak memory 6102 MiB.
2026-09-18T16:06:50Z INFO [464/748] 05b88182-7c82-4dd3-b9c1-dca9bd2cb9a5: does not qualify; 1.1 s; peak memory 6102 MiB.
2026-09-18T16:06:55Z INFO [465/748] 05b92744-7cd5-44d3-a2f1-935457251bf3: does not qualify; 5.2 s; peak memory 6102 MiB.
2026-09-18T16:07:02Z INFO [466/748] 05b9b3f3-b227-439c-b2a9-22695e610bf0: does not qualify; 7.1 s; peak memory 6102 MiB.
2026-09-18T16:07:09Z INFO [467/748] 05ba097b-f014-4e05-8b8a-362101cf2a56: does not qualify; 7.0 s; peak memory 6102 MiB.
2026-09-18T16:07:11Z INFO [468/748] 05bb0b64-af6d-4adf-8027-354a4a31e459: does not qualify; 2.1 s; peak memory 6102 MiB.
2026-09-18T16:07:12Z INFO [469/748] 05bb30d1-2ae2-4075-a701-06e81eb86bd2: does not qualify; 1.1 s; peak memory 6102 MiB.
2026-09-18T16:07:17Z INFO [470/748] 05bb8557-415c-4fd0-8c7f-e3fc7bb752bc: does not qualify; 4.2 s; peak memory 6102 MiB.
2026-09-18T16:07:19Z INFO [471/748] 05bba29b-3e89-40db-be27-9d275cac385e: does not qualify; 2.0 s; peak memory 6102 MiB.
2026-09-18T16:07:22Z INFO [472/748] 05bcc39e-61b6-4dc8-8f37-5b7201de8fb3: does not qualify; 3.8 s; peak memory 6102 MiB.
2026-09-18T16:07:29Z INFO [473/748] 05bceb2c-dc2f-4b3a-b625-8806fc26f274: does not qualify; 6.6 s; peak memory 6102 MiB.
2026-09-18T16:07:34Z INFO [474/748] 05bdb147-d79b-4de4-a99b-0bda64dbcd26: does not qualify; 4.7 s; peak memory 6102 MiB.
2026-09-18T16:07:40Z INFO [475/748] 05bea909-fab0-453d-b0bc-f401e4cf6a63: does not qualify; 6.4 s; peak memory 6102 MiB.
2026-09-18T16:07:42Z INFO [476/748] 05c0d03c-2eaf-4df2-9673-2ece9f433147: does not qualify; 1.6 s; peak memory 6102 MiB.
2026-09-18T16:07:43Z INFO [477/748] 05c0f741-419c-4706-b8d7-f43dd97ec10b: does not qualify; 1.3 s; peak memory 6102 MiB.
2026-09-18T16:07:44Z INFO [478/748] 05c1438f-4d55-47c5-8852-db4707df3225: does not qualify; 1.4 s; peak memory 6102 MiB.
2026-09-18T16:07:46Z INFO [479/748] 05c1d11d-a2c5-44ec-8df0-ae66612122a6: does not qualify; 1.3 s; peak memory 6102 MiB.
2026-09-18T16:07:47Z INFO [480/748] 05c22c2c-dcb0-46a2-9fbc-c04488a7f54f: does not qualify; 1.6 s; peak memory 6102 MiB.
2026-09-18T16:07:49Z INFO [481/748] 05c2623b-5023-427a-8671-5435fe4e426d: does not qualify; 1.4 s; peak memory 6102 MiB.
2026-09-18T16:07:50Z INFO [482/748] 05c2abd2-7b77-45e5-a87f-18613f174e9c: does not qualify; 1.6 s; peak memory 6102 MiB.
2026-09-18T16:07:52Z INFO [483/748] 05c2f42b-b527-4e28-a812-364e2605c37f: does not qualify; 1.5 s; peak memory 6102 MiB.
2026-09-18T16:07:55Z INFO [484/748] 05c378d6-b02a-4f48-a18e-634bbc0c97dc: does not qualify; 2.9 s; peak memory 6102 MiB.
2026-09-18T16:07:57Z INFO [485/748] 05c4e2d1-a042-40af-bf8e-e28071718747: does not qualify; 2.0 s; peak memory 6102 MiB.
2026-09-18T16:07:58Z INFO [486/748] 05c5b4dc-9d43-4a4f-87eb-b42fa5bf1f11: does not qualify; 1.7 s; peak memory 6102 MiB.
2026-09-18T16:07:59Z INFO [487/748] 05c5f3df-9747-4400-8257-060d8ff702ac: does not qualify; 1.1 s; peak memory 6102 MiB.
2026-09-18T16:08:01Z INFO [488/748] 05c613b2-93d6-4ee6-8a6c-3aa5ef2ec969: does not qualify; 1.8 s; peak memory 6102 MiB.
2026-09-18T16:08:03Z INFO [489/748] 05c61974-434e-4184-ab40-c33d50052088: does not qualify; 2.1 s; peak memory 6102 MiB.
2026-09-18T16:08:05Z INFO [490/748] 05c6dc24-51c8-4a41-8526-450b8f1e9c7e: does not qualify; 1.5 s; peak memory 6102 MiB.
2026-09-18T16:08:08Z INFO [491/748] 05c734ed-4b11-4d90-9181-80d2ed559f89: does not qualify; 3.0 s; peak memory 6102 MiB.
2026-09-18T16:08:09Z INFO [492/748] 05c7fc4c-b739-4c1f-bfbc-0892e81a29a2: does not qualify; 0.9 s; peak memory 6102 MiB.
2026-09-18T16:08:15Z INFO [493/748] 05c82f28-bc3f-48a5-8e66-3978df5491f8: does not qualify; 5.8 s; peak memory 6102 MiB.
2026-09-18T16:08:16Z INFO [494/748] 05c88a3a-6fd9-43f3-85d2-cd299005759b: does not qualify; 1.4 s; peak memory 6102 MiB.
2026-09-18T16:08:18Z INFO [495/748] 05c8b753-73d7-42c5-acee-1a7eacb26a37: does not qualify; 1.8 s; peak memory 6102 MiB.
2026-09-18T16:08:19Z INFO [496/748] 05c9690a-7a8b-43f9-bd70-2f1eb672c60a: does not qualify; 1.4 s; peak memory 6102 MiB.
2026-09-18T16:08:20Z INFO [497/748] 05c9d2fe-3da7-45b4-9872-a88f0a580531: does not qualify; 1.2 s; peak memory 6102 MiB.
2026-09-18T16:08:52Z INFO [498/748] 05cb109a-cc08-414a-8319-184f1c57b426: does not qualify; 31.6 s; peak memory 6102 MiB.
2026-09-18T16:08:54Z INFO [499/748] 05cb6639-ed9a-4b1f-aec3-4ba92522bacf: does not qualify; 1.9 s; peak memory 6102 MiB.
2026-09-18T16:08:55Z INFO [500/748] 05cb6c48-85f4-4bf7-9fc0-4b5163dfc5ce: does not qualify; 1.6 s; peak memory 6102 MiB.
2026-09-18T16:08:56Z INFO [500/748] 05cb6c48-85f4-4bf7-9fc0-4b5163dfc5ce: checkpointed 49647 records.
2026-09-18T16:08:57Z INFO [501/748] 05cbc955-d0e4-4fe2-bcdc-1123ae448302: does not qualify; 1.3 s; peak memory 6102 MiB.
2026-09-18T16:08:58Z INFO [502/748] 05cbe4c5-10d0-4be0-8165-54023e3365b3: does not qualify; 1.3 s; peak memory 6102 MiB.
2026-09-18T16:08:59Z INFO [503/748] 05cc0bdc-7588-4d72-9555-017e3936a13b: does not qualify; 1.0 s; peak memory 6102 MiB.
2026-09-18T16:09:01Z INFO [504/748] 05cc0d18-7f31-4034-afbd-8b10e2613101: does not qualify; 1.5 s; peak memory 6102 MiB.
2026-09-18T16:09:03Z INFO [505/748] 05cdddb0-99c2-4dcb-b547-72675f21b048: does not qualify; 2.4 s; peak memory 6102 MiB.
2026-09-18T16:09:04Z INFO [506/748] 05ce6a89-c16c-4cf3-8fda-e5e8eaacb29c: does not qualify; 1.2 s; peak memory 6102 MiB.
2026-09-18T16:09:05Z INFO [507/748] 05ce86e7-9dcd-473d-bdc3-b0932b164814: does not qualify; 1.1 s; peak memory 6102 MiB.
2026-09-18T16:09:07Z INFO [508/748] 05cf5867-d1ca-411c-9c31-5c9e64d4b91c: does not qualify; 1.2 s; peak memory 6102 MiB.
2026-09-18T16:09:08Z INFO [509/748] 05cf647f-c9a4-447c-82ed-0995dd65f7b0: does not qualify; 1.1 s; peak memory 6102 MiB.
2026-09-18T16:09:16Z INFO [510/748] 05d016bf-0013-46c8-85a9-43317a3d97f9: does not qualify; 8.7 s; peak memory 6102 MiB.
2026-09-18T16:09:19Z INFO [511/748] 05d0f20f-7dfa-4a75-a6f0-5991b08ff145: does not qualify; 2.3 s; peak memory 6102 MiB.
2026-09-18T16:09:20Z INFO [512/748] 05d1999b-579c-41d4-90f3-4e4578c78092: does not qualify; 1.6 s; peak memory 6102 MiB.
2026-09-18T16:09:22Z INFO [513/748] 05d31498-49de-41f9-8fa0-5c9bf05e182c: does not qualify; 1.8 s; peak memory 6102 MiB.
2026-09-18T16:09:25Z INFO [514/748] 05d338a6-ce76-4b41-8581-d917e769a17b: does not qualify; 2.4 s; peak memory 6102 MiB.
2026-09-18T16:09:32Z INFO [515/748] 05d3af79-2153-4a61-b03e-4a446f7ffe4d: does not qualify; 7.8 s; peak memory 6102 MiB.
2026-09-18T16:09:38Z INFO [516/748] 05d3f15d-7f28-425b-8669-38104b4ab19e: does not qualify; 5.5 s; peak memory 6102 MiB.
2026-09-18T16:09:44Z INFO [517/748] 05d3f2a3-de1e-41ae-a7bf-617d3b0f443b: does not qualify; 6.0 s; peak memory 6102 MiB.
2026-09-18T16:09:46Z INFO [518/748] 05d5c1b2-40ee-4be7-b8d0-b3399be7c7b1: does not qualify; 1.7 s; peak memory 6102 MiB.
2026-09-18T16:09:47Z INFO [519/748] 05d6b2b6-db8c-488d-83db-6b2913d834b9: does not qualify; 1.5 s; peak memory 6102 MiB.
2026-09-18T16:09:49Z INFO [520/748] 05d70301-25b7-4952-806d-dd0c18af0d9b: does not qualify; 1.8 s; peak memory 6102 MiB.
2026-09-18T16:09:50Z INFO [521/748] 05d76bda-b96d-40e5-9b79-43ee6d21c5d4: does not qualify; 0.9 s; peak memory 6102 MiB.
2026-09-18T16:09:53Z INFO [522/748] 05d777b8-e8d2-4d3d-9485-2a4c92430c35: does not qualify; 3.5 s; peak memory 6102 MiB.
2026-09-18T16:09:55Z INFO [523/748] 05d7e774-4f38-4a01-a3d6-44ee446384a1: does not qualify; 1.2 s; peak memory 6102 MiB.
2026-09-18T16:09:56Z INFO [524/748] 05d8c301-ff5d-40bb-b8f9-86873da610a1: does not qualify; 1.2 s; peak memory 6102 MiB.
2026-09-18T16:09:57Z INFO [525/748] 05d8ccf3-876a-4bef-8538-84d573c95cdb: does not qualify; 1.6 s; peak memory 6102 MiB.
2026-09-18T16:10:00Z INFO [526/748] 05d923fd-21c9-4a66-b16e-2733edb17f3c: does not qualify; 2.3 s; peak memory 6102 MiB.
2026-09-18T16:10:01Z INFO [527/748] 05da4c35-5ff5-4d85-8da2-2ccef029ce2b: does not qualify; 1.2 s; peak memory 6102 MiB.
2026-09-18T16:10:02Z INFO [528/748] 05db92d2-7293-4c3e-aec1-5f3dfd6350c4: does not qualify; 1.5 s; peak memory 6102 MiB.
2026-09-18T16:10:05Z INFO [529/748] 05dbc7f8-556a-4ef1-bf43-b5f879147d54: does not qualify; 2.5 s; peak memory 6102 MiB.
2026-09-18T16:10:08Z INFO [530/748] 05dc77fd-77c4-4b6e-b421-6379db323205: qualifies; 2.9 s; peak memory 6102 MiB.
2026-09-18T16:10:09Z INFO [531/748] 05dc8659-2f41-44a7-a071-552ba7695630: does not qualify; 1.2 s; peak memory 6102 MiB.
2026-09-18T16:10:10Z INFO [532/748] 05dc8ba0-cb03-472c-a3b8-235538b6d9d0: does not qualify; 1.5 s; peak memory 6102 MiB.
2026-09-18T16:10:12Z INFO [533/748] 05dd56f3-3d6d-4079-aa71-b7b3c757c763: does not qualify; 1.0 s; peak memory 6102 MiB.
2026-09-18T16:10:14Z INFO [534/748] 05dedba2-a197-47e6-9eab-a1c7aece477a: does not qualify; 2.5 s; peak memory 6102 MiB.
2026-09-18T16:10:16Z INFO [535/748] 05df9cf5-b792-47f7-9ecb-587cd66e3c39: does not qualify; 2.3 s; peak memory 6102 MiB.
2026-09-18T16:10:17Z INFO [536/748] 05e1a42b-1cbc-4c38-a5fb-2abd6415ba2d: does not qualify; 1.1 s; peak memory 6102 MiB.
2026-09-18T16:10:25Z INFO [537/748] 05e233f6-aa50-41ac-a914-78b1f8085252: does not qualify; 7.4 s; peak memory 6102 MiB.
2026-09-18T16:10:26Z INFO [538/748] 05e35301-1526-4b02-8dd3-0f7c0ad3c84d: does not qualify; 1.2 s; peak memory 6102 MiB.
2026-09-18T16:10:27Z INFO [539/748] 05e35e26-21d1-4944-80eb-f7baebc8c814: does not qualify; 1.4 s; peak memory 6102 MiB.
2026-09-18T16:10:29Z INFO [540/748] 05e3811a-81c4-413b-b57d-aa3742862023: does not qualify; 1.4 s; peak memory 6102 MiB.
2026-09-18T16:10:32Z INFO [541/748] 05e4dbca-fae4-48dc-84df-e8a4730a1f9f: does not qualify; 2.9 s; peak memory 6102 MiB.
2026-09-18T16:10:33Z INFO [542/748] 05e5c201-ceb8-4d5e-a219-fbbd42541b81: does not qualify; 1.5 s; peak memory 6102 MiB.
2026-09-18T16:10:34Z INFO [543/748] 05e68a0f-027e-4327-a2cc-f4aa621db137: does not qualify; 1.1 s; peak memory 6102 MiB.
2026-09-18T16:10:35Z INFO [544/748] 05e72725-88b9-433c-a51e-1cddc4873824: does not qualify; 0.9 s; peak memory 6102 MiB.
2026-09-18T16:10:36Z INFO [545/748] 05e7f721-5ad1-403f-8b54-8014ca5e75c6: does not qualify; 1.2 s; peak memory 6102 MiB.
2026-09-18T16:10:37Z INFO [546/748] 05e8ef25-1200-4501-a0bb-b64fdf1c7933: does not qualify; 1.0 s; peak memory 6102 MiB.
2026-09-18T16:10:47Z INFO [547/748] 05e8f7a2-d382-4a5d-822a-611b2d0270d2: does not qualify; 9.3 s; peak memory 6102 MiB.
2026-09-18T16:10:48Z INFO [548/748] 05e94777-75dc-43c7-91cd-7e7b2603c805: does not qualify; 1.2 s; peak memory 6102 MiB.
2026-09-18T16:10:49Z INFO [549/748] 05e9ebc4-4666-45ec-b4d6-869ff5271643: does not qualify; 1.0 s; peak memory 6102 MiB.
2026-09-18T16:10:50Z INFO [550/748] 05ea494b-de0b-4fe0-bd4d-7055fc85780d: does not qualify; 1.4 s; peak memory 6102 MiB.
2026-09-18T16:10:51Z INFO [550/748] 05ea494b-de0b-4fe0-bd4d-7055fc85780d: checkpointed 49697 records.
2026-09-18T16:10:52Z INFO [551/748] 05ea8d33-b53d-407f-9736-7fec9f206781: does not qualify; 1.7 s; peak memory 6102 MiB.
2026-09-18T16:10:54Z INFO [552/748] 05eaafae-e852-4c05-a11d-e0b6f21218a2: does not qualify; 1.5 s; peak memory 6102 MiB.
2026-09-18T16:10:55Z INFO [553/748] 05eab37c-b2ce-41ea-bcbf-10ffab5f70dd: does not qualify; 1.1 s; peak memory 6102 MiB.
2026-09-18T16:10:58Z INFO [554/748] 05eb09a5-725f-4bee-8d66-6553939d4502: does not qualify; 3.0 s; peak memory 6102 MiB.
2026-09-18T16:10:59Z INFO [555/748] 05eb4bee-9edb-4fce-bc03-11d1bb799695: does not qualify; 1.1 s; peak memory 6102 MiB.
2026-09-18T16:11:03Z INFO [556/748] 05ec479e-e0a6-4ae8-94a0-f49b848d9667: does not qualify; 4.5 s; peak memory 6102 MiB.
2026-09-18T16:11:05Z INFO [557/748] 05ec9737-0ecf-40b9-a76f-ad86c7280010: does not qualify; 1.5 s; peak memory 6102 MiB.
2026-09-18T16:11:06Z INFO [558/748] 05ec9ebf-23ef-4025-bba4-ee3db17ed1d8: does not qualify; 1.6 s; peak memory 6102 MiB.
2026-09-18T16:11:09Z INFO [559/748] 05ed4305-f4a3-469f-ab3a-316d5d173f43: does not qualify; 2.4 s; peak memory 6102 MiB.
2026-09-18T16:11:10Z INFO [560/748] 05ed9ba8-f436-41c0-b287-c38a7d730330: does not qualify; 1.5 s; peak memory 6102 MiB.
2026-09-18T16:11:12Z INFO [561/748] 05ee9814-3628-4b26-b93b-e46db92e012d: does not qualify; 1.2 s; peak memory 6102 MiB.
2026-09-18T16:11:14Z INFO [562/748] 05ef2e52-45ad-4ff1-a637-08d45e546ba5: does not qualify; 2.2 s; peak memory 6102 MiB.
2026-09-18T16:11:15Z INFO [563/748] 05effca2-9191-4cd8-aa41-2fd89127c62f: does not qualify; 1.2 s; peak memory 6102 MiB.
2026-09-18T16:11:16Z INFO [564/748] 05f0d47a-e01c-4225-a5a6-648d3e8b6b43: does not qualify; 1.2 s; peak memory 6102 MiB.
2026-09-18T16:11:17Z INFO [565/748] 05f0f63d-9ee0-4131-ab57-ca6c27b4e797: does not qualify; 1.4 s; peak memory 6102 MiB.
2026-09-18T16:11:19Z INFO [566/748] 05f0fd6a-446c-4045-870f-03d7acd79172: does not qualify; 1.5 s; peak memory 6102 MiB.
2026-09-18T16:11:20Z INFO [567/748] 05f143dc-06b7-48c3-b55d-fb93e7e9438e: does not qualify; 0.9 s; peak memory 6102 MiB.
2026-09-18T16:11:21Z INFO [568/748] 05f1c78b-2ee2-41c0-9fcc-312556fabe30: does not qualify; 1.1 s; peak memory 6102 MiB.
2026-09-18T16:11:22Z INFO [569/748] 05f20ce4-8891-454e-9f69-d7e00ca50ff6: does not qualify; 1.1 s; peak memory 6102 MiB.
2026-09-18T16:11:24Z INFO [570/748] 05f239ba-07d8-4975-b9f3-8df2c7cca894: does not qualify; 1.5 s; peak memory 6102 MiB.
2026-09-18T16:11:25Z INFO [571/748] 05f2b26a-f8ab-45ee-a44d-c20ad46b3747: does not qualify; 1.3 s; peak memory 6102 MiB.
2026-09-18T16:11:27Z INFO [572/748] 05f3136f-0ee1-4f47-a9e3-d4c942cc9c81: does not qualify; 2.0 s; peak memory 6102 MiB.
2026-09-18T16:11:28Z INFO [573/748] 05f3a955-29c3-4026-bb0a-7ba696875cb4: does not qualify; 1.6 s; peak memory 6102 MiB.
2026-09-18T16:11:30Z INFO [574/748] 05f3b55d-c1f6-43e4-a704-27b9d4c7a9ef: does not qualify; 1.1 s; peak memory 6102 MiB.
2026-09-18T16:11:31Z INFO [575/748] 05f3cfa8-9f08-4927-ad5f-342da130320b: does not qualify; 1.7 s; peak memory 6102 MiB.
2026-09-18T16:11:34Z INFO [576/748] 05f4a5d3-d52d-4891-8166-71c6477d0b27: does not qualify; 2.4 s; peak memory 6102 MiB.
2026-09-18T16:11:35Z INFO [577/748] 05f50eca-b79b-4327-b313-16929383fbbb: does not qualify; 0.8 s; peak memory 6102 MiB.
2026-09-18T16:11:36Z INFO [578/748] 05f608eb-3bbb-4808-9c5e-085603fe3285: does not qualify; 1.2 s; peak memory 6102 MiB.
2026-09-18T16:11:46Z INFO [579/748] 05f8d751-d5e5-4766-a43f-d85cce320bab: does not qualify; 9.9 s; peak memory 6102 MiB.
2026-09-18T16:11:58Z INFO [580/748] 05f9bf7c-f0f9-4654-92e2-aa3ef0611936: does not qualify; 12.7 s; peak memory 6102 MiB.
2026-09-18T16:11:59Z INFO [581/748] 05f9ecce-4852-4f2e-a6c4-7e2ee9f2f426: does not qualify; 0.8 s; peak memory 6102 MiB.
2026-09-18T16:12:00Z INFO [582/748] 05fa4c8c-4f10-47dc-af9a-23d96cfa4741: does not qualify; 1.4 s; peak memory 6102 MiB.
2026-09-18T16:12:02Z INFO [583/748] 05fb064d-b4b4-426c-bc4f-ec3560c9124a: does not qualify; 1.9 s; peak memory 6102 MiB.
2026-09-18T16:12:03Z INFO [584/748] 05fb7d83-a0f8-40ea-8b5c-6a5680aeae21: does not qualify; 1.1 s; peak memory 6102 MiB.
2026-09-18T16:12:04Z INFO [585/748] 05fd313e-f053-4289-9493-11d7a7cc6cf5: does not qualify; 0.8 s; peak memory 6102 MiB.
2026-09-18T16:12:05Z INFO [586/748] 05fde508-f243-4bdf-ac40-1001129044dc: does not qualify; 0.9 s; peak memory 6102 MiB.
2026-09-18T16:12:11Z INFO [587/748] 05fdf2f4-7820-4025-8c0c-93ab90303e0c: does not qualify; 5.9 s; peak memory 6102 MiB.
2026-09-18T16:12:13Z INFO [588/748] 06000f7c-33e3-4339-8610-9c6ab261ca3f: does not qualify; 2.2 s; peak memory 6102 MiB.
2026-09-18T16:12:15Z INFO [589/748] 06002d0f-dd05-4b29-9b8d-03b65b5e9c31: does not qualify; 1.7 s; peak memory 6102 MiB.
2026-09-18T16:12:16Z INFO [590/748] 06004c45-6b03-43af-b6ef-af8314ef56bc: does not qualify; 1.3 s; peak memory 6102 MiB.
2026-09-18T16:12:19Z INFO [591/748] 0600a8fe-cabe-4429-81ef-d33aa8707ed1: does not qualify; 3.0 s; peak memory 6102 MiB.
2026-09-18T16:12:24Z INFO [592/748] 06013454-b90b-4a71-b185-5ab28afece33: does not qualify; 4.9 s; peak memory 6102 MiB.
2026-09-18T16:12:38Z INFO [593/748] 0601a1a2-16b9-413a-a3e0-7f34facf4e12: does not qualify; 13.5 s; peak memory 6102 MiB.
2026-09-18T16:12:39Z INFO [594/748] 06023a1d-8594-4f24-be76-8f9157f09159: does not qualify; 1.2 s; peak memory 6102 MiB.
2026-09-18T16:12:41Z INFO [595/748] 0603694d-9de8-4248-9c0e-06908a1e3446: does not qualify; 2.3 s; peak memory 6102 MiB.
2026-09-18T16:12:42Z INFO [596/748] 0604c650-37ef-46bd-986a-7cf186058d83: does not qualify; 1.3 s; peak memory 6102 MiB.
2026-09-18T16:12:44Z INFO [597/748] 0605eeb5-4e07-4ed8-ab36-8eb8f8e999be: does not qualify; 1.5 s; peak memory 6102 MiB.
2026-09-18T16:12:46Z INFO [598/748] 06062c46-17fd-4c33-81c0-0ef3a459febe: does not qualify; 2.3 s; peak memory 6102 MiB.
2026-09-18T16:12:47Z INFO [599/748] 06064851-8416-4bbc-b65b-a7078508a73e: does not qualify; 1.2 s; peak memory 6102 MiB.
2026-09-18T16:12:49Z INFO [600/748] 060658f4-8259-4a11-9956-ec09f4de36e4: does not qualify; 1.5 s; peak memory 6102 MiB.
2026-09-18T16:12:49Z INFO [600/748] 060658f4-8259-4a11-9956-ec09f4de36e4: checkpointed 49747 records.
2026-09-18T16:12:50Z INFO [601/748] 0606e019-7e03-4f94-a11a-b15fd320fba6: does not qualify; 0.9 s; peak memory 6102 MiB.
2026-09-18T16:12:51Z INFO [602/748] 0606f291-decb-4351-931a-c71a6785d113: does not qualify; 1.1 s; peak memory 6102 MiB.
2026-09-18T16:12:53Z INFO [603/748] 060722aa-386f-4db5-9a95-b62e23b5bdf0: does not qualify; 1.6 s; peak memory 6102 MiB.
2026-09-18T16:12:55Z INFO [604/748] 0607d26e-2069-46c0-805a-bfa0b71134dc: does not qualify; 2.0 s; peak memory 6102 MiB.
2026-09-18T16:12:57Z INFO [605/748] 0607e82d-48d3-4138-b9fc-ac79d8dc5e19: qualifies; 2.1 s; peak memory 6102 MiB.
2026-09-18T16:12:58Z INFO [606/748] 0607f6d7-7fa5-4a78-9f7a-a8b63ef53177: does not qualify; 1.0 s; peak memory 6102 MiB.
2026-09-18T16:12:59Z INFO [607/748] 06087bce-7543-4069-875f-5b229e9c343b: does not qualify; 1.5 s; peak memory 6102 MiB.
2026-09-18T16:13:01Z INFO [608/748] 0608dfb9-b444-4910-b079-84052f997a93: qualifies; 1.8 s; peak memory 6102 MiB.
2026-09-18T16:13:03Z INFO [609/748] 060948fb-920a-49ac-b017-976e9809c9b9: does not qualify; 1.9 s; peak memory 6102 MiB.
2026-09-18T16:13:05Z INFO [610/748] 0609aa9d-a105-4a41-b53f-7433b21ce793: does not qualify; 1.5 s; peak memory 6102 MiB.
2026-09-18T16:13:06Z INFO [611/748] 060a053c-822f-4891-ac62-cf01ca51c1c9: does not qualify; 1.5 s; peak memory 6102 MiB.
2026-09-18T16:13:17Z INFO [612/748] 060a9924-1bcd-435f-b90d-5c6bef6eb85e: does not qualify; 10.8 s; peak memory 6102 MiB.
2026-09-18T16:13:18Z INFO [613/748] 060af9e3-f332-4215-90b5-07cd409db49f: does not qualify; 1.6 s; peak memory 6102 MiB.
2026-09-18T16:13:21Z INFO [614/748] 060bd594-f528-4ef3-8a8d-1a18ab32c9a2: does not qualify; 2.9 s; peak memory 6102 MiB.
2026-09-18T16:13:23Z INFO [615/748] 060c0c74-e02e-415e-8e8c-95658a13ffe4: does not qualify; 1.2 s; peak memory 6102 MiB.
2026-09-18T16:13:29Z INFO [616/748] 060c6f92-060e-43b4-81d9-c38c96080307: does not qualify; 6.2 s; peak memory 6102 MiB.
2026-09-18T16:13:30Z INFO [617/748] 060c95b4-d1ee-4edb-b7f2-4a1ace14fb72: does not qualify; 1.8 s; peak memory 6102 MiB.
2026-09-18T16:13:32Z INFO [618/748] 060cbde0-0ddb-44d5-9cc5-bcd3ca924b20: does not qualify; 1.6 s; peak memory 6102 MiB.
2026-09-18T16:13:33Z INFO [619/748] 060d12b4-1114-458e-a239-f93f8a522caf: does not qualify; 1.1 s; peak memory 6102 MiB.
2026-09-18T16:13:35Z INFO [620/748] 060d1f95-54a5-4080-89c1-46126b1b5938: does not qualify; 2.2 s; peak memory 6102 MiB.
2026-09-18T16:13:37Z INFO [621/748] 060d3788-9647-4797-8d47-a08a9b6e8f30: does not qualify; 1.2 s; peak memory 6102 MiB.
2026-09-18T16:13:38Z INFO [622/748] 060d90d5-a21c-4998-8b33-33ababb81fdc: does not qualify; 1.0 s; peak memory 6102 MiB.
2026-09-18T16:13:39Z INFO [623/748] 060d93b3-37db-4eee-b3b3-5b292ed1345d: does not qualify; 1.4 s; peak memory 6102 MiB.
2026-09-18T16:13:41Z INFO [624/748] 060e08d4-f986-4e23-a2fd-e1b417a588ef: does not qualify; 1.8 s; peak memory 6102 MiB.
2026-09-18T16:13:42Z INFO [625/748] 06104797-27b3-4c1e-8dce-37f2005cc888: does not qualify; 1.1 s; peak memory 6102 MiB.
2026-09-18T16:13:44Z INFO [626/748] 0610f5a3-1874-4f74-b745-bfa768c6255f: does not qualify; 1.8 s; peak memory 6102 MiB.
2026-09-18T16:13:46Z INFO [627/748] 0611fa9b-ed34-4b7f-acce-42cdd509f337: does not qualify; 1.9 s; peak memory 6102 MiB.
2026-09-18T16:13:47Z INFO [628/748] 06127b69-cbd9-4e61-bfa8-0d61f16b7612: does not qualify; 1.2 s; peak memory 6102 MiB.
2026-09-18T16:13:49Z INFO [629/748] 0612fabe-930b-4fa0-b06c-af59af24ce6a: does not qualify; 2.7 s; peak memory 6102 MiB.
2026-09-18T16:13:50Z INFO [630/748] 061415db-a037-42aa-9d50-1c71bae175b5: does not qualify; 1.0 s; peak memory 6102 MiB.
2026-09-18T16:13:53Z INFO [631/748] 061519c1-4d0d-482e-a26d-3a1d67b03c1f: does not qualify; 2.3 s; peak memory 6102 MiB.
2026-09-18T16:13:59Z INFO [632/748] 0615e5ef-adee-4b40-80fe-6f801849602c: does not qualify; 6.7 s; peak memory 6102 MiB.
2026-09-18T16:14:01Z INFO [633/748] 06165cfa-1b29-4ee1-9119-5153a739ff2d: does not qualify; 1.9 s; peak memory 6102 MiB.
2026-09-18T16:14:03Z INFO [634/748] 06167989-7983-48d2-b660-eed6ba2a9e69: does not qualify; 1.3 s; peak memory 6102 MiB.
2026-09-18T16:14:04Z INFO [635/748] 06179190-98c4-42f8-9447-9a1e6131654a: does not qualify; 1.6 s; peak memory 6102 MiB.
2026-09-18T16:14:06Z INFO [636/748] 0618188e-14e0-4469-8b7e-836cc4a19454: does not qualify; 2.0 s; peak memory 6102 MiB.
2026-09-18T16:14:08Z INFO [637/748] 061835c6-1806-4dfa-8b04-1209b9673067: does not qualify; 2.1 s; peak memory 6102 MiB.
2026-09-18T16:14:10Z INFO [638/748] 0618b93b-7fd7-4afc-9110-a78b36a01131: does not qualify; 1.2 s; peak memory 6102 MiB.
2026-09-18T16:14:16Z INFO [639/748] 0618d989-b4cb-48b1-9bd2-2da5b91e19c3: does not qualify; 6.4 s; peak memory 6102 MiB.
2026-09-18T16:14:17Z INFO [640/748] 0618f873-3717-4c8c-b0ed-9a512b8c3a11: does not qualify; 1.0 s; peak memory 6102 MiB.
2026-09-18T16:14:19Z INFO [641/748] 06197ec9-bb44-4ed9-8ab8-ce3b737c4ff7: does not qualify; 1.6 s; peak memory 6102 MiB.
2026-09-18T16:14:20Z INFO [642/748] 061a8145-8925-4f1d-857e-5ebe170d4bd3: does not qualify; 0.9 s; peak memory 6102 MiB.
2026-09-18T16:14:21Z INFO [643/748] 061af0c3-ad52-4da6-a500-f81e2952319d: does not qualify; 1.8 s; peak memory 6102 MiB.
2026-09-18T16:14:24Z INFO [644/748] 061b0535-71e9-4f31-900e-40c8cae85d16: does not qualify; 2.1 s; peak memory 6102 MiB.
2026-09-18T16:14:25Z INFO [645/748] 061b386f-22d4-4f92-9f31-e5e838afa652: does not qualify; 1.9 s; peak memory 6102 MiB.
2026-09-18T16:14:26Z INFO [646/748] 061b3eb6-9ee2-4838-afc6-168036e64f69: does not qualify; 0.8 s; peak memory 6102 MiB.
2026-09-18T16:14:27Z INFO [647/748] 061b98ee-4721-453e-a6a8-2a9af672f144: does not qualify; 0.9 s; peak memory 6102 MiB.
2026-09-18T16:14:29Z INFO [648/748] 061bbe04-d740-4894-83ca-4043ae4c09d3: does not qualify; 1.4 s; peak memory 6102 MiB.
2026-09-18T16:14:30Z INFO [649/748] 061bea1d-3a14-4539-85e3-687abc974460: does not qualify; 1.2 s; peak memory 6102 MiB.
2026-09-18T16:14:34Z INFO [650/748] 061c10f1-8a97-4bf4-9245-aac3d3bd967f: does not qualify; 4.4 s; peak memory 6102 MiB.
2026-09-18T16:14:34Z INFO [650/748] 061c10f1-8a97-4bf4-9245-aac3d3bd967f: checkpointed 49797 records.
2026-09-18T16:14:36Z INFO [651/748] 061c34b5-0547-4201-919c-297c5a87026f: does not qualify; 2.3 s; peak memory 6102 MiB.
2026-09-18T16:14:38Z INFO [652/748] 061d20f7-c542-410c-b417-af7f5e173818: does not qualify; 1.9 s; peak memory 6102 MiB.
2026-09-18T16:14:40Z INFO [653/748] 061db240-adca-4ba5-a90a-f1ae5ac07397: does not qualify; 1.9 s; peak memory 6102 MiB.
2026-09-18T16:14:41Z INFO [654/748] 061dc76c-6105-4ff6-803d-71815770e7d1: does not qualify; 1.1 s; peak memory 6102 MiB.
2026-09-18T16:14:43Z INFO [655/748] 061dd4f8-2290-4d2d-a541-2cbacc98acd0: does not qualify; 1.4 s; peak memory 6102 MiB.
2026-09-18T16:14:44Z INFO [656/748] 061e705b-25de-44e9-85c2-2dabf69d9b58: does not qualify; 1.8 s; peak memory 6102 MiB.
2026-09-18T16:14:47Z INFO [657/748] 061edea9-7ab2-41d4-b8db-340904e1f96a: does not qualify; 2.6 s; peak memory 6102 MiB.
2026-09-18T16:14:50Z INFO [658/748] 061ef96c-fb22-4520-a3f1-cc5bd29bd4df: does not qualify; 2.9 s; peak memory 6102 MiB.
2026-09-18T16:14:52Z INFO [659/748] 061fbd89-8d96-47e9-997b-784fe94dc938: does not qualify; 1.9 s; peak memory 6102 MiB.
2026-09-18T16:14:53Z INFO [660/748] 061ff426-931e-47ab-8df3-7972e0a928d1: does not qualify; 1.7 s; peak memory 6102 MiB.
2026-09-18T16:14:55Z INFO [661/748] 06204752-aa72-4473-8216-0fc469392cd7: does not qualify; 1.5 s; peak memory 6102 MiB.
2026-09-18T16:14:56Z INFO [662/748] 0621049b-6244-47b5-a775-90c537c5ea17: does not qualify; 1.0 s; peak memory 6102 MiB.
2026-09-18T16:14:57Z INFO [663/748] 0621aba8-5151-4a6f-af47-60ee6db0cae5: does not qualify; 1.1 s; peak memory 6102 MiB.
2026-09-18T16:14:59Z INFO [664/748] 0622341e-8be1-455c-9a8e-a2c7e3dc4b1b: does not qualify; 2.2 s; peak memory 6102 MiB.
2026-09-18T16:15:06Z INFO [665/748] 0622b75a-099c-444a-8d00-991b2595c468: does not qualify; 6.5 s; peak memory 6102 MiB.
2026-09-18T16:15:11Z INFO [666/748] 0622fa24-92f8-4db1-af6e-e708ad667d46: does not qualify; 5.0 s; peak memory 6102 MiB.
2026-09-18T16:15:18Z INFO [667/748] 06243f9f-4c6f-4f3c-b9be-bb8310168042: does not qualify; 7.0 s; peak memory 6102 MiB.
2026-09-18T16:15:19Z INFO [668/748] 0624bbc1-b9be-4f19-bd72-217a0cd0059f: does not qualify; 1.2 s; peak memory 6102 MiB.
2026-09-18T16:15:21Z INFO [669/748] 0625454b-3c71-4c12-80d5-364cc5662786: does not qualify; 1.8 s; peak memory 6102 MiB.
2026-09-18T16:15:22Z INFO [670/748] 06255cc8-583e-4b9c-ab49-2f99c67f85b6: does not qualify; 1.2 s; peak memory 6102 MiB.
2026-09-18T16:15:23Z INFO [671/748] 06256cdc-1dfc-4e28-97c4-762a10292a0a: does not qualify; 1.2 s; peak memory 6102 MiB.
2026-09-18T16:15:24Z INFO [672/748] 0625ee95-6044-4b3e-8732-e8d0e10cff24: does not qualify; 1.3 s; peak memory 6102 MiB.
2026-09-18T16:15:27Z INFO [673/748] 06274a58-4672-4fd7-a657-5de59871f729: does not qualify; 2.5 s; peak memory 6102 MiB.
2026-09-18T16:15:28Z INFO [674/748] 06275527-a527-49e3-a056-751d0651ff62: does not qualify; 1.6 s; peak memory 6102 MiB.
2026-09-18T16:15:30Z INFO [675/748] 06279f06-3ffa-453b-83bf-0ec54af6bbce: does not qualify; 1.2 s; peak memory 6102 MiB.
2026-09-18T16:15:32Z INFO [676/748] 06280f2a-32ee-4375-95a2-b9802dc7c8a4: does not qualify; 2.7 s; peak memory 6102 MiB.
2026-09-18T16:15:34Z INFO [677/748] 06281662-2661-459e-99cc-c95a363aa43d: does not qualify; 1.4 s; peak memory 6102 MiB.
2026-09-18T16:15:35Z INFO [678/748] 06288bf7-8da2-4207-99a3-a22f04bec5fb: does not qualify; 0.8 s; peak memory 6102 MiB.
2026-09-18T16:15:36Z INFO [679/748] 0628f45e-a166-420a-83d7-05a08960fbf6: does not qualify; 1.5 s; peak memory 6102 MiB.
2026-09-18T16:15:37Z INFO [680/748] 06292771-63f6-4f40-b178-f34ac24b656b: does not qualify; 0.9 s; peak memory 6102 MiB.
2026-09-18T16:15:38Z INFO [681/748] 06296593-16c1-4f3a-8bef-712065d235ab: does not qualify; 1.4 s; peak memory 6102 MiB.
2026-09-18T16:15:40Z INFO [682/748] 06297fda-fad5-407d-8ff6-279b2300a4a6: does not qualify; 1.2 s; peak memory 6102 MiB.
2026-09-18T16:15:41Z INFO [683/748] 06298e72-8d52-48eb-87dc-defde3ebdd3f: does not qualify; 1.6 s; peak memory 6102 MiB.
2026-09-18T16:15:51Z INFO [684/748] 062b119c-f494-4efa-97b1-8461a0e1d5fd: does not qualify; 9.5 s; peak memory 6102 MiB.
2026-09-18T16:15:52Z INFO [685/748] 062b47a6-42ef-4588-bd13-37ddeac9c761: does not qualify; 1.2 s; peak memory 6102 MiB.
2026-09-18T16:15:53Z INFO [686/748] 062b6d52-a344-491e-87f7-f013e2458f98: does not qualify; 0.9 s; peak memory 6102 MiB.
2026-09-18T16:15:54Z INFO [687/748] 062bee73-a15b-4e4b-83c7-9989c91de070: does not qualify; 1.7 s; peak memory 6102 MiB.
2026-09-18T16:15:56Z INFO [688/748] 062ce444-4791-47d1-8d9c-8d6eb52df596: does not qualify; 1.2 s; peak memory 6102 MiB.
2026-09-18T16:15:57Z INFO [689/748] 062d3b4a-4952-46a0-a895-f853dd3674d8: does not qualify; 1.2 s; peak memory 6102 MiB.
2026-09-18T16:15:58Z INFO [690/748] 062d860e-5f83-4524-9a2b-63a1b9f77290: does not qualify; 0.9 s; peak memory 6102 MiB.
2026-09-18T16:16:00Z INFO [691/748] 062d8774-c470-46c3-a0cb-472cf1f6211a: does not qualify; 2.0 s; peak memory 6102 MiB.
2026-09-18T16:16:02Z INFO [692/748] 062e37b3-c1ea-4369-92a8-3305988befaf: does not qualify; 2.6 s; peak memory 6102 MiB.
2026-09-18T16:16:04Z INFO [693/748] 062f0519-96fe-4124-b590-fd18d34c28fa: does not qualify; 1.5 s; peak memory 6102 MiB.
2026-09-18T16:16:06Z INFO [694/748] 062f71af-977a-4570-aadf-0d53c7fcaf34: does not qualify; 1.8 s; peak memory 6102 MiB.
2026-09-18T16:16:07Z INFO [695/748] 0630e495-2357-4782-ace1-0413c4179f74: does not qualify; 1.3 s; peak memory 6102 MiB.
2026-09-18T16:16:08Z INFO [696/748] 06315c81-1db7-4a5e-a867-725faef7b3e1: does not qualify; 1.1 s; peak memory 6102 MiB.
2026-09-18T16:16:09Z INFO [697/748] 0631c5ab-cfb0-446a-a8d6-015217a58bdf: does not qualify; 1.4 s; peak memory 6102 MiB.
2026-09-18T16:16:10Z INFO [698/748] 063234d5-8191-4727-9b6f-320bdbae42fb: does not qualify; 1.0 s; peak memory 6102 MiB.
2026-09-18T16:16:12Z INFO [699/748] 0633997c-909e-4a6f-8fe2-43742d96d394: does not qualify; 2.1 s; peak memory 6102 MiB.
2026-09-18T16:16:21Z INFO [700/748] 06342620-0d87-4635-8e61-bf806bfbf1ae: does not qualify; 8.8 s; peak memory 6102 MiB.
2026-09-18T16:16:21Z INFO [700/748] 06342620-0d87-4635-8e61-bf806bfbf1ae: checkpointed 49847 records.
2026-09-18T16:16:24Z INFO [701/748] 06357054-2c64-4fdf-81de-d511f5ee1124: does not qualify; 2.2 s; peak memory 6102 MiB.
2026-09-18T16:16:28Z INFO [702/748] 0635ad8c-2bcf-4dad-a782-84297ee261bd: does not qualify; 4.2 s; peak memory 6102 MiB.
2026-09-18T16:16:29Z INFO [703/748] 063665e4-5815-4e56-b2a7-adf95aef4402: does not qualify; 1.2 s; peak memory 6102 MiB.
2026-09-18T16:16:30Z INFO [704/748] 06374223-a883-4cbe-a595-1d39d063a18a: does not qualify; 1.5 s; peak memory 6102 MiB.
2026-09-18T16:16:36Z INFO [705/748] 0637499a-79bb-43aa-9166-c508ccded85d: does not qualify; 5.4 s; peak memory 6102 MiB.
2026-09-18T16:16:37Z INFO [706/748] 06384e41-2d4f-49be-9b00-bbaddee03d50: does not qualify; 1.0 s; peak memory 6102 MiB.
2026-09-18T16:16:38Z INFO [707/748] 06384e4a-2157-454c-b00d-2678b11a3fb9: does not qualify; 1.4 s; peak memory 6102 MiB.
2026-09-18T16:16:39Z INFO [708/748] 06387e57-5933-47c7-8769-d5859e4de41d: does not qualify; 1.1 s; peak memory 6102 MiB.
2026-09-18T16:16:41Z INFO [709/748] 06392758-6031-43d5-a391-85e44c48d724: does not qualify; 1.4 s; peak memory 6102 MiB.
2026-09-18T16:16:42Z INFO [710/748] 06397cef-43c7-453c-a09a-8abffcc45bdf: does not qualify; 1.1 s; peak memory 6102 MiB.
2026-09-18T16:16:44Z INFO [711/748] 0639875c-f3cd-4a0d-b430-8456112044e0: does not qualify; 2.2 s; peak memory 6102 MiB.
2026-09-18T16:16:45Z INFO [712/748] 0639c4c1-b239-4abf-ba72-67897b411478: does not qualify; 1.3 s; peak memory 6102 MiB.
2026-09-18T16:16:47Z INFO [713/748] 063a8c80-e733-4305-9c05-db0467ffcc99: does not qualify; 1.6 s; peak memory 6102 MiB.
2026-09-18T16:16:49Z INFO [714/748] 063ba6dd-fe93-4b62-8e78-c36caa3f218b: does not qualify; 2.1 s; peak memory 6102 MiB.
2026-09-18T16:16:50Z INFO [715/748] 063c4615-8a8d-4fc8-a63e-240e2783e295: does not qualify; 1.3 s; peak memory 6102 MiB.
2026-09-18T16:16:51Z INFO [716/748] 063c539f-e7ac-4a23-8509-831139a2e7aa: does not qualify; 1.0 s; peak memory 6102 MiB.
2026-09-18T16:16:53Z INFO [717/748] 063cc827-28ea-4b8f-b60a-0925d7a3c9c0: does not qualify; 1.4 s; peak memory 6102 MiB.
2026-09-18T16:16:54Z INFO [718/748] 063cf5f9-3060-4f93-956a-3758b97797f7: does not qualify; 1.2 s; peak memory 6102 MiB.
2026-09-18T16:16:55Z INFO [719/748] 063daf21-7649-4d6f-b61c-d421bbce6b90: does not qualify; 1.2 s; peak memory 6102 MiB.
2026-09-18T16:16:56Z INFO [720/748] 063ddba6-d815-4ebf-a07a-c334e322c0df: does not qualify; 1.2 s; peak memory 6102 MiB.
2026-09-18T16:16:58Z INFO [721/748] 063e1010-251a-476e-a3b9-b14dcb4ccd92: does not qualify; 1.5 s; peak memory 6102 MiB.
2026-09-18T16:16:59Z INFO [722/748] 063e7b14-8011-4c1a-bdbe-163e714b6c78: does not qualify; 1.1 s; peak memory 6102 MiB.
2026-09-18T16:17:01Z INFO [723/748] 063e8b6d-9ed4-47c3-94fe-7ef7fcf89f94: does not qualify; 1.6 s; peak memory 6102 MiB.
2026-09-18T16:17:02Z INFO [724/748] 063eafa6-d6e0-4a75-b654-2ef6924c4ab2: does not qualify; 1.1 s; peak memory 6102 MiB.
2026-09-18T16:17:05Z INFO [725/748] 063ef5b0-df31-494a-88d2-e4665f208cd2: does not qualify; 3.3 s; peak memory 6102 MiB.
2026-09-18T16:17:06Z INFO [726/748] 063f3c9e-b441-4710-abb7-4f78f160720a: does not qualify; 1.1 s; peak memory 6102 MiB.
2026-09-18T16:17:07Z INFO [727/748] 063fac7e-cfb6-43de-9a93-477f040a81f0: does not qualify; 1.1 s; peak memory 6102 MiB.
2026-09-18T16:17:09Z INFO [728/748] 06411428-d49b-494e-a33f-5b8ead0f02da: does not qualify; 1.3 s; peak memory 6102 MiB.
2026-09-18T16:17:10Z INFO [729/748] 06413f8e-7534-471c-9008-054680bd8a03: does not qualify; 1.6 s; peak memory 6102 MiB.
2026-09-18T16:17:12Z INFO [730/748] 0642dc4e-05bf-4e95-b6ca-010a00c50995: does not qualify; 1.6 s; peak memory 6102 MiB.
2026-09-18T16:17:13Z INFO [731/748] 0642eb8f-e6c5-4939-8627-7c1084227514: does not qualify; 1.2 s; peak memory 6102 MiB.
2026-09-18T16:17:21Z INFO [732/748] 0642f605-fec4-4c29-affe-a5f1f451b213: does not qualify; 7.7 s; peak memory 6102 MiB.
2026-09-18T16:17:22Z INFO [733/748] 06430d9f-df19-4688-8739-081a2acd8a9a: does not qualify; 1.0 s; peak memory 6102 MiB.
2026-09-18T16:17:23Z INFO [734/748] 064321e5-c412-4725-9e4e-713c4d5b1acd: does not qualify; 1.9 s; peak memory 6102 MiB.
2026-09-18T16:17:25Z INFO [735/748] 0643c4de-a3fd-469a-ae47-1d2d9cd4edef: does not qualify; 1.4 s; peak memory 6102 MiB.
2026-09-18T16:17:26Z INFO [736/748] 0645ce8b-6b59-469a-82d4-d69346661ccf: does not qualify; 1.5 s; peak memory 6102 MiB.
2026-09-18T16:17:29Z INFO [737/748] 06465edb-98c8-4045-9ec1-def68b90023e: does not qualify; 2.4 s; peak memory 6102 MiB.
2026-09-18T16:17:31Z INFO [738/748] 064860df-570c-4227-9b54-f865d0c5a4b0: does not qualify; 2.0 s; peak memory 6102 MiB.
2026-09-18T16:17:37Z INFO [739/748] 06492739-d971-48d7-a928-bb514297b654: does not qualify; 6.2 s; peak memory 6102 MiB.
2026-09-18T16:17:39Z INFO [740/748] 064958e4-3118-40fe-b883-4687b2025dbc: does not qualify; 2.1 s; peak memory 6102 MiB.
2026-09-18T16:17:41Z INFO [741/748] 06499c2f-bc79-4aff-b925-d4161f90e396: does not qualify; 1.6 s; peak memory 6102 MiB.
2026-09-18T16:17:46Z INFO [742/748] 064b68fd-4161-4a1e-9b43-6623b3ed1fe7: does not qualify; 5.1 s; peak memory 6102 MiB.
2026-09-18T16:17:54Z INFO [743/748] 064b93f8-7f9c-45e1-a314-636d43448b09: does not qualify; 8.2 s; peak memory 6102 MiB.
2026-09-18T16:17:55Z INFO [744/748] 064bcd8d-ba08-4136-86c8-e3d2e489bb62: does not qualify; 1.2 s; peak memory 6102 MiB.
2026-09-18T16:17:56Z INFO [745/748] 064d012c-d950-478e-8f6f-95f65fe09ded: does not qualify; 0.9 s; peak memory 6102 MiB.
2026-09-18T16:18:00Z INFO [746/748] 064d5a9f-3b6b-4f84-8736-c99b7e9e32bb: does not qualify; 3.4 s; peak memory 6102 MiB.
2026-09-18T16:18:01Z INFO [747/748] 064d871c-e5ba-415b-b0e6-2fccd4f32196: does not qualify; 1.3 s; peak memory 6102 MiB.
2026-09-18T16:18:07Z INFO [748/748] 064d8e0b-280e-49b2-bfc9-ab14e6d837c4: does not qualify; 6.5 s; peak memory 6102 MiB.
2026-09-18T16:18:08Z INFO Wrote 49895 records to /tmp/derivatives/qualifying_lfp_content_ids.jsonl (748 new, 0 failed) in 36.3 min (peak memory 6102 MiB).
