2026-09-25T21:01:34Z INFO Logging to /tmp/logs/update_2026-09-25T21-01-34Z.log.
2026-09-25T21:01:34Z INFO Update qualifying-lfp-content-ids (base directory /tmp).
2026-09-25T21:01:35Z INFO Processing 367 items (57286 already recorded).
2026-09-25T21:01:36Z INFO [1/367] 15935a7e-db89-4cee-96f0-b3f8d13bca38: does not qualify; 1.2 s; peak memory 221 MiB.
2026-09-25T21:01:37Z INFO [2/367] 1593c542-a196-4956-956d-fd424e21bc40: does not qualify; 0.9 s; peak memory 221 MiB.
2026-09-25T21:01:38Z INFO [3/367] 159413ce-417d-45ac-a342-82ef03bcaf8e: does not qualify; 1.0 s; peak memory 222 MiB.
2026-09-25T21:01:39Z INFO [4/367] 15945566-cd24-49f0-b113-7331c6092018: does not qualify; 0.8 s; peak memory 222 MiB.
2026-09-25T21:01:40Z INFO [5/367] 15948900-c46d-4692-9e68-5b4ff68e194b: does not qualify; 1.1 s; peak memory 224 MiB.
2026-09-25T21:01:41Z INFO [6/367] 1594d265-4961-41e1-93f0-dcaaf1388924: does not qualify; 1.3 s; peak memory 225 MiB.
2026-09-25T21:01:46Z INFO [7/367] 1595b681-22a1-41df-b963-6807f5a01d57: does not qualify; 4.9 s; peak memory 247 MiB.
2026-09-25T21:01:47Z INFO [8/367] 1595d053-06d2-467a-a4de-3bd3fb46b87b: does not qualify; 0.8 s; peak memory 247 MiB.
2026-09-25T21:01:53Z INFO [9/367] 1595ec93-3780-4381-99ed-f3983324b8ab: does not qualify; 6.6 s; peak memory 250 MiB.
2026-09-25T21:01:54Z INFO [10/367] 1595ee58-187e-4a0b-a410-37c0e599776c: does not qualify; 0.8 s; peak memory 250 MiB.
2026-09-25T21:01:55Z INFO [11/367] 1596d34d-57d7-46bc-a3e7-adcef943cb15: does not qualify; 1.1 s; peak memory 250 MiB.
2026-09-25T21:01:57Z INFO [12/367] 159779b1-cc7f-42a8-b284-e9dadb46ac32: does not qualify; 1.7 s; peak memory 250 MiB.
2026-09-25T21:01:58Z INFO [13/367] 1598daf0-46dc-49a2-a643-f39512cabd0d: does not qualify; 0.7 s; peak memory 250 MiB.
2026-09-25T21:01:58Z INFO [14/367] 159950c6-ea78-4c33-9aa6-5835629d105f: does not qualify; 0.4 s; peak memory 250 MiB.
2026-09-25T21:02:02Z INFO [15/367] 159a7da1-4da1-4105-b986-de9c5c39bc41: does not qualify; 3.4 s; peak memory 250 MiB.
2026-09-25T21:02:03Z INFO [16/367] 159a951c-d5db-430f-9327-3ca255bbc77f: does not qualify; 1.5 s; peak memory 250 MiB.
2026-09-25T21:02:05Z INFO [17/367] 159b184d-49ea-4235-80a9-7f95deb353e2: does not qualify; 1.7 s; peak memory 250 MiB.
2026-09-25T21:02:05Z INFO [18/367] 159b6ba4-a880-4bfa-ae68-91a21238fd8a: does not qualify; 0.7 s; peak memory 250 MiB.
2026-09-25T21:02:06Z INFO [19/367] 159c92a3-ff0d-48eb-86ac-b33fa30ea040: does not qualify; 0.7 s; peak memory 250 MiB.
2026-09-25T21:02:07Z INFO [20/367] 159d0acd-df87-4165-bba9-f26cabf1adae: does not qualify; 0.8 s; peak memory 250 MiB.
2026-09-25T21:02:08Z INFO [21/367] 159e9c6f-160d-48b8-bc01-193d7fe802ad: does not qualify; 0.9 s; peak memory 250 MiB.
2026-09-25T21:02:08Z INFO [22/367] 159f7d90-c1c6-4f03-a1a2-12e84aa0937a: does not qualify; 0.6 s; peak memory 250 MiB.
2026-09-25T21:02:10Z INFO [23/367] 15a071af-fd6a-4074-b0fe-4ba0531bd7a9: does not qualify; 1.1 s; peak memory 250 MiB.
2026-09-25T21:02:10Z INFO [24/367] 15a15283-744a-488f-88a2-0dd6e7bfb720: does not qualify; 0.4 s; peak memory 250 MiB.
2026-09-25T21:02:19Z INFO [25/367] 15a24609-ce22-4eb2-8158-94c197940917: does not qualify; 9.2 s; peak memory 250 MiB.
2026-09-25T21:02:21Z INFO [26/367] 15a3f4f4-7902-4404-99ec-0d6c6242f44c: does not qualify; 2.0 s; peak memory 250 MiB.
2026-09-25T21:02:22Z INFO [27/367] 15a53634-4019-43d1-8ba7-e9ebc8fcff5f: does not qualify; 1.0 s; peak memory 250 MiB.
2026-09-25T21:02:23Z INFO [28/367] 15a5eba1-bbcf-4a38-8952-bfc24431e72d: does not qualify; 0.5 s; peak memory 250 MiB.
2026-09-25T21:02:23Z INFO [29/367] 15a66a7f-f329-42a5-b548-9afc5fa4a03a: does not qualify; 0.7 s; peak memory 250 MiB.
2026-09-25T21:02:24Z INFO [30/367] 15a6d021-14f3-498c-919b-a9876f4689c9: does not qualify; 0.8 s; peak memory 250 MiB.
2026-09-25T21:02:30Z INFO [31/367] 15a76068-331c-4a14-a41b-f0a62792af46: does not qualify; 6.3 s; peak memory 250 MiB.
2026-09-25T21:02:31Z INFO [32/367] 15a77a02-28a5-489c-b171-242bfc838bdb: does not qualify; 0.9 s; peak memory 250 MiB.
2026-09-25T21:02:32Z INFO [33/367] 15a841ef-39fe-4bc8-85b3-f7ece27b8903: does not qualify; 0.7 s; peak memory 250 MiB.
2026-09-25T21:02:33Z INFO [34/367] 15a85253-b8a3-482f-874e-338c8b30c9b5: does not qualify; 0.8 s; peak memory 250 MiB.
2026-09-25T21:02:35Z INFO [35/367] 15a947f5-e504-4a4c-a01f-117ce708ae69: does not qualify; 1.9 s; peak memory 250 MiB.
2026-09-25T21:02:35Z INFO [36/367] 15a9771f-566c-425c-acf0-7e019a5e3e89: does not qualify; 0.5 s; peak memory 250 MiB.
2026-09-25T21:02:36Z INFO [37/367] 15a9e2ef-d254-4141-845c-42c2485fcf44: does not qualify; 0.7 s; peak memory 250 MiB.
2026-09-25T21:02:36Z INFO [38/367] 15abace0-f522-47da-95bc-2df18b5970dd: does not qualify; 0.6 s; peak memory 250 MiB.
2026-09-25T21:02:38Z INFO [39/367] 15ac4d9e-4f93-4698-bb2b-359ec19613ca: does not qualify; 1.7 s; peak memory 250 MiB.
2026-09-25T21:02:39Z INFO [40/367] 15ac6bb4-13e2-4511-967c-03163bcb7d9f: does not qualify; 0.9 s; peak memory 250 MiB.
2026-09-25T21:02:40Z INFO [41/367] 15adeb19-5df0-4862-bec1-62af18ae1417: does not qualify; 0.8 s; peak memory 250 MiB.
2026-09-25T21:02:43Z INFO [42/367] 15ae4d37-88b8-46cc-a0b2-31c1ea7cb577: does not qualify; 3.1 s; peak memory 250 MiB.
2026-09-25T21:02:44Z INFO [43/367] 15ae73f8-577f-458e-a38d-dbcbb47608f6: does not qualify; 0.9 s; peak memory 250 MiB.
2026-09-25T21:02:44Z INFO [44/367] 15aecc35-3304-40d0-9cc0-a0f8cd43d105: does not qualify; 0.4 s; peak memory 250 MiB.
2026-09-25T21:02:45Z INFO [45/367] 15b04f5f-1ff1-4444-917e-594ceb66ea80: does not qualify; 0.6 s; peak memory 250 MiB.
2026-09-25T21:02:51Z INFO [46/367] 15b12ad9-8f9d-49bf-8829-89e484edaa42: does not qualify; 5.8 s; peak memory 250 MiB.
2026-09-25T21:02:51Z INFO [47/367] 15b1d57c-0010-4a0e-9059-09dae0b997b2: does not qualify; 0.6 s; peak memory 250 MiB.
2026-09-25T21:02:52Z INFO [48/367] 15b23515-8577-4713-9761-50082cc1ecad: does not qualify; 0.9 s; peak memory 250 MiB.
2026-09-25T21:02:53Z INFO [49/367] 15b3cb3a-80a0-4aeb-b1df-d78876ffb82f: does not qualify; 0.8 s; peak memory 250 MiB.
2026-09-25T21:02:54Z INFO [50/367] 15b3db8f-4277-4e2b-b6c9-532db8dd5e19: does not qualify; 0.9 s; peak memory 250 MiB.
2026-09-25T21:02:54Z INFO [50/367] 15b3db8f-4277-4e2b-b6c9-532db8dd5e19: checkpointed 57336 records.
2026-09-25T21:02:54Z INFO [51/367] 15b3ea7d-5586-45eb-abe4-a19f6ead85b6: does not qualify; 0.6 s; peak memory 250 MiB.
2026-09-25T21:02:55Z INFO [52/367] 15b5a462-db65-4aec-bc31-4e0afa2f7e0f: does not qualify; 0.7 s; peak memory 250 MiB.
2026-09-25T21:02:56Z INFO [53/367] 15b5b511-8c98-49c7-a847-1e31b5116ebe: does not qualify; 0.8 s; peak memory 250 MiB.
2026-09-25T21:02:58Z INFO [54/367] 15b5e825-80be-40f2-9496-4339d68791d7: does not qualify; 2.3 s; peak memory 252 MiB.
2026-09-25T21:03:00Z INFO [55/367] 15b61949-0fa2-4037-80b8-efce7595ade4: does not qualify; 1.5 s; peak memory 252 MiB.
2026-09-25T21:03:08Z INFO [56/367] 15b69144-18ff-419f-a397-595dde18c317: does not qualify; 7.8 s; peak memory 419 MiB.
2026-09-25T21:03:09Z INFO [57/367] 15b73960-a00c-4890-a83c-161d12809d32: does not qualify; 0.9 s; peak memory 419 MiB.
2026-09-25T21:03:10Z INFO [58/367] 15b773b0-345f-4d83-ae44-d3de9d773f3f: does not qualify; 1.7 s; peak memory 419 MiB.
2026-09-25T21:03:11Z INFO [59/367] 15b776f4-499f-49ba-b171-2d1697465332: does not qualify; 0.7 s; peak memory 419 MiB.
2026-09-25T21:03:12Z INFO [60/367] 15b907b2-c6a5-4646-bd96-167bc154d621: does not qualify; 0.7 s; peak memory 419 MiB.
2026-09-25T21:03:13Z INFO [61/367] 15ba1c75-acc6-495f-be72-90a4ae8a5f38: does not qualify; 1.1 s; peak memory 419 MiB.
2026-09-25T21:03:14Z INFO [62/367] 15bb0049-e101-43c4-a230-a4f6f91a53d2: does not qualify; 0.9 s; peak memory 419 MiB.
2026-09-25T21:03:15Z INFO [63/367] 15bba031-2686-44ba-86e0-e39dbf61ea89: does not qualify; 1.0 s; peak memory 419 MiB.
2026-09-25T21:03:15Z INFO [64/367] 15bbef90-b222-4d2a-b705-ffb8c91f8a3a: does not qualify; 0.7 s; peak memory 419 MiB.
2026-09-25T21:03:16Z INFO [65/367] 15bd486e-ad4e-487b-b7ba-626e522941d4: does not qualify; 1.0 s; peak memory 419 MiB.
2026-09-25T21:03:18Z INFO [66/367] 15be2227-f23d-47c5-a6c9-3fb02a2ac5bb: does not qualify; 1.4 s; peak memory 419 MiB.
2026-09-25T21:03:22Z INFO [67/367] 15be3daf-f645-4330-83a1-4bd9c937662c: qualifies; 4.6 s; peak memory 419 MiB.
2026-09-25T21:03:23Z INFO [68/367] 15be5b94-3e1f-41f9-9bc2-b2dad0556c0f: does not qualify; 0.8 s; peak memory 419 MiB.
2026-09-25T21:03:24Z INFO [69/367] 15bf9e06-1b64-4968-82c0-7bfd5074719b: does not qualify; 0.7 s; peak memory 419 MiB.
2026-09-25T21:03:29Z INFO [70/367] 15bfd727-807d-40f2-a4c9-00a30d6ac274: does not qualify; 4.6 s; peak memory 419 MiB.
2026-09-25T21:03:29Z INFO [71/367] 15c010be-7d3e-4bce-90da-e24df1fd0422: does not qualify; 0.8 s; peak memory 419 MiB.
2026-09-25T21:03:34Z INFO [72/367] 15c23891-3462-4f6c-9fd3-c8c322c8178c: does not qualify; 4.8 s; peak memory 419 MiB.
2026-09-25T21:03:35Z INFO [73/367] 15c2c848-c941-48e8-a4af-6e31f1bbc841: does not qualify; 0.7 s; peak memory 419 MiB.
2026-09-25T21:03:39Z INFO [74/367] 15c32318-500e-4836-b214-31128bd7f740: does not qualify; 4.2 s; peak memory 419 MiB.
2026-09-25T21:03:40Z INFO [75/367] 15c32754-98b9-44d1-9c89-de325f7f7a31: does not qualify; 1.1 s; peak memory 419 MiB.
2026-09-25T21:03:41Z INFO [76/367] 15c40281-eb15-400f-89f7-a5f8785a1b8b: does not qualify; 0.7 s; peak memory 419 MiB.
2026-09-25T21:03:42Z INFO [77/367] 15c4e38a-5f39-4079-9352-0b0a4f61d4c2: does not qualify; 0.7 s; peak memory 419 MiB.
2026-09-25T21:03:43Z INFO [78/367] 15c62eac-5a7d-4fd5-9020-b5cc725aff2a: does not qualify; 0.9 s; peak memory 419 MiB.
2026-09-25T21:03:51Z INFO [79/367] 15c7095f-437c-4b3a-928f-6656c83e70e5: does not qualify; 8.3 s; peak memory 419 MiB.
2026-09-25T21:03:54Z INFO [80/367] 15c83cc1-f7c5-452a-b6ec-e6114f76f1b2: does not qualify; 3.7 s; peak memory 419 MiB.
2026-09-25T21:03:56Z INFO [81/367] 15c88529-14de-4f0e-b9ba-a218f28606f5: does not qualify; 1.1 s; peak memory 419 MiB.
2026-09-25T21:04:01Z INFO [82/367] 15ca3e65-dfc5-46d3-982a-8e24f040253e: does not qualify; 5.0 s; peak memory 419 MiB.
2026-09-25T21:04:01Z INFO [83/367] 15ca3f0e-e304-46b6-bf6c-07a4db27ced9: does not qualify; 0.9 s; peak memory 419 MiB.
2026-09-25T21:04:05Z INFO [84/367] 15cb7e06-b505-4da4-bc67-7ec88c4f405c: does not qualify; 4.0 s; peak memory 419 MiB.
2026-09-25T21:04:06Z INFO [85/367] 15cb9f1b-fa1b-4223-b70b-ed0b3118bb2d: does not qualify; 0.7 s; peak memory 419 MiB.
2026-09-25T21:04:12Z INFO [86/367] 15cc8b66-226d-449f-9ef9-574d0962f578: does not qualify; 6.1 s; peak memory 419 MiB.
2026-09-25T21:04:13Z INFO [87/367] 15cccdd3-fa41-4a94-9045-1253659697b5: does not qualify; 0.8 s; peak memory 419 MiB.
2026-09-25T21:04:15Z INFO [88/367] 15cd1dc4-3201-4757-ae6e-a27ded161f71: does not qualify; 1.6 s; peak memory 419 MiB.
2026-09-25T21:04:15Z INFO [89/367] 15cd7873-e3e5-409e-9454-41f0b68c448a: does not qualify; 0.8 s; peak memory 419 MiB.
2026-09-25T21:04:16Z INFO [90/367] 15cde387-bdeb-4d9e-8975-0f68d3ed88d2: does not qualify; 0.8 s; peak memory 419 MiB.
2026-09-25T21:04:17Z INFO [91/367] 15ce07e1-73eb-44a8-b52b-f4a8b50af56e: does not qualify; 0.6 s; peak memory 419 MiB.
2026-09-25T21:04:18Z INFO [92/367] 15ce2cd2-b508-423e-8246-3f325361e91e: does not qualify; 0.7 s; peak memory 419 MiB.
2026-09-25T21:04:18Z INFO [93/367] 15cea0a6-b75e-4021-a0de-478214e51049: does not qualify; 0.9 s; peak memory 419 MiB.
2026-09-25T21:04:19Z INFO [94/367] 15cf9fde-aebd-4d51-a8f8-41245ef5ea97: does not qualify; 0.8 s; peak memory 419 MiB.
2026-09-25T21:04:20Z INFO [95/367] 15d0465b-a6f2-4a34-ad82-17511ccf1675: does not qualify; 0.6 s; peak memory 419 MiB.
2026-09-25T21:04:21Z INFO [96/367] 15d10a56-942d-49d5-af73-7d43c4ea9804: does not qualify; 0.8 s; peak memory 419 MiB.
2026-09-25T21:04:21Z INFO [97/367] 15d1422f-895e-41ce-9554-939ff116f6ef: does not qualify; 0.7 s; peak memory 419 MiB.
2026-09-25T21:04:22Z INFO [98/367] 15d2399e-429c-4f7c-9f3d-0eb06833fe33: does not qualify; 0.9 s; peak memory 419 MiB.
2026-09-25T21:04:23Z INFO [99/367] 15d2f686-179e-4d0d-a580-efe37a0f85df: does not qualify; 0.6 s; peak memory 419 MiB.
2026-09-25T21:04:24Z INFO [100/367] 15d4a6c4-c831-41f8-b417-c10bb64fd7fa: does not qualify; 0.6 s; peak memory 419 MiB.
2026-09-25T21:04:24Z INFO [100/367] 15d4a6c4-c831-41f8-b417-c10bb64fd7fa: checkpointed 57386 records.
2026-09-25T21:04:24Z INFO [101/367] 15d4babd-4aac-40bb-ace8-db22390ef809: does not qualify; 0.8 s; peak memory 419 MiB.
2026-09-25T21:04:26Z INFO [102/367] 15d5c06e-8f10-48fc-b49b-1997b721383c: does not qualify; 1.5 s; peak memory 419 MiB.
2026-09-25T21:04:27Z INFO [103/367] 15d661b3-eb3a-47a9-ac8d-8569f4883275: does not qualify; 1.0 s; peak memory 419 MiB.
2026-09-25T21:04:33Z INFO [104/367] 15d697a6-c6a1-4706-8813-b24f1cd67796: does not qualify; 6.2 s; peak memory 419 MiB.
2026-09-25T21:04:37Z INFO [105/367] 15d6dba9-9e03-4642-a9c0-22d3f6da20ab: does not qualify; 3.4 s; peak memory 419 MiB.
2026-09-25T21:04:38Z INFO [106/367] 15d78fd7-2bea-42e1-abfb-4f51c50c47b0: does not qualify; 1.6 s; peak memory 419 MiB.
2026-09-25T21:04:40Z INFO [107/367] 15d8f158-2a35-49ad-9912-c77a266f7dc6: does not qualify; 1.5 s; peak memory 419 MiB.
2026-09-25T21:04:40Z INFO [108/367] 15d99d18-7008-4da1-b0f3-96da1bc29c4d: does not qualify; 0.7 s; peak memory 419 MiB.
2026-09-25T21:04:41Z INFO [109/367] 15db231e-6916-4e8e-822b-61e7bce38aca: does not qualify; 1.1 s; peak memory 419 MiB.
2026-09-25T21:04:43Z INFO [110/367] 15db31b4-fe0f-485a-93ac-2011fc623f4b: does not qualify; 1.8 s; peak memory 419 MiB.
2026-09-25T21:04:44Z INFO [111/367] 15db3aee-16c5-47d2-ad11-ae4c84f1b063: does not qualify; 0.8 s; peak memory 419 MiB.
2026-09-25T21:04:48Z INFO [112/367] 15db7f30-32ee-483c-886b-efd55f5a97f2: does not qualify; 4.2 s; peak memory 419 MiB.
2026-09-25T21:04:49Z INFO [113/367] 15dc84b2-0886-4650-b7ff-972f069887be: does not qualify; 0.7 s; peak memory 419 MiB.
2026-09-25T21:04:53Z INFO [114/367] 15dd2b83-33d8-4d73-8454-960e057e934c: does not qualify; 4.1 s; peak memory 686 MiB.
2026-09-25T21:04:54Z INFO [115/367] 15dd5925-1bc2-4363-9f75-989c374f87a8: does not qualify; 0.6 s; peak memory 686 MiB.
2026-09-25T21:04:56Z INFO [116/367] 15ddb06f-9e5c-46b5-9091-80bdd0a410ef: does not qualify; 1.7 s; peak memory 686 MiB.
2026-09-25T21:04:56Z INFO [117/367] 15ddecd5-c368-46a6-9bdd-869f1806a813: does not qualify; 0.9 s; peak memory 686 MiB.
2026-09-25T21:04:57Z INFO [118/367] 15de5a45-0c3d-4562-8dba-11914327a684: does not qualify; 0.6 s; peak memory 686 MiB.
2026-09-25T21:04:58Z INFO [119/367] 15de8523-1cc2-415a-83b8-d174ae0d9292: does not qualify; 1.1 s; peak memory 686 MiB.
2026-09-25T21:04:59Z INFO [120/367] 15df02db-af6d-43e3-bf29-f8cb3e1aba23: does not qualify; 1.2 s; peak memory 686 MiB.
2026-09-25T21:05:00Z INFO [121/367] 15df69a2-feb8-462b-9b4f-7994894be232: does not qualify; 0.4 s; peak memory 686 MiB.
2026-09-25T21:05:01Z INFO [122/367] 15df828e-b37b-40b7-814b-c90e7da59884: does not qualify; 0.9 s; peak memory 686 MiB.
2026-09-25T21:05:09Z INFO [123/367] 15df8e27-3be4-405e-94b0-296c89e5b53e: does not qualify; 8.3 s; peak memory 686 MiB.
2026-09-25T21:05:10Z INFO [124/367] 15e1b46b-d6da-4203-b176-64d0038e5583: does not qualify; 0.9 s; peak memory 686 MiB.
2026-09-25T21:05:11Z INFO [125/367] 15e29acd-bda0-4530-a75a-fafe08564f6e: does not qualify; 0.9 s; peak memory 686 MiB.
2026-09-25T21:05:21Z INFO [126/367] 15e2c953-e1db-45d8-bc2c-c6342f19e487: does not qualify; 10.5 s; peak memory 686 MiB.
2026-09-25T21:05:23Z INFO [127/367] 15e32d95-2ca6-46e5-92f5-5396fe9d8055: does not qualify; 1.4 s; peak memory 686 MiB.
2026-09-25T21:05:24Z INFO [128/367] 15e34298-0b94-4ac2-80a2-ba1a5fd5052a: does not qualify; 0.9 s; peak memory 686 MiB.
2026-09-25T21:05:24Z INFO [129/367] 15e48434-bb7b-4a60-9596-0c011e5bb33f: does not qualify; 0.8 s; peak memory 686 MiB.
2026-09-25T21:05:26Z INFO [130/367] 15e4c26f-9f6b-4a24-8dbe-18361133e3df: does not qualify; 1.4 s; peak memory 686 MiB.
2026-09-25T21:05:27Z INFO [131/367] 15e521df-114d-4321-ad47-9dbc7b5a0d58: does not qualify; 1.1 s; peak memory 686 MiB.
2026-09-25T21:05:30Z INFO [132/367] 15e57ff7-65e3-4531-8f5d-4a2847a56afa: does not qualify; 3.3 s; peak memory 686 MiB.
2026-09-25T21:05:31Z INFO [133/367] 15e65307-91aa-4e48-b616-f649fbda1a0b: does not qualify; 0.7 s; peak memory 686 MiB.
2026-09-25T21:05:32Z INFO [134/367] 15e6a56c-6af2-4d14-b7e0-39302d8247ef: does not qualify; 0.8 s; peak memory 686 MiB.
2026-09-25T21:05:33Z INFO [135/367] 15e7af23-1f31-44db-8ece-db23c38ec639: does not qualify; 1.0 s; peak memory 686 MiB.
2026-09-25T21:05:34Z INFO [136/367] 15e843c5-66a8-4a04-8638-40e58654f367: does not qualify; 0.8 s; peak memory 686 MiB.
2026-09-25T21:05:35Z INFO [137/367] 15e84d36-5dfb-49b3-aeac-54bbd81aad08: does not qualify; 1.1 s; peak memory 686 MiB.
2026-09-25T21:05:35Z INFO [138/367] 15e8520b-9d3b-4e03-8a45-6440a8604a74: does not qualify; 0.7 s; peak memory 686 MiB.
2026-09-25T21:05:37Z INFO [139/367] 15ea02b9-c2d1-4827-84f9-13f415f1cc0a: does not qualify; 1.2 s; peak memory 686 MiB.
2026-09-25T21:05:37Z INFO [140/367] 15ea2876-48bf-4b61-ba40-07f956f5907d: does not qualify; 0.7 s; peak memory 686 MiB.
2026-09-25T21:05:39Z INFO [141/367] 15eba4d0-b31e-4f67-ae0d-84081fc22c8d: does not qualify; 1.7 s; peak memory 686 MiB.
2026-09-25T21:05:42Z INFO [142/367] 15ebd112-6924-41ab-918a-54b2732d7fc5: does not qualify; 3.3 s; peak memory 686 MiB.
2026-09-25T21:05:43Z INFO [143/367] 15ec4a30-dec4-46ac-9b1e-42664ccb230b: does not qualify; 0.7 s; peak memory 686 MiB.
2026-09-25T21:05:44Z INFO [144/367] 15ec87d9-27ff-44bc-b101-ae3bcfe2e1bc: does not qualify; 1.2 s; peak memory 686 MiB.
2026-09-25T21:05:49Z INFO [145/367] 15ece562-e661-404a-8eaf-83f261c40362: does not qualify; 5.1 s; peak memory 686 MiB.
2026-09-25T21:05:50Z INFO [146/367] 15edc03c-a763-4cb4-b449-a523ca74f93c: does not qualify; 0.8 s; peak memory 686 MiB.
2026-09-25T21:05:51Z INFO [147/367] 15ede697-0bb2-43ef-9bf7-32a6a2fbcede: does not qualify; 0.9 s; peak memory 686 MiB.
2026-09-25T21:05:52Z INFO [148/367] 15ee3d8f-4494-4d81-9758-fd338c5438c1: does not qualify; 0.7 s; peak memory 686 MiB.
2026-09-25T21:05:52Z INFO [149/367] 15ee70a8-001c-496f-a0e7-30076a78a9de: does not qualify; 0.7 s; peak memory 686 MiB.
2026-09-25T21:05:54Z INFO [150/367] 15ef083c-dd3f-4dd9-bed7-6090e71fdd60: does not qualify; 1.8 s; peak memory 686 MiB.
2026-09-25T21:05:54Z INFO [150/367] 15ef083c-dd3f-4dd9-bed7-6090e71fdd60: checkpointed 57436 records.
2026-09-25T21:05:55Z INFO [151/367] 15ef2dc6-c262-4767-8d2b-6e03dc9aef57: does not qualify; 1.0 s; peak memory 686 MiB.
2026-09-25T21:06:00Z INFO [152/367] 15ef84b6-5005-4fa0-8392-298038ac232d: does not qualify; 4.3 s; peak memory 686 MiB.
2026-09-25T21:06:02Z INFO [153/367] 15f1fd4a-3360-42ff-ab51-ae40e7853cf4: does not qualify; 2.0 s; peak memory 686 MiB.
2026-09-25T21:06:06Z INFO [154/367] 15f35d52-d705-4970-901b-d7774cec1368: does not qualify; 4.7 s; peak memory 686 MiB.
2026-09-25T21:06:08Z INFO [155/367] 15f389c1-9eea-4e3d-be33-908c061eea72: does not qualify; 1.5 s; peak memory 686 MiB.
2026-09-25T21:06:09Z INFO [156/367] 15f41f60-f584-4f39-80d0-e577752b3c3f: does not qualify; 0.7 s; peak memory 686 MiB.
2026-09-25T21:06:14Z INFO [157/367] 15f43386-c6cb-4c99-8a85-1b9923033fdf: does not qualify; 5.1 s; peak memory 686 MiB.
2026-09-25T21:06:15Z INFO [158/367] 15f48a6e-3e5f-4c8f-9adf-350dabd2b34d: does not qualify; 0.9 s; peak memory 686 MiB.
2026-09-25T21:06:18Z INFO [159/367] 15f4de0c-edad-4e58-a8a7-c1523a974709: does not qualify; 3.8 s; peak memory 686 MiB.
2026-09-25T21:06:19Z INFO [160/367] 15f517e7-dadf-4d3a-b292-9ff4a380facb: does not qualify; 0.8 s; peak memory 686 MiB.
2026-09-25T21:06:20Z INFO [161/367] 15f713f4-6d8d-43ff-9674-d365b9f69cc7: does not qualify; 0.8 s; peak memory 686 MiB.
2026-09-25T21:06:21Z INFO [162/367] 15f88193-7463-4888-93a7-c074aec33d75: does not qualify; 0.9 s; peak memory 686 MiB.
2026-09-25T21:06:23Z INFO [163/367] 15f8c47a-86eb-4265-ad29-6b03aea7fa2d: qualifies; 1.8 s; peak memory 686 MiB.
2026-09-25T21:06:23Z INFO [164/367] 15f8ff54-7363-4e99-8cb5-de1b58eb73b4: does not qualify; 0.6 s; peak memory 686 MiB.
2026-09-25T21:06:24Z INFO [165/367] 15f9414a-529d-4d95-ac1c-9f214fdf44c2: does not qualify; 0.7 s; peak memory 686 MiB.
2026-09-25T21:06:24Z INFO [166/367] 15f973d8-16fe-43bf-9fe2-81d7ffc9d92f: does not qualify; 0.4 s; peak memory 686 MiB.
2026-09-25T21:06:25Z INFO [167/367] 15facaa2-cc44-472d-b51c-155fd5ec9471: does not qualify; 0.8 s; peak memory 686 MiB.
2026-09-25T21:06:26Z INFO [168/367] 15fcc631-61b4-4b57-9339-aa2ae2cec04e: does not qualify; 0.6 s; peak memory 686 MiB.
2026-09-25T21:06:26Z INFO [169/367] 15fd4e29-0dc9-4637-950c-3f236e8c1869: does not qualify; 0.8 s; peak memory 686 MiB.
2026-09-25T21:06:27Z INFO [170/367] 15fdb76b-247c-4d96-aedf-7214b8c6fd63: does not qualify; 0.8 s; peak memory 686 MiB.
2026-09-25T21:06:28Z INFO [171/367] 15fe0ef9-9b5f-48a1-b669-569f4d59738a: does not qualify; 0.6 s; peak memory 686 MiB.
2026-09-25T21:06:29Z INFO [172/367] 15fe639d-f921-41cd-815f-fd046708d24a: does not qualify; 0.7 s; peak memory 686 MiB.
2026-09-25T21:06:29Z INFO [173/367] 15fe675b-8395-48b1-b818-0dafdd8e3871: does not qualify; 0.6 s; peak memory 686 MiB.
2026-09-25T21:06:30Z INFO [174/367] 15fe6d8f-b8e4-4859-b01c-44d4b738c4e6: does not qualify; 0.9 s; peak memory 686 MiB.
2026-09-25T21:06:32Z INFO [175/367] 15fe8ff4-4cb7-4b06-b98d-83e08159f826: does not qualify; 2.1 s; peak memory 686 MiB.
2026-09-25T21:06:33Z INFO [176/367] 15fefbd1-b3b8-42e9-a3f0-311085a63519: does not qualify; 0.6 s; peak memory 686 MiB.
2026-09-25T21:06:33Z INFO [177/367] 15ff2547-b82b-4530-b566-dff7c38f134a: does not qualify; 0.4 s; peak memory 686 MiB.
2026-09-25T21:06:36Z INFO [178/367] 15ffc3f9-d6c1-45d7-9390-3de8ae0cf678: does not qualify; 3.0 s; peak memory 686 MiB.
2026-09-25T21:06:37Z INFO [179/367] 15ffcd06-04e5-4929-85ae-edb1def79fee: does not qualify; 0.6 s; peak memory 686 MiB.
2026-09-25T21:06:37Z INFO [180/367] 16004999-892b-4f5d-80de-3b76f9bf49ce: does not qualify; 0.4 s; peak memory 686 MiB.
2026-09-25T21:06:46Z INFO [181/367] 16007758-1eb2-4991-ab55-3b1e86921fb2: does not qualify; 8.5 s; peak memory 686 MiB.
2026-09-25T21:06:47Z INFO [182/367] 16007ad8-317b-4126-9303-de7af7c02ba3: does not qualify; 0.8 s; peak memory 686 MiB.
2026-09-25T21:06:48Z INFO [183/367] 16009a46-ecf9-4877-8d9a-9c959cb50f55: does not qualify; 1.0 s; peak memory 686 MiB.
2026-09-25T21:06:48Z INFO [184/367] 1601210d-1028-4c3b-8b9e-dda2dd78e95d: does not qualify; 0.9 s; peak memory 686 MiB.
2026-09-25T21:06:49Z INFO [185/367] 160160fc-06e9-4533-89c6-09eb14809fad: does not qualify; 1.0 s; peak memory 686 MiB.
2026-09-25T21:06:49Z WARNING 16031d88-9b27-46b8-91f6-d31c78eaef5d: failed while retrieving asset information from the DANDI API (NotFoundError: No asset at path 'sub-754897/sub-754897_ses-behavior-754897-2025-03-14-11-28-48.nwb' in version draft. Verify the path is correct and the asset exists in this version. Use 'dandi ls' to list available assets.)
2026-09-25T21:06:49Z WARNING [186/367] 16031d88-9b27-46b8-91f6-d31c78eaef5d: leaving unrecorded for a later run to retry.
2026-09-25T21:06:50Z INFO [187/367] 16031fc4-8d01-4c2e-b2b6-eda65b6a675b: does not qualify; 0.7 s; peak memory 686 MiB.
2026-09-25T21:06:51Z INFO [188/367] 16033829-fb05-4f5c-ba51-739798513792: does not qualify; 0.7 s; peak memory 686 MiB.
2026-09-25T21:06:52Z INFO [189/367] 16044965-4a60-48bb-96d5-7e5a4080a823: does not qualify; 0.9 s; peak memory 686 MiB.
2026-09-25T21:06:53Z INFO [190/367] 1604791d-5e68-4b33-9140-183c562e9e33: does not qualify; 0.9 s; peak memory 686 MiB.
2026-09-25T21:06:54Z INFO [191/367] 16048ce6-429f-4f6b-b590-063d8b532c92: does not qualify; 0.8 s; peak memory 686 MiB.
2026-09-25T21:06:57Z INFO [192/367] 1605d8e5-ac8c-41d4-b85d-58e531793c0e: does not qualify; 3.1 s; peak memory 686 MiB.
2026-09-25T21:06:57Z INFO [193/367] 1606ac7b-cc44-4b64-ae8e-ed4c401f8a0b: does not qualify; 0.9 s; peak memory 686 MiB.
2026-09-25T21:06:58Z INFO [194/367] 1606af5d-9cf1-4a82-bc88-aa56d418ec36: does not qualify; 0.7 s; peak memory 686 MiB.
2026-09-25T21:06:59Z INFO [195/367] 160748b1-4a76-471f-8dcd-8756888c1ec7: does not qualify; 0.4 s; peak memory 686 MiB.
2026-09-25T21:06:59Z INFO [196/367] 160793d2-3edb-45e4-af8c-a5b5088dc8c5: does not qualify; 0.8 s; peak memory 686 MiB.
2026-09-25T21:07:01Z INFO [197/367] 1607ddb8-bcf2-4241-a790-87117fb2aa0e: does not qualify; 1.1 s; peak memory 686 MiB.
2026-09-25T21:07:02Z INFO [198/367] 1607fad5-26f7-4459-932a-5f33087e8578: does not qualify; 1.0 s; peak memory 686 MiB.
2026-09-25T21:07:03Z INFO [199/367] 16081eaf-f80e-4dcf-a384-fd4bfd89febd: does not qualify; 1.4 s; peak memory 686 MiB.
2026-09-25T21:07:04Z INFO [200/367] 16082ccf-323d-4bf7-94e6-76d50d90113f: does not qualify; 0.9 s; peak memory 686 MiB.
2026-09-25T21:07:04Z INFO [200/367] 16082ccf-323d-4bf7-94e6-76d50d90113f: checkpointed 57485 records.
2026-09-25T21:07:05Z INFO [201/367] 1608762f-2a2a-4270-ae91-656b1fb0a0be: does not qualify; 0.9 s; peak memory 686 MiB.
2026-09-25T21:07:06Z INFO [202/367] 1608bc38-c619-4871-a4e2-d68b8c3a1260: does not qualify; 0.8 s; peak memory 686 MiB.
2026-09-25T21:07:06Z INFO [203/367] 16093b16-6a8b-4bce-be1e-a97142e1609e: does not qualify; 0.7 s; peak memory 686 MiB.
2026-09-25T21:07:10Z INFO [204/367] 16094722-28ad-417a-acf8-9d75635ec837: does not qualify; 4.0 s; peak memory 686 MiB.
2026-09-25T21:07:12Z INFO [205/367] 16099951-d067-4107-8d83-82e0fe773a92: does not qualify; 1.3 s; peak memory 686 MiB.
2026-09-25T21:07:17Z INFO [206/367] 160a1fd9-161b-4fb0-8e45-387b164e2b3d: does not qualify; 5.3 s; peak memory 686 MiB.
2026-09-25T21:07:17Z INFO [207/367] 160a2549-eae8-4df8-9965-abf779f13e83: does not qualify; 0.6 s; peak memory 686 MiB.
2026-09-25T21:07:18Z INFO [208/367] 160a4edc-b442-47f5-87e0-24948725d2c5: does not qualify; 0.6 s; peak memory 686 MiB.
2026-09-25T21:07:20Z INFO [209/367] 160aa97e-b53e-46a3-9b9e-2871189df3c5: does not qualify; 1.6 s; peak memory 686 MiB.
2026-09-25T21:07:21Z INFO [210/367] 160af635-aca2-446f-a270-a92efff809d1: does not qualify; 1.6 s; peak memory 686 MiB.
2026-09-25T21:07:24Z INFO [211/367] 160ba0e6-a506-49bd-a242-bd8f1e175179: does not qualify; 3.1 s; peak memory 686 MiB.
2026-09-25T21:07:26Z INFO [212/367] 160cfe54-b02d-4f30-b9b4-75e596549b30: does not qualify; 1.1 s; peak memory 686 MiB.
2026-09-25T21:07:30Z INFO [213/367] 160f3880-ca71-4d8c-96a7-7c2be72eea63: does not qualify; 4.7 s; peak memory 686 MiB.
2026-09-25T21:07:38Z INFO [214/367] 1610ad19-31f1-4b62-9bb8-334f615d67b7: does not qualify; 7.9 s; peak memory 686 MiB.
2026-09-25T21:07:44Z INFO [215/367] 16125cd9-689b-4fc8-a24d-3915b02a233f: does not qualify; 6.1 s; peak memory 686 MiB.
2026-09-25T21:07:45Z INFO [216/367] 16127e76-edb7-4cab-901c-0824119241fc: does not qualify; 0.4 s; peak memory 686 MiB.
2026-09-25T21:07:45Z INFO [217/367] 16141daa-e622-4074-9333-e7051dcb4bf1: does not qualify; 0.8 s; peak memory 686 MiB.
2026-09-25T21:07:47Z INFO [218/367] 16147ece-303a-4f2b-a5d3-e7f4874113da: does not qualify; 2.0 s; peak memory 686 MiB.
2026-09-25T21:07:52Z INFO [219/367] 16153794-f9a9-4f32-8376-aada0ff129e8: does not qualify; 4.9 s; peak memory 686 MiB.
2026-09-25T21:07:56Z INFO [220/367] 1615cc66-f08b-4787-a46a-8311a06dd824: does not qualify; 3.7 s; peak memory 686 MiB.
2026-09-25T21:08:00Z INFO [221/367] 16160346-b3b5-4396-81d4-b49b9283ec77: does not qualify; 3.7 s; peak memory 686 MiB.
2026-09-25T21:08:01Z INFO [222/367] 16174541-5fdc-4b1b-96b1-f47cb68a0ccc: does not qualify; 1.1 s; peak memory 686 MiB.
2026-09-25T21:08:01Z INFO [223/367] 16174da4-a4d0-4ef6-b184-dd8122f83a1f: does not qualify; 0.6 s; peak memory 686 MiB.
2026-09-25T21:08:02Z INFO [224/367] 16176397-1b29-496d-9193-5555393b4304: does not qualify; 0.7 s; peak memory 686 MiB.
2026-09-25T21:08:07Z INFO [225/367] 16184f36-d9ce-4fb5-9dbc-df1c8cf9050d: does not qualify; 4.7 s; peak memory 686 MiB.
2026-09-25T21:08:08Z INFO [226/367] 1618775a-b5c2-4e00-84d7-513dacb15687: does not qualify; 1.0 s; peak memory 686 MiB.
2026-09-25T21:08:09Z INFO [227/367] 1619038e-f806-4723-8e8d-5afecc17fe5b: does not qualify; 1.1 s; peak memory 686 MiB.
2026-09-25T21:08:14Z INFO [228/367] 16196c15-acd4-4ed3-b67a-f57e278ee87a: does not qualify; 5.3 s; peak memory 686 MiB.
2026-09-25T21:08:19Z INFO [229/367] 16197a12-e90e-4dd9-bfd3-a3a5777e1565: does not qualify; 5.0 s; peak memory 686 MiB.
2026-09-25T21:08:22Z INFO [230/367] 1619fc1a-3d8d-4134-8dad-eed80f30646e: does not qualify; 3.1 s; peak memory 686 MiB.
2026-09-25T21:08:24Z INFO [231/367] 161a876f-953c-4db5-a396-56cb3b579c54: does not qualify; 1.3 s; peak memory 686 MiB.
2026-09-25T21:08:25Z INFO [232/367] 161ae64b-acab-4567-ab0f-416cea7e740f: does not qualify; 0.9 s; peak memory 686 MiB.
2026-09-25T21:08:27Z INFO [233/367] 161bf3a7-5b29-4132-a47b-21615bb10b2d: does not qualify; 1.9 s; peak memory 686 MiB.
2026-09-25T21:08:28Z INFO [234/367] 161bf6f7-4af6-4117-9e1c-0284fd9a69f5: does not qualify; 1.1 s; peak memory 686 MiB.
2026-09-25T21:08:28Z INFO [235/367] 161c5ecd-22f8-44f1-914b-3dbc60fd2fec: does not qualify; 0.8 s; peak memory 686 MiB.
2026-09-25T21:08:29Z INFO [236/367] 161c69a3-5c48-4170-8693-7c370d97fdec: does not qualify; 0.6 s; peak memory 686 MiB.
2026-09-25T21:08:30Z INFO [237/367] 161cd173-8eca-4ea7-ac57-eccae5c88dea: does not qualify; 0.8 s; peak memory 686 MiB.
2026-09-25T21:08:31Z INFO [238/367] 161cdfad-a4fe-4e87-b470-fd5e39718f3e: does not qualify; 0.9 s; peak memory 686 MiB.
2026-09-25T21:08:39Z INFO [239/367] 161fdc34-0e0e-4612-8f32-858118a514a7: does not qualify; 8.0 s; peak memory 686 MiB.
2026-09-25T21:08:39Z INFO [240/367] 161ffe05-cf8b-4fe9-86dd-a6316830eb51: does not qualify; 0.7 s; peak memory 686 MiB.
2026-09-25T21:08:40Z INFO [241/367] 1620fd38-88a2-4da6-92a7-98bf171f924e: does not qualify; 1.0 s; peak memory 686 MiB.
2026-09-25T21:08:41Z INFO [242/367] 1621b65a-a35c-45a1-8156-a2327c4c8e98: does not qualify; 0.5 s; peak memory 686 MiB.
2026-09-25T21:08:41Z INFO [243/367] 16220da9-acd8-468e-9230-7c793e623bfd: does not qualify; 0.5 s; peak memory 686 MiB.
2026-09-25T21:08:42Z INFO [244/367] 16224a51-ae7c-4b10-a50a-1521d2902f51: does not qualify; 0.5 s; peak memory 686 MiB.
2026-09-25T21:08:50Z INFO [245/367] 16225fbb-6e0f-48dc-a94a-e9b33fc2d972: does not qualify; 8.4 s; peak memory 686 MiB.
2026-09-25T21:08:51Z INFO [246/367] 16230b82-fce5-49be-89e4-e2d7028f01a9: does not qualify; 1.0 s; peak memory 686 MiB.
2026-09-25T21:08:52Z INFO [247/367] 16239015-de5c-4790-a9f8-dc934f201dd5: does not qualify; 0.7 s; peak memory 686 MiB.
2026-09-25T21:08:53Z INFO [248/367] 1623c2f0-d39f-4ccd-9c9d-243b20cd935a: does not qualify; 0.7 s; peak memory 686 MiB.
2026-09-25T21:08:54Z INFO [249/367] 16243931-ba18-444d-a570-ca9ffa87903f: does not qualify; 0.9 s; peak memory 686 MiB.
2026-09-25T21:08:54Z INFO [250/367] 16257b1b-b797-429a-a7d9-3aa6b3d455c0: does not qualify; 0.7 s; peak memory 686 MiB.
2026-09-25T21:08:54Z INFO [250/367] 16257b1b-b797-429a-a7d9-3aa6b3d455c0: checkpointed 57535 records.
2026-09-25T21:08:59Z INFO [251/367] 1626672e-4315-4f65-9205-75d63e71a187: does not qualify; 4.5 s; peak memory 686 MiB.
2026-09-25T21:09:00Z INFO [252/367] 16274d6f-47f8-4b15-a72c-ed5c9cfce127: does not qualify; 0.9 s; peak memory 686 MiB.
2026-09-25T21:09:01Z INFO [253/367] 1627a950-837e-4597-b767-7802c72d3f00: does not qualify; 0.8 s; peak memory 686 MiB.
2026-09-25T21:09:02Z INFO [254/367] 16281cdd-c224-47ec-b34d-d3934fb4c374: does not qualify; 0.7 s; peak memory 686 MiB.
2026-09-25T21:09:02Z INFO [255/367] 16281e62-c048-4e84-9806-6b53b594f575: does not qualify; 0.7 s; peak memory 686 MiB.
2026-09-25T21:09:07Z INFO [256/367] 16299dc2-b709-4c81-8a96-26898f2c673c: does not qualify; 4.3 s; peak memory 686 MiB.
2026-09-25T21:09:09Z INFO [257/367] 1629be26-7bc7-4a71-b7b6-22ecc3efdcaf: does not qualify; 2.0 s; peak memory 686 MiB.
2026-09-25T21:09:10Z INFO [258/367] 162a287d-a3c1-487f-9181-d7d4be2618e1: does not qualify; 1.3 s; peak memory 686 MiB.
2026-09-25T21:09:21Z INFO [259/367] 162a3e8b-f436-4e59-abc2-4a6e9a1d285f: does not qualify; 11.5 s; peak memory 686 MiB.
2026-09-25T21:09:22Z INFO [260/367] 162af150-e0fd-49f2-9650-97c4803c40aa: does not qualify; 0.7 s; peak memory 686 MiB.
2026-09-25T21:09:23Z INFO [261/367] 162b120f-79b0-47a0-a594-195f8ecc7547: does not qualify; 0.7 s; peak memory 686 MiB.
2026-09-25T21:09:23Z INFO [262/367] 162b97ea-f0d3-4cc9-bb55-3692b58adf46: does not qualify; 0.6 s; peak memory 686 MiB.
2026-09-25T21:09:24Z INFO [263/367] 162bc7a3-8042-4c39-a4fe-519260c8f985: does not qualify; 0.6 s; peak memory 686 MiB.
2026-09-25T21:09:25Z INFO [264/367] 162ce45b-5f91-49f6-8d20-306074f12fcc: does not qualify; 1.1 s; peak memory 686 MiB.
2026-09-25T21:09:26Z INFO [265/367] 162cf267-3fcc-4ec6-b080-45766b685a4d: does not qualify; 0.6 s; peak memory 686 MiB.
2026-09-25T21:09:26Z INFO [266/367] 162d19bf-ab2b-483d-986f-0d3bb94c6e11: does not qualify; 0.7 s; peak memory 686 MiB.
2026-09-25T21:09:27Z INFO [267/367] 162ea38c-50df-496e-93be-9cf1e1216f69: does not qualify; 0.9 s; peak memory 686 MiB.
2026-09-25T21:09:28Z INFO [268/367] 162eca25-3be9-4fa6-9695-9951ec41f0d5: does not qualify; 0.9 s; peak memory 686 MiB.
2026-09-25T21:09:29Z INFO [269/367] 162ed6df-bfbc-4025-b635-d59692855778: does not qualify; 0.8 s; peak memory 686 MiB.
2026-09-25T21:09:30Z INFO [270/367] 162f8c4d-82d0-4ace-bd7b-9f2ccdb41f04: does not qualify; 0.9 s; peak memory 686 MiB.
2026-09-25T21:09:31Z INFO [271/367] 162fbf90-06b3-48c4-b1fd-dd22b8409f6c: does not qualify; 0.9 s; peak memory 686 MiB.
2026-09-25T21:09:32Z INFO [272/367] 16301deb-740a-42c4-b745-d6087561c7c9: does not qualify; 1.1 s; peak memory 686 MiB.
2026-09-25T21:09:33Z INFO [273/367] 1631f994-e1b3-41c7-b46d-13f98e0ba4ee: does not qualify; 1.0 s; peak memory 686 MiB.
2026-09-25T21:09:34Z INFO [274/367] 163206d8-d861-4a4a-8361-2e0821fbd2ba: does not qualify; 0.8 s; peak memory 686 MiB.
2026-09-25T21:09:35Z INFO [275/367] 163211b5-e8de-47b3-b7d5-6836852bb382: does not qualify; 1.0 s; peak memory 686 MiB.
2026-09-25T21:09:35Z INFO [276/367] 163211f5-86af-4aa2-aa5b-8d1839e52ad5: does not qualify; 0.8 s; peak memory 686 MiB.
2026-09-25T21:09:39Z INFO [277/367] 16324d8e-d0bd-4c96-a84b-e40c1d5d2887: does not qualify; 4.0 s; peak memory 686 MiB.
2026-09-25T21:09:40Z INFO [278/367] 1633169a-9921-4534-b921-2211798d9a33: does not qualify; 0.6 s; peak memory 686 MiB.
2026-09-25T21:09:41Z INFO [279/367] 16337e56-54d1-4d5d-b8c7-fd797e4d4a9e: does not qualify; 0.6 s; peak memory 686 MiB.
2026-09-25T21:09:43Z INFO [280/367] 16354716-2b87-4161-b533-484736777227: does not qualify; 2.3 s; peak memory 686 MiB.
2026-09-25T21:09:44Z INFO [281/367] 1635d1cd-2876-4383-9490-627d304aea57: does not qualify; 0.8 s; peak memory 686 MiB.
2026-09-25T21:09:45Z INFO [282/367] 1636dbd2-9746-4755-9d4a-0ad7f452b1b2: does not qualify; 0.9 s; peak memory 686 MiB.
2026-09-25T21:09:46Z INFO [283/367] 1637c4b9-8bbb-4b0d-9ce2-673d72385efd: does not qualify; 0.9 s; peak memory 686 MiB.
2026-09-25T21:09:50Z INFO [284/367] 1639004c-260c-459c-ab9b-fec63a826abf: does not qualify; 4.9 s; peak memory 686 MiB.
2026-09-25T21:09:51Z INFO [285/367] 163947c0-276e-4a76-9b34-a26898fa797e: does not qualify; 0.6 s; peak memory 686 MiB.
2026-09-25T21:09:52Z INFO [286/367] 16395240-5050-4195-beec-1cad5b675ef2: qualifies; 1.2 s; peak memory 686 MiB.
2026-09-25T21:09:53Z INFO [287/367] 1639d8b8-d585-4d8f-b93b-f367a51b693f: does not qualify; 0.7 s; peak memory 686 MiB.
2026-09-25T21:09:54Z INFO [288/367] 163a7da6-1a76-437c-94ef-c71b1fbae392: does not qualify; 0.8 s; peak memory 686 MiB.
2026-09-25T21:09:54Z INFO [289/367] 163b2c85-804b-4d02-b1cb-0dbf0b588595: does not qualify; 0.6 s; peak memory 686 MiB.
2026-09-25T21:09:55Z INFO [290/367] 163b49ea-e2b7-4021-ab64-cf01159f2fcb: does not qualify; 0.8 s; peak memory 686 MiB.
2026-09-25T21:09:56Z INFO [291/367] 163b6139-49c8-4956-b74b-f696fb9464f8: does not qualify; 0.8 s; peak memory 686 MiB.
2026-09-25T21:09:57Z INFO [292/367] 163b61b2-ca20-4e04-8767-9431044386bd: does not qualify; 1.1 s; peak memory 686 MiB.
2026-09-25T21:09:58Z INFO [293/367] 163c7991-f982-452b-b2e6-9b659d2ded83: does not qualify; 0.9 s; peak memory 686 MiB.
2026-09-25T21:09:59Z INFO [294/367] 163d2a4b-94ee-4fba-b5de-0e81ae7b508e: does not qualify; 0.7 s; peak memory 686 MiB.
2026-09-25T21:09:59Z INFO [295/367] 163d3e92-d803-495f-a8ec-35b11c50b849: does not qualify; 0.8 s; peak memory 686 MiB.
2026-09-25T21:10:00Z INFO [296/367] 163ead02-c12e-49ea-b233-a02cec7de77a: does not qualify; 1.0 s; peak memory 686 MiB.
2026-09-25T21:10:02Z INFO [297/367] 163fa285-5d2b-4a78-969f-ceca06f74911: does not qualify; 1.4 s; peak memory 686 MiB.
2026-09-25T21:10:03Z INFO [298/367] 16401539-75be-4dd2-a679-89a993f7d2af: does not qualify; 1.0 s; peak memory 686 MiB.
2026-09-25T21:10:04Z INFO [299/367] 164055ca-e22d-4909-8c94-b0579890688b: does not qualify; 0.8 s; peak memory 686 MiB.
2026-09-25T21:10:04Z INFO [300/367] 16407ac9-ed07-4097-853d-5ea8cdb2f0b1: does not qualify; 0.9 s; peak memory 686 MiB.
2026-09-25T21:10:05Z INFO [300/367] 16407ac9-ed07-4097-853d-5ea8cdb2f0b1: checkpointed 57585 records.
2026-09-25T21:10:05Z INFO [301/367] 164092ae-f5b8-4896-a04c-848391417475: does not qualify; 0.8 s; peak memory 686 MiB.
2026-09-25T21:10:06Z INFO [302/367] 1640ea71-bc0c-4976-ae96-c60120ede96c: does not qualify; 1.0 s; peak memory 686 MiB.
2026-09-25T21:10:07Z INFO [303/367] 1641a60f-b869-4f6c-a57b-e4a83515fa03: does not qualify; 1.0 s; peak memory 686 MiB.
2026-09-25T21:10:10Z INFO [304/367] 16423ca5-b18a-4543-9f86-e20b0f61f0b4: does not qualify; 2.4 s; peak memory 686 MiB.
2026-09-25T21:10:10Z INFO [305/367] 16425e95-5e24-472a-a06b-8975e3e45bea: does not qualify; 0.7 s; peak memory 686 MiB.
2026-09-25T21:10:11Z INFO [306/367] 16429a34-5619-4233-8845-b369101408d8: does not qualify; 0.7 s; peak memory 686 MiB.
2026-09-25T21:10:12Z INFO [307/367] 1642d3cc-da6a-4641-ad30-0a656790a127: does not qualify; 0.8 s; peak memory 686 MiB.
2026-09-25T21:10:12Z INFO [308/367] 16432651-b3ce-4881-812d-7cfd17b207bd: does not qualify; 0.5 s; peak memory 686 MiB.
2026-09-25T21:10:18Z INFO [309/367] 1643ad25-fe9c-4b33-a769-088885b76ccf: does not qualify; 5.4 s; peak memory 686 MiB.
2026-09-25T21:10:19Z INFO [310/367] 1644656a-f0a6-4a04-915b-d1e670eee74e: does not qualify; 0.9 s; peak memory 686 MiB.
2026-09-25T21:10:21Z INFO [311/367] 1644d485-7902-46d5-ad75-b9dd6c308259: does not qualify; 1.8 s; peak memory 686 MiB.
2026-09-25T21:10:21Z INFO [312/367] 1645a57f-8758-4f63-90ce-b17703b3765a: does not qualify; 0.6 s; peak memory 686 MiB.
2026-09-25T21:10:25Z INFO [313/367] 1645eb2a-3f56-4878-9110-aab43cf0ece5: does not qualify; 3.8 s; peak memory 686 MiB.
2026-09-25T21:10:26Z INFO [314/367] 164653b0-6fdc-4ac6-bbf0-07b400bc543f: does not qualify; 0.8 s; peak memory 686 MiB.
2026-09-25T21:10:31Z INFO [315/367] 164668a1-e668-40bf-a281-e137c463623e: does not qualify; 4.9 s; peak memory 686 MiB.
2026-09-25T21:10:32Z INFO [316/367] 16479ce3-eb58-4e0b-a1ea-921487178eec: does not qualify; 1.1 s; peak memory 686 MiB.
2026-09-25T21:10:32Z INFO [317/367] 1648811a-91e8-48ae-933a-e07bbc4e581b: does not qualify; 0.6 s; peak memory 686 MiB.
2026-09-25T21:10:37Z INFO [318/367] 16491e54-9636-426e-bac8-04f66c1f4df3: does not qualify; 4.9 s; peak memory 686 MiB.
2026-09-25T21:10:38Z INFO [319/367] 1649f1f5-3198-4efd-a4a2-b46c1c1a7c25: does not qualify; 1.1 s; peak memory 686 MiB.
2026-09-25T21:10:40Z INFO [320/367] 164a8751-a88b-450d-a77d-adb123e14ba6: does not qualify; 1.4 s; peak memory 686 MiB.
2026-09-25T21:10:45Z INFO [321/367] 164acb96-6d20-449d-97b9-7d196b92b205: does not qualify; 5.2 s; peak memory 686 MiB.
2026-09-25T21:10:46Z INFO [322/367] 164af1ed-8bf4-4bce-9b35-6da38582b6a6: does not qualify; 1.2 s; peak memory 686 MiB.
2026-09-25T21:10:47Z INFO [323/367] 164be034-93f1-48f0-8a05-75860a24b7c8: does not qualify; 1.0 s; peak memory 686 MiB.
2026-09-25T21:10:48Z INFO [324/367] 164c2729-7a78-4b5e-98a7-52f1b2e7e97c: does not qualify; 0.7 s; peak memory 686 MiB.
2026-09-25T21:10:48Z INFO [325/367] 164d22f1-f9fc-4148-a01b-b6d1c5b29e0b: does not qualify; 0.4 s; peak memory 686 MiB.
2026-09-25T21:10:49Z INFO [326/367] 164ece25-7580-481c-bbfa-649e90400b61: does not qualify; 1.0 s; peak memory 686 MiB.
2026-09-25T21:10:50Z INFO [327/367] 164ed796-37a9-4df7-aef3-8ab32dcdf412: does not qualify; 0.4 s; peak memory 686 MiB.
2026-09-25T21:10:51Z INFO [328/367] 164f0d23-83d9-4b9e-9494-2691cc91fb1d: does not qualify; 1.5 s; peak memory 686 MiB.
2026-09-25T21:10:52Z INFO [329/367] 164fa0f8-3dd4-4657-805d-bf187c68ca59: does not qualify; 0.7 s; peak memory 686 MiB.
2026-09-25T21:10:53Z INFO [330/367] 164fe6b0-f5cd-4c5a-b198-88594be6b597: does not qualify; 0.8 s; peak memory 686 MiB.
2026-09-25T21:11:00Z INFO [331/367] 16500bdf-5bf6-47f3-ae10-8652da1b892f: does not qualify; 7.2 s; peak memory 686 MiB.
2026-09-25T21:11:01Z INFO [332/367] 16500fd1-cfc4-42bc-98bb-43524f3e2984: does not qualify; 0.5 s; peak memory 686 MiB.
2026-09-25T21:11:01Z INFO [333/367] 1650d7cc-10ef-40d0-85e3-2623bbba4d08: does not qualify; 0.6 s; peak memory 686 MiB.
2026-09-25T21:11:04Z INFO [334/367] 1651a74d-6b7b-45b2-b6f6-cfa4b8617272: does not qualify; 2.7 s; peak memory 686 MiB.
2026-09-25T21:11:10Z INFO [335/367] 16523fc3-ab9a-4fe3-b454-78a94c2ba0b4: does not qualify; 5.9 s; peak memory 686 MiB.
2026-09-25T21:11:11Z INFO [336/367] 16525091-12e7-4548-ab83-1d191970ea91: does not qualify; 0.9 s; peak memory 686 MiB.
2026-09-25T21:11:11Z INFO [337/367] 16535bc0-8f73-4bbc-ac20-2d443c4574fb: does not qualify; 0.6 s; peak memory 686 MiB.
2026-09-25T21:11:12Z INFO [338/367] 165376b7-1110-4576-9a1b-b12bd7542107: does not qualify; 0.5 s; peak memory 686 MiB.
2026-09-25T21:11:13Z INFO [339/367] 1653b3d1-9352-449b-88f9-ba9f54792c41: does not qualify; 0.9 s; peak memory 686 MiB.
2026-09-25T21:11:14Z INFO [340/367] 1653f584-8947-4736-9d9d-e9126500fe82: does not qualify; 1.4 s; peak memory 686 MiB.
2026-09-25T21:11:15Z INFO [341/367] 16551cf5-d6e5-4790-b2f4-b5466888e276: does not qualify; 0.8 s; peak memory 686 MiB.
2026-09-25T21:11:18Z INFO [342/367] 1656ba11-654c-4c0e-85d7-948aa22303e7: does not qualify; 2.7 s; peak memory 686 MiB.
2026-09-25T21:11:21Z INFO [343/367] 1657121e-4121-467d-8583-890d15421afa: does not qualify; 3.6 s; peak memory 686 MiB.
2026-09-25T21:11:22Z INFO [344/367] 16573a81-e2c4-4956-9ac9-33fca053561a: does not qualify; 0.9 s; peak memory 686 MiB.
2026-09-25T21:11:26Z INFO [345/367] 1657e4a7-b694-4e04-9af3-245e2c6b4bb3: does not qualify; 4.0 s; peak memory 706 MiB.
2026-09-25T21:11:27Z INFO [346/367] 16589300-84e7-4528-b72c-9524fbc98572: does not qualify; 0.5 s; peak memory 706 MiB.
2026-09-25T21:11:27Z INFO [347/367] 16591ff4-7519-434d-9aa7-d815196adc36: does not qualify; 0.4 s; peak memory 706 MiB.
2026-09-25T21:11:28Z INFO [348/367] 16598526-2fa8-4062-8c6f-c340dab95877: does not qualify; 0.8 s; peak memory 706 MiB.
2026-09-25T21:11:28Z INFO [349/367] 165a2b4b-cccc-49e2-9dea-45f6539fb306: does not qualify; 0.4 s; peak memory 706 MiB.
2026-09-25T21:11:29Z INFO [350/367] 165a671c-8b1a-4fe4-96b3-946716a3f28c: does not qualify; 0.6 s; peak memory 706 MiB.
2026-09-25T21:11:29Z INFO [350/367] 165a671c-8b1a-4fe4-96b3-946716a3f28c: checkpointed 57635 records.
2026-09-25T21:11:30Z INFO [351/367] 165ab9f3-80d1-484d-a95d-6ef378691844: does not qualify; 0.7 s; peak memory 706 MiB.
2026-09-25T21:11:30Z INFO [352/367] 165b2e18-2c8b-400e-a4c4-8ba90df7b81c: does not qualify; 0.8 s; peak memory 706 MiB.
2026-09-25T21:11:31Z INFO [353/367] 165b7f89-9133-4a9c-b59e-df74f3029762: does not qualify; 0.7 s; peak memory 706 MiB.
2026-09-25T21:11:32Z INFO [354/367] 165b9532-95ba-496c-a90d-a82d40b0f8c0: does not qualify; 1.2 s; peak memory 706 MiB.
2026-09-25T21:11:34Z INFO [355/367] 165bdd62-2c52-4a99-b006-ec319550ced9: does not qualify; 2.2 s; peak memory 706 MiB.
2026-09-25T21:11:35Z INFO [356/367] 165c96a9-7753-45f2-a652-15a383398e41: does not qualify; 0.9 s; peak memory 706 MiB.
2026-09-25T21:11:36Z INFO [357/367] 165ce6bf-12f3-4a4f-9c4c-9bf141fd7a25: does not qualify; 0.8 s; peak memory 706 MiB.
2026-09-25T21:11:37Z INFO [358/367] 165d1f6a-ea84-47be-83bc-2d84ee9c8295: does not qualify; 0.9 s; peak memory 706 MiB.
2026-09-25T21:11:42Z INFO [359/367] 165e7725-f681-4554-8899-f8f6f6515bda: does not qualify; 4.6 s; peak memory 706 MiB.
2026-09-25T21:11:43Z INFO [360/367] 165e9a3c-74bc-4528-9876-862e04232c94: does not qualify; 0.8 s; peak memory 706 MiB.
2026-09-25T21:11:44Z INFO [361/367] 165eeffa-f002-4f9a-a5a0-d923ddb48735: does not qualify; 1.3 s; peak memory 706 MiB.
2026-09-25T21:11:45Z INFO [362/367] 165f02b5-0a77-44af-a538-8fdde24864b5: does not qualify; 0.7 s; peak memory 706 MiB.
2026-09-25T21:11:45Z INFO [363/367] 165f8807-7621-4430-80e6-916aa8a187ff: does not qualify; 0.6 s; peak memory 706 MiB.
2026-09-25T21:11:46Z INFO [364/367] 166047f1-99cc-4111-a613-0448a6b50710: does not qualify; 0.8 s; peak memory 706 MiB.
2026-09-25T21:11:47Z INFO [365/367] 16606955-de3f-47ff-8c3b-c5a027eb3142: does not qualify; 0.9 s; peak memory 706 MiB.
2026-09-25T21:11:48Z INFO [366/367] 16624e72-f756-4ee7-adde-84fe464a9aaf: does not qualify; 0.8 s; peak memory 706 MiB.
2026-09-25T21:11:48Z INFO [367/367] 1662669f-0c88-4d30-9364-945d47a9ecf3: does not qualify; 0.6 s; peak memory 706 MiB.
2026-09-25T21:11:48Z INFO Wrote 57652 records to /tmp/derivatives/qualifying_lfp_content_ids.jsonl (366 new, 1 failed) in 10.2 min (peak memory 706 MiB).
