2026-09-22T02:57:56Z INFO Logging to /tmp/logs/update_2026-09-22T02-57-56Z.log.
2026-09-22T02:57:56Z INFO Update qualifying-lfp-content-ids (base directory /tmp).
2026-09-22T02:57:58Z INFO Processing 372 items (53217 already recorded).
2026-09-22T02:58:03Z INFO [1/372] 0d3cd2fa-bc9d-4683-a422-484e6925a00a: does not qualify; 5.6 s; peak memory 238 MiB.
2026-09-22T02:58:04Z INFO [2/372] 0d3cf2bf-4a7a-4aba-bfec-b56a3abccb08: does not qualify; 1.3 s; peak memory 238 MiB.
2026-09-22T02:58:05Z INFO [3/372] 0d3d0b21-cf46-4ce6-8482-4125da5a32be: does not qualify; 0.9 s; peak memory 238 MiB.
2026-09-22T02:58:27Z INFO [4/372] 0d3d6ea2-5d67-43cc-98c0-c7a8b8ba8fab: does not qualify; 22.1 s; peak memory 778 MiB.
2026-09-22T02:58:29Z INFO [5/372] 0d3e5b27-26e2-46c3-bed6-947dc3cc5d58: does not qualify; 1.8 s; peak memory 778 MiB.
2026-09-22T02:58:31Z INFO [6/372] 0d3e7993-ae4d-49f4-9f05-d72dd2fcc6aa: does not qualify; 1.5 s; peak memory 778 MiB.
2026-09-22T02:58:32Z INFO [7/372] 0d3ec053-bfe8-4fb7-a848-86bd79c00e07: does not qualify; 1.1 s; peak memory 778 MiB.
2026-09-22T02:58:33Z INFO [8/372] 0d3f3dd9-49c7-472b-b9e8-851e50465d7a: does not qualify; 1.2 s; peak memory 778 MiB.
2026-09-22T02:58:34Z INFO [9/372] 0d3feade-020d-406f-933e-58331014baaf: does not qualify; 0.8 s; peak memory 778 MiB.
2026-09-22T02:58:35Z INFO [10/372] 0d3ff12c-3460-42b1-83c8-f8379f012899: does not qualify; 0.9 s; peak memory 778 MiB.
2026-09-22T02:58:42Z INFO [11/372] 0d40a8c1-2f8f-495c-83f6-fb752dce11ba: does not qualify; 6.9 s; peak memory 778 MiB.
2026-09-22T02:58:43Z INFO [12/372] 0d412b08-e2f4-40bc-8895-47a28f651f0d: does not qualify; 1.0 s; peak memory 778 MiB.
2026-09-22T02:58:43Z INFO [13/372] 0d413e18-1851-42f4-bfdb-f5df0c361788: does not qualify; 0.7 s; peak memory 778 MiB.
2026-09-22T02:58:44Z INFO [14/372] 0d41c93d-597e-4e8a-afea-2d7fb920a21b: does not qualify; 1.0 s; peak memory 778 MiB.
2026-09-22T02:58:45Z INFO [15/372] 0d41d21b-8dff-40aa-9164-3ac31364ddba: does not qualify; 1.0 s; peak memory 778 MiB.
2026-09-22T02:58:47Z INFO [16/372] 0d42ae14-3260-4575-ba81-a2a14ce9bd72: does not qualify; 1.4 s; peak memory 778 MiB.
2026-09-22T02:58:48Z INFO [17/372] 0d42dd2b-ae4e-45d9-81ca-ba87087b6eb0: does not qualify; 1.5 s; peak memory 778 MiB.
2026-09-22T02:58:49Z INFO [18/372] 0d43981b-5585-47fe-b5b4-d89130ae7885: does not qualify; 1.0 s; peak memory 778 MiB.
2026-09-22T02:58:50Z INFO [19/372] 0d43c1aa-11fc-4a3c-8529-fc4f38088346: does not qualify; 0.9 s; peak memory 778 MiB.
2026-09-22T02:58:51Z INFO [20/372] 0d43ca14-f581-45ae-a72b-be08cc3f5430: does not qualify; 0.8 s; peak memory 778 MiB.
2026-09-22T02:58:52Z INFO [21/372] 0d43d854-e826-4ef5-855e-b9f8219a5b99: does not qualify; 1.4 s; peak memory 778 MiB.
2026-09-22T02:58:54Z INFO [22/372] 0d43e0fe-a725-426e-8913-d87458a09d9e: does not qualify; 1.5 s; peak memory 778 MiB.
2026-09-22T02:58:55Z INFO [23/372] 0d4409a7-19f5-46f2-bcb8-909ef27ef8b9: does not qualify; 0.7 s; peak memory 778 MiB.
2026-09-22T02:58:56Z INFO [24/372] 0d4419b9-1003-4033-89c3-031388e19bc7: does not qualify; 1.5 s; peak memory 778 MiB.
2026-09-22T02:58:57Z INFO [25/372] 0d44b44a-5fe5-456d-ae1a-567e7511512d: does not qualify; 1.0 s; peak memory 778 MiB.
2026-09-22T02:58:58Z INFO [26/372] 0d44e726-1757-44d1-a7e9-2eb8a01ee7de: does not qualify; 0.9 s; peak memory 778 MiB.
2026-09-22T02:58:59Z INFO [27/372] 0d454685-1a90-4064-9689-e2e09a9b2f2a: does not qualify; 0.7 s; peak memory 778 MiB.
2026-09-22T02:59:02Z INFO [28/372] 0d45a360-35e3-4209-afc4-490af62c5bab: does not qualify; 3.6 s; peak memory 778 MiB.
2026-09-22T02:59:03Z INFO [29/372] 0d464b01-a147-4714-a312-3ed6e7d102a5: does not qualify; 1.0 s; peak memory 778 MiB.
2026-09-22T02:59:04Z INFO [30/372] 0d466f54-092b-455a-bf41-ea9c74f649ab: does not qualify; 0.8 s; peak memory 778 MiB.
2026-09-22T02:59:05Z INFO [31/372] 0d46ba64-2b35-4ac6-975e-9500b5bfd28f: does not qualify; 1.1 s; peak memory 778 MiB.
2026-09-22T02:59:08Z INFO [32/372] 0d46d308-59ad-4a9d-986e-75e06d7fd0dc: does not qualify; 3.0 s; peak memory 778 MiB.
2026-09-22T02:59:09Z INFO [33/372] 0d471d06-8131-40cc-a66b-a46ca0ca8adc: does not qualify; 1.0 s; peak memory 778 MiB.
2026-09-22T02:59:23Z INFO [34/372] 0d47b0cc-c48c-4003-b56b-78024806cad3: does not qualify; 14.4 s; peak memory 778 MiB.
2026-09-22T02:59:24Z INFO [35/372] 0d4a7416-6707-46bb-aa87-4743140373ca: does not qualify; 0.8 s; peak memory 778 MiB.
2026-09-22T02:59:25Z INFO [36/372] 0d4c22fb-a872-446f-83e6-bbb11fc5d775: does not qualify; 1.0 s; peak memory 778 MiB.
2026-09-22T02:59:27Z INFO [37/372] 0d4c4857-782d-4a50-8e6a-a3e32343116f: does not qualify; 1.9 s; peak memory 778 MiB.
2026-09-22T02:59:28Z INFO [38/372] 0d4d7f10-9b8e-4d76-9b5f-aeeeead2b515: does not qualify; 0.7 s; peak memory 778 MiB.
2026-09-22T02:59:31Z INFO [39/372] 0d4dbf5d-1a7f-4c44-bf02-bd87080a9769: does not qualify; 2.9 s; peak memory 778 MiB.
2026-09-22T02:59:32Z INFO [40/372] 0d4de07d-4204-4c02-b807-6efd612dc0c4: does not qualify; 1.5 s; peak memory 778 MiB.
2026-09-22T02:59:33Z INFO [41/372] 0d4e36a7-7de0-4b3d-9b86-ad5f425db3bd: does not qualify; 0.8 s; peak memory 778 MiB.
2026-09-22T02:59:34Z INFO [42/372] 0d4eedd7-9c1d-4f9a-9473-6e141a048107: does not qualify; 0.5 s; peak memory 778 MiB.
2026-09-22T02:59:38Z INFO [43/372] 0d4efb74-4913-41fa-b888-ad771ca92886: does not qualify; 4.5 s; peak memory 778 MiB.
2026-09-22T02:59:41Z INFO [44/372] 0d4f79fe-23e9-4e4a-96f8-0a26b96d6663: does not qualify; 2.7 s; peak memory 778 MiB.
2026-09-22T02:59:42Z INFO [45/372] 0d4ffccb-2ff3-44c4-8d4b-13ce78b3a30f: does not qualify; 0.9 s; peak memory 778 MiB.
2026-09-22T02:59:43Z INFO [46/372] 0d5047bb-e400-4731-9f48-ea7d884fa1dc: does not qualify; 1.1 s; peak memory 778 MiB.
2026-09-22T02:59:44Z INFO [47/372] 0d507847-fc43-4ad3-a749-e7d25798caf2: does not qualify; 1.5 s; peak memory 778 MiB.
2026-09-22T02:59:45Z INFO [48/372] 0d52835e-ac9e-401f-acd9-9bd480ab8bf5: does not qualify; 0.8 s; peak memory 778 MiB.
2026-09-22T02:59:46Z INFO [49/372] 0d52a312-73a4-44e1-b026-d401b2e71d67: does not qualify; 0.9 s; peak memory 778 MiB.
2026-09-22T02:59:47Z INFO [50/372] 0d52b65a-b992-4e25-add8-917196367945: does not qualify; 0.8 s; peak memory 778 MiB.
2026-09-22T02:59:47Z INFO [50/372] 0d52b65a-b992-4e25-add8-917196367945: checkpointed 53267 records.
2026-09-22T02:59:52Z INFO [51/372] 0d53bd68-c5a3-4c38-8125-59d2e1c5d94e: does not qualify; 5.5 s; peak memory 778 MiB.
2026-09-22T02:59:54Z INFO [52/372] 0d53e95c-bc20-4c54-894d-5695f80ce484: does not qualify; 1.1 s; peak memory 778 MiB.
2026-09-22T02:59:54Z INFO [53/372] 0d5422e8-c673-46fd-ad26-3c6d55c3f5e9: does not qualify; 0.7 s; peak memory 778 MiB.
2026-09-22T02:59:55Z INFO [54/372] 0d5430f7-94e6-43eb-a837-3386dbc04a07: does not qualify; 0.9 s; peak memory 778 MiB.
2026-09-22T02:59:56Z INFO [55/372] 0d548c7e-c0fe-4ba4-98eb-6fa8e1a3d065: does not qualify; 0.8 s; peak memory 778 MiB.
2026-09-22T02:59:57Z INFO [56/372] 0d55c60e-2435-4312-9352-c7cc8f5e8fed: does not qualify; 0.9 s; peak memory 778 MiB.
2026-09-22T02:59:58Z INFO [57/372] 0d55eea9-0994-425a-87db-139f58cd2dfd: does not qualify; 1.2 s; peak memory 778 MiB.
2026-09-22T03:00:03Z INFO [58/372] 0d560d51-3058-4f65-874b-d12ee1f10678: does not qualify; 4.8 s; peak memory 778 MiB.
2026-09-22T03:00:04Z INFO [59/372] 0d564c13-a784-4aec-b70c-fb41d6d52283: does not qualify; 1.4 s; peak memory 778 MiB.
2026-09-22T03:00:05Z INFO [60/372] 0d572355-f7a7-473f-8fbe-fec648d8fcd7: does not qualify; 0.9 s; peak memory 778 MiB.
2026-09-22T03:00:06Z INFO [61/372] 0d57d173-410c-495e-8084-9cbe6597cf88: does not qualify; 1.2 s; peak memory 778 MiB.
2026-09-22T03:00:07Z INFO [62/372] 0d57d932-6227-4fce-bb64-cea9456c46c0: does not qualify; 1.0 s; peak memory 778 MiB.
2026-09-22T03:00:08Z INFO [63/372] 0d585caf-115d-4040-b7b6-13c17298a500: does not qualify; 1.3 s; peak memory 778 MiB.
2026-09-22T03:00:13Z INFO [64/372] 0d589e8f-e892-4518-a047-5ca3bded97f1: does not qualify; 4.3 s; peak memory 778 MiB.
2026-09-22T03:00:14Z INFO [65/372] 0d58acdf-1311-49a5-8239-01ec810b1151: does not qualify; 1.0 s; peak memory 778 MiB.
2026-09-22T03:00:15Z INFO [66/372] 0d58bbec-a0fc-4194-aa60-7671065149ef: does not qualify; 1.0 s; peak memory 778 MiB.
2026-09-22T03:00:15Z INFO [67/372] 0d58df65-174d-45ce-a45a-6da9ce1090f4: does not qualify; 0.6 s; peak memory 778 MiB.
2026-09-22T03:00:19Z INFO [68/372] 0d591c25-6e26-4c51-a4cb-8ff9016c4fdd: does not qualify; 3.8 s; peak memory 778 MiB.
2026-09-22T03:00:20Z INFO [69/372] 0d5a46de-4a6c-4062-9e68-7459cc17dec8: does not qualify; 0.8 s; peak memory 778 MiB.
2026-09-22T03:00:21Z INFO [70/372] 0d5a6fd5-41da-4d56-818b-500405a6286f: does not qualify; 1.2 s; peak memory 778 MiB.
2026-09-22T03:00:22Z INFO [71/372] 0d5b5f94-4798-47d4-9a9a-a1673cc52534: does not qualify; 1.1 s; peak memory 778 MiB.
2026-09-22T03:00:23Z INFO [72/372] 0d5b8b02-a222-4563-93b5-16fc419e1349: does not qualify; 1.0 s; peak memory 778 MiB.
2026-09-22T03:00:24Z INFO [73/372] 0d5c250b-6815-45e3-a595-0b07299d2eb7: does not qualify; 0.9 s; peak memory 778 MiB.
2026-09-22T03:00:25Z INFO [74/372] 0d5d1cb1-2224-4607-b466-2d0c1fb21c21: does not qualify; 0.7 s; peak memory 778 MiB.
2026-09-22T03:00:25Z INFO [75/372] 0d5df3f6-9b57-4777-a223-e8755a6e06ea: does not qualify; 0.7 s; peak memory 778 MiB.
2026-09-22T03:00:27Z INFO [76/372] 0d5e5534-99f7-456c-b3d1-d8317416b45f: does not qualify; 1.2 s; peak memory 778 MiB.
2026-09-22T03:00:28Z INFO [77/372] 0d5f2ffb-6a24-45a3-b41f-599458d4c6dd: does not qualify; 0.9 s; peak memory 778 MiB.
2026-09-22T03:00:28Z INFO [78/372] 0d5f99a5-e1be-4182-892b-3973def95ec1: does not qualify; 0.9 s; peak memory 778 MiB.
2026-09-22T03:00:36Z INFO [79/372] 0d604528-3be8-4a4a-8c14-934b84c46681: does not qualify; 8.0 s; peak memory 778 MiB.
2026-09-22T03:00:41Z INFO [80/372] 0d611bfc-63f2-40e7-913f-15ccd0d66c2c: qualifies; 4.7 s; peak memory 778 MiB.
2026-09-22T03:00:43Z INFO [81/372] 0d614080-921a-4980-a04e-94337e01a757: does not qualify; 1.7 s; peak memory 778 MiB.
2026-09-22T03:00:43Z INFO [82/372] 0d61a7f8-720c-47b2-b54e-77cd234284cb: does not qualify; 0.5 s; peak memory 778 MiB.
2026-09-22T03:00:45Z INFO [83/372] 0d63ab23-ea4d-4b8f-a627-39813dd96f6a: does not qualify; 2.1 s; peak memory 778 MiB.
2026-09-22T03:00:47Z INFO [84/372] 0d63f3e5-e1a9-4cf2-8fcc-c7c3dcd16c9e: does not qualify; 1.5 s; peak memory 778 MiB.
2026-09-22T03:00:48Z INFO [85/372] 0d6470f5-d544-4dc5-a9b3-f239814c5b6b: does not qualify; 0.9 s; peak memory 778 MiB.
2026-09-22T03:00:52Z INFO [86/372] 0d64a48f-2b2b-4e04-8695-870a485ce42b: does not qualify; 4.2 s; peak memory 778 MiB.
2026-09-22T03:00:57Z INFO [87/372] 0d64cc4a-e00e-4a3c-b317-9727e2e3860a: does not qualify; 4.9 s; peak memory 778 MiB.
2026-09-22T03:00:59Z INFO [88/372] 0d654624-a83d-4273-b27d-8c1cf55e4346: does not qualify; 1.7 s; peak memory 778 MiB.
2026-09-22T03:01:03Z INFO [89/372] 0d65649f-f35d-4e8c-baa5-61f88ba82859: does not qualify; 4.2 s; peak memory 778 MiB.
2026-09-22T03:01:04Z INFO [90/372] 0d65c3d3-ff1c-4a22-b5b8-2c7182570e0f: does not qualify; 0.8 s; peak memory 778 MiB.
2026-09-22T03:01:11Z INFO [91/372] 0d65ca0c-52e7-4a02-b7a9-e74785d065ab: does not qualify; 7.4 s; peak memory 778 MiB.
2026-09-22T03:01:13Z INFO [92/372] 0d65e8f5-bdc9-45fa-8f25-c51ca02823d6: does not qualify; 1.6 s; peak memory 778 MiB.
2026-09-22T03:01:14Z INFO [93/372] 0d65eaf1-b652-4913-bdf7-34ae0c4c5bce: does not qualify; 1.3 s; peak memory 778 MiB.
2026-09-22T03:01:15Z INFO [94/372] 0d662d10-7843-4014-a7df-1c8b78d6a740: does not qualify; 1.1 s; peak memory 778 MiB.
2026-09-22T03:01:17Z INFO [95/372] 0d66c028-681e-4e05-b053-ef09d45e238c: does not qualify; 2.0 s; peak memory 778 MiB.
2026-09-22T03:01:18Z INFO [96/372] 0d66e9ee-a283-45c8-b9a2-a561936b9af1: does not qualify; 1.1 s; peak memory 778 MiB.
2026-09-22T03:01:19Z INFO [97/372] 0d6701da-8791-4f9d-b6c7-f2ce207e7948: does not qualify; 1.1 s; peak memory 778 MiB.
2026-09-22T03:01:56Z INFO [98/372] 0d67d939-9a07-485b-8462-424e21249b9a: does not qualify; 36.3 s; peak memory 778 MiB.
2026-09-22T03:01:56Z INFO [99/372] 0d68c233-147e-4722-8c30-41307b383e5d: does not qualify; 0.6 s; peak memory 778 MiB.
2026-09-22T03:01:58Z INFO [100/372] 0d6a30a8-1351-413a-b939-d44b60e359db: does not qualify; 1.5 s; peak memory 778 MiB.
2026-09-22T03:01:58Z INFO [100/372] 0d6a30a8-1351-413a-b939-d44b60e359db: checkpointed 53317 records.
2026-09-22T03:01:59Z INFO [101/372] 0d6a78c4-5351-4f9d-902e-770b6f614a6f: does not qualify; 1.0 s; peak memory 778 MiB.
2026-09-22T03:02:00Z INFO [102/372] 0d6b1eac-bc27-43c7-b7f4-91f6d47f86bb: does not qualify; 0.9 s; peak memory 778 MiB.
2026-09-22T03:02:04Z INFO [103/372] 0d6b4196-f2dd-489f-9f19-12ef18e8e58d: does not qualify; 4.3 s; peak memory 778 MiB.
2026-09-22T03:02:05Z INFO [104/372] 0d6bc22e-4429-4226-a4e0-cca6dd2fec86: does not qualify; 0.9 s; peak memory 778 MiB.
2026-09-22T03:02:06Z INFO [105/372] 0d6c1f1e-1f2b-461e-be16-e5d37db18295: does not qualify; 0.8 s; peak memory 778 MiB.
2026-09-22T03:02:14Z INFO [106/372] 0d6cbcf1-2fea-4e59-ab0d-d2c889621da8: does not qualify; 8.1 s; peak memory 778 MiB.
2026-09-22T03:02:15Z INFO [107/372] 0d6d0733-925f-4cc1-84cb-150c1318722d: does not qualify; 0.9 s; peak memory 778 MiB.
2026-09-22T03:02:16Z INFO [108/372] 0d6e4027-4805-4852-aba5-4005bff333b5: does not qualify; 1.1 s; peak memory 778 MiB.
2026-09-22T03:02:17Z INFO [109/372] 0d6f0a74-c784-4282-bbf6-c74e442c6a29: does not qualify; 0.8 s; peak memory 778 MiB.
2026-09-22T03:02:17Z INFO [110/372] 0d6f5022-322d-47be-a9dd-7b245517dfb3: does not qualify; 0.9 s; peak memory 778 MiB.
2026-09-22T03:02:18Z INFO [111/372] 0d6f60b8-aa1a-4ff3-892f-8bdc9e2b84a0: does not qualify; 0.9 s; peak memory 778 MiB.
2026-09-22T03:02:19Z INFO [112/372] 0d6f657b-a568-4904-9292-7372b55cda33: does not qualify; 0.6 s; peak memory 778 MiB.
2026-09-22T03:02:25Z INFO [113/372] 0d6f9046-7267-4bb6-92d7-72a67d90c5cb: does not qualify; 6.3 s; peak memory 778 MiB.
2026-09-22T03:02:27Z INFO [114/372] 0d6fea67-017f-43b3-a9c6-c164d6725b66: does not qualify; 1.3 s; peak memory 778 MiB.
2026-09-22T03:02:28Z INFO [115/372] 0d702235-6853-4956-b35c-7774e05061a4: does not qualify; 1.1 s; peak memory 778 MiB.
2026-09-22T03:02:30Z INFO [116/372] 0d708c7e-d8c9-47ed-aa5f-1abac9cea870: does not qualify; 2.7 s; peak memory 778 MiB.
2026-09-22T03:02:31Z INFO [117/372] 0d70a206-b77a-42c8-8556-9d0d4f7673b1: does not qualify; 0.8 s; peak memory 778 MiB.
2026-09-22T03:02:32Z INFO [118/372] 0d714466-9057-49dc-b4c0-953e8b4d173d: does not qualify; 1.3 s; peak memory 778 MiB.
2026-09-22T03:02:33Z INFO [119/372] 0d71a07a-6c93-44b8-bad7-7d47305f659b: does not qualify; 0.9 s; peak memory 778 MiB.
2026-09-22T03:02:35Z INFO [120/372] 0d71d01e-3e5d-457f-9247-0713e3ab7406: does not qualify; 1.3 s; peak memory 778 MiB.
2026-09-22T03:02:36Z INFO [121/372] 0d722d5d-73e4-4afe-8642-755196371494: does not qualify; 1.2 s; peak memory 778 MiB.
2026-09-22T03:02:37Z INFO [122/372] 0d728beb-98b5-4abb-b46e-bc682f4feb03: does not qualify; 1.3 s; peak memory 778 MiB.
2026-09-22T03:02:38Z INFO [123/372] 0d72ad0c-672a-4042-915a-0498ab503d0e: does not qualify; 0.8 s; peak memory 778 MiB.
2026-09-22T03:02:39Z INFO [124/372] 0d72e81e-b3fb-4703-b690-adedb055c9e5: does not qualify; 0.9 s; peak memory 778 MiB.
2026-09-22T03:02:40Z INFO [125/372] 0d737418-adb0-4089-9b4c-c25d2e69746c: does not qualify; 1.6 s; peak memory 778 MiB.
2026-09-22T03:02:41Z INFO [126/372] 0d739225-22d8-4e84-bf1d-9329419d922e: does not qualify; 0.9 s; peak memory 778 MiB.
2026-09-22T03:02:42Z INFO [127/372] 0d742129-9a8a-4c61-896c-75e7a53b063d: does not qualify; 0.9 s; peak memory 778 MiB.
2026-09-22T03:02:45Z INFO [128/372] 0d744235-c0f2-4861-a892-f1084072cb89: does not qualify; 2.5 s; peak memory 778 MiB.
2026-09-22T03:02:46Z INFO [129/372] 0d750db2-1358-4515-af0e-69bcdb8fd852: does not qualify; 0.8 s; peak memory 778 MiB.
2026-09-22T03:02:48Z INFO [130/372] 0d7541eb-88fb-49eb-86b6-bdfddb456f48: does not qualify; 2.0 s; peak memory 778 MiB.
2026-09-22T03:02:49Z INFO [131/372] 0d759efe-a1e1-4bed-a70f-011a819d1669: does not qualify; 1.1 s; peak memory 778 MiB.
2026-09-22T03:02:51Z INFO [132/372] 0d75efd4-4e50-414a-aa34-07dcb6aad005: does not qualify; 2.1 s; peak memory 778 MiB.
2026-09-22T03:02:52Z INFO [133/372] 0d76331c-bd42-4d2b-8164-6ee4d64d3d5c: does not qualify; 0.7 s; peak memory 778 MiB.
2026-09-22T03:02:53Z INFO [134/372] 0d777475-ba6a-4175-8c57-ddeea6907aec: does not qualify; 1.5 s; peak memory 778 MiB.
2026-09-22T03:02:57Z INFO [135/372] 0d779d08-9854-4c25-bc72-60c96eacc187: does not qualify; 4.2 s; peak memory 778 MiB.
2026-09-22T03:02:58Z INFO [136/372] 0d788dff-1ac7-46f8-8087-b932e6ddf6e8: does not qualify; 1.0 s; peak memory 778 MiB.
2026-09-22T03:02:59Z INFO [137/372] 0d790ba2-a91a-47a7-96f8-3b2eee965724: does not qualify; 0.7 s; peak memory 778 MiB.
2026-09-22T03:03:00Z INFO [138/372] 0d79112b-ad25-44fe-b43a-51486ce02320: does not qualify; 1.2 s; peak memory 778 MiB.
2026-09-22T03:03:04Z INFO [139/372] 0d7914a6-7848-490a-9fcf-030886ac33e5: does not qualify; 3.9 s; peak memory 778 MiB.
2026-09-22T03:03:05Z INFO [140/372] 0d797e6c-a5c5-43e2-a34a-d902c35a6390: does not qualify; 1.4 s; peak memory 778 MiB.
2026-09-22T03:03:07Z INFO [141/372] 0d7be93e-121a-47f4-95f1-03b2f878d598: does not qualify; 1.1 s; peak memory 778 MiB.
2026-09-22T03:03:08Z INFO [142/372] 0d7befea-d9a6-43d4-9781-4333bc3a5dba: does not qualify; 1.4 s; peak memory 778 MiB.
2026-09-22T03:03:09Z INFO [143/372] 0d7d26d5-e272-423a-b050-e76f12a076f2: does not qualify; 1.1 s; peak memory 778 MiB.
2026-09-22T03:03:10Z INFO [144/372] 0d7d65c7-d6ea-4f24-b335-9513d92b02db: does not qualify; 0.7 s; peak memory 778 MiB.
2026-09-22T03:03:11Z INFO [145/372] 0d7f12ba-d3e9-4771-a161-9fce5fa6da01: does not qualify; 0.9 s; peak memory 778 MiB.
2026-09-22T03:03:12Z INFO [146/372] 0d80e6cb-6d0e-4760-b881-fcf8d5103493: does not qualify; 1.2 s; peak memory 778 MiB.
2026-09-22T03:03:13Z INFO [147/372] 0d813ab7-39bc-402e-828b-57e6de961ebb: does not qualify; 1.4 s; peak memory 778 MiB.
2026-09-22T03:03:15Z INFO [148/372] 0d81c314-5f19-44bc-84ed-1ecd0954f6bc: does not qualify; 1.3 s; peak memory 778 MiB.
2026-09-22T03:03:19Z INFO [149/372] 0d8316ee-896d-48d9-83c5-20c0f2746f22: does not qualify; 4.4 s; peak memory 778 MiB.
2026-09-22T03:03:23Z INFO [150/372] 0d83c8cd-a0e1-4c00-80e2-7432f72e1871: does not qualify; 4.3 s; peak memory 778 MiB.
2026-09-22T03:03:23Z INFO [150/372] 0d83c8cd-a0e1-4c00-80e2-7432f72e1871: checkpointed 53367 records.
2026-09-22T03:03:31Z INFO [151/372] 0d842d23-19c7-4b66-9535-5464a6e7794b: does not qualify; 7.2 s; peak memory 778 MiB.
2026-09-22T03:03:32Z INFO [152/372] 0d842e87-65e9-4c8e-bb28-d240e5063170: does not qualify; 1.5 s; peak memory 778 MiB.
2026-09-22T03:03:36Z INFO [153/372] 0d86332d-1b4d-4a8a-a2b7-411a90c67d99: does not qualify; 3.6 s; peak memory 778 MiB.
2026-09-22T03:03:36Z INFO [154/372] 0d869c35-cd10-44a3-9ae5-ce3e06453935: does not qualify; 0.6 s; peak memory 778 MiB.
2026-09-22T03:03:39Z INFO [155/372] 0d874907-7522-4cbd-a454-f020941adb91: does not qualify; 3.1 s; peak memory 778 MiB.
2026-09-22T03:03:40Z INFO [156/372] 0d87c0af-5d18-47a1-971a-c1860dfc1ebb: does not qualify; 0.8 s; peak memory 778 MiB.
2026-09-22T03:03:41Z INFO [157/372] 0d87d228-21e4-4f51-be0c-3f36a28403ea: does not qualify; 1.2 s; peak memory 778 MiB.
2026-09-22T03:03:43Z INFO [158/372] 0d8848a6-e4bc-444f-8201-73914f6d667c: does not qualify; 1.3 s; peak memory 778 MiB.
2026-09-22T03:03:44Z INFO [159/372] 0d8ab998-ec23-4a0b-8e45-97bb4b35c832: does not qualify; 0.9 s; peak memory 778 MiB.
2026-09-22T03:03:44Z INFO [160/372] 0d8ae2b7-829c-43ba-be37-90701964a38d: does not qualify; 1.0 s; peak memory 778 MiB.
2026-09-22T03:03:45Z INFO [161/372] 0d8c7c69-6591-41f2-b563-a3f52edb1619: does not qualify; 0.9 s; peak memory 778 MiB.
2026-09-22T03:03:47Z INFO [162/372] 0d8cfcc7-af10-4eed-9282-2314b1e0d7d6: does not qualify; 1.7 s; peak memory 778 MiB.
2026-09-22T03:03:48Z INFO [163/372] 0d8d3b65-dbb3-4c17-af8b-62fc978962b3: does not qualify; 1.2 s; peak memory 778 MiB.
2026-09-22T03:03:53Z INFO [164/372] 0d8d5b13-3ab2-45cb-a1c0-89b3a0a6a2dd: does not qualify; 4.9 s; peak memory 778 MiB.
2026-09-22T03:03:54Z INFO [165/372] 0d8df097-f498-4276-8368-0b66ee6cff6a: does not qualify; 0.8 s; peak memory 778 MiB.
2026-09-22T03:03:55Z INFO [166/372] 0d8fa3c4-2355-4c1b-b1eb-06976cb86152: does not qualify; 1.0 s; peak memory 778 MiB.
2026-09-22T03:03:56Z INFO [167/372] 0d8ff10d-a55b-49e9-bea3-ea04aed8c154: does not qualify; 0.8 s; peak memory 778 MiB.
2026-09-22T03:03:57Z INFO [168/372] 0d900d07-9be8-4393-bba9-cc00cd3fb6ba: does not qualify; 1.0 s; peak memory 778 MiB.
2026-09-22T03:03:58Z INFO [169/372] 0d90b745-57b1-42ac-a3b9-fefd2473c7d9: does not qualify; 1.1 s; peak memory 778 MiB.
2026-09-22T03:03:59Z INFO [170/372] 0d914b0f-f518-4dcf-8401-03cf1ae13386: does not qualify; 1.6 s; peak memory 778 MiB.
2026-09-22T03:04:04Z INFO [171/372] 0d915b9a-9668-43e3-8826-53b84a64de1a: qualifies; 4.9 s; peak memory 778 MiB.
2026-09-22T03:04:05Z INFO [172/372] 0d91ce85-070b-4b03-ad6f-40608f731003: does not qualify; 1.1 s; peak memory 778 MiB.
2026-09-22T03:04:07Z INFO [173/372] 0d92354f-0ec8-4f60-a29e-046788965f9b: does not qualify; 1.2 s; peak memory 778 MiB.
2026-09-22T03:04:08Z INFO [174/372] 0d9250b0-be36-4ee5-b83d-2eca29ffb5db: does not qualify; 0.9 s; peak memory 778 MiB.
2026-09-22T03:04:09Z INFO [175/372] 0d932a27-2566-4241-bf90-f77ea91242d7: qualifies; 1.6 s; peak memory 778 MiB.
2026-09-22T03:04:10Z INFO [176/372] 0d93dfe3-b1c6-46f6-aa64-aa0d043ccfae: does not qualify; 0.8 s; peak memory 778 MiB.
2026-09-22T03:04:11Z INFO [177/372] 0d944e1f-3d67-482d-90fc-e0249e57abd9: does not qualify; 1.3 s; peak memory 778 MiB.
2026-09-22T03:04:12Z INFO [178/372] 0d94b94e-23e1-4bab-8432-cdee445b119a: does not qualify; 0.9 s; peak memory 778 MiB.
2026-09-22T03:04:13Z INFO [179/372] 0d94d256-acc6-4cfb-93db-fb2d941fa858: does not qualify; 0.8 s; peak memory 778 MiB.
2026-09-22T03:04:14Z INFO [180/372] 0d95213a-e10a-4359-9683-9dc9306cd0e6: does not qualify; 0.7 s; peak memory 778 MiB.
2026-09-22T03:04:15Z INFO [181/372] 0d9521ff-59e4-45bf-b99a-395110c5c7ce: does not qualify; 1.0 s; peak memory 778 MiB.
2026-09-22T03:04:16Z INFO [182/372] 0d95caa7-e65b-490c-9ab8-48385aef35a6: does not qualify; 1.0 s; peak memory 778 MiB.
2026-09-22T03:04:18Z INFO [183/372] 0d96422e-4c60-4aad-b3bc-9a0a6697c6dc: does not qualify; 2.1 s; peak memory 778 MiB.
2026-09-22T03:04:22Z INFO [184/372] 0d965b41-fbc5-4a35-952a-414e75f4ef2f: does not qualify; 4.4 s; peak memory 778 MiB.
2026-09-22T03:04:23Z INFO [185/372] 0d9707fa-66ff-4a51-b9ec-cb57834790e2: does not qualify; 0.9 s; peak memory 778 MiB.
2026-09-22T03:04:24Z INFO [186/372] 0d979193-1cce-4309-a6b9-75916e57e15f: does not qualify; 1.2 s; peak memory 778 MiB.
2026-09-22T03:04:28Z INFO [187/372] 0d97f1dc-2546-4e7f-86c4-a924dd40abf7: does not qualify; 4.1 s; peak memory 778 MiB.
2026-09-22T03:04:29Z INFO [188/372] 0d9810e4-6246-4cda-a0a7-4d6bb790fb57: does not qualify; 0.9 s; peak memory 778 MiB.
2026-09-22T03:04:32Z INFO [189/372] 0d984ee9-1b4b-4a62-879c-627c5271bc7e: does not qualify; 2.3 s; peak memory 778 MiB.
2026-09-22T03:04:33Z INFO [190/372] 0d992398-754a-4ef6-a808-8756afa5c862: does not qualify; 0.9 s; peak memory 778 MiB.
2026-09-22T03:04:44Z INFO [191/372] 0d9a3a27-82ea-4e97-897f-eedcc6b1857f: does not qualify; 11.7 s; peak memory 778 MiB.
2026-09-22T03:04:46Z INFO [192/372] 0d9a76fd-76fb-438c-9e72-035f2fc338eb: does not qualify; 2.0 s; peak memory 778 MiB.
2026-09-22T03:04:52Z INFO [193/372] 0d9ae46d-0b31-4b8e-ad7f-101e1898e80a: does not qualify; 5.4 s; peak memory 778 MiB.
2026-09-22T03:04:54Z INFO [194/372] 0d9b5882-5d06-4738-ba08-ff2be98a8b57: does not qualify; 2.1 s; peak memory 778 MiB.
2026-09-22T03:04:55Z INFO [195/372] 0d9bb25e-176e-4e56-85db-4da9a68708a7: does not qualify; 1.0 s; peak memory 778 MiB.
2026-09-22T03:04:56Z INFO [196/372] 0d9cecc0-629a-4e69-8c28-7154348e6e8d: does not qualify; 0.8 s; peak memory 778 MiB.
2026-09-22T03:04:57Z INFO [197/372] 0d9d435e-4a3f-42dc-be22-dd0e63feaaf1: does not qualify; 1.1 s; peak memory 778 MiB.
2026-09-22T03:04:57Z INFO [198/372] 0d9da1f0-66d5-4007-a360-b4f971c0573a: does not qualify; 0.8 s; peak memory 778 MiB.
2026-09-22T03:04:59Z INFO [199/372] 0d9df3fd-e945-40d5-a5b0-b4b268b5ba4d: does not qualify; 1.3 s; peak memory 778 MiB.
2026-09-22T03:05:00Z INFO [200/372] 0d9e0c93-570d-46db-8d35-f431e3b87ed3: does not qualify; 1.4 s; peak memory 778 MiB.
2026-09-22T03:05:00Z INFO [200/372] 0d9e0c93-570d-46db-8d35-f431e3b87ed3: checkpointed 53417 records.
2026-09-22T03:05:01Z INFO [201/372] 0d9e16e9-2828-4272-beea-8d8265f18e86: does not qualify; 1.1 s; peak memory 778 MiB.
2026-09-22T03:05:03Z INFO [202/372] 0d9e35a7-d16a-45c6-b8c8-cc9dea617761: does not qualify; 1.3 s; peak memory 778 MiB.
2026-09-22T03:05:03Z INFO [203/372] 0d9e75ee-53b0-4946-915c-6e685b82ef8d: does not qualify; 0.7 s; peak memory 778 MiB.
2026-09-22T03:05:05Z INFO [204/372] 0d9f058d-04fc-459a-b0dd-d15ee0aafae8: does not qualify; 1.3 s; peak memory 778 MiB.
2026-09-22T03:05:05Z INFO [205/372] 0d9f3acc-9c15-4c64-b5a7-acf3c0f59575: does not qualify; 0.9 s; peak memory 778 MiB.
2026-09-22T03:05:06Z INFO [206/372] 0d9ffd2b-5e37-41a7-baf5-dc633ec9f753: does not qualify; 0.9 s; peak memory 778 MiB.
2026-09-22T03:05:07Z INFO [207/372] 0da0593f-5522-41f4-bef6-951a859feb03: does not qualify; 1.0 s; peak memory 778 MiB.
2026-09-22T03:05:08Z INFO [208/372] 0da07c4a-eb60-48a6-a63f-ccce4c5d12f6: does not qualify; 0.8 s; peak memory 778 MiB.
2026-09-22T03:05:13Z INFO [209/372] 0da0ec50-40f8-4aa9-bc51-9502fdf32d1f: does not qualify; 4.4 s; peak memory 778 MiB.
2026-09-22T03:05:15Z INFO [210/372] 0da1b9a5-978f-468b-9957-eb1ee443551c: qualifies; 2.2 s; peak memory 778 MiB.
2026-09-22T03:05:16Z INFO [211/372] 0da1ca6e-ef24-426a-abc8-6a2eb1f17f8e: does not qualify; 0.6 s; peak memory 778 MiB.
2026-09-22T03:05:17Z INFO [212/372] 0da1fd88-8c54-4fae-bf15-eb3c8daf5d19: does not qualify; 1.1 s; peak memory 778 MiB.
2026-09-22T03:05:18Z INFO [213/372] 0da2f3f8-f513-47cd-a9cf-b57b455c1852: does not qualify; 1.3 s; peak memory 778 MiB.
2026-09-22T03:05:18Z INFO [214/372] 0da327cd-919e-46a6-aecc-c27bbf84fe2a: does not qualify; 0.6 s; peak memory 778 MiB.
2026-09-22T03:05:19Z INFO [215/372] 0da44035-e940-4097-8253-d7f4bd247f27: does not qualify; 0.7 s; peak memory 778 MiB.
2026-09-22T03:05:20Z INFO [216/372] 0da46ab7-df7d-4213-bb09-1b8d4f10501a: does not qualify; 1.1 s; peak memory 778 MiB.
2026-09-22T03:05:21Z INFO [217/372] 0da68d36-e4a2-489b-b537-cfcf65d767bb: does not qualify; 1.1 s; peak memory 778 MiB.
2026-09-22T03:05:22Z INFO [218/372] 0da6a22a-5364-4d30-ae8f-544bf3625b8e: does not qualify; 0.9 s; peak memory 778 MiB.
2026-09-22T03:05:30Z INFO [219/372] 0da71954-f1c2-4a83-a123-c0647aa2c227: qualifies; 7.2 s; peak memory 778 MiB.
2026-09-22T03:05:36Z INFO [220/372] 0da747dd-5579-4801-963c-5afa8e1d92da: does not qualify; 6.8 s; peak memory 778 MiB.
2026-09-22T03:05:37Z INFO [221/372] 0da75148-e16e-4df1-87b8-ff5f4b0dabbb: does not qualify; 0.6 s; peak memory 778 MiB.
2026-09-22T03:05:39Z INFO [222/372] 0da8a16e-72f7-4949-a286-465e9633f530: does not qualify; 1.6 s; peak memory 778 MiB.
2026-09-22T03:05:40Z INFO [223/372] 0dad5013-08aa-4d77-89ef-1234854e559f: does not qualify; 1.2 s; peak memory 778 MiB.
2026-09-22T03:05:41Z INFO [224/372] 0dae004a-a987-4fe5-a409-d1b9610cb8a3: qualifies; 1.7 s; peak memory 778 MiB.
2026-09-22T03:05:42Z INFO [225/372] 0dae3657-2d1e-4d63-9b1c-546978095227: does not qualify; 0.9 s; peak memory 778 MiB.
2026-09-22T03:05:45Z INFO [226/372] 0daf09b4-5b07-4ddd-8a2c-a2d0ee623f48: does not qualify; 2.7 s; peak memory 778 MiB.
2026-09-22T03:05:46Z INFO [227/372] 0dafc08c-ad8f-4a3f-837e-f936addea8f1: does not qualify; 1.0 s; peak memory 778 MiB.
2026-09-22T03:05:47Z INFO [228/372] 0dafc21c-49b3-4f10-8652-1273299fcb2c: does not qualify; 1.2 s; peak memory 778 MiB.
2026-09-22T03:05:52Z INFO [229/372] 0db1e35a-1320-44bc-84b0-181b784ab3b5: does not qualify; 4.8 s; peak memory 778 MiB.
2026-09-22T03:05:53Z INFO [230/372] 0db26ae7-a0fe-4fcd-8749-e35a6aabda47: does not qualify; 1.1 s; peak memory 778 MiB.
2026-09-22T03:05:55Z INFO [231/372] 0db2f1dd-f39a-4d3c-bedd-ab2e346b923f: does not qualify; 2.1 s; peak memory 778 MiB.
2026-09-22T03:05:56Z INFO [232/372] 0db336c8-083e-4118-8671-647b7eeaeac8: does not qualify; 1.1 s; peak memory 778 MiB.
2026-09-22T03:05:57Z INFO [233/372] 0db35cc6-8915-46f7-8c4d-8604da8729c5: does not qualify; 0.7 s; peak memory 778 MiB.
2026-09-22T03:05:58Z INFO [234/372] 0db41acb-f57c-4304-9d5e-ee261174d621: does not qualify; 1.1 s; peak memory 778 MiB.
2026-09-22T03:05:59Z INFO [235/372] 0db46cb7-b377-4de5-8164-d9f60f42ea4c: does not qualify; 1.0 s; peak memory 778 MiB.
2026-09-22T03:06:00Z INFO [236/372] 0db4728e-85a3-42cc-a599-0be7b7375c7c: does not qualify; 1.1 s; peak memory 778 MiB.
2026-09-22T03:06:01Z INFO [237/372] 0db4ec04-3999-45d5-8372-52636a947bed: does not qualify; 0.8 s; peak memory 778 MiB.
2026-09-22T03:06:06Z INFO [238/372] 0db696a6-9e84-4f6b-8ce1-103597ee7576: does not qualify; 4.6 s; peak memory 778 MiB.
2026-09-22T03:06:09Z INFO [239/372] 0db72308-66db-48a5-96bd-2fcaa73ae263: does not qualify; 3.9 s; peak memory 778 MiB.
2026-09-22T03:06:10Z INFO [240/372] 0db7e6f0-a689-4393-bf6f-484110586f0c: does not qualify; 0.9 s; peak memory 778 MiB.
2026-09-22T03:06:12Z INFO [241/372] 0db86312-20f6-4c28-99c7-422154702f93: does not qualify; 1.2 s; peak memory 778 MiB.
2026-09-22T03:06:12Z INFO [242/372] 0db918a8-665e-4e97-a85c-31d27b6aec1d: does not qualify; 0.7 s; peak memory 778 MiB.
2026-09-22T03:06:13Z INFO [243/372] 0db9223e-bd21-42d5-9ade-7977aaf03a9d: does not qualify; 0.9 s; peak memory 778 MiB.
2026-09-22T03:06:14Z INFO [244/372] 0db93069-7fb4-422f-ae4a-a35822b48aad: does not qualify; 0.7 s; peak memory 778 MiB.
2026-09-22T03:06:16Z INFO [245/372] 0dba6dc6-4735-4b6f-8a98-6fb5a855c309: does not qualify; 2.3 s; peak memory 778 MiB.
2026-09-22T03:06:18Z INFO [246/372] 0dba8b55-6d5f-4257-980b-0b6f6c7d9f3f: does not qualify; 1.5 s; peak memory 778 MiB.
2026-09-22T03:06:18Z INFO [247/372] 0dbb0403-59e4-44de-a0a5-a30dccd78864: does not qualify; 0.7 s; peak memory 778 MiB.
2026-09-22T03:06:19Z INFO [248/372] 0dbb5533-facc-40c0-9c7c-11e363a300ec: does not qualify; 0.9 s; peak memory 778 MiB.
2026-09-22T03:06:26Z INFO [249/372] 0dbc5aa0-1aa2-43ee-ba2d-7dd46a13b27c: does not qualify; 6.7 s; peak memory 778 MiB.
2026-09-22T03:06:30Z INFO [250/372] 0dbca4c9-aee1-4cf7-b82e-ad487143d55c: does not qualify; 4.4 s; peak memory 778 MiB.
2026-09-22T03:06:31Z INFO [250/372] 0dbca4c9-aee1-4cf7-b82e-ad487143d55c: checkpointed 53467 records.
2026-09-22T03:06:32Z INFO [251/372] 0dbd17b3-db36-442e-98b2-4f2284a60849: does not qualify; 1.3 s; peak memory 778 MiB.
2026-09-22T03:06:33Z INFO [252/372] 0dbda80c-ddd7-40f8-80e1-edadf259c030: does not qualify; 1.1 s; peak memory 778 MiB.
2026-09-22T03:06:34Z INFO [253/372] 0dbe7321-248c-41d3-8626-ee162aaa3ebe: does not qualify; 1.3 s; peak memory 778 MiB.
2026-09-22T03:06:35Z INFO [254/372] 0dbf34b4-5dc0-4ad3-a9af-21d082afc25f: does not qualify; 0.8 s; peak memory 778 MiB.
2026-09-22T03:06:36Z INFO [255/372] 0dbf6025-cbcf-4529-b792-b9243724ffc1: does not qualify; 1.1 s; peak memory 778 MiB.
2026-09-22T03:06:37Z INFO [256/372] 0dbf9ff8-30c3-43a2-9f3f-66dfe80eb7be: does not qualify; 1.2 s; peak memory 778 MiB.
2026-09-22T03:06:38Z INFO [257/372] 0dc096d4-d417-41f6-b7bc-79c14690d3c5: does not qualify; 0.7 s; peak memory 778 MiB.
2026-09-22T03:06:39Z INFO [258/372] 0dc16a70-3577-4516-b639-88fc765423dd: does not qualify; 1.0 s; peak memory 778 MiB.
2026-09-22T03:06:40Z INFO [259/372] 0dc189fc-3699-408d-9f3b-4d11b9bcd87d: does not qualify; 1.1 s; peak memory 778 MiB.
2026-09-22T03:06:41Z INFO [260/372] 0dc211eb-9eb8-46bb-b26e-b98e7f8b78a0: does not qualify; 1.0 s; peak memory 778 MiB.
2026-09-22T03:06:42Z INFO [261/372] 0dc27840-a776-4a51-8255-e9a3c50541d9: does not qualify; 0.6 s; peak memory 778 MiB.
2026-09-22T03:06:47Z INFO [262/372] 0dc31b06-daef-44c9-bac4-1694c9e6ee21: does not qualify; 5.4 s; peak memory 778 MiB.
2026-09-22T03:06:48Z INFO [263/372] 0dc3715f-8604-4673-a41f-90ee7961d600: does not qualify; 0.8 s; peak memory 778 MiB.
2026-09-22T03:06:49Z INFO [264/372] 0dc3773b-ea08-457a-a9e8-ff6c12d1d003: does not qualify; 0.6 s; peak memory 778 MiB.
2026-09-22T03:06:49Z INFO [265/372] 0dc3da0a-6971-440b-9e03-cd3f21b5e66a: does not qualify; 0.8 s; peak memory 778 MiB.
2026-09-22T03:06:50Z INFO [266/372] 0dc418ea-9fa3-4ae7-9932-169bc0b64aaa: does not qualify; 1.1 s; peak memory 778 MiB.
2026-09-22T03:06:51Z INFO [267/372] 0dc41a3a-4b82-4105-b656-353bdf0bf3e7: does not qualify; 1.1 s; peak memory 778 MiB.
2026-09-22T03:06:52Z INFO [268/372] 0dc4613c-6f00-4817-a6d3-9ca3d65572a2: does not qualify; 1.0 s; peak memory 778 MiB.
2026-09-22T03:07:00Z INFO [269/372] 0dc48760-578a-4274-8583-3881fabb6c76: does not qualify; 7.8 s; peak memory 778 MiB.
2026-09-22T03:07:01Z INFO [270/372] 0dc496a1-1dae-404b-9ea6-b7b5f0cc0ea8: does not qualify; 0.9 s; peak memory 778 MiB.
2026-09-22T03:07:02Z INFO [271/372] 0dc51bea-7ea9-460f-81ed-79c4bbcff58f: does not qualify; 1.1 s; peak memory 778 MiB.
2026-09-22T03:07:07Z INFO [272/372] 0dc67fec-24fe-4a74-b15f-c47743859114: does not qualify; 4.6 s; peak memory 778 MiB.
2026-09-22T03:07:08Z INFO [273/372] 0dc69fcc-1702-40ef-9762-0dba0a0d7778: does not qualify; 1.0 s; peak memory 778 MiB.
2026-09-22T03:07:09Z INFO [274/372] 0dc6efd5-b8c1-4a48-bdf6-dfe621410fbb: does not qualify; 1.3 s; peak memory 778 MiB.
2026-09-22T03:07:10Z INFO [275/372] 0dc73ce2-6c58-4400-91d0-2d9ffa2fc662: does not qualify; 1.0 s; peak memory 778 MiB.
2026-09-22T03:07:11Z INFO [276/372] 0dc7cb8f-26a8-4406-9a9b-c743f1117ec5: does not qualify; 1.0 s; peak memory 778 MiB.
2026-09-22T03:07:12Z INFO [277/372] 0dc8ca45-0937-4b7a-9ab9-ad0d635874b2: does not qualify; 0.8 s; peak memory 778 MiB.
2026-09-22T03:07:13Z INFO [278/372] 0dc8d2ea-7539-47da-b8f9-04434e8af3d8: does not qualify; 1.3 s; peak memory 778 MiB.
2026-09-22T03:07:16Z INFO [279/372] 0dc961df-f8bb-4e5f-9f44-699981190e4e: does not qualify; 3.0 s; peak memory 778 MiB.
2026-09-22T03:07:17Z INFO [280/372] 0dca53a0-148d-4c9f-ada6-5cebf2826420: does not qualify; 1.0 s; peak memory 778 MiB.
2026-09-22T03:07:18Z INFO [281/372] 0dcb177e-4bd8-48d0-990e-3873d3dd7b16: does not qualify; 1.1 s; peak memory 778 MiB.
2026-09-22T03:07:19Z INFO [282/372] 0dcc350f-9327-4018-9d67-ec1d1d54ab83: does not qualify; 0.9 s; peak memory 778 MiB.
2026-09-22T03:07:20Z INFO [283/372] 0dcc4979-2b35-49f0-85ae-e36302fabfe1: does not qualify; 0.8 s; peak memory 778 MiB.
2026-09-22T03:07:20Z INFO [284/372] 0dccb804-a4a2-4fbe-9010-86a8243e89dc: does not qualify; 0.6 s; peak memory 778 MiB.
2026-09-22T03:07:21Z INFO [285/372] 0dcd6594-5ac6-4dce-ab18-d19b59bfbde0: does not qualify; 0.8 s; peak memory 778 MiB.
2026-09-22T03:07:22Z INFO [286/372] 0dcdbb51-f5ba-4ece-8375-bd5827ec3091: does not qualify; 1.0 s; peak memory 778 MiB.
2026-09-22T03:08:39Z INFO [287/372] 0dcea441-5f9a-4c6a-b9c6-e0531d292d63: qualifies; 76.5 s; peak memory 778 MiB.
2026-09-22T03:08:40Z INFO [288/372] 0dcee32d-f83e-4fc8-ab7e-e88806da47f2: does not qualify; 1.3 s; peak memory 778 MiB.
2026-09-22T03:08:41Z INFO [289/372] 0dcfac3e-6f02-4ace-8816-b1369d9c5499: does not qualify; 0.8 s; peak memory 778 MiB.
2026-09-22T03:08:42Z INFO [290/372] 0dd00704-7578-469d-a71a-74cefab4e34d: does not qualify; 1.5 s; peak memory 778 MiB.
2026-09-22T03:08:43Z INFO [291/372] 0dd0b0ee-705c-44d8-8003-0e8dd0fd688e: does not qualify; 0.8 s; peak memory 778 MiB.
2026-09-22T03:08:47Z INFO [292/372] 0dd0fe9f-fe1f-49ce-bba7-37ec28503b8a: does not qualify; 4.1 s; peak memory 778 MiB.
2026-09-22T03:08:52Z INFO [293/372] 0dd1a198-f357-402f-bffa-fc12d02ed299: does not qualify; 4.4 s; peak memory 778 MiB.
2026-09-22T03:08:53Z INFO [294/372] 0dd1b77f-410a-4bae-80c9-4b1ccdd841a6: does not qualify; 0.9 s; peak memory 778 MiB.
2026-09-22T03:08:53Z INFO [295/372] 0dd1ef22-865e-4072-9f32-a21bab72f7df: does not qualify; 0.7 s; peak memory 778 MiB.
2026-09-22T03:08:54Z INFO [296/372] 0dd1fa20-6b19-4b4b-b180-a56b8b25d946: does not qualify; 0.7 s; peak memory 778 MiB.
2026-09-22T03:08:55Z INFO [297/372] 0dd2473d-8778-49ff-ae11-4604bb0749b4: does not qualify; 0.8 s; peak memory 778 MiB.
2026-09-22T03:08:55Z INFO [298/372] 0dd2aafc-6b18-4921-a86f-a9345ac629fb: does not qualify; 0.6 s; peak memory 778 MiB.
2026-09-22T03:08:57Z INFO [299/372] 0dd4b209-8445-45ee-ab8d-5842d488c926: does not qualify; 1.2 s; peak memory 778 MiB.
2026-09-22T03:08:57Z INFO [300/372] 0dd54404-6551-454e-b3dd-1d160609e0c0: does not qualify; 0.7 s; peak memory 778 MiB.
2026-09-22T03:08:57Z INFO [300/372] 0dd54404-6551-454e-b3dd-1d160609e0c0: checkpointed 53517 records.
2026-09-22T03:08:58Z INFO [301/372] 0dd61896-f010-4aeb-96e7-198bfa0e2d00: does not qualify; 1.1 s; peak memory 778 MiB.
2026-09-22T03:08:59Z INFO [302/372] 0dd72264-de59-4b68-835e-27f059e936a9: does not qualify; 1.0 s; peak memory 778 MiB.
2026-09-22T03:09:07Z INFO [303/372] 0dd77c9c-2959-4997-ae02-44f4f7a036f8: does not qualify; 7.6 s; peak memory 778 MiB.
2026-09-22T03:09:08Z INFO [304/372] 0dd802e1-c425-4d07-8fe3-d6e511a2c9c3: does not qualify; 1.1 s; peak memory 778 MiB.
2026-09-22T03:09:09Z INFO [305/372] 0dd837ba-3ad3-4645-aa86-53deef35a89a: does not qualify; 0.8 s; peak memory 778 MiB.
2026-09-22T03:09:10Z INFO [306/372] 0dd98225-48ba-40b8-a19e-5f580b4e3975: does not qualify; 0.7 s; peak memory 778 MiB.
2026-09-22T03:09:10Z INFO [307/372] 0dd9b118-b99d-4c5c-b816-4ae2250a9321: does not qualify; 0.8 s; peak memory 778 MiB.
2026-09-22T03:09:11Z INFO [308/372] 0dd9e8c9-fb1f-4acb-89aa-7d1e2ad98e91: does not qualify; 1.1 s; peak memory 778 MiB.
2026-09-22T03:09:13Z INFO [309/372] 0ddaa92a-d52b-4f63-93f4-5cfb62802a3e: does not qualify; 1.3 s; peak memory 778 MiB.
2026-09-22T03:09:14Z INFO [310/372] 0ddaec9f-a80a-477e-a4fe-7a56f665e9b4: does not qualify; 1.0 s; peak memory 778 MiB.
2026-09-22T03:09:22Z INFO [311/372] 0ddb40e2-abe3-4c89-b722-61f0692b5130: does not qualify; 7.8 s; peak memory 778 MiB.
2026-09-22T03:09:23Z INFO [312/372] 0ddb841b-bc37-4d67-85c3-ce71bc1de06c: does not qualify; 1.1 s; peak memory 778 MiB.
2026-09-22T03:09:24Z INFO [313/372] 0ddba8b3-7b84-48f8-b77b-d7ff795d0bd0: does not qualify; 0.8 s; peak memory 778 MiB.
2026-09-22T03:09:32Z INFO [314/372] 0ddbb404-861e-42d2-84c2-d58c68d9d9d4: does not qualify; 8.3 s; peak memory 778 MiB.
2026-09-22T03:09:33Z INFO [315/372] 0ddbfe92-1432-4c24-b656-82356bd3fff9: does not qualify; 1.0 s; peak memory 778 MiB.
2026-09-22T03:09:34Z INFO [316/372] 0ddc2149-621a-4e86-a0ef-bba1eb0f1dc2: does not qualify; 0.9 s; peak memory 778 MiB.
2026-09-22T03:09:35Z INFO [317/372] 0ddc3088-18bf-432b-a4d9-7d479c04bf9c: does not qualify; 1.0 s; peak memory 778 MiB.
2026-09-22T03:09:37Z INFO [318/372] 0ddc7ab3-960a-42ea-b731-6db9fefaf77f: does not qualify; 2.5 s; peak memory 778 MiB.
2026-09-22T03:09:38Z INFO [319/372] 0ddc93b1-f2ad-4cd7-856e-a3ba91d9d7d9: does not qualify; 0.8 s; peak memory 778 MiB.
2026-09-22T03:09:41Z INFO [320/372] 0ddcb548-d8ca-4e0a-af8f-9dea4d2709d9: does not qualify; 2.7 s; peak memory 778 MiB.
2026-09-22T03:09:45Z INFO [321/372] 0ddce02c-dac6-48ac-9d69-78a6d647a97b: does not qualify; 4.6 s; peak memory 778 MiB.
2026-09-22T03:09:47Z INFO [322/372] 0dddf534-a462-4c90-ab7e-d47705341c41: does not qualify; 2.1 s; peak memory 778 MiB.
2026-09-22T03:09:48Z INFO [323/372] 0dddfb2b-831b-47bf-b94b-26768ca2d1fd: does not qualify; 0.6 s; peak memory 778 MiB.
2026-09-22T03:09:49Z INFO [324/372] 0dde69d3-744a-4e1e-86a4-0b2f6b025db0: does not qualify; 1.2 s; peak memory 778 MiB.
2026-09-22T03:09:50Z INFO [325/372] 0ddec698-73ee-4211-83d6-467b88e346a9: does not qualify; 0.7 s; peak memory 778 MiB.
2026-09-22T03:09:51Z INFO [326/372] 0de01cec-125e-4f67-8f64-5f0e9442708b: does not qualify; 0.8 s; peak memory 778 MiB.
2026-09-22T03:09:52Z INFO [327/372] 0de0ad58-3b25-46ab-a77d-2efb91cf591f: does not qualify; 0.9 s; peak memory 778 MiB.
2026-09-22T03:09:52Z INFO [328/372] 0de28329-eaac-4080-b0fb-3a437d250825: does not qualify; 0.9 s; peak memory 778 MiB.
2026-09-22T03:09:53Z INFO [329/372] 0de3a840-a75b-4b2e-bb0b-ccb600855eb3: does not qualify; 0.8 s; peak memory 778 MiB.
2026-09-22T03:09:55Z INFO [330/372] 0de4b4f3-bb96-47cb-a6e5-f3d9f617ab3a: does not qualify; 1.3 s; peak memory 778 MiB.
2026-09-22T03:09:55Z INFO [331/372] 0de4ca38-e8ca-43ca-a448-d3dff4b09b3f: does not qualify; 0.8 s; peak memory 778 MiB.
2026-09-22T03:10:00Z INFO [332/372] 0de56f53-ad8e-4333-833a-b7d71f4f0c7e: does not qualify; 4.4 s; peak memory 778 MiB.
2026-09-22T03:10:08Z INFO [333/372] 0de5a221-3249-497f-8907-aa1624021024: does not qualify; 7.7 s; peak memory 778 MiB.
2026-09-22T03:10:09Z INFO [334/372] 0de62f2a-80bf-42da-9da9-f68af72c2dc0: does not qualify; 1.4 s; peak memory 778 MiB.
2026-09-22T03:10:10Z INFO [335/372] 0de63e9c-1af5-47e4-913d-4b5f67726972: does not qualify; 0.7 s; peak memory 778 MiB.
2026-09-22T03:10:11Z INFO [336/372] 0de66f76-7106-48e7-ac8a-5fe2ec52ac73: does not qualify; 1.0 s; peak memory 778 MiB.
2026-09-22T03:10:13Z INFO [337/372] 0de70204-863e-4f6d-ae31-74df6321996d: does not qualify; 2.4 s; peak memory 778 MiB.
2026-09-22T03:10:17Z INFO [338/372] 0de7a998-390d-448e-8b9c-09f4e2260ebe: does not qualify; 3.7 s; peak memory 778 MiB.
2026-09-22T03:10:19Z INFO [339/372] 0de7cf10-8e35-4d7d-9184-f2d83cda3115: does not qualify; 2.0 s; peak memory 778 MiB.
2026-09-22T03:10:20Z INFO [340/372] 0de95cb7-e4fa-440c-8f79-f965ec9b14ca: does not qualify; 0.9 s; peak memory 778 MiB.
2026-09-22T03:10:20Z INFO [341/372] 0de9753a-0f84-41eb-af09-594f34cac2d4: does not qualify; 0.8 s; peak memory 778 MiB.
2026-09-22T03:10:22Z INFO [342/372] 0de97a5d-d3b4-49d0-bc0d-b4a1e415cff0: does not qualify; 1.4 s; peak memory 778 MiB.
2026-09-22T03:10:23Z INFO [343/372] 0de9b61d-a124-4a8d-8f66-dd00638a672d: does not qualify; 1.4 s; peak memory 778 MiB.
2026-09-22T03:10:26Z INFO [344/372] 0de9d9a2-7477-45a9-8432-656d935b3fdd: does not qualify; 2.3 s; peak memory 778 MiB.
2026-09-22T03:10:26Z INFO [345/372] 0de9fbb7-5309-483a-9dd7-a4f79f6b0b26: does not qualify; 0.9 s; peak memory 778 MiB.
2026-09-22T03:10:28Z INFO [346/372] 0dea1d5f-761e-4661-91de-6f8a7bd3303a: does not qualify; 1.3 s; peak memory 778 MiB.
2026-09-22T03:10:30Z INFO [347/372] 0dec427d-4db4-44c3-988a-c37959ceaff3: does not qualify; 2.0 s; peak memory 778 MiB.
2026-09-22T03:10:31Z INFO [348/372] 0dee1a62-4038-4228-8c58-411423a19263: does not qualify; 1.5 s; peak memory 778 MiB.
2026-09-22T03:10:32Z INFO [349/372] 0deec404-d239-4790-b0bf-90b49a9e720b: does not qualify; 0.9 s; peak memory 778 MiB.
2026-09-22T03:10:33Z INFO [350/372] 0deec570-906e-4ce9-af7f-d38431223a5c: does not qualify; 0.8 s; peak memory 778 MiB.
2026-09-22T03:10:33Z INFO [350/372] 0deec570-906e-4ce9-af7f-d38431223a5c: checkpointed 53567 records.
2026-09-22T03:10:34Z INFO [351/372] 0def3147-eec5-4ace-92ce-dc81a896978a: does not qualify; 0.7 s; peak memory 778 MiB.
2026-09-22T03:10:35Z INFO [352/372] 0df00222-802f-4aa1-899e-60f23fad356d: does not qualify; 1.0 s; peak memory 778 MiB.
2026-09-22T03:10:36Z INFO [353/372] 0df15fed-0f38-4fc9-840a-fa53ac11f98f: does not qualify; 1.0 s; peak memory 778 MiB.
2026-09-22T03:10:38Z INFO [354/372] 0df201dc-3148-41b6-8767-81a6c2abac5f: does not qualify; 1.8 s; peak memory 778 MiB.
2026-09-22T03:10:39Z INFO [355/372] 0df23682-359d-4089-95d1-51d9f7d755e1: does not qualify; 1.1 s; peak memory 778 MiB.
2026-09-22T03:10:40Z INFO [356/372] 0df2dbc8-b84a-46ce-8dcb-96bc741b760c: does not qualify; 0.8 s; peak memory 778 MiB.
2026-09-22T03:10:41Z INFO [357/372] 0df31d71-7383-4988-88c5-250dc4a245cf: does not qualify; 1.5 s; peak memory 778 MiB.
2026-09-22T03:10:48Z INFO [358/372] 0df356c9-40c0-479a-b821-5d7d5d58f77f: does not qualify; 7.4 s; peak memory 778 MiB.
2026-09-22T03:10:49Z INFO [359/372] 0df38bd3-648c-4905-96ee-dd6103f67ea4: does not qualify; 0.9 s; peak memory 778 MiB.
2026-09-22T03:10:50Z INFO [360/372] 0df4860b-c35b-4fcd-bc9c-8707f69bce91: does not qualify; 0.8 s; peak memory 778 MiB.
2026-09-22T03:10:52Z INFO [361/372] 0df4c128-cd58-4601-a7b6-250fc134311b: does not qualify; 1.5 s; peak memory 778 MiB.
2026-09-22T03:10:53Z INFO [362/372] 0df51055-23d0-4131-a93d-0f9cce724868: does not qualify; 1.2 s; peak memory 778 MiB.
2026-09-22T03:10:54Z INFO [363/372] 0df529cc-885f-425a-9bdf-0abb9ae04d40: does not qualify; 0.8 s; peak memory 778 MiB.
2026-09-22T03:10:55Z INFO [364/372] 0df5ab34-97be-45bb-a9ee-6acc461492ec: does not qualify; 1.5 s; peak memory 778 MiB.
2026-09-22T03:11:07Z INFO [365/372] 0df70830-448f-45c2-8d78-00be7a8cfa3a: does not qualify; 11.7 s; peak memory 778 MiB.
2026-09-22T03:11:11Z INFO [366/372] 0df766a4-8cef-4251-9cce-88faa7cd427d: does not qualify; 3.9 s; peak memory 778 MiB.
2026-09-22T03:11:11Z INFO [367/372] 0df76e68-ba8f-40ee-bf9f-7a0615c04d58: does not qualify; 0.6 s; peak memory 778 MiB.
2026-09-22T03:11:13Z INFO [368/372] 0df891ef-e5da-4832-a92e-8b366d4330e3: does not qualify; 1.8 s; peak memory 778 MiB.
2026-09-22T03:11:14Z INFO [369/372] 0df946b9-988b-4739-b3a3-3cea36cf7e68: does not qualify; 0.9 s; peak memory 778 MiB.
2026-09-22T03:11:16Z INFO [370/372] 0df9c965-ad5e-4803-99af-046eb8d3e409: does not qualify; 1.8 s; peak memory 778 MiB.
2026-09-22T03:11:17Z INFO [371/372] 0dfa6f1f-8292-4237-b5d3-525c912843ff: does not qualify; 0.7 s; peak memory 778 MiB.
2026-09-22T03:11:17Z INFO [372/372] 0dfaa004-7c75-4984-9c6e-3bffceb42c3f: does not qualify; 0.6 s; peak memory 778 MiB.
2026-09-22T03:11:17Z INFO Wrote 53589 records to /tmp/derivatives/qualifying_lfp_content_ids.jsonl (372 new, 0 failed) in 13.3 min (peak memory 778 MiB).
