2026-09-21T02:58:03Z INFO Logging to /tmp/logs/update_2026-09-21T02-58-03Z.log.
2026-09-21T02:58:03Z INFO Update qualifying-lfp-content-ids (base directory /tmp).
2026-09-21T02:58:05Z INFO Processing 369 items (52125 already recorded).
2026-09-21T02:58:06Z INFO [1/369] 0afa78e9-4b08-4a75-b8b3-1ef04e372b49: does not qualify; 0.9 s; peak memory 222 MiB.
2026-09-21T02:58:07Z INFO [2/369] 0afb8ec1-79fd-43fc-8d2a-ec86cb0d5d18: does not qualify; 1.0 s; peak memory 222 MiB.
2026-09-21T02:58:08Z INFO [3/369] 0afba705-3c1c-4d09-89b3-3554ebb03417: does not qualify; 0.9 s; peak memory 222 MiB.
2026-09-21T02:58:08Z INFO [4/369] 0afbde31-a55d-4ea3-880a-40a8288b94b3: does not qualify; 0.8 s; peak memory 222 MiB.
2026-09-21T02:58:10Z INFO [5/369] 0afc0cf5-ed8a-45dc-b0fb-27e0daac8a9f: does not qualify; 1.5 s; peak memory 224 MiB.
2026-09-21T02:58:11Z INFO [6/369] 0afca395-e5b3-4532-9d71-36dc4ea08944: does not qualify; 1.0 s; peak memory 224 MiB.
2026-09-21T02:58:20Z INFO [7/369] 0afd213f-3936-471d-88f7-d71a3775938b: does not qualify; 8.9 s; peak memory 257 MiB.
2026-09-21T02:58:21Z INFO [8/369] 0afe69c8-6d7a-4d45-bac6-4b5687ca31cb: does not qualify; 0.9 s; peak memory 257 MiB.
2026-09-21T02:58:25Z INFO [9/369] 0afee90f-aab3-4097-9b30-365e17f0d917: does not qualify; 3.9 s; peak memory 257 MiB.
2026-09-21T02:58:25Z INFO [10/369] 0aff64f9-e99e-407b-a950-8bfc2170051d: does not qualify; 0.9 s; peak memory 257 MiB.
2026-09-21T02:58:30Z INFO [11/369] 0aff987f-2fae-4f80-aeeb-b6449911f09d: does not qualify; 4.1 s; peak memory 257 MiB.
2026-09-21T02:58:31Z INFO [12/369] 0affa9da-1cfe-4427-9432-fad6439f47ee: does not qualify; 1.0 s; peak memory 257 MiB.
2026-09-21T02:58:31Z INFO [13/369] 0b001349-d3d3-4461-aef2-8639a82b172c: does not qualify; 0.8 s; peak memory 257 MiB.
2026-09-21T02:58:34Z INFO [14/369] 0b010bab-a0ed-428f-93b1-d705b459eaff: does not qualify; 2.1 s; peak memory 257 MiB.
2026-09-21T02:58:39Z INFO [15/369] 0b0164ee-dd7e-4530-b06d-d0b9f2ff1430: does not qualify; 5.8 s; peak memory 257 MiB.
2026-09-21T02:58:40Z INFO [16/369] 0b01fe88-0867-462a-8f73-7ab9cfac037a: does not qualify; 0.9 s; peak memory 257 MiB.
2026-09-21T02:58:42Z INFO [17/369] 0b027a03-fd2d-47fc-b554-5ed6fb9c9fd3: does not qualify; 1.4 s; peak memory 257 MiB.
2026-09-21T02:58:46Z INFO [18/369] 0b02d10f-85bc-4047-a354-58fdfa676d8d: does not qualify; 4.3 s; peak memory 257 MiB.
2026-09-21T02:58:51Z INFO [19/369] 0b0330b2-e100-4860-9ec0-b1d884d325ff: does not qualify; 4.6 s; peak memory 257 MiB.
2026-09-21T02:58:51Z INFO [20/369] 0b047b9e-d595-424d-a365-37e6f8b8bf9b: does not qualify; 0.9 s; peak memory 257 MiB.
2026-09-21T02:58:52Z INFO [21/369] 0b05746d-7e90-473f-9416-f61da4eefba0: does not qualify; 1.1 s; peak memory 257 MiB.
2026-09-21T02:58:56Z INFO [22/369] 0b066692-0a42-4c77-bb1a-dd3a53c6a505: does not qualify; 3.8 s; peak memory 257 MiB.
2026-09-21T02:59:02Z INFO [23/369] 0b06e5d8-812b-45bd-8969-50dc710eaac0: does not qualify; 5.3 s; peak memory 257 MiB.
2026-09-21T02:59:03Z INFO [24/369] 0b070d34-b3ce-41b2-afe0-1f7234119de0: does not qualify; 1.7 s; peak memory 257 MiB.
2026-09-21T02:59:05Z INFO [25/369] 0b0743c0-01e9-4af8-aa21-ff9a521a2102: does not qualify; 1.6 s; peak memory 257 MiB.
2026-09-21T02:59:05Z INFO [26/369] 0b07c672-0c3b-42ba-a8f3-ddbc014ce2d4: does not qualify; 0.7 s; peak memory 257 MiB.
2026-09-21T02:59:06Z INFO [27/369] 0b0a1f81-b472-4ae5-aab5-c31502429a51: does not qualify; 1.0 s; peak memory 257 MiB.
2026-09-21T02:59:07Z INFO [28/369] 0b0b7537-2b71-483b-922e-26a4d80aa959: does not qualify; 0.8 s; peak memory 257 MiB.
2026-09-21T02:59:08Z INFO [29/369] 0b0bd7b2-3fa6-4d32-a5eb-8495395da999: does not qualify; 1.1 s; peak memory 257 MiB.
2026-09-21T02:59:09Z INFO [30/369] 0b0bd9a1-6f50-4c90-907c-306fd9187661: does not qualify; 0.9 s; peak memory 257 MiB.
2026-09-21T02:59:10Z INFO [31/369] 0b0c6671-c22e-4613-8cd7-c75f600eceb0: does not qualify; 1.1 s; peak memory 257 MiB.
2026-09-21T02:59:11Z INFO [32/369] 0b0ca92b-dfc9-420c-b29e-ecf1ae5ecad8: does not qualify; 0.8 s; peak memory 257 MiB.
2026-09-21T02:59:12Z INFO [33/369] 0b0d2cc5-42e9-4826-8202-9913dc61933d: does not qualify; 0.8 s; peak memory 257 MiB.
2026-09-21T02:59:13Z INFO [34/369] 0b0dc8fe-6e5b-4933-8da2-ef3de24f6d83: does not qualify; 1.0 s; peak memory 257 MiB.
2026-09-21T02:59:14Z INFO [35/369] 0b0dd946-873a-451c-ae8a-7184d4b911d7: does not qualify; 1.0 s; peak memory 257 MiB.
2026-09-21T02:59:15Z INFO [36/369] 0b0edf71-57f7-4725-856d-722f65502c7a: does not qualify; 1.4 s; peak memory 257 MiB.
2026-09-21T02:59:18Z INFO [37/369] 0b0f4166-271e-414b-be4e-db992084061c: does not qualify; 2.3 s; peak memory 257 MiB.
2026-09-21T02:59:20Z INFO [38/369] 0b108be4-36a3-4958-bb10-b53232fbc0e8: does not qualify; 2.1 s; peak memory 257 MiB.
2026-09-21T02:59:21Z INFO [39/369] 0b111e3f-8262-4c16-ae03-22db6f76a2c8: does not qualify; 0.9 s; peak memory 257 MiB.
2026-09-21T02:59:24Z INFO [40/369] 0b11297d-fad3-4394-9830-fb738400580e: does not qualify; 2.9 s; peak memory 257 MiB.
2026-09-21T02:59:26Z INFO [41/369] 0b11cf19-6b8a-4885-864c-3831252faeeb: does not qualify; 1.9 s; peak memory 257 MiB.
2026-09-21T02:59:27Z INFO [42/369] 0b12375f-9b5f-4c6c-b06c-5c68df38f91d: does not qualify; 1.4 s; peak memory 257 MiB.
2026-09-21T02:59:28Z INFO [43/369] 0b130a84-f9ef-4fa7-b7f8-1316775f8797: does not qualify; 1.4 s; peak memory 257 MiB.
2026-09-21T02:59:29Z INFO [44/369] 0b132fe0-e035-4bc3-8ee8-97922da91591: does not qualify; 1.1 s; peak memory 257 MiB.
2026-09-21T02:59:31Z INFO [45/369] 0b13567f-e19a-4f7a-879b-ef79a1a4e435: does not qualify; 1.2 s; peak memory 257 MiB.
2026-09-21T02:59:32Z INFO [46/369] 0b13b022-ba1f-4d3b-ad99-dc7c00bc83c6: does not qualify; 1.2 s; peak memory 257 MiB.
2026-09-21T02:59:38Z INFO [47/369] 0b13fd06-a888-45d3-ab8d-c462c6d4078f: does not qualify; 5.8 s; peak memory 257 MiB.
2026-09-21T02:59:40Z INFO [48/369] 0b140668-8aef-47bd-984a-57d5dc37fec1: does not qualify; 2.1 s; peak memory 257 MiB.
2026-09-21T02:59:41Z INFO [49/369] 0b140c93-49c9-4815-ad98-a47e04df9969: does not qualify; 1.3 s; peak memory 257 MiB.
2026-09-21T02:59:48Z INFO [50/369] 0b144ccd-9078-4bae-abb8-c58784bffaca: does not qualify; 6.7 s; peak memory 257 MiB.
2026-09-21T02:59:48Z INFO [50/369] 0b144ccd-9078-4bae-abb8-c58784bffaca: checkpointed 52175 records.
2026-09-21T02:59:49Z INFO [51/369] 0b14a359-d461-4b79-a076-04fda88e2892: does not qualify; 1.1 s; peak memory 257 MiB.
2026-09-21T02:59:50Z INFO [52/369] 0b153acc-e280-4929-9436-20d76beff624: does not qualify; 1.4 s; peak memory 257 MiB.
2026-09-21T02:59:51Z INFO [53/369] 0b153bdd-926e-41ee-b193-9621feefcea2: does not qualify; 1.1 s; peak memory 257 MiB.
2026-09-21T02:59:52Z INFO [54/369] 0b168f2a-3ba4-4292-99d2-e4ea750ee6bb: does not qualify; 1.2 s; peak memory 257 MiB.
2026-09-21T02:59:53Z INFO [55/369] 0b170191-8357-4511-bb30-96428a1f3717: does not qualify; 0.7 s; peak memory 257 MiB.
2026-09-21T03:00:10Z INFO [56/369] 0b1737ed-bdd4-48d0-b0df-5daf258a171b: does not qualify; 17.2 s; peak memory 266 MiB.
2026-09-21T03:00:11Z INFO [57/369] 0b1751d9-c838-45e0-bcd7-00b485df86cb: does not qualify; 1.1 s; peak memory 266 MiB.
2026-09-21T03:00:17Z INFO [58/369] 0b17d3eb-7c09-4746-8039-460fd8899511: does not qualify; 6.0 s; peak memory 266 MiB.
2026-09-21T03:00:21Z INFO [59/369] 0b1915eb-ea6c-4bc7-8110-b235ad1ac4c3: does not qualify; 3.7 s; peak memory 266 MiB.
2026-09-21T03:00:28Z INFO [60/369] 0b1918db-80bd-4295-ae37-1b07e7f952e2: does not qualify; 6.6 s; peak memory 266 MiB.
2026-09-21T03:00:29Z INFO [61/369] 0b195e2a-f0a1-4078-b28c-4f38c40081a1: does not qualify; 1.0 s; peak memory 266 MiB.
2026-09-21T03:00:30Z INFO [62/369] 0b19f873-f537-4388-87bf-ee8622c0e4b5: does not qualify; 1.2 s; peak memory 266 MiB.
2026-09-21T03:00:32Z INFO [63/369] 0b1a420d-17c3-410d-aba1-89fd9d46f36a: does not qualify; 2.3 s; peak memory 266 MiB.
2026-09-21T03:00:33Z INFO [64/369] 0b1a66b8-0bd0-4d95-b240-21c6d3d6500c: does not qualify; 1.2 s; peak memory 266 MiB.
2026-09-21T03:00:34Z INFO [65/369] 0b1b8f06-b25e-4206-b69e-11f241e40fca: does not qualify; 0.9 s; peak memory 266 MiB.
2026-09-21T03:00:35Z INFO [66/369] 0b1caea8-ffb5-4062-816f-307577a45c63: does not qualify; 0.8 s; peak memory 266 MiB.
2026-09-21T03:00:39Z INFO [67/369] 0b1d9622-7cd1-4ad0-ac68-c080c27b14e5: does not qualify; 3.6 s; peak memory 266 MiB.
2026-09-21T03:00:39Z INFO [68/369] 0b1d98f8-70d5-436c-8a66-aa64ad11ee1d: does not qualify; 0.6 s; peak memory 266 MiB.
2026-09-21T03:00:40Z INFO [69/369] 0b1f5481-f006-400d-9671-8594365359b8: does not qualify; 0.8 s; peak memory 266 MiB.
2026-09-21T03:00:43Z INFO [70/369] 0b1fff1c-d192-4be1-b10b-6d4a4eb1dfd6: does not qualify; 3.5 s; peak memory 266 MiB.
2026-09-21T03:00:45Z INFO [71/369] 0b207236-a71f-4baf-b90e-d4c31160d487: does not qualify; 1.1 s; peak memory 266 MiB.
2026-09-21T03:00:46Z INFO [72/369] 0b20bc75-27be-46b6-bf35-3f4b37f35f31: does not qualify; 1.1 s; peak memory 266 MiB.
2026-09-21T03:00:47Z INFO [73/369] 0b21c438-12d7-43f8-8222-5c9ca072db27: does not qualify; 1.2 s; peak memory 266 MiB.
2026-09-21T03:00:48Z INFO [74/369] 0b22a1f3-d4cc-4e1a-ae28-9f2a54233e84: qualifies; 1.5 s; peak memory 266 MiB.
2026-09-21T03:00:49Z INFO [75/369] 0b240139-7927-4c15-9841-602f3634a00a: does not qualify; 1.1 s; peak memory 266 MiB.
2026-09-21T03:00:51Z INFO [76/369] 0b2574bf-156c-4870-b981-86d84ebe7262: does not qualify; 1.3 s; peak memory 266 MiB.
2026-09-21T03:00:52Z INFO [77/369] 0b26edd8-7f95-4ec6-ad75-f09e34ebb64e: does not qualify; 1.3 s; peak memory 266 MiB.
2026-09-21T03:02:21Z INFO [78/369] 0b2719b6-bdcd-4f90-b8b4-d6d5e30da392: qualifies; 89.4 s; peak memory 339 MiB.
2026-09-21T03:02:23Z INFO [79/369] 0b279b5c-3981-460b-98e2-c024ee1b2586: does not qualify; 1.2 s; peak memory 339 MiB.
2026-09-21T03:02:24Z INFO [80/369] 0b27de9b-c376-4285-9717-7ad213eae955: does not qualify; 1.1 s; peak memory 339 MiB.
2026-09-21T03:02:38Z INFO [81/369] 0b2899b5-d78f-48f3-a59a-d3fdf691f966: does not qualify; 14.7 s; peak memory 621 MiB.
2026-09-21T03:02:39Z INFO [82/369] 0b2925d2-3d1e-473d-894b-f0eeb84dd8b0: does not qualify; 1.0 s; peak memory 621 MiB.
2026-09-21T03:02:40Z INFO [83/369] 0b2a9b1b-5c69-49b0-9f8b-3e14857f0944: does not qualify; 1.0 s; peak memory 621 MiB.
2026-09-21T03:02:51Z INFO [84/369] 0b2b0855-5c0c-429b-a196-902d5b101722: does not qualify; 10.4 s; peak memory 621 MiB.
2026-09-21T03:02:56Z INFO [85/369] 0b2c62de-4220-4af7-8507-d724a4389560: does not qualify; 5.3 s; peak memory 621 MiB.
2026-09-21T03:02:57Z INFO [86/369] 0b2dd134-8cc5-4dc9-af5a-ff04b8fe32a8: does not qualify; 0.9 s; peak memory 621 MiB.
2026-09-21T03:02:58Z INFO [87/369] 0b2e2421-5df3-49f3-ad03-350004f315d5: does not qualify; 0.8 s; peak memory 621 MiB.
2026-09-21T03:03:04Z INFO [88/369] 0b2f37af-7433-4c45-9c1a-e3e8c356183e: does not qualify; 6.5 s; peak memory 621 MiB.
2026-09-21T03:03:06Z INFO [89/369] 0b2ff777-693a-4bb2-bd0f-7c9f7705debf: does not qualify; 1.7 s; peak memory 621 MiB.
2026-09-21T03:03:07Z INFO [90/369] 0b2ffa75-c9a1-4bcc-a36c-675ed84cf1f7: does not qualify; 1.4 s; peak memory 621 MiB.
2026-09-21T03:03:10Z INFO [91/369] 0b309d70-80bd-4c15-8822-ac18c5d3eca2: does not qualify; 2.2 s; peak memory 621 MiB.
2026-09-21T03:03:10Z INFO [92/369] 0b323e98-bacb-419b-b23a-a4677b0da91d: does not qualify; 0.8 s; peak memory 621 MiB.
2026-09-21T03:03:11Z INFO [93/369] 0b32a99b-65d8-4454-a49d-32e7243f158d: does not qualify; 0.9 s; peak memory 621 MiB.
2026-09-21T03:03:13Z INFO [94/369] 0b32e366-4d8c-4116-be6c-81e7208b3f36: does not qualify; 1.5 s; peak memory 621 MiB.
2026-09-21T03:03:14Z INFO [95/369] 0b332bc1-b791-45ec-9631-f7ca05530231: does not qualify; 0.9 s; peak memory 621 MiB.
2026-09-21T03:03:14Z INFO [96/369] 0b33619d-020b-4094-b647-112caa8ab693: does not qualify; 0.8 s; peak memory 621 MiB.
2026-09-21T03:03:15Z INFO [97/369] 0b336393-ee2a-41b3-b363-fd1d6efe0c5d: does not qualify; 1.1 s; peak memory 621 MiB.
2026-09-21T03:03:17Z INFO [98/369] 0b338f75-e1f8-444f-bd23-b8d8518cf2ec: does not qualify; 1.2 s; peak memory 621 MiB.
2026-09-21T03:03:18Z INFO [99/369] 0b34330d-2c83-4f10-b294-9aabe6004bb9: qualifies; 1.6 s; peak memory 621 MiB.
2026-09-21T03:03:20Z INFO [100/369] 0b34a5e8-4786-4e5c-8fb9-fc0fa220ced2: does not qualify; 1.3 s; peak memory 621 MiB.
2026-09-21T03:03:20Z INFO [100/369] 0b34a5e8-4786-4e5c-8fb9-fc0fa220ced2: checkpointed 52225 records.
2026-09-21T03:03:20Z INFO [101/369] 0b34c2a6-c2f5-436e-bedd-08ff1cfff808: does not qualify; 0.8 s; peak memory 621 MiB.
2026-09-21T03:03:22Z INFO [102/369] 0b3547b2-1a38-4488-a736-59bd0cbe2897: does not qualify; 1.3 s; peak memory 621 MiB.
2026-09-21T03:03:23Z INFO [103/369] 0b359c34-a945-483e-a518-44f3e5255e7f: does not qualify; 1.2 s; peak memory 621 MiB.
2026-09-21T03:03:24Z INFO [104/369] 0b3608b7-b509-4f69-84e8-8e60f5184c42: does not qualify; 0.9 s; peak memory 621 MiB.
2026-09-21T03:03:25Z INFO [105/369] 0b36f13d-9ddc-42e3-ab7f-d5b148dfa5cd: does not qualify; 1.1 s; peak memory 621 MiB.
2026-09-21T03:03:28Z INFO [106/369] 0b380c64-939d-4092-8f4e-a2310ae85ab5: does not qualify; 2.6 s; peak memory 621 MiB.
2026-09-21T03:03:28Z INFO [107/369] 0b39222d-8556-4f68-aa49-363144913a60: does not qualify; 0.8 s; peak memory 621 MiB.
2026-09-21T03:03:29Z INFO [108/369] 0b39b14c-add7-4ad6-ae87-242a0d56547a: does not qualify; 1.1 s; peak memory 621 MiB.
2026-09-21T03:03:31Z INFO [109/369] 0b39f342-a2a4-477c-807a-9659ef3b03ee: does not qualify; 1.1 s; peak memory 621 MiB.
2026-09-21T03:03:33Z INFO [110/369] 0b3a64b2-8589-4307-8493-336707bdfe21: does not qualify; 2.7 s; peak memory 621 MiB.
2026-09-21T03:03:34Z INFO [111/369] 0b3b86fd-3a30-44fb-9b07-6d365bbcfe20: does not qualify; 0.8 s; peak memory 621 MiB.
2026-09-21T03:03:39Z INFO [112/369] 0b3c9831-4a16-457a-a260-9d11ad6313b5: does not qualify; 5.4 s; peak memory 621 MiB.
2026-09-21T03:03:41Z INFO [113/369] 0b3d8149-7e69-4fb2-91d3-8d2afe09b719: does not qualify; 1.1 s; peak memory 621 MiB.
2026-09-21T03:03:41Z INFO [114/369] 0b3da296-e1cf-40ba-aac2-7a2fecec7df6: does not qualify; 1.0 s; peak memory 621 MiB.
2026-09-21T03:03:42Z INFO [115/369] 0b3e9de9-773a-4fae-bcc7-8e55a1ef6582: does not qualify; 1.0 s; peak memory 621 MiB.
2026-09-21T03:03:44Z INFO [116/369] 0b3e9eb4-6f39-4b6e-a97a-adb499c47239: does not qualify; 1.6 s; peak memory 621 MiB.
2026-09-21T03:03:48Z INFO [117/369] 0b3f2c8c-2f2a-44c4-bc84-3ce52b8a84c0: does not qualify; 4.1 s; peak memory 621 MiB.
2026-09-21T03:03:49Z INFO [118/369] 0b3f3640-d3db-4b1d-ad75-649fac331b6f: does not qualify; 1.2 s; peak memory 621 MiB.
2026-09-21T03:03:50Z INFO [119/369] 0b40287e-8e0d-49ff-b7d1-a5c09ff1bdc3: does not qualify; 0.8 s; peak memory 621 MiB.
2026-09-21T03:03:51Z INFO [120/369] 0b42baaa-1d2c-459a-a61e-49d22b93c63e: does not qualify; 0.6 s; peak memory 621 MiB.
2026-09-21T03:03:51Z INFO [121/369] 0b42e9b8-abdf-4b88-bebe-0f22e89d450c: does not qualify; 0.6 s; peak memory 621 MiB.
2026-09-21T03:03:52Z INFO [122/369] 0b43bc0a-e7a0-406f-b17c-3803396cd68f: does not qualify; 1.1 s; peak memory 621 MiB.
2026-09-21T03:03:53Z INFO [123/369] 0b44c302-629e-413f-b1d3-c642e104ffd3: does not qualify; 0.9 s; peak memory 621 MiB.
2026-09-21T03:03:57Z INFO [124/369] 0b44fdc7-f631-4ebc-99ab-3db90dcd5d98: does not qualify; 3.9 s; peak memory 621 MiB.
2026-09-21T03:03:58Z INFO [125/369] 0b450111-d416-4ce8-88ee-483ed81b43fe: does not qualify; 0.8 s; peak memory 621 MiB.
2026-09-21T03:04:00Z INFO [126/369] 0b45608f-d656-4be1-b28f-3fc06d2acbc4: does not qualify; 1.6 s; peak memory 621 MiB.
2026-09-21T03:04:00Z INFO [127/369] 0b456c21-bd29-49ab-b6c1-a4bb6805dee1: does not qualify; 0.7 s; peak memory 621 MiB.
2026-09-21T03:04:01Z INFO [128/369] 0b4589b4-3f47-4822-a0c3-67e56875c74a: does not qualify; 0.9 s; peak memory 621 MiB.
2026-09-21T03:04:02Z INFO [129/369] 0b46245f-b35b-4dc8-93cd-1a0c6e25bf9d: does not qualify; 1.0 s; peak memory 621 MiB.
2026-09-21T03:04:03Z INFO [130/369] 0b468400-5d4d-4faf-bc1a-58af167326af: does not qualify; 1.3 s; peak memory 621 MiB.
2026-09-21T03:04:09Z INFO [131/369] 0b46a676-9687-4612-8aee-f882e512f2e5: does not qualify; 5.9 s; peak memory 621 MiB.
2026-09-21T03:04:11Z INFO [132/369] 0b479f50-474c-4d5c-bb9e-5860859b1610: does not qualify; 1.4 s; peak memory 621 MiB.
2026-09-21T03:04:12Z INFO [133/369] 0b47f65a-62f1-4a31-9c18-80395815e9d8: does not qualify; 1.2 s; peak memory 621 MiB.
2026-09-21T03:04:13Z INFO [134/369] 0b49e2e6-6290-45a2-b164-5c64c17d40ee: does not qualify; 0.8 s; peak memory 621 MiB.
2026-09-21T03:04:14Z INFO [135/369] 0b4a0a1c-5263-422b-ab26-692ba7b5690b: does not qualify; 0.8 s; peak memory 621 MiB.
2026-09-21T03:04:14Z INFO [136/369] 0b4a4659-d84c-403c-aa1d-86af47100770: does not qualify; 0.7 s; peak memory 621 MiB.
2026-09-21T03:04:15Z INFO [137/369] 0b4af40a-ddbe-4ad1-b721-4973b4db278b: does not qualify; 1.1 s; peak memory 621 MiB.
2026-09-21T03:04:17Z INFO [138/369] 0b4b8950-e0c9-49a4-b480-eef029e69d81: does not qualify; 1.3 s; peak memory 621 MiB.
2026-09-21T03:04:18Z INFO [139/369] 0b4c7afe-a47c-4b90-a83d-0d836f556bf3: does not qualify; 1.5 s; peak memory 621 MiB.
2026-09-21T03:04:20Z INFO [140/369] 0b4ca8a8-4100-4b24-b752-c8d961441986: does not qualify; 1.3 s; peak memory 621 MiB.
2026-09-21T03:04:20Z INFO [141/369] 0b4cd329-30b8-4dc4-a799-409149521d7d: does not qualify; 0.9 s; peak memory 621 MiB.
2026-09-21T03:04:21Z INFO [142/369] 0b4d0989-9193-46eb-b500-2f56b1416880: does not qualify; 0.9 s; peak memory 621 MiB.
2026-09-21T03:04:22Z INFO [143/369] 0b4d690c-ddd9-4d95-80aa-1a6d9a23c907: does not qualify; 0.9 s; peak memory 621 MiB.
2026-09-21T03:04:23Z INFO [144/369] 0b4d7b8d-ce40-42d3-872d-68495a72d88f: does not qualify; 1.1 s; peak memory 621 MiB.
2026-09-21T03:04:24Z INFO [145/369] 0b4e843b-4878-447a-9a56-42b85d927027: does not qualify; 1.1 s; peak memory 621 MiB.
2026-09-21T03:04:29Z INFO [146/369] 0b4eb1a8-a10b-4b55-8d3d-0969f1824364: does not qualify; 4.1 s; peak memory 621 MiB.
2026-09-21T03:04:33Z INFO [147/369] 0b4ec03d-d338-4459-a0ee-7b3e70f289e4: does not qualify; 4.8 s; peak memory 621 MiB.
2026-09-21T03:04:34Z INFO [148/369] 0b4f67e6-7a1a-44a9-9492-523ca7a487bb: does not qualify; 0.8 s; peak memory 621 MiB.
2026-09-21T03:04:35Z INFO [149/369] 0b4fc9ac-ed67-4cf0-8968-12c5a09464eb: does not qualify; 0.9 s; peak memory 621 MiB.
2026-09-21T03:04:36Z INFO [150/369] 0b4ff4f0-04e4-4288-a4fc-281d5dd91c8b: does not qualify; 0.8 s; peak memory 621 MiB.
2026-09-21T03:04:36Z INFO [150/369] 0b4ff4f0-04e4-4288-a4fc-281d5dd91c8b: checkpointed 52275 records.
2026-09-21T03:04:38Z INFO [151/369] 0b5058e9-4f6e-45e9-a011-6385e2cedf2c: does not qualify; 2.2 s; peak memory 621 MiB.
2026-09-21T03:04:39Z INFO [152/369] 0b522057-6c77-451e-9fde-e86f2ac2e7d5: does not qualify; 1.1 s; peak memory 621 MiB.
2026-09-21T03:04:41Z INFO [153/369] 0b52fdb6-6afd-4611-a1c9-5798860fe16a: does not qualify; 1.6 s; peak memory 621 MiB.
2026-09-21T03:04:42Z INFO [154/369] 0b5331d5-8e87-427e-b82e-d39280ad3fbd: qualifies; 1.4 s; peak memory 621 MiB.
2026-09-21T03:04:43Z INFO [155/369] 0b54270a-b8fe-4951-a6ba-d6dfac362c50: does not qualify; 1.2 s; peak memory 621 MiB.
2026-09-21T03:04:44Z INFO [156/369] 0b54dadc-af2b-48cc-8668-cd18002f8d64: does not qualify; 1.0 s; peak memory 621 MiB.
2026-09-21T03:04:50Z INFO [157/369] 0b553f93-b41d-4d48-bcb2-f6007e647272: does not qualify; 5.4 s; peak memory 621 MiB.
2026-09-21T03:04:55Z INFO [158/369] 0b554ee0-0eb4-41fc-b22c-08f9ba4ec21a: does not qualify; 4.9 s; peak memory 621 MiB.
2026-09-21T03:04:56Z INFO [159/369] 0b558a53-7c9a-4dcf-9539-abb8bc83becb: does not qualify; 1.1 s; peak memory 621 MiB.
2026-09-21T03:04:57Z INFO [160/369] 0b55e872-bb10-49bf-9eb5-6d8be88918d8: does not qualify; 1.1 s; peak memory 621 MiB.
2026-09-21T03:04:58Z INFO [161/369] 0b55f996-7eda-4cde-b042-f8ce861274bb: does not qualify; 1.1 s; peak memory 621 MiB.
2026-09-21T03:05:00Z INFO [162/369] 0b561c45-9c92-4794-bdea-b04f9facb9bb: does not qualify; 1.6 s; peak memory 621 MiB.
2026-09-21T03:05:01Z INFO [163/369] 0b56ac38-2d27-4129-9e5f-4daa17428719: does not qualify; 1.4 s; peak memory 621 MiB.
2026-09-21T03:05:02Z INFO [164/369] 0b56fc97-342e-4ff7-922b-34e73e88abd1: does not qualify; 0.9 s; peak memory 621 MiB.
2026-09-21T03:05:03Z INFO [165/369] 0b572e5d-fb3d-4282-8fc7-28ccbfc66f1f: does not qualify; 1.0 s; peak memory 621 MiB.
2026-09-21T03:05:04Z INFO [166/369] 0b5764d3-a823-4886-8958-27f519b9bcc5: does not qualify; 1.0 s; peak memory 621 MiB.
2026-09-21T03:05:05Z INFO [167/369] 0b578e34-101c-4a62-9814-ce73dc0ea2f4: does not qualify; 1.2 s; peak memory 621 MiB.
2026-09-21T03:05:06Z INFO [168/369] 0b585bcf-164f-4f1d-8a2d-85c661a1d03a: does not qualify; 0.8 s; peak memory 621 MiB.
2026-09-21T03:05:14Z INFO [169/369] 0b58640d-da8e-4457-a0cf-98333a9f5e69: does not qualify; 8.1 s; peak memory 621 MiB.
2026-09-21T03:05:15Z INFO [170/369] 0b588dec-925e-430d-9a3d-6a405f8841bb: does not qualify; 1.2 s; peak memory 621 MiB.
2026-09-21T03:05:20Z INFO [171/369] 0b58ae3b-e4b9-4708-9aeb-79635eccbbce: does not qualify; 5.2 s; peak memory 621 MiB.
2026-09-21T03:05:24Z INFO [172/369] 0b58ffb9-0c33-4c24-b376-ce14e7410c8f: does not qualify; 4.1 s; peak memory 621 MiB.
2026-09-21T03:05:26Z INFO [173/369] 0b59310d-3d0c-49ee-910d-0db31f6d93ac: does not qualify; 1.2 s; peak memory 621 MiB.
2026-09-21T03:05:33Z INFO [174/369] 0b599b0b-411a-4d6c-854c-355df753ebd1: does not qualify; 7.0 s; peak memory 621 MiB.
2026-09-21T03:05:33Z INFO [175/369] 0b59da59-b4c8-430e-83c5-75f3af756e8a: does not qualify; 0.7 s; peak memory 621 MiB.
2026-09-21T03:05:34Z INFO [176/369] 0b5a5155-035b-4762-9292-e832c13ce718: does not qualify; 0.9 s; peak memory 621 MiB.
2026-09-21T03:05:35Z INFO [177/369] 0b5ad7a4-e520-460d-81f5-dad14f04ab31: does not qualify; 0.9 s; peak memory 621 MiB.
2026-09-21T03:05:38Z INFO [178/369] 0b5bb620-19dc-494a-8aba-697fce76c7a8: does not qualify; 2.5 s; peak memory 621 MiB.
2026-09-21T03:05:40Z INFO [179/369] 0b5bf2a0-6e1d-4a44-a80e-f165d98e495f: does not qualify; 2.5 s; peak memory 621 MiB.
2026-09-21T03:05:41Z INFO [180/369] 0b5d01fd-38fd-465f-bcb6-a51abe2f2405: does not qualify; 1.3 s; peak memory 621 MiB.
2026-09-21T03:05:42Z INFO [181/369] 0b5d3280-19f1-4757-be1e-71c5f2cfc699: does not qualify; 0.8 s; peak memory 621 MiB.
2026-09-21T03:05:43Z INFO [182/369] 0b5e0512-ed0d-40ad-a7ef-94ade1d447b1: does not qualify; 0.8 s; peak memory 621 MiB.
2026-09-21T03:05:44Z INFO [183/369] 0b5e1c0e-ff4b-4835-a120-1eba09f5ab02: does not qualify; 1.0 s; peak memory 621 MiB.
2026-09-21T03:05:46Z INFO [184/369] 0b5f2f7b-d698-417a-99ec-b65554b210f4: does not qualify; 1.6 s; peak memory 621 MiB.
2026-09-21T03:05:47Z INFO [185/369] 0b603f9b-5d80-4f86-b911-ccc735e3ded3: does not qualify; 1.0 s; peak memory 621 MiB.
2026-09-21T03:05:48Z INFO [186/369] 0b613280-c877-47f9-8153-e86b86c9a55b: does not qualify; 1.6 s; peak memory 621 MiB.
2026-09-21T03:05:50Z INFO [187/369] 0b614824-62c0-46aa-b1f1-e889b9225e13: does not qualify; 1.6 s; peak memory 621 MiB.
2026-09-21T03:05:52Z INFO [188/369] 0b616eed-1b64-4f35-bcc1-ae670df9b5e3: does not qualify; 2.7 s; peak memory 621 MiB.
2026-09-21T03:06:00Z INFO [189/369] 0b61705d-ecc2-408d-8429-629168f40988: does not qualify; 7.2 s; peak memory 621 MiB.
2026-09-21T03:06:01Z INFO [190/369] 0b6182a5-958f-40b9-9ca5-f2edf2f8078d: does not qualify; 1.1 s; peak memory 621 MiB.
2026-09-21T03:06:02Z INFO [191/369] 0b61dcc5-a904-439f-a930-6d46308aa0ec: does not qualify; 1.2 s; peak memory 621 MiB.
2026-09-21T03:06:03Z INFO [192/369] 0b62044e-b3aa-4803-80ea-be0eaf70c770: does not qualify; 0.9 s; peak memory 621 MiB.
2026-09-21T03:06:04Z INFO [193/369] 0b6349ce-2ee4-4ae3-afa8-f311e198c027: does not qualify; 0.8 s; peak memory 621 MiB.
2026-09-21T03:06:09Z INFO [194/369] 0b640a6e-336d-43dd-a08a-a46a0c7b024e: does not qualify; 5.1 s; peak memory 621 MiB.
2026-09-21T03:06:10Z INFO [195/369] 0b64b9d9-e596-4a07-a9bb-4773a7e04d2e: does not qualify; 0.9 s; peak memory 621 MiB.
2026-09-21T03:06:18Z INFO [196/369] 0b657ba7-905c-4e9f-9317-3c8ffff7b2de: does not qualify; 8.2 s; peak memory 621 MiB.
2026-09-21T03:06:20Z INFO [197/369] 0b65f3d8-721b-42f1-beaa-f08b946bc82d: qualifies; 1.9 s; peak memory 621 MiB.
2026-09-21T03:06:21Z INFO [198/369] 0b66b318-d18e-40be-88f4-e779b1310831: does not qualify; 0.8 s; peak memory 621 MiB.
2026-09-21T03:06:22Z INFO [199/369] 0b66d777-d24f-4608-9c94-8a619602c60f: does not qualify; 0.9 s; peak memory 621 MiB.
2026-09-21T03:06:23Z INFO [200/369] 0b675e34-d705-4652-bb94-893f62313c42: does not qualify; 0.9 s; peak memory 621 MiB.
2026-09-21T03:06:23Z INFO [200/369] 0b675e34-d705-4652-bb94-893f62313c42: checkpointed 52325 records.
2026-09-21T03:06:23Z INFO [201/369] 0b67f46a-48c6-498c-a1cb-9e3d8d1eccbf: does not qualify; 0.6 s; peak memory 621 MiB.
2026-09-21T03:06:24Z INFO [202/369] 0b689776-01b3-42fc-a051-4889b81a4913: does not qualify; 0.8 s; peak memory 621 MiB.
2026-09-21T03:06:25Z INFO [203/369] 0b689c10-201f-416e-8eee-0eeb8a0f093e: does not qualify; 1.2 s; peak memory 621 MiB.
2026-09-21T03:06:26Z INFO [204/369] 0b68ba79-9d50-4d5f-99a0-dd40f18dd83a: does not qualify; 0.7 s; peak memory 621 MiB.
2026-09-21T03:06:27Z INFO [205/369] 0b68e9c0-71d7-4740-81cc-08849eea04c5: does not qualify; 0.9 s; peak memory 621 MiB.
2026-09-21T03:06:32Z INFO [206/369] 0b690596-58ec-4936-8d57-64ae7fd2c548: does not qualify; 5.0 s; peak memory 621 MiB.
2026-09-21T03:06:33Z INFO [207/369] 0b6971ab-fee4-4331-81ae-b8efd24a227d: does not qualify; 1.7 s; peak memory 621 MiB.
2026-09-21T03:06:35Z INFO [208/369] 0b6aefac-2c7a-4600-9981-07cb99993067: does not qualify; 1.2 s; peak memory 621 MiB.
2026-09-21T03:06:39Z INFO [209/369] 0b6b57ee-6770-400d-bc83-9846a121ae4b: does not qualify; 4.4 s; peak memory 621 MiB.
2026-09-21T03:06:41Z INFO [210/369] 0b6b7362-b5ac-40c6-8ca3-7f66b662e269: does not qualify; 1.9 s; peak memory 621 MiB.
2026-09-21T03:06:45Z INFO [211/369] 0b6b9c26-7db8-4550-9e8e-efef71397fa3: does not qualify; 4.1 s; peak memory 621 MiB.
2026-09-21T03:06:46Z INFO [212/369] 0b6c6a33-f400-4f68-bca2-e8297f647599: does not qualify; 1.2 s; peak memory 621 MiB.
2026-09-21T03:06:50Z INFO [213/369] 0b6de141-5af5-4d19-9536-d22cb9ee9621: does not qualify; 4.1 s; peak memory 621 MiB.
2026-09-21T03:06:51Z INFO [214/369] 0b6e2a14-138c-4c60-aa53-1e0a55cef5c2: does not qualify; 0.7 s; peak memory 621 MiB.
2026-09-21T03:06:52Z INFO [215/369] 0b6f2098-f103-414d-8ef1-b1fbc32c54eb: does not qualify; 1.4 s; peak memory 621 MiB.
2026-09-21T03:06:53Z INFO [216/369] 0b6fd0e9-b5dd-4fe4-b51d-8b1e645e1623: does not qualify; 0.8 s; peak memory 621 MiB.
2026-09-21T03:07:01Z INFO [217/369] 0b700897-cb53-49eb-89f1-fbaea9894c1e: does not qualify; 7.6 s; peak memory 621 MiB.
2026-09-21T03:07:03Z INFO [218/369] 0b703e93-1d7f-4d99-9331-472b7c528156: does not qualify; 2.3 s; peak memory 621 MiB.
2026-09-21T03:07:05Z INFO [219/369] 0b70791e-752e-47aa-a3b5-56daab030ab5: does not qualify; 1.4 s; peak memory 621 MiB.
2026-09-21T03:07:05Z INFO [220/369] 0b718911-e114-47c8-85a5-8cf7be84a2c6: does not qualify; 0.7 s; peak memory 621 MiB.
2026-09-21T03:07:11Z INFO [221/369] 0b71a3f1-213f-4719-9b64-db3a97b26444: does not qualify; 6.2 s; peak memory 621 MiB.
2026-09-21T03:07:14Z INFO [222/369] 0b722f97-7ffe-48d2-a8fc-895d8b68b3bc: does not qualify; 2.3 s; peak memory 621 MiB.
2026-09-21T03:07:14Z INFO [223/369] 0b7265ff-abf4-4800-986f-e6b310ca261a: does not qualify; 0.7 s; peak memory 621 MiB.
2026-09-21T03:07:16Z INFO [224/369] 0b72fecf-9cac-4775-8171-09f6520e983d: does not qualify; 1.1 s; peak memory 621 MiB.
2026-09-21T03:07:16Z INFO [225/369] 0b738676-5a2e-4035-8b5d-387f951983cd: does not qualify; 0.8 s; peak memory 621 MiB.
2026-09-21T03:07:17Z INFO [226/369] 0b7392bd-7771-448a-a051-e3bdab2e88c4: does not qualify; 0.9 s; peak memory 621 MiB.
2026-09-21T03:07:19Z INFO [227/369] 0b73a2ac-8ee3-4f8e-8a43-aee5e4464819: does not qualify; 2.3 s; peak memory 621 MiB.
2026-09-21T03:07:27Z INFO [228/369] 0b73cc22-f34e-418e-b968-e7b9b8e62138: does not qualify; 7.6 s; peak memory 621 MiB.
2026-09-21T03:07:28Z INFO [229/369] 0b742ffd-9b52-4869-9ca3-9c7aed48b5bd: does not qualify; 1.0 s; peak memory 621 MiB.
2026-09-21T03:07:35Z INFO [230/369] 0b743d42-89d1-4030-b9c7-efe487b4eba4: does not qualify; 7.0 s; peak memory 621 MiB.
2026-09-21T03:07:36Z INFO [231/369] 0b78033f-e5f5-42be-a299-70f31a836155: does not qualify; 1.2 s; peak memory 621 MiB.
2026-09-21T03:07:37Z INFO [232/369] 0b785289-bf44-4e7a-94ce-8d4840ab1fc5: does not qualify; 0.7 s; peak memory 621 MiB.
2026-09-21T03:07:41Z INFO [233/369] 0b792779-58af-4eb3-b0f8-618084df71ce: does not qualify; 3.8 s; peak memory 621 MiB.
2026-09-21T03:07:42Z INFO [234/369] 0b79434c-b4a9-482f-a19e-41e630a895c4: does not qualify; 1.1 s; peak memory 621 MiB.
2026-09-21T03:07:43Z INFO [235/369] 0b7a8868-108c-4b8b-a67d-28108c81cc4e: does not qualify; 0.7 s; peak memory 621 MiB.
2026-09-21T03:07:44Z INFO [236/369] 0b7a8aa3-d8cf-4329-b190-297c3c5b1046: does not qualify; 1.0 s; peak memory 621 MiB.
2026-09-21T03:07:45Z INFO [237/369] 0b7b0560-61c1-4b64-8caf-907d1bfbd09d: does not qualify; 0.9 s; peak memory 621 MiB.
2026-09-21T03:07:46Z INFO [238/369] 0b7c36e8-c6b4-46dd-90bc-663d5ab167b3: does not qualify; 1.4 s; peak memory 621 MiB.
2026-09-21T03:07:47Z INFO [239/369] 0b7c9bcb-8d9f-41fe-85e3-b02f262fb1fd: does not qualify; 0.8 s; peak memory 621 MiB.
2026-09-21T03:07:48Z INFO [240/369] 0b7d7fd2-e57b-4b68-a52f-8a2e3ef61fa3: does not qualify; 0.6 s; peak memory 621 MiB.
2026-09-21T03:07:48Z INFO [241/369] 0b7d90ed-39c1-4db2-83f5-23307077d420: does not qualify; 0.9 s; peak memory 621 MiB.
2026-09-21T03:07:49Z INFO [242/369] 0b7df8df-d9fe-4dc4-addf-c4f850c700d6: does not qualify; 0.7 s; peak memory 621 MiB.
2026-09-21T03:07:50Z INFO [243/369] 0b7e078a-daea-42fc-842e-87cdbff06dc4: does not qualify; 1.1 s; peak memory 621 MiB.
2026-09-21T03:07:51Z INFO [244/369] 0b7e1394-028a-4847-871e-6a42b7ae317d: does not qualify; 0.8 s; peak memory 621 MiB.
2026-09-21T03:07:53Z INFO [245/369] 0b7ebed6-64cf-4977-b03b-ed45367e0100: does not qualify; 1.8 s; peak memory 621 MiB.
2026-09-21T03:07:54Z INFO [246/369] 0b7efbf7-1983-4951-bf7d-f91ce756ee9c: does not qualify; 1.2 s; peak memory 621 MiB.
2026-09-21T03:07:55Z INFO [247/369] 0b7f03a2-3f36-4a4f-80de-652124a3249e: does not qualify; 1.0 s; peak memory 621 MiB.
2026-09-21T03:07:56Z INFO [248/369] 0b7f2a5c-363f-4ec0-8d4a-09589b51b9b7: does not qualify; 1.2 s; peak memory 621 MiB.
2026-09-21T03:07:57Z INFO [249/369] 0b7f6f7b-c08a-4aef-92eb-1329d8b82cfd: does not qualify; 0.7 s; peak memory 621 MiB.
2026-09-21T03:08:01Z INFO [250/369] 0b7fc2b5-4b1e-487f-a11a-872f2d39f4bb: does not qualify; 3.6 s; peak memory 621 MiB.
2026-09-21T03:08:01Z INFO [250/369] 0b7fc2b5-4b1e-487f-a11a-872f2d39f4bb: checkpointed 52375 records.
2026-09-21T03:08:02Z INFO [251/369] 0b8001ec-83dc-45ea-9fd4-7ef9448c0033: does not qualify; 1.3 s; peak memory 621 MiB.
2026-09-21T03:08:09Z INFO [252/369] 0b804af3-2ef9-4045-9ff3-309844490c4c: does not qualify; 7.4 s; peak memory 621 MiB.
2026-09-21T03:08:12Z INFO [253/369] 0b808108-c583-41fc-a536-7fc6eee5cb43: does not qualify; 2.6 s; peak memory 621 MiB.
2026-09-21T03:08:13Z INFO [254/369] 0b8142f3-3e97-4e03-81d9-4dc1a485d9a9: does not qualify; 0.8 s; peak memory 621 MiB.
2026-09-21T03:08:14Z INFO [255/369] 0b81a9fb-4f09-4b7c-94f9-fc1b87cca9a2: does not qualify; 1.3 s; peak memory 621 MiB.
2026-09-21T03:08:15Z INFO [256/369] 0b829f6e-7172-4536-b106-23cddd9d3847: does not qualify; 1.0 s; peak memory 621 MiB.
2026-09-21T03:08:17Z INFO [257/369] 0b83e688-6016-47f2-8189-f32e8fd2feca: does not qualify; 1.6 s; peak memory 621 MiB.
2026-09-21T03:08:18Z INFO [258/369] 0b83ff71-5f75-455b-8724-a4880ffe4858: does not qualify; 1.2 s; peak memory 621 MiB.
2026-09-21T03:08:21Z INFO [259/369] 0b849e94-e4fd-4c11-a3b5-956d2028b3dc: does not qualify; 2.8 s; peak memory 621 MiB.
2026-09-21T03:08:22Z INFO [260/369] 0b84aa0b-216d-4b46-8e05-02e563038782: does not qualify; 1.1 s; peak memory 621 MiB.
2026-09-21T03:08:23Z INFO [261/369] 0b84dd45-d75c-4edd-86d5-8521479ff72f: does not qualify; 1.0 s; peak memory 621 MiB.
2026-09-21T03:08:24Z INFO [262/369] 0b855181-cab4-4e81-bd48-e8cfa4c93616: does not qualify; 0.9 s; peak memory 621 MiB.
2026-09-21T03:08:25Z INFO [263/369] 0b857fae-5fef-4ddf-8726-e4f85d1a1e97: does not qualify; 1.0 s; peak memory 621 MiB.
2026-09-21T03:08:26Z INFO [264/369] 0b8620ae-47a5-4966-92de-80b15f750f26: does not qualify; 1.6 s; peak memory 621 MiB.
2026-09-21T03:08:28Z INFO [265/369] 0b866595-76c7-4940-b336-7cdf760e4b40: does not qualify; 1.4 s; peak memory 621 MiB.
2026-09-21T03:08:29Z INFO [266/369] 0b8665e2-5e17-4135-9a88-b7440814dfaa: does not qualify; 1.0 s; peak memory 621 MiB.
2026-09-21T03:08:30Z INFO [267/369] 0b86cca3-f54d-4a62-926c-3819822e7043: does not qualify; 1.0 s; peak memory 621 MiB.
2026-09-21T03:08:30Z INFO [268/369] 0b86d09c-cc9f-4de4-9ae4-56ca0875a3ba: does not qualify; 0.7 s; peak memory 621 MiB.
2026-09-21T03:08:32Z INFO [269/369] 0b875c0e-f757-4edd-8a73-ee590caae411: does not qualify; 1.3 s; peak memory 621 MiB.
2026-09-21T03:08:33Z INFO [270/369] 0b87d7ea-3784-4bfd-be44-018ed6ae6abf: does not qualify; 0.9 s; peak memory 621 MiB.
2026-09-21T03:08:35Z INFO [271/369] 0b88dc4a-a190-49ec-bdfc-d3db764e091c: does not qualify; 2.1 s; peak memory 621 MiB.
2026-09-21T03:08:38Z INFO [272/369] 0b89257d-d804-4b41-85fd-77eb4efe20bd: does not qualify; 3.4 s; peak memory 621 MiB.
2026-09-21T03:08:39Z INFO [273/369] 0b89ccc5-cff2-4eda-b1dd-7d80d0ec60ec: does not qualify; 1.1 s; peak memory 621 MiB.
2026-09-21T03:08:40Z INFO [274/369] 0b8a47e7-e67c-46d7-b5b5-c3410fa611dd: does not qualify; 0.9 s; peak memory 621 MiB.
2026-09-21T03:08:56Z INFO [275/369] 0b8bcc97-1661-494f-82d5-e9ef1223ed3b: does not qualify; 16.1 s; peak memory 666 MiB.
2026-09-21T03:08:57Z INFO [276/369] 0b8beb50-3715-46ef-8998-13646ecc0a35: does not qualify; 0.9 s; peak memory 666 MiB.
2026-09-21T03:08:58Z INFO [277/369] 0b8c0c9a-ae38-442e-8142-089459f65222: does not qualify; 0.8 s; peak memory 666 MiB.
2026-09-21T03:08:59Z INFO [278/369] 0b8c2e90-08bd-4e9e-980c-773f892ff297: does not qualify; 1.3 s; peak memory 666 MiB.
2026-09-21T03:09:00Z INFO [279/369] 0b8cc4d9-5a24-463e-a08b-abbb78e308b7: does not qualify; 0.9 s; peak memory 666 MiB.
2026-09-21T03:09:02Z INFO [280/369] 0b8dece2-3d23-406a-868c-0fb98753f828: does not qualify; 1.9 s; peak memory 666 MiB.
2026-09-21T03:09:03Z INFO [281/369] 0b8ebe40-f21b-4ff7-941e-7b36fef46943: does not qualify; 1.1 s; peak memory 666 MiB.
2026-09-21T03:09:04Z INFO [282/369] 0b8f8155-cb7e-4eba-b8ab-83987dc068c0: does not qualify; 1.2 s; peak memory 666 MiB.
2026-09-21T03:09:05Z INFO [283/369] 0b8fbbe9-76e0-45a6-a47c-375e3c5fb1c8: does not qualify; 1.2 s; peak memory 666 MiB.
2026-09-21T03:09:06Z INFO [284/369] 0b8ffc33-db90-401a-ad8f-e99d68157ffc: does not qualify; 0.7 s; peak memory 666 MiB.
2026-09-21T03:09:07Z INFO [285/369] 0b90a54a-20cf-4413-b1a6-7b262e7af07b: does not qualify; 1.1 s; peak memory 666 MiB.
2026-09-21T03:09:08Z INFO [286/369] 0b911112-0e92-4404-b66c-3137c3637fd8: does not qualify; 0.8 s; peak memory 666 MiB.
2026-09-21T03:09:10Z INFO [287/369] 0b919100-c0a7-453c-a1b9-7517df9e6e6a: does not qualify; 1.5 s; peak memory 666 MiB.
2026-09-21T03:09:11Z INFO [288/369] 0b931f68-643e-4188-9bf9-a448461439ee: does not qualify; 1.1 s; peak memory 666 MiB.
2026-09-21T03:09:14Z INFO [289/369] 0b94130e-234e-45c8-8a22-d3b66d8a94ae: does not qualify; 3.6 s; peak memory 666 MiB.
2026-09-21T03:09:15Z INFO [290/369] 0b952897-2fd4-4b59-bcc7-0f9d856509f7: does not qualify; 0.9 s; peak memory 666 MiB.
2026-09-21T03:09:16Z INFO [291/369] 0b9574d6-9651-4514-9b38-51dc90b9618b: does not qualify; 0.8 s; peak memory 666 MiB.
2026-09-21T03:09:21Z INFO [292/369] 0b95f825-360a-410d-a65c-f5537e332122: does not qualify; 5.2 s; peak memory 666 MiB.
2026-09-21T03:09:22Z INFO [293/369] 0b964b35-dbf7-4dc1-8edb-3cfa7e20a4ef: does not qualify; 0.8 s; peak memory 666 MiB.
2026-09-21T03:09:48Z INFO [294/369] 0b9783fc-5bef-4281-a37e-f59afadfb074: does not qualify; 26.1 s; peak memory 666 MiB.
2026-09-21T03:09:50Z INFO [295/369] 0b98682f-5d50-43de-ad6a-7351858a867e: does not qualify; 1.4 s; peak memory 666 MiB.
2026-09-21T03:09:51Z INFO [296/369] 0b98cfe5-0a4c-429b-b9b3-e49cc58ba18b: does not qualify; 1.1 s; peak memory 666 MiB.
2026-09-21T03:09:55Z INFO [297/369] 0b98d36a-8182-4809-ae7d-841332b08161: does not qualify; 4.7 s; peak memory 666 MiB.
2026-09-21T03:09:57Z INFO [298/369] 0b9a0062-8919-423a-ae32-8b54a772f03a: does not qualify; 1.2 s; peak memory 666 MiB.
2026-09-21T03:09:58Z INFO [299/369] 0b9a214b-a75a-4839-83ac-e57a1f7633e1: does not qualify; 1.5 s; peak memory 666 MiB.
2026-09-21T03:09:59Z INFO [300/369] 0b9a2873-9c81-4705-bfe9-d58a920e5fa5: does not qualify; 1.2 s; peak memory 666 MiB.
2026-09-21T03:09:59Z INFO [300/369] 0b9a2873-9c81-4705-bfe9-d58a920e5fa5: checkpointed 52425 records.
2026-09-21T03:10:01Z INFO [301/369] 0b9a42b0-f774-4967-9c96-347d3c81dd33: does not qualify; 1.2 s; peak memory 666 MiB.
2026-09-21T03:10:06Z INFO [302/369] 0b9a8224-d822-4a86-b2a8-dd6545fe9de4: does not qualify; 5.0 s; peak memory 666 MiB.
2026-09-21T03:10:07Z INFO [303/369] 0b9b1aa6-65ce-4227-906e-dcd131517da4: does not qualify; 1.1 s; peak memory 666 MiB.
2026-09-21T03:10:08Z INFO [304/369] 0b9b1d2d-cc9a-4fa3-9950-50eeef64c8d2: does not qualify; 1.0 s; peak memory 666 MiB.
2026-09-21T03:10:10Z INFO [305/369] 0b9b6fd9-930b-49bc-89da-a1c8c0e90e92: does not qualify; 2.8 s; peak memory 666 MiB.
2026-09-21T03:10:13Z INFO [306/369] 0b9bafd1-eeca-4ca6-b5c9-a2d11892fd97: does not qualify; 2.2 s; peak memory 666 MiB.
2026-09-21T03:10:13Z INFO [307/369] 0b9c1e3b-e914-4f5e-9177-82650ab5ac86: does not qualify; 0.9 s; peak memory 666 MiB.
2026-09-21T03:10:14Z INFO [308/369] 0b9d056c-2b47-4acc-88f3-dd59eb8a0938: does not qualify; 0.9 s; peak memory 666 MiB.
2026-09-21T03:10:16Z INFO [309/369] 0b9d1bb0-3762-4352-8f4a-ef181bf42330: does not qualify; 1.5 s; peak memory 666 MiB.
2026-09-21T03:10:17Z INFO [310/369] 0b9d437f-7ade-4b08-a7a4-be53e34cce98: does not qualify; 0.9 s; peak memory 666 MiB.
2026-09-21T03:10:18Z INFO [311/369] 0b9e8768-8bf1-4ad2-a440-63daad7ee8cf: does not qualify; 1.1 s; peak memory 666 MiB.
2026-09-21T03:10:23Z INFO [312/369] 0b9f0de0-1cfc-49a0-a2c8-2466a77e72ba: does not qualify; 4.8 s; peak memory 666 MiB.
2026-09-21T03:10:24Z INFO [313/369] 0b9fbf85-3bca-4d0c-9c87-1ba79cb84700: does not qualify; 1.2 s; peak memory 666 MiB.
2026-09-21T03:10:25Z INFO [314/369] 0ba068d9-617b-40e0-8f7f-64ad446c04d3: does not qualify; 1.2 s; peak memory 666 MiB.
2026-09-21T03:10:28Z INFO [315/369] 0ba06b47-23cf-4237-9318-69526489e139: does not qualify; 2.7 s; peak memory 666 MiB.
2026-09-21T03:10:35Z INFO [316/369] 0ba15b00-c1f1-499b-85c2-91f1ac65f52d: does not qualify; 7.0 s; peak memory 666 MiB.
2026-09-21T03:10:36Z INFO [317/369] 0ba24c9e-9f53-416c-b6b8-5558dde2e8b9: does not qualify; 1.2 s; peak memory 666 MiB.
2026-09-21T03:10:37Z INFO [318/369] 0ba28f30-b3ea-448a-94c3-b9c732d56fdf: does not qualify; 1.1 s; peak memory 666 MiB.
2026-09-21T03:10:39Z INFO [319/369] 0ba2a566-3f71-4747-bfa8-8e88fd1399ff: does not qualify; 2.6 s; peak memory 666 MiB.
2026-09-21T03:10:40Z INFO [320/369] 0ba4436e-9156-4717-b58a-96a611378013: does not qualify; 0.9 s; peak memory 666 MiB.
2026-09-21T03:10:46Z INFO [321/369] 0ba4d17d-c9cc-4e88-9927-e476e9bb738d: does not qualify; 6.0 s; peak memory 666 MiB.
2026-09-21T03:10:52Z INFO [322/369] 0ba5ae8d-e370-4112-830b-f6d15d5f6d0c: does not qualify; 5.5 s; peak memory 666 MiB.
2026-09-21T03:10:56Z INFO [323/369] 0ba6d73b-7ad2-4e65-97ab-7361a9a59e05: does not qualify; 4.3 s; peak memory 666 MiB.
2026-09-21T03:11:01Z INFO [324/369] 0ba78944-3f6c-491a-a5cb-623822b4d8d8: does not qualify; 5.4 s; peak memory 666 MiB.
2026-09-21T03:11:03Z INFO [325/369] 0ba87013-650d-4269-8407-fcac6f5c219f: does not qualify; 1.2 s; peak memory 666 MiB.
2026-09-21T03:11:04Z INFO [326/369] 0ba873d0-6316-4248-acfd-7c6f1fd3f165: does not qualify; 1.0 s; peak memory 666 MiB.
2026-09-21T03:11:13Z INFO [327/369] 0ba88c46-dcc3-4b00-9152-38b585b013a8: does not qualify; 9.5 s; peak memory 666 MiB.
2026-09-21T03:11:14Z INFO [328/369] 0ba8aca6-7b84-411d-af32-1a4ab2fec58a: does not qualify; 1.2 s; peak memory 666 MiB.
2026-09-21T03:11:16Z INFO [329/369] 0ba9657d-38c2-4f7b-910a-759253f4aa29: does not qualify; 1.5 s; peak memory 666 MiB.
2026-09-21T03:11:17Z INFO [330/369] 0ba9f7c2-f61d-40cf-9c67-8ab243847651: does not qualify; 0.9 s; peak memory 666 MiB.
2026-09-21T03:11:21Z INFO [331/369] 0baa096a-bbbd-4529-8a80-7688949854eb: does not qualify; 4.2 s; peak memory 666 MiB.
2026-09-21T03:11:22Z INFO [332/369] 0baa3698-391f-4262-a75d-ebe6b1a1866e: does not qualify; 1.4 s; peak memory 666 MiB.
2026-09-21T03:11:23Z INFO [333/369] 0baa5d80-820b-4d63-a55c-35195677ebbb: does not qualify; 1.1 s; peak memory 666 MiB.
2026-09-21T03:11:25Z INFO [334/369] 0bab122e-7b88-4520-b60a-0d227a483b82: does not qualify; 1.5 s; peak memory 666 MiB.
2026-09-21T03:11:27Z INFO [335/369] 0bab16bd-65a1-4aed-927d-865034ceb998: does not qualify; 2.0 s; peak memory 666 MiB.
2026-09-21T03:11:35Z INFO [336/369] 0bab38ee-e4a6-4a4c-958e-11346cf12bd5: does not qualify; 8.0 s; peak memory 666 MiB.
2026-09-21T03:11:36Z INFO [337/369] 0bac7466-3f6f-49bf-8cb4-b9f205fe0b13: does not qualify; 1.2 s; peak memory 666 MiB.
2026-09-21T03:11:38Z INFO [338/369] 0bac7833-7316-4aae-b418-9f8f09f3ede9: does not qualify; 1.7 s; peak memory 666 MiB.
2026-09-21T03:11:40Z INFO [339/369] 0baca61d-eb8f-4642-a715-b2fe2892fb3f: does not qualify; 2.5 s; peak memory 666 MiB.
2026-09-21T03:11:41Z INFO [340/369] 0bad15d5-62c5-4a19-a289-b75ccd9ff676: does not qualify; 1.0 s; peak memory 666 MiB.
2026-09-21T03:11:42Z INFO [341/369] 0badfc74-5698-41d3-aca2-733a0763196e: does not qualify; 0.9 s; peak memory 666 MiB.
2026-09-21T03:11:43Z INFO [342/369] 0bae61c7-2b37-41e1-b617-5e437a88836d: does not qualify; 1.3 s; peak memory 666 MiB.
2026-09-21T03:11:46Z INFO [343/369] 0bafb133-2f60-44e0-b62f-93a7abd2d409: does not qualify; 2.9 s; peak memory 666 MiB.
2026-09-21T03:11:48Z INFO [344/369] 0bb031bb-d0ae-4d83-915f-89ed1046b7f3: does not qualify; 1.4 s; peak memory 666 MiB.
2026-09-21T03:11:49Z INFO [345/369] 0bb03fe0-a7b5-4347-92b5-d36ec157b7ff: does not qualify; 0.9 s; peak memory 666 MiB.
2026-09-21T03:11:50Z INFO [346/369] 0bb185ba-5f1e-4e12-9173-95c0bf0438ff: does not qualify; 1.0 s; peak memory 666 MiB.
2026-09-21T03:11:50Z INFO [347/369] 0bb2fae8-9d0d-4561-945f-e68d101e23b3: does not qualify; 0.8 s; peak memory 666 MiB.
2026-09-21T03:11:51Z INFO [348/369] 0bb3bbfe-538b-4ed3-b683-c436b42366da: does not qualify; 0.9 s; peak memory 666 MiB.
2026-09-21T03:11:52Z INFO [349/369] 0bb3e9e2-cc62-4a05-8368-725eb107f03b: does not qualify; 0.7 s; peak memory 666 MiB.
2026-09-21T03:11:53Z INFO [350/369] 0bb401f6-f820-4932-964a-f30a84bdf353: does not qualify; 0.8 s; peak memory 666 MiB.
2026-09-21T03:11:53Z INFO [350/369] 0bb401f6-f820-4932-964a-f30a84bdf353: checkpointed 52475 records.
2026-09-21T03:11:54Z INFO [351/369] 0bb43f23-8d15-4c1e-94b0-fef2faf77590: does not qualify; 1.1 s; peak memory 666 MiB.
2026-09-21T03:11:59Z INFO [352/369] 0bb44ecf-20de-41ba-ba9a-beea340a36cb: does not qualify; 4.5 s; peak memory 666 MiB.
2026-09-21T03:11:59Z INFO [353/369] 0bb4805d-9f73-4e21-a713-25ed1a0ed788: does not qualify; 0.8 s; peak memory 666 MiB.
2026-09-21T03:12:00Z INFO [354/369] 0bb4bb71-c105-45d2-bb78-e37eea20056a: does not qualify; 1.0 s; peak memory 666 MiB.
2026-09-21T03:12:01Z INFO [355/369] 0bb4d459-f849-4c6d-933a-9ddc34745d3c: does not qualify; 1.0 s; peak memory 666 MiB.
2026-09-21T03:12:03Z INFO [356/369] 0bb4ff1d-6fa4-4fbb-a2b4-a84146b79056: does not qualify; 1.4 s; peak memory 666 MiB.
2026-09-21T03:12:04Z INFO [357/369] 0bb52018-feaf-4f97-bc9f-9ea043a82ef1: does not qualify; 1.1 s; peak memory 666 MiB.
2026-09-21T03:12:05Z INFO [358/369] 0bb59fd1-3e9c-4bdc-89d5-7f597e6b04b7: does not qualify; 1.0 s; peak memory 666 MiB.
2026-09-21T03:12:06Z INFO [359/369] 0bb7841a-96a8-49de-a9ea-b4b74cc79d90: does not qualify; 0.9 s; peak memory 666 MiB.
2026-09-21T03:12:07Z INFO [360/369] 0bb7dc38-7e44-46d3-8ead-518ddf010186: does not qualify; 1.0 s; peak memory 666 MiB.
2026-09-21T03:12:08Z INFO [361/369] 0bb87306-ff51-4af3-be35-61288b2dc801: does not qualify; 0.9 s; peak memory 666 MiB.
2026-09-21T03:12:09Z INFO [362/369] 0bb8a18d-ed79-4f17-806f-5359895e4218: does not qualify; 0.8 s; peak memory 666 MiB.
2026-09-21T03:12:09Z INFO [363/369] 0bb9e2c1-629c-4e44-838b-ee6ab2698503: does not qualify; 0.9 s; peak memory 666 MiB.
2026-09-21T03:12:10Z INFO [364/369] 0bbb3b87-f438-4d78-9a28-0fb0baed8ada: does not qualify; 0.9 s; peak memory 666 MiB.
2026-09-21T03:12:12Z INFO [365/369] 0bbb8a75-ea84-4c98-be1b-949a15803310: does not qualify; 1.2 s; peak memory 666 MiB.
2026-09-21T03:12:13Z INFO [366/369] 0bbc7582-0430-47b4-a628-73242d4f2112: does not qualify; 1.1 s; peak memory 666 MiB.
2026-09-21T03:12:14Z INFO [367/369] 0bbc9d1f-8061-49e2-a20b-46841bf16cb8: does not qualify; 1.0 s; peak memory 666 MiB.
2026-09-21T03:12:15Z INFO [368/369] 0bbcab52-c8cd-4081-9e75-9a6d2f661e37: does not qualify; 1.3 s; peak memory 666 MiB.
2026-09-21T03:12:16Z INFO [369/369] 0bbcdb26-a817-4116-9d67-8f959f7aba52: does not qualify; 1.0 s; peak memory 666 MiB.
2026-09-21T03:12:16Z INFO Wrote 52494 records to /tmp/derivatives/qualifying_lfp_content_ids.jsonl (369 new, 0 failed) in 14.2 min (peak memory 666 MiB).
