2026-09-27T16:16:07Z INFO Logging to /tmp/logs/update_2026-09-27T16-16-07Z.log.
2026-09-27T16:16:07Z INFO Update qualifying-lfp-content-ids (base directory /tmp).
2026-09-27T16:16:09Z INFO Processing 746 items (59117 already recorded).
2026-09-27T16:16:11Z INFO [1/746] 091545b4-23a3-4800-9610-758f48780822: does not qualify; 1.7 s; peak memory 223 MiB.
2026-09-27T16:16:14Z INFO [2/746] 12c7b0dc-8bc3-4346-b173-8b9a02f7b0fe: does not qualify; 3.1 s; peak memory 227 MiB.
2026-09-27T16:16:15Z INFO [3/746] 19708001-b147-4c25-b131-b525de1e6a1d: does not qualify; 1.3 s; peak memory 227 MiB.
2026-09-27T16:16:17Z INFO [4/746] 1971b24d-aead-4133-bdcd-dedfa85950bb: does not qualify; 1.4 s; peak memory 227 MiB.
2026-09-27T16:16:18Z INFO [5/746] 1971e724-9367-4772-926e-bfdd842d6a43: does not qualify; 1.2 s; peak memory 227 MiB.
2026-09-27T16:16:21Z INFO [6/746] 197210bd-98e6-4586-97f7-653cdce9c0a4: does not qualify; 3.1 s; peak memory 227 MiB.
2026-09-27T16:16:23Z INFO [7/746] 19737b61-627a-436f-9542-ef305bf8d531: does not qualify; 1.9 s; peak memory 227 MiB.
2026-09-27T16:16:24Z INFO [8/746] 197460a2-f96c-4187-8815-7e62a4a3c428: does not qualify; 1.2 s; peak memory 227 MiB.
2026-09-27T16:16:25Z INFO [9/746] 19746c69-a4c1-4f22-b190-0c8aa409431e: does not qualify; 0.9 s; peak memory 227 MiB.
2026-09-27T16:16:27Z INFO [10/746] 197489d6-803d-4b97-b714-e0f40576c881: does not qualify; 2.6 s; peak memory 228 MiB.
2026-09-27T16:16:29Z INFO [11/746] 19751cb2-f18d-4cff-858c-3c8c7e97b07e: does not qualify; 1.5 s; peak memory 228 MiB.
2026-09-27T16:16:30Z INFO [12/746] 19756565-abfe-4a94-a553-410847aeb226: does not qualify; 1.3 s; peak memory 228 MiB.
2026-09-27T16:16:32Z INFO [13/746] 19759755-2f24-4c76-a0b1-bbde80f3a847: does not qualify; 1.4 s; peak memory 228 MiB.
2026-09-27T16:16:34Z INFO [14/746] 1975e8e7-6b1c-4975-b6f4-0ec47b517166: does not qualify; 2.7 s; peak memory 229 MiB.
2026-09-27T16:16:36Z INFO [15/746] 1975f897-2591-4d9c-b4b6-9f7c00f38b75: does not qualify; 1.3 s; peak memory 229 MiB.
2026-09-27T16:16:37Z INFO [16/746] 19768e6c-e4bc-4424-a3f2-1765094363fa: does not qualify; 1.7 s; peak memory 229 MiB.
2026-09-27T16:16:38Z INFO [17/746] 19769177-336c-4391-a660-314fbec79d90: does not qualify; 1.1 s; peak memory 229 MiB.
2026-09-27T16:16:40Z INFO [18/746] 1976a2c3-c510-4113-9cfc-f37731c506e1: does not qualify; 1.6 s; peak memory 229 MiB.
2026-09-27T16:16:49Z INFO [19/746] 19773a6a-9fe1-4178-83d4-69d828b2b474: does not qualify; 8.7 s; peak memory 265 MiB.
2026-09-27T16:16:50Z INFO [20/746] 1977bca3-bb5c-46bf-90f7-34e74cce2e75: does not qualify; 1.4 s; peak memory 265 MiB.
2026-09-27T16:16:51Z INFO [21/746] 1977cc0a-dc57-4c21-a2ef-fff977c2c0e3: does not qualify; 1.3 s; peak memory 265 MiB.
2026-09-27T16:16:53Z INFO [22/746] 19781d73-7500-4b05-a162-805d2197e9da: does not qualify; 1.1 s; peak memory 265 MiB.
2026-09-27T16:16:54Z INFO [23/746] 19792c66-a432-4b92-a7e3-fa474beeec22: does not qualify; 1.4 s; peak memory 265 MiB.
2026-09-27T16:16:56Z INFO [24/746] 19792c7a-c9a5-4794-8dc2-cf6c1ffd86de: does not qualify; 2.4 s; peak memory 265 MiB.
2026-09-27T16:16:58Z INFO [25/746] 197a1737-f068-4e09-a5a7-f32068622f5f: does not qualify; 1.9 s; peak memory 265 MiB.
2026-09-27T16:16:59Z INFO [26/746] 197a6e49-3d64-462e-9de8-3d865715bc51: does not qualify; 0.9 s; peak memory 265 MiB.
2026-09-27T16:17:01Z INFO [27/746] 197b2141-15eb-4d9a-9186-3aafdb36a024: does not qualify; 1.6 s; peak memory 265 MiB.
2026-09-27T16:17:02Z INFO [28/746] 197ba4fd-a66a-43b9-bd89-24282021263d: does not qualify; 1.0 s; peak memory 265 MiB.
2026-09-27T16:17:03Z INFO [29/746] 197c39ea-a371-43ff-96d2-75e00c3b78a5: does not qualify; 0.8 s; peak memory 265 MiB.
2026-09-27T16:17:04Z INFO [30/746] 197c3d23-047e-4b9d-abfe-9a2363da1e1c: does not qualify; 1.1 s; peak memory 265 MiB.
2026-09-27T16:17:05Z INFO [31/746] 197d3bad-8fa0-41d6-bf11-3dcf7cfcc0d3: does not qualify; 1.3 s; peak memory 265 MiB.
2026-09-27T16:17:09Z INFO [32/746] 197d68c8-ecff-483f-bd71-6099a989e0a1: does not qualify; 4.4 s; peak memory 265 MiB.
2026-09-27T16:17:10Z INFO [33/746] 197decfd-6f48-4d7f-a723-23a0c08f83db: does not qualify; 1.0 s; peak memory 265 MiB.
2026-09-27T16:17:12Z INFO [34/746] 197e069d-b2e4-4302-9d61-166d55e52897: does not qualify; 1.6 s; peak memory 265 MiB.
2026-09-27T16:17:13Z INFO [35/746] 197f82d6-a456-4aec-b75d-7290aaa79410: does not qualify; 1.3 s; peak memory 265 MiB.
2026-09-27T16:17:15Z INFO [36/746] 197fa944-fbd8-4271-ae44-aaee39fa07c7: does not qualify; 1.2 s; peak memory 265 MiB.
2026-09-27T16:17:16Z INFO [37/746] 197ffc42-f849-4982-9318-a5f8d44d0fb0: does not qualify; 1.1 s; peak memory 265 MiB.
2026-09-27T16:17:17Z INFO [38/746] 19805616-55c8-41f8-ba3d-6a90f4ed8dea: does not qualify; 1.2 s; peak memory 265 MiB.
2026-09-27T16:17:23Z INFO [39/746] 19811f9d-3bc2-4a00-9940-fb2468c3b788: does not qualify; 5.7 s; peak memory 602 MiB.
2026-09-27T16:17:28Z INFO [40/746] 19817624-7ce5-45ac-9d09-6888249a1cf0: does not qualify; 5.1 s; peak memory 602 MiB.
2026-09-27T16:17:29Z INFO [41/746] 1981bf75-8c25-4977-94a0-c0ee88c49663: does not qualify; 1.1 s; peak memory 602 MiB.
2026-09-27T16:17:30Z INFO [42/746] 19839e0a-6879-4d00-a716-7c9115750025: does not qualify; 1.1 s; peak memory 602 MiB.
2026-09-27T16:17:31Z INFO [43/746] 198464b9-82e4-4ed5-ab3c-cae8112983b1: does not qualify; 1.4 s; peak memory 602 MiB.
2026-09-27T16:17:33Z INFO [44/746] 198553cd-de79-4445-89a3-090c3eb7f41a: does not qualify; 1.2 s; peak memory 602 MiB.
2026-09-27T16:17:33Z INFO [45/746] 19858930-1085-44f5-9b31-154fef36f35b: does not qualify; 0.9 s; peak memory 602 MiB.
2026-09-27T16:17:35Z INFO [46/746] 19858d4b-8385-4eb6-a95d-f017aa9fb4f5: does not qualify; 1.4 s; peak memory 602 MiB.
2026-09-27T16:17:36Z INFO [47/746] 19863ec6-8c78-41e3-8810-ab303b94f67b: does not qualify; 1.0 s; peak memory 602 MiB.
2026-09-27T16:17:37Z INFO [48/746] 198664b7-f3f4-4240-9561-5da044d95b20: does not qualify; 1.5 s; peak memory 602 MiB.
2026-09-27T16:17:41Z INFO [49/746] 19873a50-bd73-41bc-8c00-3e6717cd8e5f: does not qualify; 3.8 s; peak memory 602 MiB.
2026-09-27T16:17:43Z INFO [50/746] 198779ef-f747-4733-82f2-4e6aa8e6d4c7: does not qualify; 1.3 s; peak memory 602 MiB.
2026-09-27T16:17:43Z INFO [50/746] 198779ef-f747-4733-82f2-4e6aa8e6d4c7: checkpointed 59167 records.
2026-09-27T16:17:44Z INFO [51/746] 1987abf7-7659-4e8b-a9de-a8b6893e7c5c: does not qualify; 1.1 s; peak memory 602 MiB.
2026-09-27T16:17:45Z INFO [52/746] 1987c976-ee20-458f-b9e4-c88dd5357c1d: does not qualify; 1.2 s; peak memory 602 MiB.
2026-09-27T16:17:46Z INFO [53/746] 1988cb11-a899-499f-afcd-06fa0f279272: does not qualify; 1.3 s; peak memory 602 MiB.
2026-09-27T16:17:48Z INFO [54/746] 198973bb-88ca-4ced-bba4-fe4bbd51afb5: does not qualify; 1.3 s; peak memory 602 MiB.
2026-09-27T16:17:49Z INFO [55/746] 19897db7-a91d-4590-861a-7972cfed40f9: does not qualify; 1.4 s; peak memory 602 MiB.
2026-09-27T16:17:53Z INFO [56/746] 1989d1ac-1be6-40cd-ad82-dd083cb41465: does not qualify; 4.3 s; peak memory 602 MiB.
2026-09-27T16:17:59Z INFO [57/746] 198a2fc4-6526-4b29-a13f-f5fad43951bb: does not qualify; 5.4 s; peak memory 602 MiB.
2026-09-27T16:18:13Z INFO [58/746] 198b2f28-2f5c-4b0f-965a-c38aa6918ad7: does not qualify; 13.9 s; peak memory 602 MiB.
2026-09-27T16:18:14Z INFO [59/746] 198be658-ed84-4f00-9c7d-9ab91f7050ca: does not qualify; 1.0 s; peak memory 602 MiB.
2026-09-27T16:18:15Z INFO [60/746] 198c4f0d-7879-402a-9ba8-e5ca6808bfa4: does not qualify; 1.4 s; peak memory 602 MiB.
2026-09-27T16:18:20Z INFO [61/746] 198cb718-d9fa-4fa1-8354-f66ae3b92fc3: does not qualify; 5.1 s; peak memory 602 MiB.
2026-09-27T16:18:21Z INFO [62/746] 198d9da1-9685-400e-bb4f-86c2933870cd: does not qualify; 1.3 s; peak memory 602 MiB.
2026-09-27T16:18:33Z INFO [63/746] 198dac18-4e0f-448e-8a16-c141311ea3d2: does not qualify; 11.7 s; peak memory 602 MiB.
2026-09-27T16:18:34Z INFO [64/746] 198f1516-c554-41db-8a06-f383a82577d3: does not qualify; 1.4 s; peak memory 602 MiB.
2026-09-27T16:18:36Z INFO [65/746] 19911255-3f4b-4d38-a584-c77f1ce15243: does not qualify; 1.4 s; peak memory 602 MiB.
2026-09-27T16:18:37Z INFO [66/746] 1991333f-0637-4b1a-8fa2-ca49aceca23a: does not qualify; 1.2 s; peak memory 602 MiB.
2026-09-27T16:18:38Z INFO [67/746] 1991b284-1988-450a-82ca-7748288f0adc: does not qualify; 1.5 s; peak memory 602 MiB.
2026-09-27T16:18:40Z INFO [68/746] 1991d275-6f20-4b66-a97f-40ce3d9624b9: does not qualify; 1.1 s; peak memory 602 MiB.
2026-09-27T16:18:41Z INFO [69/746] 199206a2-48fd-4cf5-851a-d0334290302a: does not qualify; 1.0 s; peak memory 602 MiB.
2026-09-27T16:18:47Z INFO [70/746] 1992162b-eda1-4bc4-81de-924149b66207: does not qualify; 6.8 s; peak memory 602 MiB.
2026-09-27T16:18:51Z INFO [71/746] 1992ef9e-4540-4da0-ab74-63257ee65054: does not qualify; 3.4 s; peak memory 602 MiB.
2026-09-27T16:18:52Z INFO [72/746] 199426f2-9025-44cc-ac4c-d5d243f4aa23: does not qualify; 1.2 s; peak memory 602 MiB.
2026-09-27T16:18:55Z INFO [73/746] 19950823-aba2-4b51-ac21-c491de3e87a2: does not qualify; 2.8 s; peak memory 602 MiB.
2026-09-27T16:18:59Z INFO [74/746] 199701e7-a410-4cbf-9516-510a555e9b16: qualifies; 4.5 s; peak memory 602 MiB.
2026-09-27T16:19:02Z INFO [75/746] 1997e3d4-cfd3-43b4-9434-48bc94e463e2: does not qualify; 3.1 s; peak memory 602 MiB.
2026-09-27T16:19:08Z INFO [76/746] 19991265-c9ce-4167-a4df-d4fbb216dd4d: does not qualify; 5.8 s; peak memory 602 MiB.
2026-09-27T16:19:09Z INFO [77/746] 19994844-a49c-41e8-a198-46b39fe3baee: does not qualify; 1.1 s; peak memory 602 MiB.
2026-09-27T16:19:10Z INFO [78/746] 19996550-ae04-4e33-81bc-45f616e8c817: does not qualify; 1.0 s; peak memory 602 MiB.
2026-09-27T16:19:12Z INFO [79/746] 19998990-d06f-40db-8d07-c5121b317b6a: does not qualify; 2.1 s; peak memory 602 MiB.
2026-09-27T16:19:14Z INFO [80/746] 1999bf1d-ce24-4d22-89fc-1e8816c29245: does not qualify; 1.2 s; peak memory 602 MiB.
2026-09-27T16:19:15Z INFO [81/746] 199b4e12-d57a-42e1-9398-65d448dc874e: does not qualify; 1.3 s; peak memory 602 MiB.
2026-09-27T16:19:18Z INFO [82/746] 199b6de3-dbed-4e35-bdd9-fedbc96daa3e: does not qualify; 2.6 s; peak memory 602 MiB.
2026-09-27T16:19:19Z INFO [83/746] 199b868a-6032-4258-ac6e-c7dea99a4e6b: does not qualify; 1.3 s; peak memory 602 MiB.
2026-09-27T16:19:25Z INFO [84/746] 199c88b5-4629-48f4-bc97-04e474261aa5: does not qualify; 5.8 s; peak memory 602 MiB.
2026-09-27T16:19:26Z INFO [85/746] 199ce24d-aeeb-4c66-9304-e26a5372d450: does not qualify; 0.9 s; peak memory 602 MiB.
2026-09-27T16:19:26Z INFO [86/746] 199ec995-1176-4869-82f4-b39435b62bb2: does not qualify; 0.9 s; peak memory 602 MiB.
2026-09-27T16:19:28Z INFO [87/746] 199efbc6-384d-4c6c-882a-ca1deb9c2de5: does not qualify; 1.3 s; peak memory 602 MiB.
2026-09-27T16:19:29Z INFO [88/746] 199f5b85-af94-47bf-84d3-7dfef17c793f: does not qualify; 1.3 s; peak memory 602 MiB.
2026-09-27T16:19:30Z INFO [89/746] 199f7c93-36a0-4070-a602-b3c6dc45bfb5: does not qualify; 0.9 s; peak memory 602 MiB.
2026-09-27T16:19:31Z INFO [90/746] 19a026db-27d0-443a-b0c1-6e946360d7c7: does not qualify; 1.0 s; peak memory 602 MiB.
2026-09-27T16:19:32Z INFO [91/746] 19a03751-791f-4fcb-a96c-e900e071e8d4: does not qualify; 1.0 s; peak memory 602 MiB.
2026-09-27T16:19:33Z INFO [92/746] 19a2ad5b-65b5-45be-b51d-170e1a73986a: does not qualify; 0.9 s; peak memory 602 MiB.
2026-09-27T16:19:34Z INFO [93/746] 19a3a5ec-ee52-44ca-bd16-6164db0a9f36: does not qualify; 1.1 s; peak memory 602 MiB.
2026-09-27T16:19:36Z INFO [94/746] 19a3c3cf-29a3-4f5c-a7f5-1652e59fbdfc: does not qualify; 2.0 s; peak memory 602 MiB.
2026-09-27T16:19:37Z INFO [95/746] 19a3c4e2-1e34-4987-8b95-24ab1b4d94c0: does not qualify; 0.9 s; peak memory 602 MiB.
2026-09-27T16:19:39Z INFO [96/746] 19a43529-dfd9-42c8-9948-37412e058d9b: does not qualify; 2.5 s; peak memory 602 MiB.
2026-09-27T16:19:40Z INFO [97/746] 19a4a40a-dfa9-48e4-aa7c-4ed730c485d4: does not qualify; 1.0 s; peak memory 602 MiB.
2026-09-27T16:19:42Z INFO [98/746] 19a64db3-b69b-4303-b4ed-5ac3f25d5da0: does not qualify; 1.3 s; peak memory 602 MiB.
2026-09-27T16:19:43Z INFO [99/746] 19a67a7f-30fe-4d2c-86aa-41dfc3b62d1d: does not qualify; 1.1 s; peak memory 602 MiB.
2026-09-27T16:19:47Z INFO [100/746] 19a70ac2-836f-4994-8aa5-b62364988787: does not qualify; 4.4 s; peak memory 602 MiB.
2026-09-27T16:19:47Z INFO [100/746] 19a70ac2-836f-4994-8aa5-b62364988787: checkpointed 59217 records.
2026-09-27T16:19:48Z INFO [101/746] 19a70f2b-48f5-4fec-855c-3b99836cabe6: does not qualify; 0.9 s; peak memory 602 MiB.
2026-09-27T16:19:49Z INFO [102/746] 19a723a2-7e35-4122-8ffe-349fe797e3ab: does not qualify; 1.3 s; peak memory 602 MiB.
2026-09-27T16:19:55Z INFO [103/746] 19a73c69-8484-4567-912d-13c1677e9564: does not qualify; 5.4 s; peak memory 602 MiB.
2026-09-27T16:19:56Z INFO [104/746] 19a79a8b-d53b-4785-a5f5-7ecbae90d9a5: does not qualify; 1.3 s; peak memory 602 MiB.
2026-09-27T16:20:03Z INFO [105/746] 19a83705-079f-47c1-b861-7babafa75283: does not qualify; 6.7 s; peak memory 602 MiB.
2026-09-27T16:20:04Z INFO [106/746] 19a8389e-92e0-4ce8-bb70-aa579d45dd24: does not qualify; 1.4 s; peak memory 602 MiB.
2026-09-27T16:20:09Z INFO [107/746] 19a8afc2-a0fc-4d40-a05c-118be4b4fe11: does not qualify; 5.1 s; peak memory 602 MiB.
2026-09-27T16:20:11Z INFO [108/746] 19a8d744-f833-434a-b902-6ca45fb39d21: does not qualify; 1.4 s; peak memory 602 MiB.
2026-09-27T16:20:15Z INFO [109/746] 19a9f800-c2b1-43c0-98dd-6da660a457cc: does not qualify; 4.8 s; peak memory 602 MiB.
2026-09-27T16:20:22Z INFO [110/746] 19aa2ca6-80d2-43dd-ac26-94bfc965577b: does not qualify; 6.7 s; peak memory 602 MiB.
2026-09-27T16:20:23Z INFO [111/746] 19aa3c47-b72d-4336-9e16-6ebe7ea76bbc: does not qualify; 1.1 s; peak memory 602 MiB.
2026-09-27T16:20:24Z INFO [112/746] 19ab23ed-06f3-46cd-b442-d8f031f21795: does not qualify; 1.2 s; peak memory 602 MiB.
2026-09-27T16:20:26Z INFO [113/746] 19ab7618-476e-459e-bec6-807ab704522a: does not qualify; 1.6 s; peak memory 602 MiB.
2026-09-27T16:20:30Z INFO [114/746] 19acaded-ce99-41fb-81fd-613a597f04d4: does not qualify; 4.1 s; peak memory 602 MiB.
2026-09-27T16:20:31Z INFO [115/746] 19aceda5-34fb-4eee-9f87-5f561bf1f094: does not qualify; 1.1 s; peak memory 602 MiB.
2026-09-27T16:20:33Z INFO [116/746] 19acf3d8-0d1b-42a3-b97a-68f9a60e1edd: qualifies; 1.9 s; peak memory 602 MiB.
2026-09-27T16:20:34Z INFO [117/746] 19ae1b56-b2f2-44cc-9de0-138633137c91: does not qualify; 1.2 s; peak memory 602 MiB.
2026-09-27T16:20:35Z INFO [118/746] 19ae95f9-f874-40f9-8c79-2c5c3791a2c6: does not qualify; 1.1 s; peak memory 602 MiB.
2026-09-27T16:20:37Z INFO [119/746] 19aefdd2-e1bb-4e32-9267-4c548a25fdc7: does not qualify; 1.4 s; peak memory 602 MiB.
2026-09-27T16:20:38Z INFO [120/746] 19affce9-3047-4d93-b759-d6b27e5a90f6: does not qualify; 1.1 s; peak memory 602 MiB.
2026-09-27T16:20:39Z INFO [121/746] 19b01bac-d223-408e-88dc-ef835480dde5: does not qualify; 1.1 s; peak memory 602 MiB.
2026-09-27T16:20:40Z INFO [122/746] 19b05f4a-5f00-46bc-aed5-156760da602f: does not qualify; 1.4 s; peak memory 602 MiB.
2026-09-27T16:20:41Z INFO [123/746] 19b128e8-dbd8-447c-8afc-90a62e5fc10e: does not qualify; 1.0 s; peak memory 602 MiB.
2026-09-27T16:20:43Z INFO [124/746] 19b1fce3-d8f3-4987-95e1-9b89bbf8207b: does not qualify; 1.3 s; peak memory 602 MiB.
2026-09-27T16:20:44Z INFO [125/746] 19b2e2d8-e3e1-4c27-b606-96e3ec2754c7: does not qualify; 1.3 s; peak memory 602 MiB.
2026-09-27T16:20:45Z INFO [126/746] 19b2e447-860b-4fe7-b2af-cc88eb444278: does not qualify; 1.3 s; peak memory 602 MiB.
2026-09-27T16:20:46Z INFO [127/746] 19b4317b-2ca2-40b5-8651-4c2ce1d34692: does not qualify; 1.0 s; peak memory 602 MiB.
2026-09-27T16:20:47Z INFO [128/746] 19b4b45d-a121-40c8-9adb-7f31c6b0c916: does not qualify; 1.1 s; peak memory 602 MiB.
2026-09-27T16:20:55Z INFO [129/746] 19b4c90d-9417-4554-9250-63ebb1074171: does not qualify; 8.0 s; peak memory 602 MiB.
2026-09-27T16:20:56Z INFO [130/746] 19b59382-1ef2-4ab6-9499-21dc8d301648: does not qualify; 1.1 s; peak memory 602 MiB.
2026-09-27T16:20:57Z INFO [131/746] 19b60825-5dd2-4e7e-9bb2-a78df5bbfc4c: does not qualify; 1.2 s; peak memory 602 MiB.
2026-09-27T16:20:59Z INFO [132/746] 19b6c78d-65e8-4494-bd98-96f75e036f86: does not qualify; 1.5 s; peak memory 602 MiB.
2026-09-27T16:21:00Z INFO [133/746] 19b6cc8f-607e-407c-8bb5-bf7ef8966a7a: does not qualify; 1.2 s; peak memory 602 MiB.
2026-09-27T16:21:02Z INFO [134/746] 19b730ce-ff7c-4df4-98d4-d9e861950f4f: does not qualify; 1.5 s; peak memory 602 MiB.
2026-09-27T16:21:03Z INFO [135/746] 19b73f18-7e0b-4616-856c-08a22ee8fc60: does not qualify; 1.6 s; peak memory 602 MiB.
2026-09-27T16:21:05Z INFO [136/746] 19b855a2-7593-49f3-8e4e-c2a6295bc46b: does not qualify; 1.3 s; peak memory 602 MiB.
2026-09-27T16:21:06Z INFO [137/746] 19b88991-59b5-4e6f-8a4d-675bac09dda1: does not qualify; 1.2 s; peak memory 602 MiB.
2026-09-27T16:21:07Z INFO [138/746] 19b93984-f7d2-4a3c-97dd-73bbcabb1fda: does not qualify; 0.9 s; peak memory 602 MiB.
2026-09-27T16:21:08Z INFO [139/746] 19b95305-1a6f-461c-9525-85cd920f342e: does not qualify; 1.3 s; peak memory 602 MiB.
2026-09-27T16:21:09Z INFO [140/746] 19b9c33d-c926-44a0-84b7-7ad26805cb19: does not qualify; 1.1 s; peak memory 602 MiB.
2026-09-27T16:21:11Z INFO [141/746] 19bb2079-9453-4650-ab54-b8122bf7d4a7: does not qualify; 1.5 s; peak memory 602 MiB.
2026-09-27T16:21:12Z INFO [142/746] 19bd5371-b3c9-4071-8b25-74f6d54daf82: does not qualify; 1.1 s; peak memory 602 MiB.
2026-09-27T16:21:13Z INFO [143/746] 19bdba67-a391-4795-9fd2-70fae1efed4f: does not qualify; 1.3 s; peak memory 602 MiB.
2026-09-27T16:21:14Z INFO [144/746] 19bdd6c2-f379-41ec-b2d1-12e04ac52953: does not qualify; 1.3 s; peak memory 602 MiB.
2026-09-27T16:21:15Z INFO [145/746] 19bde76c-88ec-4886-90f1-e36db639eb6c: does not qualify; 1.0 s; peak memory 602 MiB.
2026-09-27T16:21:18Z INFO [146/746] 19be0d7a-68ad-430b-9713-33580b366805: does not qualify; 2.4 s; peak memory 602 MiB.
2026-09-27T16:21:20Z INFO [147/746] 19bebe56-66f5-44be-8647-328bde24973f: does not qualify; 2.7 s; peak memory 602 MiB.
2026-09-27T16:21:21Z INFO [148/746] 19bef4d8-b3cc-4b07-8d04-8f4b9e8c309f: does not qualify; 1.1 s; peak memory 602 MiB.
2026-09-27T16:21:23Z INFO [149/746] 19c12d12-5938-4176-b0b9-cd6bff5a7fd1: does not qualify; 1.4 s; peak memory 602 MiB.
2026-09-27T16:21:31Z INFO [150/746] 19c14161-8e23-4fbb-a8b1-77da8d84c544: does not qualify; 7.7 s; peak memory 602 MiB.
2026-09-27T16:21:31Z INFO [150/746] 19c14161-8e23-4fbb-a8b1-77da8d84c544: checkpointed 59267 records.
2026-09-27T16:21:33Z INFO [151/746] 19c18475-cb6b-4cb2-afe5-bd3922175f46: does not qualify; 1.9 s; peak memory 602 MiB.
2026-09-27T16:21:34Z INFO [152/746] 19c1ce6e-0f58-4c74-883f-bf53f140d8bf: does not qualify; 1.0 s; peak memory 602 MiB.
2026-09-27T16:21:39Z INFO [153/746] 19c1ddab-f7f1-4c1f-af81-ec1c7a37e7fb: does not qualify; 5.6 s; peak memory 660 MiB.
2026-09-27T16:21:40Z INFO [154/746] 19c252b9-63ca-4b64-910e-7714413bc2a1: does not qualify; 1.3 s; peak memory 660 MiB.
2026-09-27T16:21:42Z INFO [155/746] 19c35403-48f3-4213-b1cb-6f757ef43323: does not qualify; 1.3 s; peak memory 660 MiB.
2026-09-27T16:21:43Z INFO [156/746] 19c3aba3-8cb4-4e62-985d-de6c2eca7f05: does not qualify; 1.4 s; peak memory 660 MiB.
2026-09-27T16:21:44Z INFO [157/746] 19c45fed-f5e7-4108-93ea-b37c08ea2af3: does not qualify; 1.1 s; peak memory 660 MiB.
2026-09-27T16:21:51Z INFO [158/746] 19c52d2e-7739-43ed-b5ff-6be498e90be6: does not qualify; 6.9 s; peak memory 660 MiB.
2026-09-27T16:21:53Z INFO [159/746] 19c695f3-7fc4-4a7b-a828-96c2522d6eb1: does not qualify; 2.1 s; peak memory 660 MiB.
2026-09-27T16:21:55Z INFO [160/746] 19c761c8-fc26-4d0a-b8e3-f5c155af0317: does not qualify; 1.3 s; peak memory 660 MiB.
2026-09-27T16:21:56Z INFO [161/746] 19c79416-b78a-4332-bace-7fef5dad1b2b: does not qualify; 1.0 s; peak memory 660 MiB.
2026-09-27T16:21:57Z INFO [162/746] 19c88782-584b-490d-9a94-94a5e0de6a97: does not qualify; 1.0 s; peak memory 660 MiB.
2026-09-27T16:21:58Z INFO [163/746] 19c92c0b-1893-4681-a620-333cd2405627: does not qualify; 1.1 s; peak memory 660 MiB.
2026-09-27T16:22:03Z INFO [164/746] 19c9a12d-f51e-480a-9627-b45919d3083d: does not qualify; 5.5 s; peak memory 660 MiB.
2026-09-27T16:22:12Z INFO [165/746] 19c9a304-a0ae-44aa-9adc-424e7b03f279: does not qualify; 8.7 s; peak memory 660 MiB.
2026-09-27T16:22:14Z INFO [166/746] 19c9d15a-2a18-4b83-ab24-3092c50a6f91: does not qualify; 1.7 s; peak memory 660 MiB.
2026-09-27T16:22:15Z INFO [167/746] 19ca1714-41bb-4496-a66c-ec12cbf1bcb6: does not qualify; 1.3 s; peak memory 660 MiB.
2026-09-27T16:22:16Z INFO [168/746] 19ca1927-8a89-49f8-a639-fa9820aeb686: does not qualify; 1.4 s; peak memory 660 MiB.
2026-09-27T16:22:18Z INFO [169/746] 19cb4e11-1f53-4161-9290-7232945f3263: does not qualify; 2.2 s; peak memory 660 MiB.
2026-09-27T16:22:20Z INFO [170/746] 19cb8886-198a-41df-9463-4b2cc52f8ffb: does not qualify; 1.5 s; peak memory 660 MiB.
2026-09-27T16:22:21Z INFO [171/746] 19cbbb2c-67f1-4478-bcbc-a97d8b4444e0: does not qualify; 1.0 s; peak memory 660 MiB.
2026-09-27T16:22:22Z INFO [172/746] 19cbf9eb-0b64-4271-8aa5-e18b98d242af: does not qualify; 1.3 s; peak memory 660 MiB.
2026-09-27T16:22:23Z INFO [173/746] 19cd1e21-f951-4cf1-a40a-1f03252fae4c: does not qualify; 1.1 s; peak memory 660 MiB.
2026-09-27T16:22:26Z INFO [174/746] 19cd8985-78aa-4fc5-b0d8-fd64e2fc5120: does not qualify; 2.4 s; peak memory 660 MiB.
2026-09-27T16:22:27Z INFO [175/746] 19cd9b6d-a5b9-4394-aa3f-ced33437c77a: does not qualify; 1.2 s; peak memory 660 MiB.
2026-09-27T16:22:28Z INFO [176/746] 19cdbeca-8cd2-40cf-8625-79667fde43a2: does not qualify; 1.5 s; peak memory 660 MiB.
2026-09-27T16:22:29Z INFO [177/746] 19cf0d72-3cb4-4502-98fd-17e161dc651a: does not qualify; 1.1 s; peak memory 660 MiB.
2026-09-27T16:22:31Z INFO [178/746] 19cffdde-bb5a-45c0-a397-b591ff965c8f: does not qualify; 1.4 s; peak memory 660 MiB.
2026-09-27T16:22:33Z INFO [179/746] 19d02aac-9de7-4177-9f9a-4092ba15284b: does not qualify; 1.7 s; peak memory 660 MiB.
2026-09-27T16:22:39Z INFO [180/746] 19d08da6-6b05-4d49-9a8a-638711b6d6ad: does not qualify; 6.2 s; peak memory 660 MiB.
2026-09-27T16:22:40Z INFO [181/746] 19d0b042-e470-462a-a708-d5c580663c9b: does not qualify; 1.1 s; peak memory 660 MiB.
2026-09-27T16:22:41Z INFO [182/746] 19d0ea7d-3958-470d-b75f-30ea8fab2f88: does not qualify; 1.6 s; peak memory 660 MiB.
2026-09-27T16:22:43Z INFO [183/746] 19d17af5-8f23-43cb-958c-da8158e630e8: does not qualify; 1.0 s; peak memory 660 MiB.
2026-09-27T16:22:43Z INFO [184/746] 19d1a7d1-2427-4c84-8715-e4c5a25fe6c9: does not qualify; 0.8 s; peak memory 660 MiB.
2026-09-27T16:22:49Z INFO [185/746] 19d23892-026e-4bcf-ab70-406c68c9f114: does not qualify; 5.8 s; peak memory 683 MiB.
2026-09-27T16:22:51Z INFO [186/746] 19d3571c-af3b-4586-8f10-e36fccf05b4e: does not qualify; 1.5 s; peak memory 683 MiB.
2026-09-27T16:22:52Z INFO [187/746] 19d474c8-3e6f-4e08-bb23-bca08e9618b3: does not qualify; 1.0 s; peak memory 683 MiB.
2026-09-27T16:22:53Z INFO [188/746] 19d4dc3f-024e-4919-bd34-4ce552da2219: does not qualify; 1.6 s; peak memory 683 MiB.
2026-09-27T16:22:58Z INFO [189/746] 19d56bf0-7ecb-4c4f-b08d-3f05701ae315: does not qualify; 4.3 s; peak memory 683 MiB.
2026-09-27T16:22:59Z INFO [190/746] 19d582cb-13cc-4754-bf5f-79299c7d8222: does not qualify; 1.3 s; peak memory 683 MiB.
2026-09-27T16:23:07Z INFO [191/746] 19d61151-5731-4da8-b485-fbfbdb8fcfe9: does not qualify; 8.0 s; peak memory 683 MiB.
2026-09-27T16:23:08Z INFO [192/746] 19d62532-301e-48a0-a7d4-9ce386b3ba3e: does not qualify; 1.2 s; peak memory 683 MiB.
2026-09-27T16:23:13Z INFO [193/746] 19d64a0a-3afc-4a09-bbba-1c9eeabf5547: does not qualify; 5.3 s; peak memory 683 MiB.
2026-09-27T16:23:15Z INFO [194/746] 19d737eb-46b8-426e-b3ec-fb05f8b30695: does not qualify; 1.6 s; peak memory 683 MiB.
2026-09-27T16:23:20Z INFO [195/746] 19d7620f-e93d-4667-b1b2-8c10f80e406f: does not qualify; 4.8 s; peak memory 683 MiB.
2026-09-27T16:23:22Z INFO [196/746] 19d7d611-493e-40f4-9da6-42ca2e450c84: does not qualify; 1.9 s; peak memory 683 MiB.
2026-09-27T16:23:24Z INFO [197/746] 19d837f3-5686-4d51-99ef-fde7b887b274: does not qualify; 2.6 s; peak memory 683 MiB.
2026-09-27T16:23:26Z INFO [198/746] 19d8aae3-5422-4761-b35c-1a6d99b10024: does not qualify; 1.2 s; peak memory 683 MiB.
2026-09-27T16:23:27Z INFO [199/746] 19d8e45b-f7ab-4f24-a9fd-1b48b92fb02a: does not qualify; 1.3 s; peak memory 683 MiB.
2026-09-27T16:23:28Z INFO [200/746] 19d923f7-b98b-4f9c-a034-6305ff0cbacf: does not qualify; 0.8 s; peak memory 683 MiB.
2026-09-27T16:23:28Z INFO [200/746] 19d923f7-b98b-4f9c-a034-6305ff0cbacf: checkpointed 59317 records.
2026-09-27T16:23:29Z INFO [201/746] 19d990fe-b5ee-4ecd-a35b-cc9def2cdd22: does not qualify; 1.6 s; peak memory 683 MiB.
2026-09-27T16:23:31Z INFO [202/746] 19d9cf9f-887e-41bc-8fbb-149ecbf98fee: does not qualify; 1.2 s; peak memory 683 MiB.
2026-09-27T16:23:34Z INFO [203/746] 19da9a9d-7802-4955-8edb-704dc7389039: does not qualify; 3.9 s; peak memory 683 MiB.
2026-09-27T16:23:37Z INFO [204/746] 19dade61-31fb-4a57-a6c1-242a63faef94: does not qualify; 3.0 s; peak memory 683 MiB.
2026-09-27T16:23:39Z INFO [205/746] 19db0655-ec90-43b1-9ba2-b7ceed5e9124: does not qualify; 1.1 s; peak memory 683 MiB.
2026-09-27T16:23:40Z INFO [206/746] 19db957f-1d05-40c4-8911-bfbf816a7724: does not qualify; 1.1 s; peak memory 683 MiB.
2026-09-27T16:23:41Z INFO [207/746] 19dbc478-4dee-4d53-b578-bf3b31aa2229: does not qualify; 1.5 s; peak memory 683 MiB.
2026-09-27T16:23:42Z INFO [208/746] 19dbfb0e-cc18-4cb6-a6cd-4a665d266a12: does not qualify; 1.3 s; peak memory 683 MiB.
2026-09-27T16:23:44Z INFO [209/746] 19ddc1bb-bb2f-407d-a6b2-c733eac7a8ff: does not qualify; 1.5 s; peak memory 683 MiB.
2026-09-27T16:23:47Z INFO [210/746] 19de2ebd-18b4-4622-a1d9-48db653e868f: does not qualify; 3.4 s; peak memory 683 MiB.
2026-09-27T16:23:49Z INFO [211/746] 19de6874-1fe1-4079-a93b-47c933c95d2f: does not qualify; 1.3 s; peak memory 683 MiB.
2026-09-27T16:23:50Z INFO [212/746] 19de6b1f-1963-4548-8e5d-891669ad118e: does not qualify; 1.4 s; peak memory 683 MiB.
2026-09-27T16:23:58Z INFO [213/746] 19de790b-5ef8-45a1-97e0-30c1eb84ab4d: does not qualify; 8.0 s; peak memory 683 MiB.
2026-09-27T16:23:59Z INFO [214/746] 19de927e-8fbb-40ee-946d-76f3ec7936e6: does not qualify; 1.5 s; peak memory 683 MiB.
2026-09-27T16:24:01Z INFO [215/746] 19e058e1-915d-4f12-b0e2-82518b99708b: does not qualify; 1.7 s; peak memory 683 MiB.
2026-09-27T16:24:02Z INFO [216/746] 19e12dbc-e1da-409c-bc61-0c894e362988: does not qualify; 1.3 s; peak memory 683 MiB.
2026-09-27T16:24:04Z INFO [217/746] 19e2ce70-bb65-4eba-848c-c0256e09d040: does not qualify; 1.5 s; peak memory 683 MiB.
2026-09-27T16:24:05Z INFO [218/746] 19e37fc9-53b4-4245-a2ec-bb0726bc435e: does not qualify; 1.3 s; peak memory 683 MiB.
2026-09-27T16:24:06Z INFO [219/746] 19e3f73b-989a-424e-836b-58558b5c68e8: does not qualify; 1.3 s; peak memory 683 MiB.
2026-09-27T16:24:08Z INFO [220/746] 19e42ee1-f42b-4f7f-8d02-78767d82ca82: does not qualify; 1.5 s; peak memory 683 MiB.
2026-09-27T16:24:09Z INFO [221/746] 19e54763-d65a-4db7-85a1-fb8a3634e1bd: does not qualify; 1.1 s; peak memory 683 MiB.
2026-09-27T16:24:10Z INFO [222/746] 19e5f90c-4b0c-4f19-a59d-4f02a458cbb3: does not qualify; 1.0 s; peak memory 683 MiB.
2026-09-27T16:24:11Z INFO [223/746] 19e73cc8-b63c-4f55-ae63-95317e027ef4: does not qualify; 1.1 s; peak memory 683 MiB.
2026-09-27T16:24:17Z INFO [224/746] 19e78c5b-61f2-4e18-bb13-1cde00d99b00: does not qualify; 5.5 s; peak memory 683 MiB.
2026-09-27T16:24:18Z INFO [225/746] 19e7cdfd-e483-4fb4-9671-2fc9b5650286: does not qualify; 1.1 s; peak memory 683 MiB.
2026-09-27T16:24:23Z INFO [226/746] 19e833e7-f343-40b9-90c3-c9a1fce58fab: does not qualify; 5.5 s; peak memory 683 MiB.
2026-09-27T16:24:38Z INFO [227/746] 19e85c66-d98f-4159-9534-ec87aa87d212: does not qualify; 14.2 s; peak memory 683 MiB.
2026-09-27T16:24:39Z INFO [228/746] 19e8a585-85ba-4889-b487-f8cfa4f08c98: does not qualify; 1.4 s; peak memory 683 MiB.
2026-09-27T16:24:40Z INFO [229/746] 19e8e474-c997-4e5f-a78a-32e645eba235: does not qualify; 1.1 s; peak memory 683 MiB.
2026-09-27T16:24:41Z INFO [230/746] 19e8ec0f-92fd-41fa-93ea-426636d552da: does not qualify; 1.3 s; peak memory 683 MiB.
2026-09-27T16:24:43Z INFO [231/746] 19e92b6a-efd7-4b06-bba3-1a19a9e2952f: does not qualify; 1.4 s; peak memory 683 MiB.
2026-09-27T16:24:44Z INFO [232/746] 19e9758a-0ed9-45df-a122-4d07ded71824: does not qualify; 1.3 s; peak memory 683 MiB.
2026-09-27T16:24:45Z INFO [233/746] 19eaa004-521f-494c-8f77-905fa00e0b4d: does not qualify; 1.2 s; peak memory 683 MiB.
2026-09-27T16:24:48Z INFO [234/746] 19ebc439-dd97-4f36-a3a0-9eb235571d7a: does not qualify; 2.4 s; peak memory 683 MiB.
2026-09-27T16:24:49Z INFO [235/746] 19ebc5ae-5b3c-4d73-a3a9-aa5319434f41: does not qualify; 1.1 s; peak memory 683 MiB.
2026-09-27T16:24:51Z INFO [236/746] 19ebcc7c-12a8-4b4e-91b9-3bc469d55b97: does not qualify; 2.2 s; peak memory 683 MiB.
2026-09-27T16:24:52Z INFO [237/746] 19ec83f4-c222-43bd-900a-2b1510ce84d8: does not qualify; 0.8 s; peak memory 683 MiB.
2026-09-27T16:24:53Z INFO [238/746] 19ed1212-1ca4-47ca-a665-ce09fa8bd05d: does not qualify; 1.3 s; peak memory 683 MiB.
2026-09-27T16:25:24Z INFO [239/746] 19ed4057-9bde-4d7a-a3ba-e036703982a4: does not qualify; 31.4 s; peak memory 683 MiB.
2026-09-27T16:25:29Z INFO [240/746] 19ed7ffc-a393-473f-a741-297bb7a55794: does not qualify; 4.8 s; peak memory 683 MiB.
2026-09-27T16:25:34Z INFO [241/746] 19edabcb-94f1-450c-937b-44795b6c9116: does not qualify; 4.9 s; peak memory 683 MiB.
2026-09-27T16:25:35Z INFO [242/746] 19ef76a1-0d5d-4819-a83b-3f8546f20c5c: does not qualify; 1.1 s; peak memory 683 MiB.
2026-09-27T16:25:37Z INFO [243/746] 19f05caa-9fb6-468b-be41-61132615c78c: does not qualify; 1.3 s; peak memory 683 MiB.
2026-09-27T16:25:42Z INFO [244/746] 19f15357-c644-42cc-9923-eb770674616f: does not qualify; 5.8 s; peak memory 683 MiB.
2026-09-27T16:25:44Z INFO [245/746] 19f1f430-26d5-4ff5-9a61-6ea673522e7c: does not qualify; 1.5 s; peak memory 683 MiB.
2026-09-27T16:25:55Z INFO [246/746] 19f21515-fc08-4184-ace0-7a3d37ffa26d: does not qualify; 11.3 s; peak memory 683 MiB.
2026-09-27T16:25:57Z INFO [247/746] 19f23d7a-8499-4f99-ae7a-f6bee3c79165: does not qualify; 1.4 s; peak memory 683 MiB.
2026-09-27T16:26:02Z INFO [248/746] 19f259e2-fbc9-4d2c-99fb-c8e87459ca13: does not qualify; 5.1 s; peak memory 683 MiB.
2026-09-27T16:26:04Z INFO [249/746] 19f2a1b0-5642-4b20-98c9-85c70fe77a79: does not qualify; 2.6 s; peak memory 683 MiB.
2026-09-27T16:26:05Z INFO [250/746] 19f2e0c6-bc10-40e8-b3ac-ae2e5110b10e: does not qualify; 1.1 s; peak memory 683 MiB.
2026-09-27T16:26:05Z INFO [250/746] 19f2e0c6-bc10-40e8-b3ac-ae2e5110b10e: checkpointed 59367 records.
2026-09-27T16:26:08Z INFO [251/746] 19f48d03-b4b6-4ed3-883c-1368162d49d5: does not qualify; 2.4 s; peak memory 683 MiB.
2026-09-27T16:26:10Z INFO [252/746] 19f4cc2e-1db7-49da-8cb4-67eb12dd266a: does not qualify; 1.7 s; peak memory 683 MiB.
2026-09-27T16:26:11Z INFO [253/746] 19f4da45-518c-478e-8a60-0d742e498a10: does not qualify; 1.1 s; peak memory 683 MiB.
2026-09-27T16:26:14Z INFO [254/746] 19f56490-61b8-4597-8e11-d077870dea1a: does not qualify; 3.5 s; peak memory 683 MiB.
2026-09-27T16:26:16Z INFO [255/746] 19f58e8b-fb51-442b-ad95-3cb7bdd0e118: does not qualify; 1.4 s; peak memory 683 MiB.
2026-09-27T16:26:18Z INFO [256/746] 19f5e7fd-f507-4903-9f96-be6327606dce: does not qualify; 2.1 s; peak memory 683 MiB.
2026-09-27T16:26:19Z INFO [257/746] 19f603c0-c21d-4080-a3f2-f246a435d916: does not qualify; 1.0 s; peak memory 683 MiB.
2026-09-27T16:26:20Z INFO [258/746] 19f626a7-72e9-4d1d-acea-9d9c34b3b3ef: does not qualify; 1.1 s; peak memory 683 MiB.
2026-09-27T16:26:21Z INFO [259/746] 19f7150c-0eee-4b05-aa37-871ecd651cfd: does not qualify; 1.5 s; peak memory 683 MiB.
2026-09-27T16:26:23Z INFO [260/746] 19f75838-7128-467c-a84a-30b8d38062d5: does not qualify; 1.5 s; peak memory 683 MiB.
2026-09-27T16:26:24Z INFO [261/746] 19f7b6fb-ee91-4d37-88b4-5e7671bec304: does not qualify; 1.5 s; peak memory 683 MiB.
2026-09-27T16:26:25Z INFO [262/746] 19f8118b-9f63-4208-8255-6406338dfbd2: does not qualify; 1.1 s; peak memory 683 MiB.
2026-09-27T16:26:35Z INFO [263/746] 19f82df2-4a3d-4c01-9c0a-8c197b62a9c2: does not qualify; 9.3 s; peak memory 683 MiB.
2026-09-27T16:26:36Z INFO [264/746] 19fa64f2-70ac-4312-91a2-1c2676acd898: does not qualify; 1.2 s; peak memory 683 MiB.
2026-09-27T16:26:38Z INFO [265/746] 19faa473-f9ce-4ef6-9359-2bd253055625: does not qualify; 1.6 s; peak memory 683 MiB.
2026-09-27T16:26:39Z INFO [266/746] 19fad590-9f7d-4f1e-99db-fbe408de0fd7: does not qualify; 1.7 s; peak memory 683 MiB.
2026-09-27T16:26:41Z INFO [267/746] 19faeacb-503c-4d55-a6c5-495bd829915d: does not qualify; 1.1 s; peak memory 683 MiB.
2026-09-27T16:26:42Z INFO [268/746] 19fca134-6946-4018-afb9-f57484186a7e: does not qualify; 1.0 s; peak memory 683 MiB.
2026-09-27T16:26:43Z INFO [269/746] 19fd88ca-8b03-40e3-b1ee-60325a82fada: does not qualify; 1.4 s; peak memory 683 MiB.
2026-09-27T16:26:51Z INFO [270/746] 19fdb041-fe22-4158-bccb-8a0483871811: does not qualify; 8.2 s; peak memory 683 MiB.
2026-09-27T16:26:53Z INFO [271/746] 19fdd862-1329-48f7-ae3b-9b4955dbceae: does not qualify; 2.1 s; peak memory 683 MiB.
2026-09-27T16:26:55Z INFO [272/746] 19fde837-ef45-497f-ac9d-fa8b9a2ae75f: does not qualify; 1.6 s; peak memory 683 MiB.
2026-09-27T16:26:56Z INFO [273/746] 19fdee38-d3c3-4220-b63f-803721a5eaa6: does not qualify; 1.3 s; peak memory 683 MiB.
2026-09-27T16:26:58Z INFO [274/746] 19fec72d-d1e5-437b-9e22-5408f6452838: does not qualify; 1.8 s; peak memory 683 MiB.
2026-09-27T16:26:59Z INFO [275/746] 19ff168e-4f8d-4bed-982c-e58ce3acf2ae: does not qualify; 1.1 s; peak memory 683 MiB.
2026-09-27T16:27:11Z INFO [276/746] 19ff4e03-1213-4a25-acd9-39bd19b2a87a: does not qualify; 11.8 s; peak memory 683 MiB.
2026-09-27T16:27:12Z INFO [277/746] 1a008eea-6b3d-4a1c-bea0-63d8e78dad72: does not qualify; 1.2 s; peak memory 683 MiB.
2026-09-27T16:27:16Z INFO [278/746] 1a01638f-4080-4c7c-8841-d6e9270e3fdd: does not qualify; 4.3 s; peak memory 683 MiB.
2026-09-27T16:27:18Z INFO [279/746] 1a0190ad-f414-4b2c-b75b-bf6618a538be: does not qualify; 1.6 s; peak memory 683 MiB.
2026-09-27T16:27:19Z INFO [280/746] 1a0199df-5424-4e04-b9fc-d51ee5cc1c83: does not qualify; 1.2 s; peak memory 683 MiB.
2026-09-27T16:27:21Z INFO [281/746] 1a01aa68-1180-4e7c-8e54-61a974e7a63e: does not qualify; 1.4 s; peak memory 683 MiB.
2026-09-27T16:27:21Z INFO [282/746] 1a01d3a8-e105-438c-8d1f-116204c05f39: does not qualify; 0.8 s; peak memory 683 MiB.
2026-09-27T16:27:23Z INFO [283/746] 1a01f04c-858d-4501-9a70-780d54f679a8: does not qualify; 1.2 s; peak memory 683 MiB.
2026-09-27T16:27:24Z INFO [284/746] 1a027357-4650-4001-a972-91428db75b18: does not qualify; 1.3 s; peak memory 683 MiB.
2026-09-27T16:28:13Z INFO [285/746] 1a028d12-01aa-471e-80ee-62e4b653be62: does not qualify; 49.2 s; peak memory 683 MiB.
2026-09-27T16:28:14Z INFO [286/746] 1a029f9c-f766-47a3-91dc-6a94de09fd86: does not qualify; 1.1 s; peak memory 683 MiB.
2026-09-27T16:28:16Z INFO [287/746] 1a02bf4d-12d7-45c0-b202-020535746c5e: does not qualify; 1.8 s; peak memory 683 MiB.
2026-09-27T16:28:18Z INFO [288/746] 1a03f4d9-2843-4f1a-9543-e7acded20b10: does not qualify; 1.8 s; peak memory 683 MiB.
2026-09-27T16:28:19Z INFO [289/746] 1a048944-f375-4120-aa9f-9aef66c63031: does not qualify; 1.1 s; peak memory 683 MiB.
2026-09-27T16:28:20Z INFO [290/746] 1a048ff9-1315-4056-968f-7f276236a346: does not qualify; 1.2 s; peak memory 683 MiB.
2026-09-27T16:28:22Z INFO [291/746] 1a04c40f-d7cf-4b9e-b7ea-b39646ca04ee: does not qualify; 2.0 s; peak memory 683 MiB.
2026-09-27T16:28:26Z INFO [292/746] 1a04f1e0-b70a-4340-ae2a-4cd370f39c9f: does not qualify; 4.2 s; peak memory 683 MiB.
2026-09-27T16:28:28Z INFO [293/746] 1a051feb-9641-424b-a423-d507aaa9d738: does not qualify; 1.6 s; peak memory 683 MiB.
2026-09-27T16:28:29Z INFO [294/746] 1a056d12-da93-43a2-8cbb-858f8e4ea7e7: does not qualify; 1.3 s; peak memory 683 MiB.
2026-09-27T16:28:30Z INFO [295/746] 1a05b896-de17-4216-bd9d-931ab9fb38c1: does not qualify; 1.1 s; peak memory 683 MiB.
2026-09-27T16:28:36Z INFO [296/746] 1a067f26-34de-4110-8a00-4ea26b33e5c3: does not qualify; 5.3 s; peak memory 683 MiB.
2026-09-27T16:28:37Z INFO [297/746] 1a06e7f1-cb68-439c-a20e-692945607c39: does not qualify; 1.8 s; peak memory 683 MiB.
2026-09-27T16:28:39Z INFO [298/746] 1a071771-c2e6-4f50-9690-7649b937c94f: does not qualify; 1.5 s; peak memory 683 MiB.
2026-09-27T16:28:40Z INFO [299/746] 1a07ccbd-7344-48ed-974f-e40f534b6f3e: does not qualify; 1.5 s; peak memory 683 MiB.
2026-09-27T16:28:48Z INFO [300/746] 1a07e43c-bb35-4311-b453-8c745a503c30: does not qualify; 7.7 s; peak memory 683 MiB.
2026-09-27T16:28:48Z INFO [300/746] 1a07e43c-bb35-4311-b453-8c745a503c30: checkpointed 59417 records.
2026-09-27T16:28:49Z INFO [301/746] 1a08ec4f-d8e2-4e4f-8032-c3bdaff42cec: does not qualify; 0.9 s; peak memory 683 MiB.
2026-09-27T16:28:54Z INFO [302/746] 1a09c02d-27f8-415e-bd01-e95c083adb24: does not qualify; 4.5 s; peak memory 683 MiB.
2026-09-27T16:28:59Z INFO [303/746] 1a0a9780-190d-440c-af80-c86eec75e152: does not qualify; 5.5 s; peak memory 683 MiB.
2026-09-27T16:29:00Z INFO [304/746] 1a0bb058-78a2-4d7f-b138-763ea3c7d903: does not qualify; 0.9 s; peak memory 683 MiB.
2026-09-27T16:29:03Z INFO [305/746] 1a0c2d5a-558e-49a3-b264-8d6d5a1e8d5f: does not qualify; 2.6 s; peak memory 683 MiB.
2026-09-27T16:29:08Z INFO [306/746] 1a0c8aa9-a1b2-4e92-8acd-ef7720806e93: does not qualify; 5.7 s; peak memory 683 MiB.
2026-09-27T16:29:12Z INFO [307/746] 1a0ddf9d-06f0-458c-8339-5657f576035d: does not qualify; 3.9 s; peak memory 683 MiB.
2026-09-27T16:29:17Z INFO [308/746] 1a0e4e32-4454-4dac-90cd-9b5802a66b91: does not qualify; 4.6 s; peak memory 683 MiB.
2026-09-27T16:29:18Z INFO [309/746] 1a0e9524-91c6-42db-9dee-89ead18d4913: does not qualify; 0.8 s; peak memory 683 MiB.
2026-09-27T16:29:19Z INFO [310/746] 1a0ecc22-1cc4-4e5e-95d5-04ccb0d7bbe2: does not qualify; 1.4 s; peak memory 683 MiB.
2026-09-27T16:29:21Z INFO [311/746] 1a0f6546-bbf4-4b14-ae34-01b62574fb40: does not qualify; 1.6 s; peak memory 683 MiB.
2026-09-27T16:29:27Z INFO [312/746] 1a0f9270-6260-40f3-8358-c2b8ae99d2f6: qualifies; 6.3 s; peak memory 683 MiB.
2026-09-27T16:29:28Z INFO [313/746] 1a0fa08d-baa9-4b6d-95d6-83971564cce4: does not qualify; 1.4 s; peak memory 683 MiB.
2026-09-27T16:29:30Z INFO [314/746] 1a0ffd7f-2fa4-4862-baed-637a776e113c: does not qualify; 1.3 s; peak memory 683 MiB.
2026-09-27T16:29:31Z INFO [315/746] 1a1145f5-477f-4b8a-8974-ff95c17ebaa4: does not qualify; 1.4 s; peak memory 683 MiB.
2026-09-27T16:29:39Z INFO [316/746] 1a124329-3ed1-4349-bded-a5260450445a: does not qualify; 8.2 s; peak memory 683 MiB.
2026-09-27T16:29:41Z INFO [317/746] 1a12b2f1-df59-4df6-a16c-e506cbe48da9: does not qualify; 1.9 s; peak memory 683 MiB.
2026-09-27T16:29:43Z INFO [318/746] 1a13ec80-3d18-4fcc-8d21-ef3a3982d721: does not qualify; 1.4 s; peak memory 683 MiB.
2026-09-27T16:29:44Z INFO [319/746] 1a14188f-200d-4cde-aaf1-a616dfea4f5b: does not qualify; 1.2 s; peak memory 683 MiB.
2026-09-27T16:29:48Z INFO [320/746] 1a143618-7bf2-4954-8b44-d3815ea57d42: does not qualify; 4.5 s; peak memory 683 MiB.
2026-09-27T16:29:50Z INFO [321/746] 1a154d3e-f094-4aee-bd3c-8bb414b24adc: does not qualify; 1.7 s; peak memory 683 MiB.
2026-09-27T16:29:51Z INFO [322/746] 1a156d9e-3f6f-4628-9d18-e826affc3995: does not qualify; 1.0 s; peak memory 683 MiB.
2026-09-27T16:29:59Z INFO [323/746] 1a16b224-1bef-45d1-a965-1edbaff73c6c: does not qualify; 8.4 s; peak memory 683 MiB.
2026-09-27T16:30:02Z INFO [324/746] 1a173deb-f6ff-420e-b0ee-a8117c1624fe: does not qualify; 2.9 s; peak memory 683 MiB.
2026-09-27T16:30:03Z INFO [325/746] 1a175b99-46ed-412e-bb6e-9f08cb1cb868: does not qualify; 1.1 s; peak memory 683 MiB.
2026-09-27T16:30:06Z INFO [326/746] 1a17c273-6f5a-4d94-b67c-826b2d8ae68b: does not qualify; 2.7 s; peak memory 683 MiB.
2026-09-27T16:30:07Z INFO [327/746] 1a1854a6-8ac7-465d-a0d4-a03b1d202508: does not qualify; 0.9 s; peak memory 683 MiB.
2026-09-27T16:30:08Z INFO [328/746] 1a18c290-ba52-4d6f-a80a-26d644b52f8f: does not qualify; 0.9 s; peak memory 683 MiB.
2026-09-27T16:30:09Z INFO [329/746] 1a1a7c72-cc2e-44a5-9002-9ac1cf47ec0e: does not qualify; 1.4 s; peak memory 683 MiB.
2026-09-27T16:30:11Z INFO [330/746] 1a1ac5a5-253e-4d41-af05-f6ed2d777483: does not qualify; 1.3 s; peak memory 683 MiB.
2026-09-27T16:30:12Z INFO [331/746] 1a1b338a-0833-47e3-b6a2-d0c84c2ed5c6: does not qualify; 1.3 s; peak memory 683 MiB.
2026-09-27T16:30:13Z INFO [332/746] 1a1b5057-5a29-4e20-9d75-bed857035209: does not qualify; 1.5 s; peak memory 683 MiB.
2026-09-27T16:30:15Z INFO [333/746] 1a1b59c5-3bcf-42d2-859e-3d9e94551785: does not qualify; 1.8 s; peak memory 683 MiB.
2026-09-27T16:30:17Z INFO [334/746] 1a1bc1bd-fc05-4829-b9e2-0a32b91e99ba: does not qualify; 1.4 s; peak memory 683 MiB.
2026-09-27T16:30:18Z INFO [335/746] 1a1c80bf-0c04-4cb8-9240-50c701d11d43: does not qualify; 1.3 s; peak memory 683 MiB.
2026-09-27T16:30:19Z INFO [336/746] 1a1cb4c1-2746-4417-8760-0ddd889b7383: does not qualify; 1.5 s; peak memory 683 MiB.
2026-09-27T16:30:20Z INFO [337/746] 1a1d6113-a6ba-4122-95f3-b9e34b2007e9: does not qualify; 1.1 s; peak memory 683 MiB.
2026-09-27T16:30:22Z INFO [338/746] 1a1d9b18-d71d-49f8-ac28-3f5b440ddf15: does not qualify; 1.4 s; peak memory 683 MiB.
2026-09-27T16:30:30Z INFO [339/746] 1a1dc490-a832-47a1-b190-3a5e575669fa: does not qualify; 7.9 s; peak memory 683 MiB.
2026-09-27T16:30:32Z INFO [340/746] 1a1dc653-1d21-45eb-b70a-5c01afa58c7b: qualifies; 1.9 s; peak memory 683 MiB.
2026-09-27T16:30:33Z INFO [341/746] 1a1de04e-3085-4313-9551-43d7d39b34f2: does not qualify; 1.0 s; peak memory 683 MiB.
2026-09-27T16:30:34Z INFO [342/746] 1a1de71b-bb61-4509-a8c6-6c01b944d375: does not qualify; 1.2 s; peak memory 683 MiB.
2026-09-27T16:30:35Z INFO [343/746] 1a1e3880-ba15-48fb-9ae3-e238b7e4585b: does not qualify; 1.0 s; peak memory 683 MiB.
2026-09-27T16:30:37Z INFO [344/746] 1a1e8948-57c1-4e71-8990-374c4cef82fe: does not qualify; 2.5 s; peak memory 683 MiB.
2026-09-27T16:30:38Z INFO [345/746] 1a1f5b13-2740-4db5-bd5e-22c41ef286d4: does not qualify; 1.0 s; peak memory 683 MiB.
2026-09-27T16:30:40Z INFO [346/746] 1a1fd2e0-c33f-4f7f-a1e0-623717db5aa7: does not qualify; 1.3 s; peak memory 683 MiB.
2026-09-27T16:30:41Z INFO [347/746] 1a21f665-312a-4c41-bb44-2e330ec45332: does not qualify; 1.5 s; peak memory 683 MiB.
2026-09-27T16:32:07Z INFO [348/746] 1a22293d-46f9-4353-a8d7-f2ba884d6c0c: qualifies; 85.9 s; peak memory 5986 MiB.
2026-09-27T16:32:09Z INFO [349/746] 1a23c29e-a89c-4453-9b40-1f6262085145: does not qualify; 1.7 s; peak memory 5986 MiB.
2026-09-27T16:32:11Z INFO [350/746] 1a23c631-3135-4b2b-966f-b1a9dbddf303: does not qualify; 2.1 s; peak memory 5986 MiB.
2026-09-27T16:32:11Z INFO [350/746] 1a23c631-3135-4b2b-966f-b1a9dbddf303: checkpointed 59467 records.
2026-09-27T16:32:12Z INFO [351/746] 1a244339-93d0-48db-bd92-4abe389fb578: does not qualify; 1.0 s; peak memory 5986 MiB.
2026-09-27T16:32:13Z INFO [352/746] 1a24c454-e8ce-48c3-809a-2a061872effb: does not qualify; 1.1 s; peak memory 5986 MiB.
2026-09-27T16:32:14Z INFO [353/746] 1a2507ea-e839-47c0-b58a-6a811d208945: does not qualify; 1.1 s; peak memory 5986 MiB.
2026-09-27T16:32:25Z INFO [354/746] 1a25e8b0-617a-47e4-a36f-4525b8f35ab3: does not qualify; 10.8 s; peak memory 5986 MiB.
2026-09-27T16:32:27Z INFO [355/746] 1a263790-a027-4d56-8fc4-765461169a74: does not qualify; 1.7 s; peak memory 5986 MiB.
2026-09-27T16:32:31Z INFO [356/746] 1a266f80-d91c-4fc6-bed9-ed0132427bb1: does not qualify; 4.8 s; peak memory 5986 MiB.
2026-09-27T16:32:34Z INFO [357/746] 1a267c71-e99f-42d8-991f-85926fce9eed: does not qualify; 2.5 s; peak memory 5986 MiB.
2026-09-27T16:32:36Z INFO [358/746] 1a26aa5c-6684-4664-a895-b95a1a18356a: does not qualify; 1.8 s; peak memory 5986 MiB.
2026-09-27T16:32:37Z INFO [359/746] 1a2780f0-46d9-4b94-8d77-7e81bf332229: does not qualify; 1.3 s; peak memory 5986 MiB.
2026-09-27T16:32:39Z INFO [360/746] 1a27f07e-51a6-4cf0-b794-129bdeadf747: does not qualify; 1.6 s; peak memory 5986 MiB.
2026-09-27T16:32:40Z INFO [361/746] 1a2825b5-2c3f-4ec3-88b6-6c1e87d8bf43: does not qualify; 1.3 s; peak memory 5986 MiB.
2026-09-27T16:32:43Z INFO [362/746] 1a2846ef-229d-4a91-8bc7-d15f32a19515: does not qualify; 2.6 s; peak memory 5986 MiB.
2026-09-27T16:32:44Z INFO [363/746] 1a288d37-7f91-4b5e-a8c2-e26f85357aff: does not qualify; 1.6 s; peak memory 5986 MiB.
2026-09-27T16:32:45Z INFO [364/746] 1a28f655-d37e-4a62-8866-8e0322883fc4: does not qualify; 1.0 s; peak memory 5986 MiB.
2026-09-27T16:32:47Z INFO [365/746] 1a291ff5-ea5d-4cec-9717-b8148d88c834: does not qualify; 1.9 s; peak memory 5986 MiB.
2026-09-27T16:32:48Z INFO [366/746] 1a2975d8-ebe3-4da3-a624-0ddb983b90d3: does not qualify; 1.1 s; peak memory 5986 MiB.
2026-09-27T16:32:49Z INFO [367/746] 1a29e866-c6af-4173-a165-dee383a4ba4b: does not qualify; 1.1 s; peak memory 5986 MiB.
2026-09-27T16:32:50Z INFO [368/746] 1a2a8def-d243-4410-9ae0-820c894ebb85: does not qualify; 1.1 s; peak memory 5986 MiB.
2026-09-27T16:32:52Z INFO [369/746] 1a2ae6ea-498b-4b5b-b2c5-3a9aaf7dbc8b: does not qualify; 1.1 s; peak memory 5986 MiB.
2026-09-27T16:32:53Z INFO [370/746] 1a2b9668-e967-4c02-b3cf-d9bbf7f40efe: does not qualify; 1.1 s; peak memory 5986 MiB.
2026-09-27T16:32:54Z INFO [371/746] 1a2bdd6c-6f36-42e4-a4a1-c4ab6cd8b5bc: does not qualify; 1.0 s; peak memory 5986 MiB.
2026-09-27T16:32:55Z INFO [372/746] 1a2bea5a-48d8-48fa-a450-30fd2bf55e45: does not qualify; 1.4 s; peak memory 5986 MiB.
2026-09-27T16:32:56Z INFO [373/746] 1a2c62cc-08cb-4680-a866-1c7177350c4d: does not qualify; 1.1 s; peak memory 5986 MiB.
2026-09-27T16:32:57Z INFO [374/746] 1a2c6883-f6a7-4521-bf7b-7d1df3a250dd: does not qualify; 1.0 s; peak memory 5986 MiB.
2026-09-27T16:32:59Z INFO [375/746] 1a2c89df-67e4-431f-91ef-db2af28ea004: does not qualify; 1.7 s; peak memory 5986 MiB.
2026-09-27T16:33:00Z INFO [376/746] 1a2d19f4-a1b8-4c58-bec4-2b01433df08f: does not qualify; 1.0 s; peak memory 5986 MiB.
2026-09-27T16:33:05Z INFO [377/746] 1a2d7266-aa54-4518-96f5-cf2d99788a23: does not qualify; 5.1 s; peak memory 5986 MiB.
2026-09-27T16:33:06Z INFO [378/746] 1a2e03a6-48bc-4a58-a714-8aa15d02d015: does not qualify; 1.1 s; peak memory 5986 MiB.
2026-09-27T16:33:09Z INFO [379/746] 1a2e55f4-d874-4444-9ab5-625be0ccd42c: does not qualify; 2.6 s; peak memory 5986 MiB.
2026-09-27T16:33:10Z INFO [380/746] 1a2f6c84-5677-4323-a686-bc5c9846f1dd: does not qualify; 0.8 s; peak memory 5986 MiB.
2026-09-27T16:33:11Z INFO [381/746] 1a30538e-be24-45de-886c-715a575293dc: does not qualify; 1.8 s; peak memory 5986 MiB.
2026-09-27T16:33:12Z INFO [382/746] 1a327009-44a6-42f2-8251-4fd89bc8335c: does not qualify; 0.8 s; peak memory 5986 MiB.
2026-09-27T16:33:19Z INFO [383/746] 1a329c7f-2ae3-4a79-aed2-818c28c29f1d: does not qualify; 7.1 s; peak memory 5986 MiB.
2026-09-27T16:33:20Z INFO [384/746] 1a32f62a-f72e-4ac6-840a-e40da0667a6e: does not qualify; 1.0 s; peak memory 5986 MiB.
2026-09-27T16:33:22Z INFO [385/746] 1a343790-2703-441e-8376-31a2f451b868: does not qualify; 1.2 s; peak memory 5986 MiB.
2026-09-27T16:33:23Z INFO [386/746] 1a34cbc4-6d5a-414b-8356-e7728a95e92a: does not qualify; 1.3 s; peak memory 5986 MiB.
2026-09-27T16:33:24Z INFO [387/746] 1a3576e2-dae3-4340-8def-e3648683ac5b: does not qualify; 1.7 s; peak memory 5986 MiB.
2026-09-27T16:33:26Z INFO [388/746] 1a35944c-bb66-4328-ae89-b1c3870cb5cf: does not qualify; 1.3 s; peak memory 5986 MiB.
2026-09-27T16:33:27Z INFO [389/746] 1a389bec-8ac8-44e3-a248-32242e3abcbe: does not qualify; 1.3 s; peak memory 5986 MiB.
2026-09-27T16:33:35Z INFO [390/746] 1a38e5cd-082b-4703-9131-f3389c206e44: does not qualify; 7.7 s; peak memory 5986 MiB.
2026-09-27T16:33:36Z INFO [391/746] 1a391dd0-ef59-4cb9-946c-e98e0d85443b: does not qualify; 1.2 s; peak memory 5986 MiB.
2026-09-27T16:33:37Z INFO [392/746] 1a39a30a-3b26-4175-9bb3-4ed8c2d22602: does not qualify; 1.1 s; peak memory 5986 MiB.
2026-09-27T16:33:45Z INFO [393/746] 1a3a0214-c40e-49ed-9ada-9379c9fca1e8: does not qualify; 8.2 s; peak memory 5986 MiB.
2026-09-27T16:33:46Z INFO [394/746] 1a3a8cfd-25e9-4ec4-bb77-4a3fad0406c9: does not qualify; 1.2 s; peak memory 5986 MiB.
2026-09-27T16:34:02Z INFO [395/746] 1a3ae9d5-565b-430b-8e97-a436b59b6fa4: does not qualify; 15.1 s; peak memory 5986 MiB.
2026-09-27T16:34:03Z INFO [396/746] 1a3b2d7c-9213-4336-a8bc-403216facc04: does not qualify; 1.5 s; peak memory 5986 MiB.
2026-09-27T16:34:09Z INFO [397/746] 1a3b781d-eaa9-4214-9617-70111f03c126: does not qualify; 5.5 s; peak memory 5986 MiB.
2026-09-27T16:34:10Z INFO [398/746] 1a3b9050-9499-4388-978d-42f3da3cd63e: does not qualify; 1.0 s; peak memory 5986 MiB.
2026-09-27T16:34:11Z INFO [399/746] 1a3c635e-a002-4ebf-9b3c-d37e83c5fcb9: does not qualify; 1.6 s; peak memory 5986 MiB.
2026-09-27T16:34:16Z INFO [400/746] 1a3d2206-98e4-4ac9-9393-df31309b078c: does not qualify; 4.8 s; peak memory 5986 MiB.
2026-09-27T16:34:16Z INFO [400/746] 1a3d2206-98e4-4ac9-9393-df31309b078c: checkpointed 59517 records.
2026-09-27T16:34:17Z INFO [401/746] 1a3d8d26-9cce-4247-8396-f96da981ccd1: does not qualify; 1.1 s; peak memory 5986 MiB.
2026-09-27T16:34:18Z INFO [402/746] 1a3dbcf4-833a-49c8-b0af-1a5cc79054d2: does not qualify; 0.8 s; peak memory 5986 MiB.
2026-09-27T16:34:19Z INFO [403/746] 1a3ee8fa-e67f-41f8-880c-44b4f761499a: does not qualify; 1.0 s; peak memory 5986 MiB.
2026-09-27T16:34:20Z INFO [404/746] 1a3efe35-b128-4ef7-9c41-8bacfbea8fab: does not qualify; 1.2 s; peak memory 5986 MiB.
2026-09-27T16:34:21Z INFO [405/746] 1a3fa9b9-74c1-4632-be1a-f047fd916cf6: does not qualify; 1.2 s; peak memory 5986 MiB.
2026-09-27T16:34:22Z INFO [406/746] 1a40bf67-3979-4251-85e1-1c1312100b3d: does not qualify; 0.8 s; peak memory 5986 MiB.
2026-09-27T16:34:23Z INFO [407/746] 1a40f698-10bf-482c-bb00-ae4a54105d7e: does not qualify; 1.3 s; peak memory 5986 MiB.
2026-09-27T16:34:25Z INFO [408/746] 1a417078-b7cc-417a-8026-61346aec6c2d: does not qualify; 1.1 s; peak memory 5986 MiB.
2026-09-27T16:34:26Z INFO [409/746] 1a42dc7b-844e-4282-9509-31e08f01b887: does not qualify; 1.1 s; peak memory 5986 MiB.
2026-09-27T16:34:27Z INFO [410/746] 1a43657c-187d-48f0-b309-6445275fa9aa: does not qualify; 1.3 s; peak memory 5986 MiB.
2026-09-27T16:34:28Z INFO [411/746] 1a4533b8-6a71-47f2-9c06-5fb3b6dfa726: does not qualify; 1.1 s; peak memory 5986 MiB.
2026-09-27T16:34:29Z INFO [412/746] 1a45bd8e-def4-4cdb-8a2a-e1eec5110f72: does not qualify; 1.2 s; peak memory 5986 MiB.
2026-09-27T16:34:31Z INFO [413/746] 1a466a54-a19e-45b5-929c-c7f84d295a17: does not qualify; 1.3 s; peak memory 5986 MiB.
2026-09-27T16:34:32Z INFO [414/746] 1a467dbb-81ee-482f-9527-da77b3910fc3: does not qualify; 1.3 s; peak memory 5986 MiB.
2026-09-27T16:34:33Z INFO [415/746] 1a467f72-05ac-4335-98c4-47efd13516d2: does not qualify; 1.2 s; peak memory 5986 MiB.
2026-09-27T16:34:34Z INFO [416/746] 1a4782b9-7bcf-4a13-a0af-8856c4621997: does not qualify; 1.1 s; peak memory 5986 MiB.
2026-09-27T16:34:35Z INFO [417/746] 1a47f240-4ac1-4732-97f7-a29e608943d9: does not qualify; 1.3 s; peak memory 5986 MiB.
2026-09-27T16:34:38Z INFO [418/746] 1a489742-bca1-4e9b-ba21-adfb18ca537b: does not qualify; 2.9 s; peak memory 5986 MiB.
2026-09-27T16:34:39Z INFO [419/746] 1a48ca84-9355-4202-8a2f-26b327f5b7d3: does not qualify; 1.2 s; peak memory 5986 MiB.
2026-09-27T16:34:41Z INFO [420/746] 1a491bd3-3c48-494a-a317-578e3cccd46f: does not qualify; 1.1 s; peak memory 5986 MiB.
2026-09-27T16:34:42Z INFO [421/746] 1a4a80f2-e4f2-409f-84a9-bbe5eb8d93c3: does not qualify; 1.4 s; peak memory 5986 MiB.
2026-09-27T16:34:43Z INFO [422/746] 1a4b1e13-d4e9-4812-ba29-5c2ae058dc2b: does not qualify; 1.2 s; peak memory 5986 MiB.
2026-09-27T16:34:47Z INFO [423/746] 1a4ba99f-ae32-4999-91ab-580ec86c7d0b: does not qualify; 4.2 s; peak memory 5986 MiB.
2026-09-27T16:34:54Z INFO [424/746] 1a4bd57a-dc1f-447c-8a0a-052558d01d1a: does not qualify; 6.3 s; peak memory 5986 MiB.
2026-09-27T16:34:55Z INFO [425/746] 1a4c563e-eb8e-4222-b686-9e1c00cfb785: does not qualify; 1.6 s; peak memory 5986 MiB.
2026-09-27T16:34:57Z INFO [426/746] 1a4cc122-7576-474d-8983-37a11282070c: does not qualify; 2.1 s; peak memory 5986 MiB.
2026-09-27T16:34:58Z INFO [427/746] 1a4d3358-77db-47cc-b6f9-78fe2f5852a1: does not qualify; 0.9 s; peak memory 5986 MiB.
2026-09-27T16:34:59Z INFO [428/746] 1a4e17ed-53e3-4b59-a0eb-3e6d01235a01: does not qualify; 0.9 s; peak memory 5986 MiB.
2026-09-27T16:35:00Z INFO [429/746] 1a4f0ed3-f7e8-499f-8e9f-234c9bd7034d: does not qualify; 1.1 s; peak memory 5986 MiB.
2026-09-27T16:35:02Z INFO [430/746] 1a4fdabc-a578-490f-8d7b-f68ff3811ee9: does not qualify; 1.6 s; peak memory 5986 MiB.
2026-09-27T16:35:03Z INFO [431/746] 1a507233-c3ef-4cca-8d14-10409362548a: does not qualify; 1.2 s; peak memory 5986 MiB.
2026-09-27T16:35:04Z INFO [432/746] 1a509258-c7f3-4244-b14d-7c7e786f3a35: does not qualify; 1.2 s; peak memory 5986 MiB.
2026-09-27T16:35:11Z INFO [433/746] 1a52c59f-1373-4b86-bde3-dbea37f13a37: does not qualify; 6.3 s; peak memory 5986 MiB.
2026-09-27T16:35:13Z INFO [434/746] 1a532c3d-6719-4b92-8c90-e2525d51575f: does not qualify; 2.2 s; peak memory 5986 MiB.
2026-09-27T16:35:14Z INFO [435/746] 1a53cbf5-e8cc-4e3a-9f55-144978edb83a: does not qualify; 0.9 s; peak memory 5986 MiB.
2026-09-27T16:35:15Z INFO [436/746] 1a543ab2-a4a9-4bff-86f8-babc6c28b733: does not qualify; 1.4 s; peak memory 5986 MiB.
2026-09-27T16:35:16Z INFO [437/746] 1a554e1a-2c4b-4884-a0f7-fa13b6664cf1: does not qualify; 0.9 s; peak memory 5986 MiB.
2026-09-27T16:35:17Z INFO [438/746] 1a55e436-600c-4359-a083-2827336239ec: does not qualify; 1.1 s; peak memory 5986 MiB.
2026-09-27T16:35:19Z INFO [439/746] 1a56afa2-2d42-4d9b-b356-5823844255d5: does not qualify; 1.8 s; peak memory 5986 MiB.
2026-09-27T16:35:21Z INFO [440/746] 1a5724f8-bfcd-4907-aeed-0965a935edee: does not qualify; 2.2 s; peak memory 5986 MiB.
2026-09-27T16:35:24Z INFO [441/746] 1a577598-c285-48bb-8ba8-dfc4b41d9ca0: does not qualify; 3.2 s; peak memory 5986 MiB.
2026-09-27T16:35:25Z INFO [442/746] 1a593aa4-a496-452a-bb85-94c1059b4cb7: does not qualify; 1.2 s; peak memory 5986 MiB.
2026-09-27T16:35:27Z INFO [443/746] 1a598790-5ad2-483e-88bb-9a508c5da946: does not qualify; 1.2 s; peak memory 5986 MiB.
2026-09-27T16:35:28Z INFO [444/746] 1a5a39ae-343f-4e19-a126-b60e9b835c30: does not qualify; 1.3 s; peak memory 5986 MiB.
2026-09-27T16:35:30Z INFO [445/746] 1a5afd60-a1a6-4f78-8b6b-c688b404b5ea: does not qualify; 2.5 s; peak memory 5986 MiB.
2026-09-27T16:35:36Z INFO [446/746] 1a5b6868-eff2-412c-ba7b-0c5d5ad8785e: qualifies; 5.1 s; peak memory 5986 MiB.
2026-09-27T16:35:46Z INFO [447/746] 1a5bef45-fef8-4614-8198-94b7fad4fd10: does not qualify; 10.6 s; peak memory 5986 MiB.
2026-09-27T16:35:48Z INFO [448/746] 1a5bf129-b051-48ec-8793-4a6853839b47: does not qualify; 1.6 s; peak memory 5986 MiB.
2026-09-27T16:35:52Z INFO [449/746] 1a5c43f3-92ab-4147-84ba-5a3b1dcb1782: does not qualify; 4.6 s; peak memory 5986 MiB.
2026-09-27T16:35:54Z INFO [450/746] 1a5da236-7a2e-46ad-9284-60ace697e94b: does not qualify; 1.4 s; peak memory 5986 MiB.
2026-09-27T16:35:54Z INFO [450/746] 1a5da236-7a2e-46ad-9284-60ace697e94b: checkpointed 59567 records.
2026-09-27T16:36:01Z INFO [451/746] 1a5ddbe4-aa77-418e-8740-89d495fc8080: does not qualify; 6.7 s; peak memory 5986 MiB.
2026-09-27T16:36:02Z INFO [452/746] 1a5e62c3-fa69-4af7-973c-315c5e90892c: does not qualify; 1.6 s; peak memory 5986 MiB.
2026-09-27T16:36:03Z INFO [453/746] 1a5e9d6c-f623-419d-9704-37aaf3a3c405: does not qualify; 1.1 s; peak memory 5986 MiB.
2026-09-27T16:36:04Z INFO [454/746] 1a5eebbf-b335-4cec-b640-3c1afe8591f0: does not qualify; 1.1 s; peak memory 5986 MiB.
2026-09-27T16:36:07Z INFO [455/746] 1a5f2576-6ff4-4f97-8b02-b229ecad1b57: does not qualify; 2.5 s; peak memory 5986 MiB.
2026-09-27T16:36:08Z INFO [456/746] 1a5f801d-04b0-4fd8-858b-e9df6c4247fd: does not qualify; 1.3 s; peak memory 5986 MiB.
2026-09-27T16:36:10Z INFO [457/746] 1a5f8b13-412f-4b1e-9ef4-fcf6f88ad2c7: does not qualify; 1.3 s; peak memory 5986 MiB.
2026-09-27T16:36:15Z INFO [458/746] 1a5ff1fb-b043-4f6e-aa16-517d423aba4f: does not qualify; 5.2 s; peak memory 5986 MiB.
2026-09-27T16:36:16Z INFO [459/746] 1a600908-94c5-4bf8-a0d1-6f94c7fdea8e: does not qualify; 1.3 s; peak memory 5986 MiB.
2026-09-27T16:36:18Z INFO [460/746] 1a6198fb-c773-410f-acdb-d6a6893bac1c: does not qualify; 1.7 s; peak memory 5986 MiB.
2026-09-27T16:36:22Z INFO [461/746] 1a61a666-1c4c-42de-b7bd-b4ceb5a3c5eb: does not qualify; 4.8 s; peak memory 5986 MiB.
2026-09-27T16:36:24Z INFO [462/746] 1a623c2f-aae6-42d8-bbc6-29917b39e2e7: does not qualify; 1.5 s; peak memory 5986 MiB.
2026-09-27T16:36:25Z INFO [463/746] 1a63074b-96fc-4ea4-9351-82ee69c2e4ed: does not qualify; 1.2 s; peak memory 5986 MiB.
2026-09-27T16:36:26Z INFO [464/746] 1a63a202-2365-4211-9ad3-3552af1c2faa: does not qualify; 1.3 s; peak memory 5986 MiB.
2026-09-27T16:36:32Z INFO [465/746] 1a640865-984d-4cea-9f67-d05b5a8dbef3: does not qualify; 5.8 s; peak memory 5986 MiB.
2026-09-27T16:36:33Z INFO [466/746] 1a644498-c013-4a05-b67f-4c82d3a033d6: does not qualify; 1.2 s; peak memory 5986 MiB.
2026-09-27T16:36:35Z INFO [467/746] 1a648989-b32f-4af1-8a0e-e413e2da9f71: does not qualify; 1.5 s; peak memory 5986 MiB.
2026-09-27T16:36:40Z INFO [468/746] 1a6586fc-11bc-4754-95f5-5e1af9bd8b29: does not qualify; 5.4 s; peak memory 5986 MiB.
2026-09-27T16:36:41Z INFO [469/746] 1a65f47c-d989-461c-83bf-a98fc34b6c87: does not qualify; 0.8 s; peak memory 5986 MiB.
2026-09-27T16:36:52Z INFO [470/746] 1a66a03d-760f-4af2-b646-4390c9108a12: does not qualify; 10.9 s; peak memory 5986 MiB.
2026-09-27T16:36:53Z INFO [471/746] 1a66cb5b-dc04-4a29-afc3-7e8d5c34855b: does not qualify; 1.1 s; peak memory 5986 MiB.
2026-09-27T16:36:55Z INFO [472/746] 1a66f45e-1823-46e7-81c5-b04be9fc3ea6: does not qualify; 1.4 s; peak memory 5986 MiB.
2026-09-27T16:36:56Z INFO [473/746] 1a66f7f9-352c-47fe-80cf-51c38cfb61ca: does not qualify; 1.1 s; peak memory 5986 MiB.
2026-09-27T16:36:57Z INFO [474/746] 1a67c26e-d56f-49bf-bf82-f3398cf99fa9: does not qualify; 1.2 s; peak memory 5986 MiB.
2026-09-27T16:36:58Z INFO [475/746] 1a688a67-3211-4cd6-9f89-bc3db914ebb7: does not qualify; 1.0 s; peak memory 5986 MiB.
2026-09-27T16:37:01Z INFO [476/746] 1a6a28ff-384e-4f56-871c-6e4ece7b1dab: does not qualify; 3.3 s; peak memory 5986 MiB.
2026-09-27T16:37:02Z INFO [477/746] 1a6aa9a7-04aa-4aeb-a346-5e2058a862cf: does not qualify; 1.2 s; peak memory 5986 MiB.
2026-09-27T16:37:04Z INFO [478/746] 1a6af040-ea7f-4843-8b97-f6acb0a21361: does not qualify; 1.7 s; peak memory 5986 MiB.
2026-09-27T16:37:05Z INFO [479/746] 1a6b34c6-43b2-4cf7-9406-208c7f558d55: does not qualify; 0.8 s; peak memory 5986 MiB.
2026-09-27T16:37:07Z INFO [480/746] 1a6bc50d-3a98-4483-aa22-0bbb81939de6: does not qualify; 2.1 s; peak memory 5986 MiB.
2026-09-27T16:37:08Z INFO [481/746] 1a6c1db7-0da7-4335-b522-d69aed48d4a3: does not qualify; 1.2 s; peak memory 5986 MiB.
2026-09-27T16:37:09Z INFO [482/746] 1a6ce9c3-58c8-4e01-a5e4-fab0ba4de7af: does not qualify; 1.0 s; peak memory 5986 MiB.
2026-09-27T16:37:10Z INFO [483/746] 1a6d3066-c1b1-43b6-a376-b9bbd5bad0bf: does not qualify; 1.4 s; peak memory 5986 MiB.
2026-09-27T16:37:12Z INFO [484/746] 1a6d75d6-0228-4f82-8507-777415cd6283: does not qualify; 1.6 s; peak memory 5986 MiB.
2026-09-27T16:37:19Z INFO [485/746] 1a6d8a73-9093-4fff-a0bf-499758fd98fc: does not qualify; 6.7 s; peak memory 5986 MiB.
2026-09-27T16:37:25Z INFO [486/746] 1a6dbcf1-320f-4b95-a1da-aac34fa6e38c: does not qualify; 6.3 s; peak memory 5986 MiB.
2026-09-27T16:37:26Z INFO [487/746] 1a6dda9a-83dd-46b1-aff3-6c55f7565784: does not qualify; 1.1 s; peak memory 5986 MiB.
2026-09-27T16:37:27Z INFO [488/746] 1a6e5b7b-bfb9-4dc2-8337-efc17cc877a6: does not qualify; 1.0 s; peak memory 5986 MiB.
2026-09-27T16:37:28Z INFO [489/746] 1a6e9f09-e881-493c-93c2-810c3e6ed529: does not qualify; 0.7 s; peak memory 5986 MiB.
2026-09-27T16:37:29Z INFO [490/746] 1a6ec727-031b-4f4c-b1f7-fbdb241f124e: does not qualify; 1.0 s; peak memory 5986 MiB.
2026-09-27T16:37:30Z INFO [491/746] 1a6edd21-1f97-4e77-99f0-efef4e3cd056: does not qualify; 1.4 s; peak memory 5986 MiB.
2026-09-27T16:37:31Z INFO [492/746] 1a6efef3-c0a4-46d0-9b60-d87a4bfa63b2: does not qualify; 1.2 s; peak memory 5986 MiB.
2026-09-27T16:37:32Z INFO [493/746] 1a703bdf-f474-4a55-a4a7-88a136935896: does not qualify; 0.9 s; peak memory 5986 MiB.
2026-09-27T16:37:37Z INFO [494/746] 1a70a0d6-7560-4377-bf16-cdff674a6aef: does not qualify; 4.2 s; peak memory 5986 MiB.
2026-09-27T16:37:38Z INFO [495/746] 1a7120cc-f622-44c5-b0d8-133e53c77d56: does not qualify; 1.2 s; peak memory 5986 MiB.
2026-09-27T16:37:39Z INFO [496/746] 1a71aefa-c542-4d85-af66-6dae1c33ae87: does not qualify; 1.4 s; peak memory 5986 MiB.
2026-09-27T16:37:40Z INFO [497/746] 1a7262be-0112-4b14-8774-ccbf3d13cdba: does not qualify; 1.0 s; peak memory 5986 MiB.
2026-09-27T16:37:41Z INFO [498/746] 1a72892b-bba1-4387-b840-fda390eb32f2: does not qualify; 1.0 s; peak memory 5986 MiB.
2026-09-27T16:37:42Z INFO [499/746] 1a72a949-b260-41cd-96f6-3ec99457b4c2: does not qualify; 1.0 s; peak memory 5986 MiB.
2026-09-27T16:37:43Z INFO [500/746] 1a730c51-4b9e-41c6-9ad6-2df93fce0d10: does not qualify; 1.1 s; peak memory 5986 MiB.
2026-09-27T16:37:43Z INFO [500/746] 1a730c51-4b9e-41c6-9ad6-2df93fce0d10: checkpointed 59617 records.
2026-09-27T16:37:54Z INFO [501/746] 1a7329ba-abef-4bdd-876e-7b6246df3bbd: does not qualify; 10.4 s; peak memory 5986 MiB.
2026-09-27T16:37:55Z INFO [502/746] 1a7335fd-7edc-4771-97dd-2f20663e8d5b: does not qualify; 1.4 s; peak memory 5986 MiB.
2026-09-27T16:37:56Z INFO [503/746] 1a736850-0362-41c3-8c80-3e23766c159f: does not qualify; 1.2 s; peak memory 5986 MiB.
2026-09-27T16:37:58Z INFO [504/746] 1a73719b-4599-455c-bfb2-a5dabad60c59: does not qualify; 1.2 s; peak memory 5986 MiB.
2026-09-27T16:38:00Z INFO [505/746] 1a75151e-07cd-4081-afac-078897f5884e: does not qualify; 2.0 s; peak memory 5986 MiB.
2026-09-27T16:38:02Z INFO [506/746] 1a752824-ade0-41c5-b495-841f24c2c903: does not qualify; 2.9 s; peak memory 5986 MiB.
2026-09-27T16:38:03Z INFO [507/746] 1a755a91-82b2-4068-a788-418095a60c0b: does not qualify; 0.9 s; peak memory 5986 MiB.
2026-09-27T16:38:05Z INFO [508/746] 1a757c00-c535-4cb0-8ebb-79b0fa483ea7: does not qualify; 1.8 s; peak memory 5986 MiB.
2026-09-27T16:38:06Z INFO [509/746] 1a759e30-c4fd-49aa-9a81-ad322b910733: does not qualify; 1.2 s; peak memory 5986 MiB.
2026-09-27T16:38:07Z INFO [510/746] 1a775c31-0f7d-4e85-8341-fb1d56020348: does not qualify; 0.9 s; peak memory 5986 MiB.
2026-09-27T16:38:11Z INFO [511/746] 1a786818-b0f9-47ab-a9bb-05ace1bcb1a4: does not qualify; 3.4 s; peak memory 5986 MiB.
2026-09-27T16:38:13Z INFO [512/746] 1a78b841-7180-4e72-96d2-8c24cec7f25a: does not qualify; 2.2 s; peak memory 5986 MiB.
2026-09-27T16:38:14Z INFO [513/746] 1a78d99d-d639-420c-a08e-f47e41cd5cba: does not qualify; 1.0 s; peak memory 5986 MiB.
2026-09-27T16:38:15Z INFO [514/746] 1a78da67-fdef-4fea-bcb2-11c26adaa0f6: does not qualify; 1.4 s; peak memory 5986 MiB.
2026-09-27T16:38:16Z INFO [515/746] 1a792f12-d26f-4762-bee1-bbcb95e25650: does not qualify; 1.1 s; peak memory 5986 MiB.
2026-09-27T16:38:19Z INFO [516/746] 1a795f3a-eb7c-4082-8302-cc1a953e6dc6: does not qualify; 2.1 s; peak memory 5986 MiB.
2026-09-27T16:38:20Z INFO [517/746] 1a79e032-e37b-4aa0-9150-3cb3d43e888a: does not qualify; 1.3 s; peak memory 5986 MiB.
2026-09-27T16:38:21Z INFO [518/746] 1a7b31e0-e3e6-4c4b-8c3c-488d59b8eba6: does not qualify; 0.9 s; peak memory 5986 MiB.
2026-09-27T16:38:22Z INFO [519/746] 1a7bf50a-6f2a-4a68-bbe8-2d2cfae0e99a: does not qualify; 1.0 s; peak memory 5986 MiB.
2026-09-27T16:38:31Z INFO [520/746] 1a7c4e6f-c0e2-421b-a0d5-38bff6b82694: does not qualify; 8.7 s; peak memory 5986 MiB.
2026-09-27T16:38:31Z INFO [521/746] 1a7ce0e3-090c-4ce4-afbf-bc4548f1dd83: does not qualify; 0.9 s; peak memory 5986 MiB.
2026-09-27T16:38:33Z INFO [522/746] 1a7d4f04-4782-45c3-b786-62b2b7c343a9: does not qualify; 1.6 s; peak memory 5986 MiB.
2026-09-27T16:38:34Z INFO [523/746] 1a7da11f-68e0-4ac6-8c8c-4159b766879c: does not qualify; 1.4 s; peak memory 5986 MiB.
2026-09-27T16:38:35Z INFO [524/746] 1a7dcfc3-5d05-459f-9f47-dddbad712420: does not qualify; 1.0 s; peak memory 5986 MiB.
2026-09-27T16:38:37Z INFO [525/746] 1a7e9365-0b10-4f3c-8ac8-0156cf4f6a2a: does not qualify; 1.6 s; peak memory 5986 MiB.
2026-09-27T16:38:38Z INFO [526/746] 1a7f4420-11eb-4187-b2ec-e51ef995fb19: does not qualify; 1.1 s; peak memory 5986 MiB.
2026-09-27T16:38:40Z INFO [527/746] 1a7fd4ab-24e7-4cbb-9bb4-e48e86324fb5: does not qualify; 1.3 s; peak memory 5986 MiB.
2026-09-27T16:38:41Z INFO [528/746] 1a80bd24-433c-45b1-9010-5cd57fd7cf1e: does not qualify; 1.2 s; peak memory 5986 MiB.
2026-09-27T16:38:42Z INFO [529/746] 1a80d370-5a87-45a9-9985-54063d8390d6: does not qualify; 1.2 s; peak memory 5986 MiB.
2026-09-27T16:38:43Z INFO [530/746] 1a812e2b-78dd-4221-9ed2-204756867ed2: does not qualify; 1.3 s; peak memory 5986 MiB.
2026-09-27T16:38:47Z INFO [531/746] 1a815adb-dce4-426e-995a-f1e9b118f3ae: does not qualify; 3.3 s; peak memory 5986 MiB.
2026-09-27T16:38:53Z INFO [532/746] 1a819156-0004-40ef-8ee6-073af66c3940: does not qualify; 6.6 s; peak memory 5986 MiB.
2026-09-27T16:38:54Z INFO [533/746] 1a819ee3-e6eb-4da3-8a30-2ddfd4f1708b: does not qualify; 0.8 s; peak memory 5986 MiB.
2026-09-27T16:39:02Z INFO [534/746] 1a84706f-af9c-4cd6-9e3c-7ad5ce961571: does not qualify; 7.8 s; peak memory 5986 MiB.
2026-09-27T16:39:03Z INFO [535/746] 1a84a30d-afa2-4805-a2cd-dd1fa12e619f: does not qualify; 1.3 s; peak memory 5986 MiB.
2026-09-27T16:39:05Z INFO [536/746] 1a84e988-536d-401b-b75d-2b09e3c43897: does not qualify; 1.6 s; peak memory 5986 MiB.
2026-09-27T16:39:06Z INFO [537/746] 1a854f54-04d9-448a-af65-d35fd9d86f53: does not qualify; 1.1 s; peak memory 5986 MiB.
2026-09-27T16:39:14Z INFO [538/746] 1a862c6c-b179-4d83-ba29-ba8f9cf536df: does not qualify; 8.4 s; peak memory 5986 MiB.
2026-09-27T16:39:16Z INFO [539/746] 1a864354-0b9d-4955-b61f-86fab5492efe: does not qualify; 1.3 s; peak memory 5986 MiB.
2026-09-27T16:39:22Z INFO [540/746] 1a870d86-7646-4b96-b6b5-b534b08b15d3: does not qualify; 6.3 s; peak memory 5986 MiB.
2026-09-27T16:39:23Z INFO [541/746] 1a88e3af-437b-43c0-b580-029129b3a0bd: does not qualify; 1.2 s; peak memory 5986 MiB.
2026-09-27T16:39:25Z INFO [542/746] 1a89de1c-c5e1-4c90-9eda-854905466abf: does not qualify; 2.0 s; peak memory 5986 MiB.
2026-09-27T16:39:26Z INFO [543/746] 1a8a6937-2eda-48d2-a639-26f682e0ac26: does not qualify; 1.1 s; peak memory 5986 MiB.
2026-09-27T16:39:28Z INFO [544/746] 1a8a7fb4-f15f-4075-b485-8aa729e9e6ed: does not qualify; 2.0 s; peak memory 5986 MiB.
2026-09-27T16:39:29Z INFO [545/746] 1a8ae773-ee8f-4c84-a6a3-dc3293882401: does not qualify; 1.3 s; peak memory 5986 MiB.
2026-09-27T16:39:31Z INFO [546/746] 1a8b0532-1407-4f37-b4dd-eac45e2219d6: does not qualify; 1.3 s; peak memory 5986 MiB.
2026-09-27T16:39:33Z INFO [547/746] 1a8be377-b68c-4bfb-91bb-fe67d0fe9ad3: does not qualify; 2.4 s; peak memory 5986 MiB.
2026-09-27T16:39:40Z INFO [548/746] 1a8bfad5-d71e-4fa7-ad0d-8d6854661105: does not qualify; 6.8 s; peak memory 5986 MiB.
2026-09-27T16:39:42Z INFO [549/746] 1a8c4575-4e0b-4a0d-b5d8-7e01a3f0424f: does not qualify; 2.3 s; peak memory 5986 MiB.
2026-09-27T16:39:44Z INFO [550/746] 1a8c623d-87ca-420f-a665-d67ab029cb82: does not qualify; 1.6 s; peak memory 5986 MiB.
2026-09-27T16:39:44Z INFO [550/746] 1a8c623d-87ca-420f-a665-d67ab029cb82: checkpointed 59667 records.
2026-09-27T16:39:45Z INFO [551/746] 1a8dea56-7b2a-4b10-a382-91d01cdb78af: does not qualify; 1.3 s; peak memory 5986 MiB.
2026-09-27T16:39:46Z INFO [552/746] 1a8feabc-40c0-4fbc-bf21-2bd1bd194364: does not qualify; 1.2 s; peak memory 5986 MiB.
2026-09-27T16:39:48Z INFO [553/746] 1a8fef09-f71b-4a0f-8a16-51e514b9eac2: does not qualify; 1.4 s; peak memory 5986 MiB.
2026-09-27T16:39:50Z INFO [554/746] 1a8ffbb6-4551-4c36-a823-027846bd1f4a: does not qualify; 1.8 s; peak memory 5986 MiB.
2026-09-27T16:39:57Z INFO [555/746] 1a904526-b646-4ab2-8ed0-073637c3a0b5: does not qualify; 7.8 s; peak memory 5986 MiB.
2026-09-27T16:40:03Z INFO [556/746] 1a91460f-b5c4-48bc-a152-c83659cf305b: does not qualify; 5.5 s; peak memory 5986 MiB.
2026-09-27T16:40:06Z INFO [557/746] 1a9304f5-5507-4cd3-97ee-4b4ce433e8ef: does not qualify; 3.0 s; peak memory 5986 MiB.
2026-09-27T16:40:07Z INFO [558/746] 1a930fe5-bebc-4253-9c16-0d3c24d6145f: does not qualify; 1.1 s; peak memory 5986 MiB.
2026-09-27T16:40:08Z INFO [559/746] 1a943d0c-d4e9-4d91-b0c4-a8c5fc29710e: does not qualify; 1.1 s; peak memory 5986 MiB.
2026-09-27T16:40:09Z INFO [560/746] 1a949cd7-b015-4bee-85d1-638353c47741: does not qualify; 1.1 s; peak memory 5986 MiB.
2026-09-27T16:40:12Z INFO [561/746] 1a94b99d-8746-4645-8f88-1d701276f288: does not qualify; 2.9 s; peak memory 5986 MiB.
2026-09-27T16:40:13Z INFO [562/746] 1a94f11b-b01b-4083-9981-30ff39a494d7: does not qualify; 0.9 s; peak memory 5986 MiB.
2026-09-27T16:40:14Z INFO [563/746] 1a9523d9-3293-404b-a4ae-567118e26913: does not qualify; 1.3 s; peak memory 5986 MiB.
2026-09-27T16:40:16Z INFO [564/746] 1a954c3b-4da1-45f0-9712-ba2aa9f4e222: does not qualify; 1.9 s; peak memory 5986 MiB.
2026-09-27T16:40:17Z INFO [565/746] 1a95c421-9bef-4286-b8ca-62ca26619069: does not qualify; 0.9 s; peak memory 5986 MiB.
2026-09-27T16:40:20Z INFO [566/746] 1a95d43e-9ca7-4a95-ab6a-7491a7f26fc2: does not qualify; 2.7 s; peak memory 5986 MiB.
2026-09-27T16:40:22Z INFO [567/746] 1a96464f-5457-4fe1-aaf1-a9a9ce8c917f: does not qualify; 2.4 s; peak memory 5986 MiB.
2026-09-27T16:40:23Z INFO [568/746] 1a967a4e-3076-479e-9279-66c41764edd7: does not qualify; 1.3 s; peak memory 5986 MiB.
2026-09-27T16:40:24Z INFO [569/746] 1a96c1f0-d086-45e3-a3e7-7adc47d0674e: does not qualify; 0.8 s; peak memory 5986 MiB.
2026-09-27T16:40:25Z INFO [570/746] 1a97284e-6193-4875-9aff-9561b5030829: does not qualify; 1.1 s; peak memory 5986 MiB.
2026-09-27T16:40:27Z INFO [571/746] 1a9734e0-6aac-45dc-b7de-6cc104ef727d: does not qualify; 1.3 s; peak memory 5986 MiB.
2026-09-27T16:40:28Z INFO [572/746] 1a9757ba-1016-4a63-b4a7-17e811228cc7: does not qualify; 1.6 s; peak memory 5986 MiB.
2026-09-27T16:40:30Z INFO [573/746] 1a99b695-cc50-4df6-a4aa-cc7d909fad96: does not qualify; 1.9 s; peak memory 5986 MiB.
2026-09-27T16:40:31Z INFO [574/746] 1a9bd777-b7f7-4d35-aa0b-12042635649f: does not qualify; 1.0 s; peak memory 5986 MiB.
2026-09-27T16:40:38Z INFO [575/746] 1a9c0ec9-9fde-4985-a912-db234e2de5c0: does not qualify; 7.0 s; peak memory 5986 MiB.
2026-09-27T16:40:43Z INFO [576/746] 1a9c1aeb-5942-440b-88e3-bd9131d7a1fc: qualifies; 4.5 s; peak memory 5986 MiB.
2026-09-27T16:40:44Z INFO [577/746] 1a9cc441-5ff5-4621-af84-39a049d74bd1: does not qualify; 1.1 s; peak memory 5986 MiB.
2026-09-27T16:40:53Z INFO [578/746] 1a9d3f87-9382-4d55-a217-13ae1e62e16a: does not qualify; 8.8 s; peak memory 5986 MiB.
2026-09-27T16:40:54Z INFO [579/746] 1a9d6ecd-72ef-490a-b7c4-3fdd084d4f51: does not qualify; 1.0 s; peak memory 5986 MiB.
2026-09-27T16:40:59Z INFO [580/746] 1a9e3c28-e4fe-4985-9a09-3ec02187aa5a: does not qualify; 4.8 s; peak memory 5986 MiB.
2026-09-27T16:41:03Z INFO [581/746] 1a9e4d1f-6548-442d-ac76-2e618f5269de: does not qualify; 4.9 s; peak memory 5986 MiB.
2026-09-27T16:41:04Z INFO [582/746] 1a9eea79-d24f-4200-874e-97681506c81e: does not qualify; 1.0 s; peak memory 5986 MiB.
2026-09-27T16:41:06Z INFO [583/746] 1a9f2c06-c65e-4872-b691-230550423c3e: does not qualify; 1.3 s; peak memory 5986 MiB.
2026-09-27T16:41:17Z INFO [584/746] 1a9f3698-060f-4dad-b396-7d30ed177c82: does not qualify; 10.9 s; peak memory 5986 MiB.
2026-09-27T16:41:24Z INFO [585/746] 1a9f9cf3-fed7-4ab8-ad7a-fccf6c8f8fb8: does not qualify; 7.3 s; peak memory 5986 MiB.
2026-09-27T16:41:42Z INFO [586/746] 1a9faf10-3afb-4b1a-93b5-1a01600a024e: qualifies; 18.2 s; peak memory 5986 MiB.
2026-09-27T16:41:44Z INFO [587/746] 1aa07f7f-aa9b-4b1e-a4a1-fc3473f1d345: does not qualify; 2.4 s; peak memory 5986 MiB.
2026-09-27T16:41:46Z INFO [588/746] 1aa108d2-db04-4cd6-b819-a9552787d7fa: does not qualify; 1.5 s; peak memory 5986 MiB.
2026-09-27T16:41:48Z INFO [589/746] 1aa15186-ef2e-4bfc-9f5b-d243460ebf11: does not qualify; 2.1 s; peak memory 5986 MiB.
2026-09-27T16:41:49Z INFO [590/746] 1aa1723e-aae2-474d-a20c-1894a2ea9fc0: does not qualify; 1.2 s; peak memory 5986 MiB.
2026-09-27T16:41:56Z INFO [591/746] 1aa1d8b9-12f5-43a4-9b7b-e29303218a54: does not qualify; 6.2 s; peak memory 5986 MiB.
2026-09-27T16:42:02Z INFO [592/746] 1aa2c151-7b28-4a9d-bef5-c18cbca4e5e4: does not qualify; 6.2 s; peak memory 5986 MiB.
2026-09-27T16:42:03Z INFO [593/746] 1aa2ce07-a33e-42f6-a03d-758bd6caec75: does not qualify; 1.2 s; peak memory 5986 MiB.
2026-09-27T16:42:04Z INFO [594/746] 1aa4d0cb-0cbe-4230-8e30-826a8be0f848: does not qualify; 1.1 s; peak memory 5986 MiB.
2026-09-27T16:42:10Z INFO [595/746] 1aa5716c-06ad-4e6d-99bc-ee691aa73808: does not qualify; 5.9 s; peak memory 5986 MiB.
2026-09-27T16:42:39Z INFO [596/746] 1aa5ab54-297c-4fd0-baa1-4498af46fc85: does not qualify; 29.1 s; peak memory 5986 MiB.
2026-09-27T16:42:41Z INFO [597/746] 1aa5eb4c-b4ee-45ab-a6eb-54ec79b45848: does not qualify; 1.6 s; peak memory 5986 MiB.
2026-09-27T16:42:43Z INFO [598/746] 1aa5ece3-05fd-446b-95fb-c2cdddf6d7c6: does not qualify; 2.3 s; peak memory 5986 MiB.
2026-09-27T16:42:44Z INFO [599/746] 1aa62d61-1f2e-4e36-9923-3c6d46df75c7: does not qualify; 1.6 s; peak memory 5986 MiB.
2026-09-27T16:42:46Z INFO [600/746] 1aa6d39c-e87e-438e-a232-743d0ccb022c: does not qualify; 1.3 s; peak memory 5986 MiB.
2026-09-27T16:42:46Z INFO [600/746] 1aa6d39c-e87e-438e-a232-743d0ccb022c: checkpointed 59717 records.
2026-09-27T16:42:49Z INFO [601/746] 1aa70818-5ee8-43a1-ba88-e7a9634cfb32: does not qualify; 3.1 s; peak memory 5986 MiB.
2026-09-27T16:42:50Z INFO [602/746] 1aa7291c-d860-45e1-8654-d9bbd8c0a5d6: does not qualify; 0.9 s; peak memory 5986 MiB.
2026-09-27T16:42:52Z INFO [603/746] 1aa7efa5-14f9-4dd4-9fca-6d233c937178: does not qualify; 1.8 s; peak memory 5986 MiB.
2026-09-27T16:42:53Z INFO [604/746] 1aa893fe-b316-45b0-817d-2a3baa0582e8: does not qualify; 1.4 s; peak memory 5986 MiB.
2026-09-27T16:42:54Z INFO [605/746] 1aa91853-1f19-4359-97b0-89d0343e58ff: does not qualify; 1.1 s; peak memory 5986 MiB.
2026-09-27T16:42:55Z INFO [606/746] 1aa9f981-69a7-44fa-a410-45775cb3828f: does not qualify; 1.3 s; peak memory 5986 MiB.
2026-09-27T16:43:17Z INFO [607/746] 1aaa4b59-bc9a-428f-b900-2a0e5d92fff0: does not qualify; 22.0 s; peak memory 5986 MiB.
2026-09-27T16:43:20Z INFO [608/746] 1aaa51d2-f76e-4620-b179-f3af2515c011: does not qualify; 2.2 s; peak memory 5986 MiB.
2026-09-27T16:43:21Z INFO [609/746] 1aaaf073-ff95-4964-a48e-327fdcd85b51: does not qualify; 1.4 s; peak memory 5986 MiB.
2026-09-27T16:43:22Z INFO [610/746] 1aab4c3a-f898-4dbe-b69c-7501c30ce04c: does not qualify; 1.0 s; peak memory 5986 MiB.
2026-09-27T16:43:23Z INFO [611/746] 1aab753d-2890-4fb7-aac0-db78c5c28b2d: does not qualify; 1.4 s; peak memory 5986 MiB.
2026-09-27T16:43:25Z INFO [612/746] 1aac03c9-0f51-41c3-a310-930493dfc4ee: does not qualify; 1.4 s; peak memory 5986 MiB.
2026-09-27T16:43:26Z INFO [613/746] 1aac6d91-e5b9-4b8e-877f-75d953e5c18c: does not qualify; 1.4 s; peak memory 5986 MiB.
2026-09-27T16:43:29Z INFO [614/746] 1aadf175-b5bb-486a-8381-8b27a7107690: does not qualify; 2.6 s; peak memory 5986 MiB.
2026-09-27T16:43:31Z INFO [615/746] 1aae1430-09bc-482f-9aa3-97ebaf66fda4: does not qualify; 2.1 s; peak memory 5986 MiB.
2026-09-27T16:43:32Z INFO [616/746] 1aae3638-7d7e-4ff7-9a08-e693044fde03: does not qualify; 1.2 s; peak memory 5986 MiB.
2026-09-27T16:43:34Z INFO [617/746] 1aaf1098-6039-4045-bc89-964fc32d1ef0: does not qualify; 1.7 s; peak memory 5986 MiB.
2026-09-27T16:43:35Z INFO [618/746] 1aafb3a8-2d72-4f40-8a42-9e790339ca31: does not qualify; 1.1 s; peak memory 5986 MiB.
2026-09-27T16:43:36Z INFO [619/746] 1ab0acf3-f54b-4744-9c5c-d96c380e26fe: does not qualify; 1.2 s; peak memory 5986 MiB.
2026-09-27T16:43:47Z INFO [620/746] 1ab125d4-4168-41bb-b008-9276d5d57e5a: does not qualify; 10.6 s; peak memory 5986 MiB.
2026-09-27T16:43:49Z INFO [621/746] 1ab14869-a344-46c1-9fac-b50b6d8613f8: does not qualify; 2.1 s; peak memory 5986 MiB.
2026-09-27T16:43:50Z INFO [622/746] 1ab15baf-7bb8-481b-9cbf-51d26b41637d: does not qualify; 1.3 s; peak memory 5986 MiB.
2026-09-27T16:43:52Z INFO [623/746] 1ab183f3-4d18-4613-93ae-26e8621a284a: does not qualify; 1.7 s; peak memory 5986 MiB.
2026-09-27T16:43:53Z INFO [624/746] 1ab188a6-9f8a-43af-8118-632b934e1cd0: does not qualify; 1.1 s; peak memory 5986 MiB.
2026-09-27T16:43:54Z INFO [625/746] 1ab20222-02c9-4578-aeb0-2520013f71dc: does not qualify; 1.0 s; peak memory 5986 MiB.
2026-09-27T16:43:55Z INFO [626/746] 1ab286c9-0509-4ed1-bfa8-5c01b01a4b4b: does not qualify; 0.9 s; peak memory 5986 MiB.
2026-09-27T16:43:56Z INFO [627/746] 1ab2cd63-7109-4a49-8f97-9c4bb6c59d0a: does not qualify; 1.2 s; peak memory 5986 MiB.
2026-09-27T16:43:58Z INFO [628/746] 1ab3b99f-073a-4b11-b58c-892098ecc22c: does not qualify; 1.6 s; peak memory 5986 MiB.
2026-09-27T16:44:07Z INFO [629/746] 1ab3ce70-e72a-4369-81d3-bf34639f34e6: does not qualify; 9.1 s; peak memory 5986 MiB.
2026-09-27T16:44:08Z INFO [630/746] 1ab3dcee-25b7-4592-8e2c-a0af0f8a3152: does not qualify; 1.5 s; peak memory 5986 MiB.
2026-09-27T16:44:09Z INFO [631/746] 1ab40da5-a909-42ae-8018-ef715365bc07: does not qualify; 1.0 s; peak memory 5986 MiB.
2026-09-27T16:44:11Z INFO [632/746] 1ab43b51-0c72-4962-8919-4ff18989e0f8: does not qualify; 1.5 s; peak memory 5986 MiB.
2026-09-27T16:44:20Z INFO [633/746] 1ab43b6f-786a-4793-b1c4-f0aeba5d1d2a: does not qualify; 8.9 s; peak memory 5986 MiB.
2026-09-27T16:44:21Z INFO [634/746] 1ab47d1e-fe17-4795-95b7-a1983b3ac054: does not qualify; 1.1 s; peak memory 5986 MiB.
2026-09-27T16:44:23Z INFO [635/746] 1ab4ec74-7698-4030-82cb-a0cd311bbb7d: does not qualify; 1.8 s; peak memory 5986 MiB.
2026-09-27T16:44:29Z INFO [636/746] 1ab6310a-7c8f-426a-a212-4e4a242cc97a: does not qualify; 6.4 s; peak memory 5986 MiB.
2026-09-27T16:44:30Z INFO [637/746] 1ab6f354-50a1-4f96-903b-8f1ee3b204cf: does not qualify; 0.9 s; peak memory 5986 MiB.
2026-09-27T16:44:31Z INFO [638/746] 1ab8761f-2188-4d9a-9bed-ccd88ff28a2e: does not qualify; 0.9 s; peak memory 5986 MiB.
2026-09-27T16:44:32Z INFO [639/746] 1ab87d9d-e193-4736-8bb2-6c66300c0b12: does not qualify; 1.7 s; peak memory 5986 MiB.
2026-09-27T16:44:34Z INFO [640/746] 1ab8b45e-0108-425b-a8fe-2ece892baa3d: does not qualify; 1.5 s; peak memory 5986 MiB.
2026-09-27T16:44:38Z INFO [641/746] 1ab8c45f-8feb-4336-80a2-56accf70fa44: does not qualify; 4.3 s; peak memory 5986 MiB.
2026-09-27T16:44:45Z INFO [642/746] 1ab8e7a4-07f9-4ac8-b274-a79c98e4f1b1: does not qualify; 6.6 s; peak memory 5986 MiB.
2026-09-27T16:44:46Z INFO [643/746] 1ab8f0f9-d0c6-48dc-9b32-71f4d9d2b20c: does not qualify; 1.0 s; peak memory 5986 MiB.
2026-09-27T16:44:47Z INFO [644/746] 1ab902a6-a400-4b2e-9dc9-50b9e803382d: does not qualify; 0.9 s; peak memory 5986 MiB.
2026-09-27T16:44:48Z INFO [645/746] 1ab91ba9-53fd-4464-a486-1eae028ecec9: does not qualify; 1.2 s; peak memory 5986 MiB.
2026-09-27T16:44:50Z INFO [646/746] 1ab922b3-0339-4a72-a300-f3ed00608336: does not qualify; 1.7 s; peak memory 5986 MiB.
2026-09-27T16:44:51Z INFO [647/746] 1ab9d893-2de2-473d-8402-1e6abf912c98: does not qualify; 1.6 s; peak memory 5986 MiB.
2026-09-27T16:44:52Z INFO [648/746] 1aba85c4-7764-45e6-8ecf-a0034bf7f71b: does not qualify; 1.1 s; peak memory 5986 MiB.
2026-09-27T16:44:53Z INFO [649/746] 1abb007b-4b6e-456f-a25f-34b10905f7bf: does not qualify; 1.0 s; peak memory 5986 MiB.
2026-09-27T16:45:01Z INFO [650/746] 1abb314a-1809-4d1d-89bd-c1e63dcf76c4: does not qualify; 7.4 s; peak memory 5986 MiB.
2026-09-27T16:45:01Z INFO [650/746] 1abb314a-1809-4d1d-89bd-c1e63dcf76c4: checkpointed 59767 records.
2026-09-27T16:45:09Z INFO [651/746] 1abce1ea-2bcb-4e8c-8591-da0f52768e00: does not qualify; 8.2 s; peak memory 5986 MiB.
2026-09-27T16:45:11Z INFO [652/746] 1abd114d-1b9d-459b-9772-5544e079f99f: does not qualify; 1.3 s; peak memory 5986 MiB.
2026-09-27T16:45:13Z INFO [653/746] 1abd250c-2ec8-40b0-b886-2a8b70f6f559: does not qualify; 2.8 s; peak memory 5986 MiB.
2026-09-27T16:45:14Z INFO [654/746] 1abe2e7b-d237-4d65-9235-3f46545453dd: does not qualify; 1.1 s; peak memory 5986 MiB.
2026-09-27T16:45:16Z INFO [655/746] 1abef5dd-30f1-4291-91ef-07c95b8e0720: does not qualify; 2.0 s; peak memory 5986 MiB.
2026-09-27T16:45:18Z INFO [656/746] 1abf2373-0d8a-46a1-9b98-1cccc21b94be: does not qualify; 1.4 s; peak memory 5986 MiB.
2026-09-27T16:45:20Z INFO [657/746] 1ac0c746-5ee4-430c-b9a9-a62998e8ef44: does not qualify; 2.6 s; peak memory 5986 MiB.
2026-09-27T16:45:22Z INFO [658/746] 1ac175b0-0b20-4288-bbcc-67178d6e8e8f: does not qualify; 1.2 s; peak memory 5986 MiB.
2026-09-27T16:45:23Z INFO [659/746] 1ac1a33f-6331-467c-b1c9-30085bb8bf5b: does not qualify; 1.1 s; peak memory 5986 MiB.
2026-09-27T16:45:24Z INFO [660/746] 1ac2824a-7606-48c5-9174-584fd0e9ba4b: does not qualify; 1.3 s; peak memory 5986 MiB.
2026-09-27T16:45:25Z INFO [661/746] 1ac2e6f3-0e20-47b7-a616-ecf4388125a5: does not qualify; 0.8 s; peak memory 5986 MiB.
2026-09-27T16:45:26Z INFO [662/746] 1ac31990-0e4c-46ee-b7da-4702db614d5e: does not qualify; 0.8 s; peak memory 5986 MiB.
2026-09-27T16:45:27Z INFO [663/746] 1ac451c2-3835-430b-b84f-492175c830a1: does not qualify; 0.9 s; peak memory 5986 MiB.
2026-09-27T16:45:28Z INFO [664/746] 1ac4e6e6-1f45-4965-ab77-cfc8bd58eb34: does not qualify; 1.3 s; peak memory 5986 MiB.
2026-09-27T16:45:29Z INFO [665/746] 1ac5181a-a49e-4ede-92aa-d23aaf55d698: does not qualify; 1.1 s; peak memory 5986 MiB.
2026-09-27T16:45:31Z INFO [666/746] 1ac5382b-f3cd-400d-bbea-2f7baa1a4c95: does not qualify; 1.9 s; peak memory 5986 MiB.
2026-09-27T16:45:32Z INFO [667/746] 1ac59de5-ecfa-4135-8826-4cee6724accd: does not qualify; 1.1 s; peak memory 5986 MiB.
2026-09-27T16:45:33Z INFO [668/746] 1ac5c087-b2bc-4a4f-a49a-6f882e8abe30: does not qualify; 1.4 s; peak memory 5986 MiB.
2026-09-27T16:45:35Z INFO [669/746] 1ac5c37e-e6c7-4683-9cbc-0f2a803c951b: does not qualify; 2.1 s; peak memory 5986 MiB.
2026-09-27T16:45:38Z INFO [670/746] 1ac62437-aece-423d-bfa5-b8e8a3f10314: does not qualify; 2.7 s; peak memory 5986 MiB.
2026-09-27T16:45:41Z INFO [671/746] 1ac64fb3-972d-4be0-b562-809fbd8f016a: does not qualify; 2.4 s; peak memory 5986 MiB.
2026-09-27T16:45:42Z INFO [672/746] 1ac70d56-620c-48b6-ba9d-66b237d764fe: does not qualify; 1.1 s; peak memory 5986 MiB.
2026-09-27T16:45:43Z INFO [673/746] 1ac7cc75-d501-4c2f-b8a7-b532d22602e9: does not qualify; 1.1 s; peak memory 5986 MiB.
2026-09-27T16:45:44Z INFO [674/746] 1ac84a25-597c-40f1-b836-c8dcdca77e60: does not qualify; 1.3 s; peak memory 5986 MiB.
2026-09-27T16:45:45Z INFO [675/746] 1ac902f7-a213-445e-bb96-6ffd892a8df7: does not qualify; 1.3 s; peak memory 5986 MiB.
2026-09-27T16:45:51Z INFO [676/746] 1ac910e0-4324-4b51-a626-64613875d421: does not qualify; 6.0 s; peak memory 5986 MiB.
2026-09-27T16:45:53Z INFO [677/746] 1acae683-709c-4edc-8168-21adfffc735f: does not qualify; 1.9 s; peak memory 5986 MiB.
2026-09-27T16:45:54Z INFO [678/746] 1acb732f-e28d-4995-894c-2ad9789f4ca4: does not qualify; 0.9 s; peak memory 5986 MiB.
2026-09-27T16:45:57Z INFO [679/746] 1acc3bb2-3b5e-4c8a-9134-99580cb51e0d: does not qualify; 2.7 s; peak memory 5986 MiB.
2026-09-27T16:45:58Z INFO [680/746] 1acc41cb-f72c-43fc-a25e-efa98c6ba4a9: does not qualify; 1.3 s; peak memory 5986 MiB.
2026-09-27T16:46:01Z INFO [681/746] 1acc4ec0-00ad-4618-9083-2a471650c843: does not qualify; 2.6 s; peak memory 5986 MiB.
2026-09-27T16:46:02Z INFO [682/746] 1acc8a9c-3ec0-40f5-bc97-65cbb6f90598: does not qualify; 1.6 s; peak memory 5986 MiB.
2026-09-27T16:46:03Z INFO [683/746] 1acc9ea0-8c86-462f-988a-df0ad96443f3: does not qualify; 1.0 s; peak memory 5986 MiB.
2026-09-27T16:46:06Z INFO [684/746] 1accd3f7-44cb-4e53-84e5-632450040893: does not qualify; 2.5 s; peak memory 5986 MiB.
2026-09-27T16:46:18Z INFO [685/746] 1acd3083-aed9-4095-a71a-9dd68ee0e2c5: does not qualify; 12.3 s; peak memory 5986 MiB.
2026-09-27T16:46:21Z INFO [686/746] 1acd5d12-e0df-4072-b860-3baad8563585: does not qualify; 2.6 s; peak memory 5986 MiB.
2026-09-27T16:46:22Z INFO [687/746] 1acd7ea8-fbe8-4932-81bf-2f46dc981cb2: does not qualify; 1.3 s; peak memory 5986 MiB.
2026-09-27T16:46:24Z INFO [688/746] 1acdeac7-4d8a-44ef-99b9-046526bb4d0f: does not qualify; 2.4 s; peak memory 5986 MiB.
2026-09-27T16:46:26Z INFO [689/746] 1aced164-4c8d-4eaf-b634-e8faec8d614e: does not qualify; 1.3 s; peak memory 5986 MiB.
2026-09-27T16:46:31Z INFO [690/746] 1acf5ce0-510a-47df-85c5-92c33d70cef7: does not qualify; 5.6 s; peak memory 5986 MiB.
2026-09-27T16:46:33Z INFO [691/746] 1ad03905-7201-4e76-9884-7769cea385f2: does not qualify; 1.7 s; peak memory 5986 MiB.
2026-09-27T16:46:35Z INFO [692/746] 1ad11611-4d2b-4191-879d-5be7f02dfe53: does not qualify; 1.5 s; peak memory 5986 MiB.
2026-09-27T16:46:36Z INFO [693/746] 1ad19f47-3316-46ab-8467-10ede0cb0083: does not qualify; 1.1 s; peak memory 5986 MiB.
2026-09-27T16:46:37Z INFO [694/746] 1ad1a331-3665-4edc-94f0-8587a5318d68: does not qualify; 1.5 s; peak memory 5986 MiB.
2026-09-27T16:46:38Z INFO [695/746] 1ad365bf-ed26-4b3a-b347-fa6f82e57f46: does not qualify; 1.3 s; peak memory 5986 MiB.
2026-09-27T16:46:40Z INFO [696/746] 1ad36f9e-31dc-4784-a4b9-5a8cdf23c07e: does not qualify; 2.0 s; peak memory 5986 MiB.
2026-09-27T16:46:42Z INFO [697/746] 1ad3817b-fd01-45aa-8563-b6e9cb5803ae: does not qualify; 1.2 s; peak memory 5986 MiB.
2026-09-27T16:46:43Z INFO [698/746] 1ad5db85-25aa-4149-92a6-c029db6a7a82: does not qualify; 1.3 s; peak memory 5986 MiB.
2026-09-27T16:46:53Z INFO [699/746] 1ad5fc75-66d2-431b-a060-89308e7fe7a6: does not qualify; 9.9 s; peak memory 5986 MiB.
2026-09-27T16:46:54Z INFO [700/746] 1ad696df-7123-446f-b95a-5378d5efab30: does not qualify; 1.1 s; peak memory 5986 MiB.
2026-09-27T16:46:54Z INFO [700/746] 1ad696df-7123-446f-b95a-5378d5efab30: checkpointed 59817 records.
2026-09-27T16:46:55Z INFO [701/746] 1ad6e927-e148-4267-98cb-e60388a696d3: does not qualify; 1.1 s; peak memory 5986 MiB.
2026-09-27T16:46:56Z INFO [702/746] 1ad76574-154c-4ace-b794-af205c405ad5: does not qualify; 1.0 s; peak memory 5986 MiB.
2026-09-27T16:46:58Z INFO [703/746] 1ad936a8-4a4d-485b-8965-a99717639cce: does not qualify; 1.6 s; peak memory 5986 MiB.
2026-09-27T16:47:02Z INFO [704/746] 1ad97a47-e2b0-437c-a502-8deba9b6afdc: does not qualify; 4.0 s; peak memory 5986 MiB.
2026-09-27T16:47:04Z INFO [705/746] 1ad99250-4547-4e57-afb7-de13e8aadc2c: does not qualify; 2.4 s; peak memory 5986 MiB.
2026-09-27T16:47:05Z INFO [706/746] 1ada05ec-c36a-4b85-a516-37ee6361087b: does not qualify; 1.0 s; peak memory 5986 MiB.
2026-09-27T16:47:07Z INFO [707/746] 1ada194a-ec3a-408f-b3d1-a59caa9a11fe: does not qualify; 1.9 s; peak memory 5986 MiB.
2026-09-27T16:47:11Z INFO [708/746] 1ada4d2f-61ab-4f92-a451-51b4db2eac04: does not qualify; 3.5 s; peak memory 5986 MiB.
2026-09-27T16:47:13Z INFO [709/746] 1ada8931-c28a-49d0-aef1-6847e90cc64b: does not qualify; 2.2 s; peak memory 5986 MiB.
2026-09-27T16:47:15Z INFO [710/746] 1add8476-c724-49ec-b992-a4c469f99165: does not qualify; 1.7 s; peak memory 5986 MiB.
2026-09-27T16:47:19Z INFO [711/746] 1addccfd-5998-448b-ad6f-e20b0db68347: qualifies; 4.5 s; peak memory 5986 MiB.
2026-09-27T16:47:25Z INFO [712/746] 1ade10a9-7412-4247-a78b-3b5ce90af404: does not qualify; 6.1 s; peak memory 5986 MiB.
2026-09-27T16:47:26Z INFO [713/746] 1adfcc29-12e1-41fb-97c7-243976d777e0: does not qualify; 1.2 s; peak memory 5986 MiB.
2026-09-27T16:47:28Z INFO [714/746] 1ae0636c-5ed0-4edf-9099-a6825e89ec33: does not qualify; 1.3 s; peak memory 5986 MiB.
2026-09-27T16:47:29Z INFO [715/746] 1ae069b5-8fed-47e5-bafb-7b1e17e721ce: does not qualify; 1.5 s; peak memory 5986 MiB.
2026-09-27T16:47:32Z INFO [716/746] 1ae174da-0eb4-4319-9af2-56769d99450c: does not qualify; 3.1 s; peak memory 5986 MiB.
2026-09-27T16:47:34Z INFO [717/746] 1ae22d6f-ca45-4c3f-acc5-61a2b62a8797: does not qualify; 2.0 s; peak memory 5986 MiB.
2026-09-27T16:47:35Z INFO [718/746] 1ae37eee-8146-4bcf-b1aa-dea9477d8d33: does not qualify; 0.8 s; peak memory 5986 MiB.
2026-09-27T16:47:36Z INFO [719/746] 1ae3d62d-3a6f-4d35-98a8-64eac34844ab: does not qualify; 0.9 s; peak memory 5986 MiB.
2026-09-27T16:47:37Z INFO [720/746] 1ae573f2-ce83-46c0-9528-ec68f4bca39b: does not qualify; 1.1 s; peak memory 5986 MiB.
2026-09-27T16:47:38Z INFO [721/746] 1ae5983a-836f-4c39-aaa0-2b7e2e6c33e7: does not qualify; 1.1 s; peak memory 5986 MiB.
2026-09-27T16:47:39Z INFO [722/746] 1ae5c225-c7f8-46c8-bd81-0d3c14365660: does not qualify; 1.1 s; peak memory 5986 MiB.
2026-09-27T16:47:47Z INFO [723/746] 1ae651b8-f578-4a46-b3e8-e6d1aaa02cfc: does not qualify; 7.6 s; peak memory 5986 MiB.
2026-09-27T16:47:49Z INFO [724/746] 1ae6a430-bcb3-4f3b-93dc-8a47b2a888da: does not qualify; 2.4 s; peak memory 5986 MiB.
2026-09-27T16:47:50Z INFO [725/746] 1ae708da-b7bb-42a1-9ad0-d90a87541b31: does not qualify; 1.1 s; peak memory 5986 MiB.
2026-09-27T16:47:52Z INFO [726/746] 1ae82cc3-36e2-4bfd-9b3e-b72f74797821: does not qualify; 1.6 s; peak memory 5986 MiB.
2026-09-27T16:47:53Z INFO [727/746] 1ae835c1-c739-4201-8e5e-7128a049d467: does not qualify; 1.3 s; peak memory 5986 MiB.
2026-09-27T16:47:54Z INFO [728/746] 1ae8dea0-4cb2-44ba-97b8-a566d7ee8dc2: does not qualify; 1.0 s; peak memory 5986 MiB.
2026-09-27T16:47:55Z INFO [729/746] 1aea5495-1f47-459b-bbf9-33b9422ce59a: does not qualify; 1.2 s; peak memory 5986 MiB.
2026-09-27T16:47:57Z INFO [730/746] 1aea7e13-db7b-42aa-925e-5b28a4f658e6: does not qualify; 1.3 s; peak memory 5986 MiB.
2026-09-27T16:47:58Z INFO [731/746] 1aeaf6d2-f7cd-474a-aa96-593b481b37fd: does not qualify; 1.4 s; peak memory 5986 MiB.
2026-09-27T16:47:59Z INFO [732/746] 1aeb2762-9973-4fbb-8a37-e8a71973cbe1: does not qualify; 1.3 s; peak memory 5986 MiB.
2026-09-27T16:48:01Z INFO [733/746] 1aebdd0f-8824-4822-81c6-6465015b382e: does not qualify; 1.3 s; peak memory 5986 MiB.
2026-09-27T16:48:02Z INFO [734/746] 1aeda96b-e8b4-4836-bb11-a40307f3c3a0: does not qualify; 1.6 s; peak memory 5986 MiB.
2026-09-27T16:48:05Z INFO [735/746] 1aee2d05-398e-437e-bb11-ab3ef1d9b377: does not qualify; 2.8 s; peak memory 5986 MiB.
2026-09-27T16:48:06Z INFO [736/746] 1aee7ae3-b54a-4c79-a6df-e97b22788104: does not qualify; 1.2 s; peak memory 5986 MiB.
2026-09-27T16:48:07Z INFO [737/746] 1aeebbac-d4ff-41a6-8971-996836a143cc: does not qualify; 1.3 s; peak memory 5986 MiB.
2026-09-27T16:48:09Z INFO [738/746] 1aef8651-97e9-4750-85c1-fb26cdb049f7: does not qualify; 1.6 s; peak memory 5986 MiB.
2026-09-27T16:48:11Z INFO [739/746] 1aef87ee-f609-4c69-a65c-65d469807e41: does not qualify; 1.9 s; peak memory 5986 MiB.
2026-09-27T16:48:12Z INFO [740/746] 1af00bf0-ceed-443d-9cdb-438eee4a3fa9: does not qualify; 1.0 s; peak memory 5986 MiB.
2026-09-27T16:48:14Z INFO [741/746] 1af081c9-7450-43a3-afc7-da16ece16791: does not qualify; 2.3 s; peak memory 5986 MiB.
2026-09-27T16:48:16Z INFO [742/746] 1af090b7-5add-497a-a4b6-5fc8c2d6e02e: does not qualify; 1.4 s; peak memory 5986 MiB.
2026-09-27T16:48:17Z INFO [743/746] 1af1158f-191e-4f92-9dde-5eb4bbd2e685: does not qualify; 1.0 s; peak memory 5986 MiB.
2026-09-27T16:48:18Z INFO [744/746] 1af17e19-3ecf-4ebc-ab2b-c0d5d10a6613: does not qualify; 1.3 s; peak memory 5986 MiB.
2026-09-27T16:48:23Z INFO [745/746] 1af1f296-6c91-4a69-aa66-1c80153311ce: does not qualify; 4.7 s; peak memory 5986 MiB.
2026-09-27T16:48:26Z INFO [746/746] 1af209e1-d3d8-4d49-b850-f628f39ebe61: does not qualify; 2.9 s; peak memory 5986 MiB.
2026-09-27T16:48:26Z INFO Wrote 59863 records to /tmp/derivatives/qualifying_lfp_content_ids.jsonl (746 new, 0 failed) in 32.3 min (peak memory 5986 MiB).
