2026-10-10T23:38:05Z INFO Logging to /tmp/logs/update_2026-10-10T23-38-05Z.log.
2026-10-10T23:38:05Z INFO Update qualifying-lfp-content-ids (base directory /tmp).
2026-10-10T23:38:07Z INFO Processing 729 items (131392 already recorded).
2026-10-10T23:38:09Z INFO [1/729] 4f6e3abe-1976-45d6-862c-957be3f0c387: does not qualify; 1.8 s; peak memory 249 MiB.
2026-10-10T23:38:10Z INFO [2/729] d4e7db0e-1223-4468-a6a4-7054e53585a1: does not qualify; 1.1 s; peak memory 249 MiB.
2026-10-10T23:38:12Z INFO [3/729] d4e7ea16-25a4-4d52-9f2e-ef6264fcc091: does not qualify; 1.7 s; peak memory 251 MiB.
2026-10-10T23:38:13Z INFO [4/729] d4e91a73-debb-46c8-9ff7-6e11d71f023c: does not qualify; 0.9 s; peak memory 251 MiB.
2026-10-10T23:38:14Z INFO [5/729] d4e98ade-d08e-493f-a054-d854a2703015: does not qualify; 1.7 s; peak memory 251 MiB.
2026-10-10T23:38:16Z INFO [6/729] d4eb9b0a-785b-419d-9cb6-4ea6d4da2484: does not qualify; 1.3 s; peak memory 251 MiB.
2026-10-10T23:38:17Z INFO [7/729] d4ebf9b3-817c-4f74-ac55-d8a2463632bc: does not qualify; 1.1 s; peak memory 251 MiB.
2026-10-10T23:38:19Z INFO [8/729] d4ec6287-305e-4852-b9fc-d79da7f21055: does not qualify; 2.0 s; peak memory 253 MiB.
2026-10-10T23:38:20Z INFO [9/729] d4ed27ea-1817-4de2-8dd1-10393cb7f7a8: does not qualify; 1.3 s; peak memory 253 MiB.
2026-10-10T23:38:21Z INFO [10/729] d4ef7ba8-f6b1-465f-b51e-4ba9591eb8f5: does not qualify; 1.0 s; peak memory 253 MiB.
2026-10-10T23:38:22Z INFO [11/729] d4f0516c-32a2-4fc6-aa4a-33fdce1bb42b: does not qualify; 0.8 s; peak memory 253 MiB.
2026-10-10T23:38:26Z INFO [12/729] d4f281f0-cabb-4001-9718-d88f1a5329aa: does not qualify; 4.1 s; peak memory 257 MiB.
2026-10-10T23:38:27Z INFO [13/729] d4f2a6f5-06c5-4228-bba2-b9b36b1d2153: does not qualify; 0.7 s; peak memory 257 MiB.
2026-10-10T23:38:32Z INFO [14/729] d4f3229e-d908-488c-95f7-6eda4cb346ea: does not qualify; 5.6 s; peak memory 275 MiB.
2026-10-10T23:38:33Z INFO [15/729] d4f346cf-325c-4a99-b324-05f50e1f545c: does not qualify; 0.9 s; peak memory 275 MiB.
2026-10-10T23:38:34Z INFO [16/729] d4f39c4d-e164-4973-ac95-590f533bfbeb: does not qualify; 0.9 s; peak memory 275 MiB.
2026-10-10T23:38:35Z INFO [17/729] d4f3d5cb-0713-4994-b4fe-15d3b2ea8f19: does not qualify; 1.0 s; peak memory 275 MiB.
2026-10-10T23:38:36Z INFO [18/729] d4f49eea-0324-4faa-a2f7-1caa457367a9: does not qualify; 0.9 s; peak memory 275 MiB.
2026-10-10T23:38:42Z INFO [19/729] d4f4a36b-1733-4884-ac03-e797e95fc32e: does not qualify; 5.6 s; peak memory 275 MiB.
2026-10-10T23:38:42Z INFO [20/729] d4f50c18-aff8-4612-83ca-5c3f77ab9564: does not qualify; 0.9 s; peak memory 275 MiB.
2026-10-10T23:38:43Z INFO [21/729] d4f54475-0a55-4325-b61f-1440259d0c47: does not qualify; 0.9 s; peak memory 275 MiB.
2026-10-10T23:38:49Z INFO [22/729] d4f5c783-4dab-4496-a30a-6af55a13387e: does not qualify; 6.1 s; peak memory 276 MiB.
2026-10-10T23:38:51Z INFO [23/729] d4f67865-ab1f-400d-8813-eb5f38f8021e: does not qualify; 1.2 s; peak memory 276 MiB.
2026-10-10T23:38:52Z INFO [24/729] d4f77da2-cb49-4ec7-b2ff-1fd0848244ae: does not qualify; 1.2 s; peak memory 276 MiB.
2026-10-10T23:38:57Z INFO [25/729] d4f7d9b8-e8a8-400a-b6af-6cdcfc9f75d3: does not qualify; 4.8 s; peak memory 276 MiB.
2026-10-10T23:38:59Z INFO [26/729] d4f953d5-420a-4a0c-b2cc-c3b54e52dddd: does not qualify; 2.2 s; peak memory 276 MiB.
2026-10-10T23:39:00Z INFO [27/729] d4f954d5-deeb-4773-b869-9a1b1e10e5c9: does not qualify; 1.2 s; peak memory 276 MiB.
2026-10-10T23:39:01Z INFO [28/729] d4faa757-d4d9-4f3f-92b4-f14ddd95a8a7: does not qualify; 1.4 s; peak memory 276 MiB.
2026-10-10T23:39:04Z INFO [29/729] d4faaf0a-806c-4ac5-a700-c88b5558122d: does not qualify; 2.4 s; peak memory 276 MiB.
2026-10-10T23:39:05Z INFO [30/729] d4fafcc3-7778-466a-a3f9-d9319a4397d4: does not qualify; 1.2 s; peak memory 276 MiB.
2026-10-10T23:39:06Z INFO [31/729] d4fb81c7-21d7-4537-b65b-b261a0bac978: does not qualify; 1.0 s; peak memory 276 MiB.
2026-10-10T23:39:07Z INFO [32/729] d4fbbe64-9d67-4278-a830-464b8ef8b08c: does not qualify; 1.5 s; peak memory 276 MiB.
2026-10-10T23:39:10Z INFO [33/729] d4fd10d6-f4d5-4872-9885-1e380e07350a: qualifies; 2.2 s; peak memory 277 MiB.
2026-10-10T23:39:11Z INFO [34/729] d4fd2bc5-7493-4d65-ada9-9476a4435efb: does not qualify; 1.7 s; peak memory 277 MiB.
2026-10-10T23:39:13Z INFO [35/729] d4fde89d-c40e-4605-8b86-9f0e720320f1: does not qualify; 1.5 s; peak memory 277 MiB.
2026-10-10T23:39:15Z INFO [36/729] d4fe4745-e96b-44ca-a54d-601fa5cc5b1d: qualifies; 2.1 s; peak memory 277 MiB.
2026-10-10T23:39:16Z INFO [37/729] d4fe4ede-3146-4295-89d6-59dc2a3266c8: does not qualify; 1.1 s; peak memory 277 MiB.
2026-10-10T23:39:17Z INFO [38/729] d4fee115-fa4a-41af-b2be-ea0f026f9a98: does not qualify; 0.9 s; peak memory 277 MiB.
2026-10-10T23:39:18Z INFO [39/729] d4ff141f-80a3-4cc5-8cc0-d5d748ad5848: does not qualify; 1.1 s; peak memory 277 MiB.
2026-10-10T23:39:19Z INFO [40/729] d4ff2712-548b-403c-8a99-ef9d9701985a: does not qualify; 0.9 s; peak memory 277 MiB.
2026-10-10T23:39:20Z INFO [41/729] d4ff3bbe-276d-4dde-beb7-bb96141b6fd8: does not qualify; 1.0 s; peak memory 277 MiB.
2026-10-10T23:39:21Z INFO [42/729] d4ff4e2b-c8eb-468d-862e-5d9f229de305: does not qualify; 1.1 s; peak memory 277 MiB.
2026-10-10T23:39:23Z INFO [43/729] d4ffa969-4514-47d0-b38f-5fb9a952b017: does not qualify; 1.3 s; peak memory 277 MiB.
2026-10-10T23:39:24Z INFO [44/729] d4fff5b8-19d1-4811-927d-b00d363e35a5: does not qualify; 1.0 s; peak memory 277 MiB.
2026-10-10T23:39:24Z INFO [45/729] d5021760-4cda-46d7-bb4b-8789a14b26d0: does not qualify; 0.9 s; peak memory 277 MiB.
2026-10-10T23:39:26Z INFO [46/729] d503755e-7800-4358-8589-ad107de53114: does not qualify; 1.8 s; peak memory 277 MiB.
2026-10-10T23:39:28Z INFO [47/729] d5037604-54cd-4671-b020-b3df50dc2a8a: does not qualify; 1.5 s; peak memory 277 MiB.
2026-10-10T23:39:29Z INFO [48/729] d503878e-4585-4515-aa22-254f3a3fe2b9: does not qualify; 0.8 s; peak memory 277 MiB.
2026-10-10T23:39:30Z INFO [49/729] d503ec54-b6a4-4942-9f8c-e17ebe7970a1: does not qualify; 1.6 s; peak memory 277 MiB.
2026-10-10T23:39:38Z INFO [50/729] d5040726-2902-4673-a806-3b286b46bc2c: does not qualify; 7.5 s; peak memory 277 MiB.
2026-10-10T23:39:38Z INFO [50/729] d5040726-2902-4673-a806-3b286b46bc2c: checkpointed 131442 new records.
2026-10-10T23:39:39Z INFO [51/729] d5045218-ae54-475b-9857-344d32a96e65: does not qualify; 1.3 s; peak memory 277 MiB.
2026-10-10T23:39:41Z INFO [52/729] d5054099-687a-4fca-a491-07c0008aa297: does not qualify; 1.6 s; peak memory 277 MiB.
2026-10-10T23:39:42Z INFO [53/729] d507037e-4599-4177-bcd4-7d936700dd76: does not qualify; 1.0 s; peak memory 277 MiB.
2026-10-10T23:39:44Z INFO [54/729] d5071fb9-9db5-4aa2-bf71-365a115abba9: does not qualify; 2.4 s; peak memory 277 MiB.
2026-10-10T23:39:45Z INFO [55/729] d50761d2-f4f7-49c8-ac74-eea93b3506e9: does not qualify; 0.9 s; peak memory 277 MiB.
2026-10-10T23:39:46Z INFO [56/729] d507968f-7c4d-44bc-928b-8adffdcf87b2: does not qualify; 0.8 s; peak memory 277 MiB.
2026-10-10T23:39:47Z INFO [57/729] d5084824-ff5f-4946-90df-6dce65e0008e: does not qualify; 1.1 s; peak memory 277 MiB.
2026-10-10T23:39:52Z INFO [58/729] d50861e3-4dc7-48e6-803d-68f3bcadfd71: does not qualify; 4.8 s; peak memory 622 MiB.
2026-10-10T23:39:53Z INFO [59/729] d50868c0-fde6-42ec-bb83-c7c919826d4c: does not qualify; 0.9 s; peak memory 622 MiB.
2026-10-10T23:39:55Z INFO [60/729] d508becb-8c76-460c-aa73-a2f92722fe29: does not qualify; 2.6 s; peak memory 622 MiB.
2026-10-10T23:39:56Z INFO [61/729] d509254c-e490-4953-a8bb-f706be037c5c: does not qualify; 0.7 s; peak memory 622 MiB.
2026-10-10T23:40:02Z INFO [62/729] d50a95f4-0013-4e95-8a20-94c1bc68e248: does not qualify; 5.8 s; peak memory 622 MiB.
2026-10-10T23:40:03Z INFO [63/729] d50b16b0-1cbd-41f0-ad6c-c510c74b9273: does not qualify; 1.2 s; peak memory 622 MiB.
2026-10-10T23:40:04Z INFO [64/729] d50b43ec-5813-4d49-a993-aebb388bf30c: does not qualify; 1.0 s; peak memory 622 MiB.
2026-10-10T23:40:14Z INFO [65/729] d50b9e08-74a0-486f-aa78-f1fe6292b36e: does not qualify; 9.9 s; peak memory 622 MiB.
2026-10-10T23:40:15Z INFO [66/729] d50bb4fb-ced6-47f7-918f-07af170d5562: does not qualify; 1.2 s; peak memory 622 MiB.
2026-10-10T23:40:20Z INFO [67/729] d50d7e7a-c783-4873-847c-8e800e89310a: does not qualify; 4.5 s; peak memory 622 MiB.
2026-10-10T23:40:21Z INFO [68/729] d50e5dd6-a20a-4ccc-9c2e-6afcdc72c207: does not qualify; 0.9 s; peak memory 622 MiB.
2026-10-10T23:40:22Z INFO [69/729] d50e87bb-8bcc-4d49-8410-abe2b867d8ce: does not qualify; 1.2 s; peak memory 622 MiB.
2026-10-10T23:40:23Z INFO [70/729] d50f0237-9dbd-4642-b93d-8a219287e415: does not qualify; 1.0 s; peak memory 622 MiB.
2026-10-10T23:40:25Z INFO [71/729] d50f1f97-146e-432a-92da-b9eaa8f0546a: does not qualify; 2.2 s; peak memory 622 MiB.
2026-10-10T23:40:26Z INFO [72/729] d50f3e78-5980-468c-8f46-4a4a72a8b6fb: does not qualify; 0.9 s; peak memory 622 MiB.
2026-10-10T23:40:27Z INFO [73/729] d50f7f76-e425-484c-806b-73f01513ced4: does not qualify; 1.5 s; peak memory 622 MiB.
2026-10-10T23:40:28Z INFO [74/729] d51038e2-7ff8-4035-9d03-4e958fa39ac5: does not qualify; 0.9 s; peak memory 622 MiB.
2026-10-10T23:40:34Z INFO [75/729] d5103e3e-a579-4030-9e9d-d020a3882420: does not qualify; 5.6 s; peak memory 622 MiB.
2026-10-10T23:40:35Z INFO [76/729] d51157c5-41b8-42b8-ab96-51a0c7900a66: does not qualify; 0.8 s; peak memory 622 MiB.
2026-10-10T23:40:36Z INFO [77/729] d511b459-f15a-49b6-a5c5-0bf36b5cc118: does not qualify; 1.1 s; peak memory 622 MiB.
2026-10-10T23:40:37Z INFO [78/729] d5123dd9-0354-4d30-a2f3-341577603517: does not qualify; 1.2 s; peak memory 622 MiB.
2026-10-10T23:40:38Z INFO [79/729] d5126d49-3b0f-45ca-b59a-c2d9a804cea5: does not qualify; 1.0 s; peak memory 622 MiB.
2026-10-10T23:40:39Z INFO [80/729] d512f2a4-2e41-4724-b69a-b003970bab14: does not qualify; 1.3 s; peak memory 622 MiB.
2026-10-10T23:40:40Z INFO [81/729] d513dc58-cb18-42c0-9791-579e78e2d8b5: does not qualify; 0.9 s; peak memory 622 MiB.
2026-10-10T23:40:41Z INFO [82/729] d513ef36-ad67-4347-b004-d4e9a38e8c42: does not qualify; 1.2 s; peak memory 622 MiB.
2026-10-10T23:40:42Z INFO [83/729] d5143832-a599-4e1e-afee-007208dad5ca: does not qualify; 1.0 s; peak memory 622 MiB.
2026-10-10T23:40:43Z INFO [84/729] d51471d4-f944-49f3-9ee4-76e281bcbfc3: does not qualify; 0.9 s; peak memory 622 MiB.
2026-10-10T23:40:49Z INFO [85/729] d5155093-d95a-4cb2-b0f7-52bbc2d29c80: does not qualify; 5.4 s; peak memory 622 MiB.
2026-10-10T23:40:50Z INFO [86/729] d515b08a-88c2-48c9-8669-1abc483ead5c: does not qualify; 1.4 s; peak memory 622 MiB.
2026-10-10T23:40:58Z INFO [87/729] d5160bce-ce74-4781-949b-6227b6f35ebb: does not qualify; 7.7 s; peak memory 622 MiB.
2026-10-10T23:41:00Z INFO [88/729] d5176feb-8a44-419e-bc70-851b8cf8598a: does not qualify; 2.2 s; peak memory 622 MiB.
2026-10-10T23:41:01Z INFO [89/729] d5178e39-d418-4fb7-a50f-7eab91b45448: does not qualify; 1.0 s; peak memory 622 MiB.
2026-10-10T23:41:03Z INFO [90/729] d517fe34-a8ad-4bbd-98f3-46854eccfd5c: does not qualify; 1.8 s; peak memory 622 MiB.
2026-10-10T23:41:04Z INFO [91/729] d5180a95-1244-4602-ae71-19c48c220f17: does not qualify; 1.3 s; peak memory 622 MiB.
2026-10-10T23:41:12Z INFO [92/729] d518183f-6513-4e95-8846-4c72d48f3ce9: does not qualify; 8.4 s; peak memory 622 MiB.
2026-10-10T23:41:19Z INFO [93/729] d51838de-ab36-41ae-b8c3-2bccfaa873a8: does not qualify; 6.3 s; peak memory 622 MiB.
2026-10-10T23:41:20Z INFO [94/729] d518d28e-af51-4d54-a584-e8d28402f7ff: does not qualify; 1.2 s; peak memory 622 MiB.
2026-10-10T23:41:21Z INFO [95/729] d519351e-0768-4bb2-aa53-ecb55afc4ff8: does not qualify; 1.2 s; peak memory 622 MiB.
2026-10-10T23:41:22Z INFO [96/729] d51a615d-4e94-4d3a-bee3-d3ee24010d4b: does not qualify; 1.5 s; peak memory 622 MiB.
2026-10-10T23:41:24Z INFO [97/729] d51b4777-0708-419a-8a46-f33babbcdf9e: does not qualify; 1.4 s; peak memory 622 MiB.
2026-10-10T23:41:25Z INFO [98/729] d51ca51c-24b4-44a9-a5a2-e68ef87a0a04: does not qualify; 0.7 s; peak memory 622 MiB.
2026-10-10T23:41:27Z INFO [99/729] d51d7998-1aab-4d57-a78f-30f7e8b14480: does not qualify; 2.3 s; peak memory 622 MiB.
2026-10-10T23:41:28Z INFO [100/729] d51dfa74-020b-491a-ae2a-a722c44094b3: does not qualify; 1.2 s; peak memory 622 MiB.
2026-10-10T23:41:28Z INFO [100/729] d51dfa74-020b-491a-ae2a-a722c44094b3: checkpointed 131492 new records.
2026-10-10T23:41:32Z INFO [101/729] d51e9f87-9dec-4d25-915d-9862bd97875e: does not qualify; 3.3 s; peak memory 622 MiB.
2026-10-10T23:41:33Z INFO [102/729] d51efed1-e842-49c1-a967-32d32817e07b: does not qualify; 1.5 s; peak memory 622 MiB.
2026-10-10T23:41:34Z INFO [103/729] d51fa418-8614-4c0f-b8cb-1ccda1e79ad4: does not qualify; 1.1 s; peak memory 622 MiB.
2026-10-10T23:41:35Z INFO [104/729] d5203a24-248e-40cb-b1f2-593cd39f1035: does not qualify; 0.9 s; peak memory 622 MiB.
2026-10-10T23:41:37Z INFO [105/729] d52052b1-73d6-449e-901e-55ffda38bdb3: does not qualify; 1.9 s; peak memory 622 MiB.
2026-10-10T23:41:45Z INFO [106/729] d5205f09-c446-4212-9896-870031130bdd: does not qualify; 8.1 s; peak memory 622 MiB.
2026-10-10T23:41:46Z INFO [107/729] d52148e0-1105-4f65-9028-52e1fa25c391: does not qualify; 1.0 s; peak memory 622 MiB.
2026-10-10T23:41:47Z INFO [108/729] d521858c-59b8-4273-be90-ff2ce9ba8ec6: does not qualify; 0.9 s; peak memory 622 MiB.
2026-10-10T23:41:49Z INFO [109/729] d521cf7d-269c-4a37-a8e0-39b0cfa4d476: does not qualify; 1.8 s; peak memory 622 MiB.
2026-10-10T23:41:53Z INFO [110/729] d5222137-0bec-438c-8e5d-9e1b6db98f03: does not qualify; 4.6 s; peak memory 622 MiB.
2026-10-10T23:41:55Z INFO [111/729] d522e8ff-9f63-4f5f-a976-3a30b8fcd726: does not qualify; 1.4 s; peak memory 622 MiB.
2026-10-10T23:41:55Z INFO [112/729] d522f33c-568a-4d59-a748-27fd7974b9d7: does not qualify; 0.6 s; peak memory 622 MiB.
2026-10-10T23:41:56Z INFO [113/729] d5236049-9b36-437d-95ac-7c75c5fc4ae4: does not qualify; 0.9 s; peak memory 622 MiB.
2026-10-10T23:41:57Z INFO [114/729] d52379a9-773e-445c-a010-d77f92764d19: does not qualify; 0.8 s; peak memory 622 MiB.
2026-10-10T23:42:00Z INFO [115/729] d5247764-ad7e-4333-b7d5-071d55124788: does not qualify; 2.4 s; peak memory 622 MiB.
2026-10-10T23:42:01Z INFO [116/729] d5247efb-8350-4d0d-ac80-d8c7e7aefc76: does not qualify; 1.1 s; peak memory 622 MiB.
2026-10-10T23:42:01Z INFO [117/729] d525381f-092c-4f2c-adad-8edeb4669f4e: does not qualify; 0.7 s; peak memory 622 MiB.
2026-10-10T23:42:02Z INFO [118/729] d5263284-4376-4757-832b-1dffba4f99af: does not qualify; 0.8 s; peak memory 622 MiB.
2026-10-10T23:42:03Z INFO [119/729] d52785bc-ceae-4048-82f4-b1586d7c3a94: does not qualify; 1.1 s; peak memory 622 MiB.
2026-10-10T23:42:04Z INFO [120/729] d5285c48-9eb5-40e0-82b4-e1201fe45a3b: does not qualify; 0.9 s; peak memory 622 MiB.
2026-10-10T23:42:05Z INFO [121/729] d528c01f-c39e-405e-935e-82709c00b2cb: does not qualify; 1.2 s; peak memory 622 MiB.
2026-10-10T23:42:06Z INFO [122/729] d529584f-82c2-46db-9514-16a7bab45e8d: does not qualify; 0.7 s; peak memory 622 MiB.
2026-10-10T23:42:07Z INFO [123/729] d529bedb-8a43-4072-82f1-623d5cb5ce9d: does not qualify; 0.9 s; peak memory 622 MiB.
2026-10-10T23:42:08Z INFO [124/729] d529c438-21c3-4d1b-bfa7-818fd533c907: does not qualify; 0.9 s; peak memory 622 MiB.
2026-10-10T23:42:09Z INFO [125/729] d529f824-58ec-4f2e-bf03-57ee9526087d: does not qualify; 1.1 s; peak memory 622 MiB.
2026-10-10T23:42:10Z INFO [126/729] d52a0268-24f5-4a2f-a625-6559b0d4a9d6: does not qualify; 0.9 s; peak memory 622 MiB.
2026-10-10T23:42:11Z INFO [127/729] d52ae29a-5a0f-478a-b8f0-63d42572968c: does not qualify; 1.2 s; peak memory 622 MiB.
2026-10-10T23:42:13Z INFO [128/729] d52b14f2-99bc-4114-8568-90f6f72ccc14: does not qualify; 1.6 s; peak memory 622 MiB.
2026-10-10T23:42:14Z INFO [129/729] d52b3a9e-c6f5-4851-a7ce-dbea487a662f: does not qualify; 0.9 s; peak memory 622 MiB.
2026-10-10T23:42:16Z INFO [130/729] d52cf2c9-2f5a-473b-8192-cf8b12f3a38c: does not qualify; 2.1 s; peak memory 622 MiB.
2026-10-10T23:42:16Z INFO [131/729] d52cf357-3f29-4f4d-a2ef-988ed3459754: does not qualify; 0.8 s; peak memory 622 MiB.
2026-10-10T23:42:18Z INFO [132/729] d52d279d-a4a8-4e7c-b0fa-349dd5380975: does not qualify; 1.7 s; peak memory 622 MiB.
2026-10-10T23:42:20Z INFO [133/729] d52d4d73-125a-4548-90d9-2fa0a8b6e452: does not qualify; 1.4 s; peak memory 622 MiB.
2026-10-10T23:42:22Z INFO [134/729] d52df2a4-2cf1-4ff7-a4a9-e6117cccb77b: does not qualify; 2.2 s; peak memory 622 MiB.
2026-10-10T23:42:23Z INFO [135/729] d52df487-602f-4f5d-abe6-d7f659bef8fe: does not qualify; 1.2 s; peak memory 622 MiB.
2026-10-10T23:42:24Z INFO [136/729] d52ed89f-1145-4ac3-bb38-2f4f5e505165: does not qualify; 1.5 s; peak memory 622 MiB.
2026-10-10T23:42:25Z INFO [137/729] d52f3a45-635a-477d-aa3e-114068b5b2ca: does not qualify; 1.0 s; peak memory 622 MiB.
2026-10-10T23:42:27Z INFO [138/729] d52f7fb3-bca3-4613-be9d-60a6549bc70d: does not qualify; 2.1 s; peak memory 622 MiB.
2026-10-10T23:42:29Z INFO [139/729] d52f86be-f9f4-406c-be75-5db4745f7fc0: does not qualify; 1.1 s; peak memory 622 MiB.
2026-10-10T23:42:30Z INFO [140/729] d530aa93-abfd-4f62-8d5f-6033360e6eb3: does not qualify; 1.0 s; peak memory 622 MiB.
2026-10-10T23:42:30Z INFO [141/729] d530c11e-e142-4ba5-b56e-f31612c86496: does not qualify; 0.6 s; peak memory 622 MiB.
2026-10-10T23:42:31Z INFO [142/729] d5310ca3-7e55-4510-a5ce-e805bdd4410d: does not qualify; 0.6 s; peak memory 622 MiB.
2026-10-10T23:42:32Z INFO [143/729] d5313321-1f07-418e-83a5-cd148d52faff: does not qualify; 1.1 s; peak memory 622 MiB.
2026-10-10T23:42:33Z INFO [144/729] d5318f62-1563-4d14-a12b-8ed553a18cb0: does not qualify; 0.9 s; peak memory 622 MiB.
2026-10-10T23:42:34Z INFO [145/729] d5331cc0-faec-4447-9a1a-9252de602a8b: does not qualify; 1.2 s; peak memory 622 MiB.
2026-10-10T23:42:36Z INFO [146/729] d53435f7-7a3d-4e90-92db-33d513520885: does not qualify; 2.4 s; peak memory 622 MiB.
2026-10-10T23:42:37Z INFO [147/729] d53474c5-2e6a-4589-ad19-0f38cafb273e: does not qualify; 1.0 s; peak memory 622 MiB.
2026-10-10T23:42:42Z INFO [148/729] d534edcb-a6db-4e89-818b-acc81fe16b95: does not qualify; 4.4 s; peak memory 622 MiB.
2026-10-10T23:42:44Z INFO [149/729] d5350aec-d4cf-493b-818e-e878a717d0b0: qualifies; 2.3 s; peak memory 622 MiB.
2026-10-10T23:42:45Z INFO [150/729] d5354e83-6916-4401-8308-e05a9c6d1367: does not qualify; 0.7 s; peak memory 622 MiB.
2026-10-10T23:42:45Z INFO [150/729] d5354e83-6916-4401-8308-e05a9c6d1367: checkpointed 131542 new records.
2026-10-10T23:42:46Z INFO [151/729] d535a881-f0ae-4e1b-9283-8014ab3dac4d: does not qualify; 1.2 s; peak memory 622 MiB.
2026-10-10T23:42:47Z INFO [152/729] d5366050-9e76-4829-8060-b82403c57482: does not qualify; 0.8 s; peak memory 622 MiB.
2026-10-10T23:42:52Z INFO [153/729] d53683fe-b58a-4005-9ea0-5a8ca36307db: does not qualify; 4.6 s; peak memory 622 MiB.
2026-10-10T23:42:53Z INFO [154/729] d5370d6e-a6fc-41dd-81c4-8d1d4a9a6db1: does not qualify; 1.8 s; peak memory 622 MiB.
2026-10-10T23:42:54Z INFO [155/729] d537ae9a-596f-47dd-aa8c-2b974c56c6a2: does not qualify; 1.0 s; peak memory 622 MiB.
2026-10-10T23:42:58Z INFO [156/729] d537efe4-f476-4e92-b10d-9dc993d49457: qualifies; 3.9 s; peak memory 622 MiB.
2026-10-10T23:42:59Z INFO [157/729] d537fd17-9417-4178-b85e-8b964a749538: does not qualify; 0.8 s; peak memory 622 MiB.
2026-10-10T23:43:00Z INFO [158/729] d538a187-ccf6-4a34-88ca-287e81379634: does not qualify; 0.6 s; peak memory 622 MiB.
2026-10-10T23:43:01Z INFO [159/729] d538aa16-fb6d-4439-a585-077bb58d804f: does not qualify; 1.2 s; peak memory 622 MiB.
2026-10-10T23:43:02Z INFO [160/729] d538ef0c-dc30-446d-94ca-3d7347f26a1e: does not qualify; 1.1 s; peak memory 622 MiB.
2026-10-10T23:43:17Z INFO [161/729] d5390012-b60f-45a1-ac12-427ae154368a: does not qualify; 15.3 s; peak memory 622 MiB.
2026-10-10T23:43:19Z INFO [162/729] d5392c79-1594-489b-a6ef-8157fb75da1d: does not qualify; 1.6 s; peak memory 622 MiB.
2026-10-10T23:43:20Z INFO [163/729] d539efc7-6166-4f6d-b882-bcef6f506195: does not qualify; 1.4 s; peak memory 622 MiB.
2026-10-10T23:43:24Z INFO [164/729] d53a05ae-22be-41e0-b134-65cf3152f717: does not qualify; 3.3 s; peak memory 622 MiB.
2026-10-10T23:43:25Z INFO [165/729] d53a7c52-6230-41ae-bae5-23a1dcc99ad4: does not qualify; 1.0 s; peak memory 622 MiB.
2026-10-10T23:43:27Z INFO [166/729] d53b3227-9d51-47a3-8ca6-3d075a721183: does not qualify; 2.3 s; peak memory 622 MiB.
2026-10-10T23:43:33Z INFO [167/729] d53c475b-e18b-4900-8080-4fd2632d4739: does not qualify; 6.0 s; peak memory 622 MiB.
2026-10-10T23:43:34Z INFO [168/729] d53d095b-d601-4349-83e7-4c63e7e2a4ca: does not qualify; 1.1 s; peak memory 622 MiB.
2026-10-10T23:43:35Z INFO [169/729] d53d2f32-a459-45ac-8e22-d1d7fd39f352: does not qualify; 1.5 s; peak memory 622 MiB.
2026-10-10T23:43:52Z INFO [170/729] d53d8475-298f-4c19-bb1b-70d2bbf52660: does not qualify; 16.5 s; peak memory 622 MiB.
2026-10-10T23:43:57Z INFO [171/729] d53dab4a-87fa-4f4a-8513-c68a788ef90e: does not qualify; 5.1 s; peak memory 634 MiB.
2026-10-10T23:43:58Z INFO [172/729] d53dfc06-8ec3-497e-addd-38327622f55b: does not qualify; 1.2 s; peak memory 634 MiB.
2026-10-10T23:43:59Z INFO [173/729] d53ec9e5-09aa-4460-9890-47a0e71f633c: does not qualify; 1.2 s; peak memory 634 MiB.
2026-10-10T23:44:00Z INFO [174/729] d53f0046-550b-44b8-82d4-d5040cb0f56e: does not qualify; 0.9 s; peak memory 634 MiB.
2026-10-10T23:44:01Z INFO [175/729] d53fd363-8d12-429a-8473-2197487b682f: does not qualify; 0.9 s; peak memory 634 MiB.
2026-10-10T23:44:02Z INFO [176/729] d540413e-368d-415f-834f-f04da3da649b: does not qualify; 1.1 s; peak memory 634 MiB.
2026-10-10T23:44:03Z INFO [177/729] d5406d14-c530-4ef4-b8b9-671ffd63975e: does not qualify; 1.2 s; peak memory 634 MiB.
2026-10-10T23:44:05Z INFO [178/729] d5408904-c9df-46ef-849b-fb32c9385f38: does not qualify; 1.2 s; peak memory 634 MiB.
2026-10-10T23:44:05Z INFO [179/729] d5408a9f-4be1-4640-9945-86a2d54d33d5: does not qualify; 0.9 s; peak memory 634 MiB.
2026-10-10T23:44:07Z INFO [180/729] d5414716-8611-403a-9fc5-3053ed4d76f1: does not qualify; 1.4 s; peak memory 634 MiB.
2026-10-10T23:44:08Z INFO [181/729] d5419c8d-13c7-4bcf-9385-0870071bd9f9: does not qualify; 0.9 s; peak memory 634 MiB.
2026-10-10T23:44:09Z INFO [182/729] d5432426-681a-4b25-b721-23c2c2896821: does not qualify; 1.2 s; peak memory 634 MiB.
2026-10-10T23:44:14Z INFO [183/729] d54475f0-4ac0-434a-b5c2-4448826095a6: does not qualify; 5.2 s; peak memory 634 MiB.
2026-10-10T23:44:15Z INFO [184/729] d544ddad-2124-4979-bd98-73b115675da0: does not qualify; 1.3 s; peak memory 634 MiB.
2026-10-10T23:44:16Z INFO [185/729] d545ace1-3827-40f2-857a-c2668fe6731d: does not qualify; 0.7 s; peak memory 634 MiB.
2026-10-10T23:44:17Z INFO [186/729] d5469f78-2543-4a4e-a7bc-44bd2899607a: does not qualify; 0.8 s; peak memory 634 MiB.
2026-10-10T23:44:18Z INFO [187/729] d546c1d3-201a-47ff-8b1d-eb2ad4c10e73: does not qualify; 1.3 s; peak memory 634 MiB.
2026-10-10T23:44:22Z INFO [188/729] d546dd17-184e-42d1-b224-a7aa218c525d: does not qualify; 4.0 s; peak memory 634 MiB.
2026-10-10T23:44:24Z INFO [189/729] d5470fd3-4b0e-4798-ac64-eb65d889a1df: does not qualify; 1.9 s; peak memory 634 MiB.
2026-10-10T23:44:25Z INFO [190/729] d5471355-25ed-4070-b465-456f2eadb849: does not qualify; 1.2 s; peak memory 634 MiB.
2026-10-10T23:44:26Z INFO [191/729] d5472e12-c60c-490d-8fcc-e7f576040d37: does not qualify; 1.0 s; peak memory 634 MiB.
2026-10-10T23:44:32Z INFO [192/729] d548812b-b486-4025-958f-62c4229dbff8: does not qualify; 5.3 s; peak memory 639 MiB.
2026-10-10T23:44:32Z INFO [193/729] d548f8dd-377a-429e-8034-b7ca3ec46554: does not qualify; 0.8 s; peak memory 639 MiB.
2026-10-10T23:44:34Z INFO [194/729] d54977cc-c6cb-43bc-b287-5db94e953588: does not qualify; 1.1 s; peak memory 639 MiB.
2026-10-10T23:44:36Z INFO [195/729] d54b3e0c-fc49-4c02-b3cd-a0b8f058a480: does not qualify; 2.6 s; peak memory 639 MiB.
2026-10-10T23:44:37Z INFO [196/729] d54b596a-8dc4-454e-8e6a-efcbb46faf85: does not qualify; 0.9 s; peak memory 639 MiB.
2026-10-10T23:44:38Z INFO [197/729] d54bc761-8452-465f-842a-ec35cbbbd088: does not qualify; 1.4 s; peak memory 639 MiB.
2026-10-10T23:44:39Z INFO [198/729] d54bf09c-a886-4ccf-8086-11f26da954a1: does not qualify; 1.0 s; peak memory 639 MiB.
2026-10-10T23:44:41Z INFO [199/729] d54bfc65-c00d-45fa-b2ac-094fe2604be3: does not qualify; 1.3 s; peak memory 639 MiB.
2026-10-10T23:44:42Z INFO [200/729] d54c1581-ae74-40c3-b842-37259403aaae: does not qualify; 1.0 s; peak memory 639 MiB.
2026-10-10T23:44:42Z INFO [200/729] d54c1581-ae74-40c3-b842-37259403aaae: checkpointed 131592 new records.
2026-10-10T23:44:43Z INFO [201/729] d54d015a-cd23-4e49-b21e-8b0cd2b68ff7: does not qualify; 1.5 s; peak memory 639 MiB.
2026-10-10T23:44:44Z INFO [202/729] d54e34b0-c519-44da-9e31-3bbe26746a4d: does not qualify; 0.7 s; peak memory 639 MiB.
2026-10-10T23:44:46Z INFO [203/729] d54e8a81-ac9b-43fa-ac1e-280051d383ce: does not qualify; 1.4 s; peak memory 639 MiB.
2026-10-10T23:44:51Z INFO [204/729] d54ea6c6-69ab-4646-a0f3-8f8988bdd8d3: does not qualify; 5.4 s; peak memory 639 MiB.
2026-10-10T23:44:52Z INFO [205/729] d54ee18e-6c71-4580-a2f3-f1a3622be9c8: does not qualify; 0.8 s; peak memory 639 MiB.
2026-10-10T23:44:53Z INFO [206/729] d54eefac-2a4a-450c-a1bb-03ed2f5678f5: does not qualify; 1.0 s; peak memory 639 MiB.
2026-10-10T23:44:54Z INFO [207/729] d5513754-309c-49bb-b99a-f0bfac35305e: does not qualify; 1.1 s; peak memory 639 MiB.
2026-10-10T23:44:55Z INFO [208/729] d5517bc5-c30a-4898-a3d6-e22222744c04: does not qualify; 0.8 s; peak memory 639 MiB.
2026-10-10T23:45:01Z INFO [209/729] d551d246-c86d-4140-9e10-d664e34762c8: does not qualify; 6.1 s; peak memory 639 MiB.
2026-10-10T23:45:03Z INFO [210/729] d5527bb0-ed2f-4f17-8c82-d7bfcfe81708: does not qualify; 2.5 s; peak memory 639 MiB.
2026-10-10T23:45:04Z INFO [211/729] d552eaee-5c8d-4fe3-8217-67ea50b38050: does not qualify; 1.1 s; peak memory 639 MiB.
2026-10-10T23:45:05Z INFO [212/729] d5532007-7d82-471d-92e2-4b23a92ea699: does not qualify; 1.0 s; peak memory 639 MiB.
2026-10-10T23:45:07Z INFO [213/729] d5534501-79e0-45cc-9e02-e0fe5a0c4b6e: does not qualify; 1.9 s; peak memory 639 MiB.
2026-10-10T23:45:08Z INFO [214/729] d553bf1f-26d3-4f55-adee-6c8182c20b0f: does not qualify; 1.1 s; peak memory 639 MiB.
2026-10-10T23:45:10Z INFO [215/729] d5542e22-e80e-40aa-b6c9-48198ae0d2fd: does not qualify; 1.4 s; peak memory 639 MiB.
2026-10-10T23:45:11Z INFO [216/729] d555143c-64b8-4ccb-a6bd-c4731ad5760e: does not qualify; 1.1 s; peak memory 639 MiB.
2026-10-10T23:45:12Z INFO [217/729] d555a8b5-e93b-4c4b-99bc-f1ac80179601: does not qualify; 0.8 s; peak memory 639 MiB.
2026-10-10T23:45:12Z INFO [218/729] d5568858-aded-4fb1-9266-8538b1482bed: does not qualify; 0.8 s; peak memory 639 MiB.
2026-10-10T23:45:13Z INFO [219/729] d5578269-3a11-4b06-80e7-9fd08e42e92d: does not qualify; 0.8 s; peak memory 639 MiB.
2026-10-10T23:45:14Z INFO [220/729] d558ddef-1893-478e-a568-7f3b0c308da7: does not qualify; 1.2 s; peak memory 639 MiB.
2026-10-10T23:45:16Z INFO [221/729] d559a280-e5b2-4653-b06b-605885815a4d: does not qualify; 1.2 s; peak memory 639 MiB.
2026-10-10T23:45:17Z INFO [222/729] d559bd5c-f24b-41dd-aa69-f779e23d4933: does not qualify; 1.4 s; peak memory 639 MiB.
2026-10-10T23:45:25Z INFO [223/729] d559f190-e779-4ced-84de-473c5e7793b6: does not qualify; 8.2 s; peak memory 639 MiB.
2026-10-10T23:45:33Z INFO [224/729] d55a61c6-6135-44e2-8b92-053a395ba794: does not qualify; 7.9 s; peak memory 639 MiB.
2026-10-10T23:45:34Z INFO [225/729] d55b4dc5-f10e-4bfb-8359-106202fe61b4: does not qualify; 1.0 s; peak memory 639 MiB.
2026-10-10T23:45:35Z INFO [226/729] d55b6d49-743c-4504-9f9a-bb006a5efa3f: does not qualify; 0.8 s; peak memory 639 MiB.
2026-10-10T23:45:36Z INFO [227/729] d55bc9df-0c60-4b27-b367-f5309b3a7aef: does not qualify; 1.1 s; peak memory 639 MiB.
2026-10-10T23:45:37Z INFO [228/729] d55c611e-3aff-4871-b2ca-dfb047d5d7b2: does not qualify; 1.4 s; peak memory 639 MiB.
2026-10-10T23:45:38Z INFO [229/729] d55ccfe7-a59b-4086-94dd-6a7893d675a3: does not qualify; 0.9 s; peak memory 639 MiB.
2026-10-10T23:45:39Z INFO [230/729] d55cf04a-4777-4ff7-a175-e5222e0b6920: does not qualify; 0.9 s; peak memory 639 MiB.
2026-10-10T23:45:41Z INFO [231/729] d55e8eb1-1e5f-4736-b921-4312c7ed8292: does not qualify; 1.5 s; peak memory 639 MiB.
2026-10-10T23:45:42Z INFO [232/729] d55f2025-a605-41da-b924-6e5063c6a955: does not qualify; 0.8 s; peak memory 639 MiB.
2026-10-10T23:45:42Z INFO [233/729] d5603d90-79b4-4701-b149-ac5412fc4efe: does not qualify; 0.9 s; peak memory 639 MiB.
2026-10-10T23:45:44Z INFO [234/729] d562a67b-be54-4437-8669-57747df33bd2: does not qualify; 1.1 s; peak memory 639 MiB.
2026-10-10T23:45:46Z INFO [235/729] d5639531-e8e5-4952-bbbd-3b9a41e68768: does not qualify; 2.2 s; peak memory 639 MiB.
2026-10-10T23:45:47Z INFO [236/729] d564608d-2215-47b9-8b49-86801ba90969: does not qualify; 0.8 s; peak memory 639 MiB.
2026-10-10T23:45:48Z INFO [237/729] d564afec-0031-40e7-ab0f-39d7a1c9cd5a: does not qualify; 1.2 s; peak memory 639 MiB.
2026-10-10T23:45:49Z INFO [238/729] d5659b3a-d6f6-42cf-a301-247b41b77f53: does not qualify; 1.2 s; peak memory 639 MiB.
2026-10-10T23:46:18Z INFO [239/729] d567c190-6465-4982-9a5c-ece793613d21: does not qualify; 28.7 s; peak memory 639 MiB.
2026-10-10T23:46:19Z INFO [240/729] d567f078-e54a-45d6-b80b-e8992204ec6a: does not qualify; 1.5 s; peak memory 639 MiB.
2026-10-10T23:46:20Z INFO [241/729] d5682386-0282-4a7a-94e0-0377e242c560: does not qualify; 0.9 s; peak memory 639 MiB.
2026-10-10T23:46:21Z INFO [242/729] d5682889-0e3c-447a-b114-3fd069c83744: does not qualify; 1.2 s; peak memory 639 MiB.
2026-10-10T23:46:26Z INFO [243/729] d568bada-614f-47b3-aec1-417e52f67c1a: does not qualify; 4.6 s; peak memory 639 MiB.
2026-10-10T23:46:27Z INFO [244/729] d568ef39-793a-4fa8-a49f-ffc66f214553: does not qualify; 0.7 s; peak memory 639 MiB.
2026-10-10T23:46:28Z INFO [245/729] d569918e-879a-419f-90fc-f42d246dd57f: does not qualify; 1.4 s; peak memory 639 MiB.
2026-10-10T23:46:29Z INFO [246/729] d569e380-f144-4f9b-a944-dcef142fac90: does not qualify; 0.9 s; peak memory 639 MiB.
2026-10-10T23:46:30Z INFO [247/729] d56a4b77-f349-4b15-9034-247cd7ba015c: does not qualify; 0.9 s; peak memory 639 MiB.
2026-10-10T23:46:31Z INFO [248/729] d56b5cf3-283b-4197-ac1d-71eb3159527e: does not qualify; 0.9 s; peak memory 639 MiB.
2026-10-10T23:46:32Z INFO [249/729] d56bcc79-e497-4f7a-9129-d736f3d7e9ff: does not qualify; 1.2 s; peak memory 639 MiB.
2026-10-10T23:46:33Z INFO [250/729] d56cb3b0-d639-4680-a2b0-74ebeb6ad092: does not qualify; 0.8 s; peak memory 639 MiB.
2026-10-10T23:46:33Z INFO [250/729] d56cb3b0-d639-4680-a2b0-74ebeb6ad092: checkpointed 131642 new records.
2026-10-10T23:46:34Z INFO [251/729] d56cc6ef-917e-4ef1-940c-24acd878297e: does not qualify; 0.9 s; peak memory 639 MiB.
2026-10-10T23:46:35Z INFO [252/729] d56d474c-6121-428a-8802-3acb2473d491: does not qualify; 1.0 s; peak memory 639 MiB.
2026-10-10T23:46:36Z INFO [253/729] d56e149b-ba27-478d-b122-a1a4c6a3a258: does not qualify; 1.1 s; peak memory 639 MiB.
2026-10-10T23:46:37Z INFO [254/729] d56e5fdd-e2ef-40b3-87a0-8f00f1f235b2: does not qualify; 0.9 s; peak memory 639 MiB.
2026-10-10T23:46:38Z INFO [255/729] d56fecaf-116f-4b92-9bc5-ed898490455a: does not qualify; 1.0 s; peak memory 639 MiB.
2026-10-10T23:46:39Z INFO [256/729] d5701f58-34cd-458a-9865-7b02b1a3c3b2: does not qualify; 1.3 s; peak memory 639 MiB.
2026-10-10T23:46:41Z INFO [257/729] d570a0ae-20d1-4b0b-a9e8-05f1f3b06a50: does not qualify; 1.2 s; peak memory 639 MiB.
2026-10-10T23:46:41Z INFO [258/729] d570a637-41a3-4da4-9325-2637aaa13739: does not qualify; 0.8 s; peak memory 639 MiB.
2026-10-10T23:46:42Z INFO [259/729] d570f8e7-8fa2-4155-aa7c-b3a42b630cde: does not qualify; 0.9 s; peak memory 639 MiB.
2026-10-10T23:46:43Z INFO [260/729] d5716094-1982-481d-aa22-0fe1bedd0f51: does not qualify; 0.9 s; peak memory 639 MiB.
2026-10-10T23:46:44Z INFO [261/729] d571d285-7ade-440e-93ea-0e244041701b: does not qualify; 0.9 s; peak memory 639 MiB.
2026-10-10T23:46:45Z INFO [262/729] d5725df4-625b-4964-b2f9-057444c8a645: does not qualify; 0.9 s; peak memory 639 MiB.
2026-10-10T23:46:46Z INFO [263/729] d57270e5-7636-4761-8bd7-57918e910e7a: does not qualify; 1.0 s; peak memory 639 MiB.
2026-10-10T23:46:47Z INFO [264/729] d572fe7f-daa0-44c7-b548-15638b8bea87: does not qualify; 0.7 s; peak memory 639 MiB.
2026-10-10T23:46:48Z INFO [265/729] d573c314-c860-4550-aa72-0498096a1f55: qualifies; 1.5 s; peak memory 639 MiB.
2026-10-10T23:46:49Z INFO [266/729] d5741041-39c6-4b76-b875-88614918bc19: does not qualify; 0.9 s; peak memory 639 MiB.
2026-10-10T23:46:50Z INFO [267/729] d574677e-6b2e-4a47-be2d-b7ac5579f336: does not qualify; 1.1 s; peak memory 639 MiB.
2026-10-10T23:46:51Z INFO [268/729] d5753170-e291-4956-a4f1-c4cd9980b837: does not qualify; 1.1 s; peak memory 639 MiB.
2026-10-10T23:46:53Z INFO [269/729] d575a396-d0bb-4ba9-bfc4-8013ab1c5169: does not qualify; 1.4 s; peak memory 639 MiB.
2026-10-10T23:46:54Z INFO [270/729] d575eed1-0a84-4d66-ba35-8c5d52c43730: does not qualify; 0.9 s; peak memory 639 MiB.
2026-10-10T23:47:00Z INFO [271/729] d577329a-d155-4503-af0a-961df8990528: does not qualify; 5.9 s; peak memory 639 MiB.
2026-10-10T23:47:08Z INFO [272/729] d5777af7-b339-46a3-8f0d-266ddd1574fd: does not qualify; 8.8 s; peak memory 639 MiB.
2026-10-10T23:47:09Z INFO [273/729] d577e158-28fb-4a4e-8a83-a43e716ff462: does not qualify; 0.9 s; peak memory 639 MiB.
2026-10-10T23:47:11Z INFO [274/729] d5786f87-1a0d-41ba-b876-c3423c0e71df: does not qualify; 1.1 s; peak memory 639 MiB.
2026-10-10T23:47:12Z INFO [275/729] d578a605-33b3-4825-8389-ad3db9869215: does not qualify; 1.3 s; peak memory 639 MiB.
2026-10-10T23:47:17Z INFO [276/729] d5793640-2704-41e1-87fb-fe32c51a06c4: does not qualify; 5.4 s; peak memory 676 MiB.
2026-10-10T23:47:18Z INFO [277/729] d5794424-254b-4752-a739-04e95021b0fa: does not qualify; 1.1 s; peak memory 676 MiB.
2026-10-10T23:47:24Z INFO [278/729] d57963bf-e4a0-42f9-9f68-68cf42678ec9: does not qualify; 5.9 s; peak memory 676 MiB.
2026-10-10T23:47:25Z INFO [279/729] d57a5443-a4fa-4b7c-b694-515043a59804: does not qualify; 1.0 s; peak memory 676 MiB.
2026-10-10T23:47:27Z INFO [280/729] d57ae0e4-b8c1-48cb-95f8-ec001c5470b3: does not qualify; 1.6 s; peak memory 676 MiB.
2026-10-10T23:47:28Z INFO [281/729] d57aea63-10e3-4e8c-afb1-6dd9ba920201: does not qualify; 1.1 s; peak memory 676 MiB.
2026-10-10T23:47:29Z INFO [282/729] d57b5e34-4321-40b6-b994-7224b2d91b40: does not qualify; 0.9 s; peak memory 676 MiB.
2026-10-10T23:47:32Z INFO [283/729] d57bc47d-9a6e-4d52-aadc-59c88bf878a3: does not qualify; 2.8 s; peak memory 676 MiB.
2026-10-10T23:47:32Z INFO [284/729] d57d217a-5e74-4afa-abec-4be005a2b4ff: does not qualify; 0.7 s; peak memory 676 MiB.
2026-10-10T23:47:33Z INFO [285/729] d57daf4c-9fd5-4ba3-b94d-f4df5e212b4f: does not qualify; 0.7 s; peak memory 676 MiB.
2026-10-10T23:47:35Z INFO [286/729] d57e04d4-4900-4334-9db5-ff89d652bfe7: qualifies; 2.3 s; peak memory 676 MiB.
2026-10-10T23:47:37Z INFO [287/729] d57e230d-c02c-4def-9408-a34b14a310bd: does not qualify; 1.8 s; peak memory 676 MiB.
2026-10-10T23:47:38Z INFO [288/729] d5817a54-fb22-42aa-94db-bc92a21feed2: does not qualify; 0.8 s; peak memory 676 MiB.
2026-10-10T23:47:39Z INFO [289/729] d581b7fc-5a8b-48d7-b79b-fe62396a4158: does not qualify; 1.1 s; peak memory 676 MiB.
2026-10-10T23:47:40Z INFO [290/729] d581d2ad-da7c-4f30-b7ce-9fdbf4bea4e5: does not qualify; 1.2 s; peak memory 676 MiB.
2026-10-10T23:47:41Z INFO [291/729] d581d9e7-e0a5-41e3-b2b5-4c4586b6518e: does not qualify; 1.0 s; peak memory 676 MiB.
2026-10-10T23:47:42Z INFO [292/729] d58203d9-ae71-47d6-8ec2-72eeeb398aab: does not qualify; 0.8 s; peak memory 676 MiB.
2026-10-10T23:47:43Z INFO [293/729] d5822111-adb2-4b2d-a52b-827344ae3789: does not qualify; 0.7 s; peak memory 676 MiB.
2026-10-10T23:47:47Z INFO [294/729] d5826ebc-0b76-4282-b7dc-ff106db338a5: does not qualify; 3.9 s; peak memory 676 MiB.
2026-10-10T23:47:48Z INFO [295/729] d582b19e-09ee-4cd2-b200-906ada0da236: does not qualify; 0.9 s; peak memory 676 MiB.
2026-10-10T23:47:49Z INFO [296/729] d58357b2-f2e7-4028-a4a0-a6e9d8440910: does not qualify; 1.1 s; peak memory 676 MiB.
2026-10-10T23:47:50Z INFO [297/729] d584eee7-eda8-4e63-9a0a-8695d0d8a9c1: does not qualify; 0.9 s; peak memory 676 MiB.
2026-10-10T23:47:51Z INFO [298/729] d5850f0d-f7ed-4766-ba22-c24a64b466e7: does not qualify; 1.1 s; peak memory 676 MiB.
2026-10-10T23:47:52Z INFO [299/729] d5854787-6f9c-4b27-8d9b-50f7ea587a18: does not qualify; 0.9 s; peak memory 676 MiB.
2026-10-10T23:47:52Z INFO [300/729] d585b6cd-2ad9-4d24-bff3-5f74dc672d50: does not qualify; 0.7 s; peak memory 676 MiB.
2026-10-10T23:47:53Z INFO [300/729] d585b6cd-2ad9-4d24-bff3-5f74dc672d50: checkpointed 131692 new records.
2026-10-10T23:47:54Z INFO [301/729] d5863cf8-8570-47bb-a7e4-0d9bd7818d7b: does not qualify; 0.9 s; peak memory 676 MiB.
2026-10-10T23:47:55Z INFO [302/729] d5865445-2196-4842-becd-1b538bb0de9a: does not qualify; 1.0 s; peak memory 676 MiB.
2026-10-10T23:47:56Z INFO [303/729] d5872a72-6674-4f3b-baab-1c278defb843: does not qualify; 1.2 s; peak memory 676 MiB.
2026-10-10T23:47:57Z INFO [304/729] d5874288-7df3-4592-a440-b4dd9cc09535: does not qualify; 1.4 s; peak memory 676 MiB.
2026-10-10T23:47:59Z INFO [305/729] d5879361-4980-4f16-95bd-dfbbcc2d7e53: does not qualify; 1.6 s; peak memory 676 MiB.
2026-10-10T23:48:00Z INFO [306/729] d587b560-b8fd-47c2-a6f7-ce0b3cd88837: does not qualify; 1.6 s; peak memory 676 MiB.
2026-10-10T23:48:05Z INFO [307/729] d58816c9-8166-4ef7-8933-90af603c46d6: does not qualify; 4.2 s; peak memory 676 MiB.
2026-10-10T23:48:06Z INFO [308/729] d588430b-acc0-434e-9e6a-665d1f7f9e23: does not qualify; 1.4 s; peak memory 676 MiB.
2026-10-10T23:48:08Z INFO [309/729] d58848af-8cd7-4951-b1c3-84033dc78ba9: does not qualify; 1.5 s; peak memory 676 MiB.
2026-10-10T23:48:09Z INFO [310/729] d589c2fd-f9cf-495c-9174-394f4e9162b5: does not qualify; 1.0 s; peak memory 676 MiB.
2026-10-10T23:48:15Z INFO [311/729] d58a8a52-57cb-4638-899d-278a2540c118: does not qualify; 6.7 s; peak memory 676 MiB.
2026-10-10T23:48:16Z INFO [312/729] d58c19c9-b484-4c4d-87d7-73d764ac6f21: does not qualify; 1.1 s; peak memory 676 MiB.
2026-10-10T23:48:59Z INFO [313/729] d58da27c-0127-4653-9c02-4520926ffa40: does not qualify; 42.2 s; peak memory 676 MiB.
2026-10-10T23:48:59Z INFO [314/729] d58de4b6-b7a6-4a72-9f88-def3ba299640: does not qualify; 0.7 s; peak memory 676 MiB.
2026-10-10T23:49:07Z INFO [315/729] d58df131-ac84-4a59-9feb-af0ae39c6df9: does not qualify; 7.2 s; peak memory 676 MiB.
2026-10-10T23:49:07Z INFO [316/729] d58f1731-14e4-408e-9cd4-570427d574a7: does not qualify; 0.8 s; peak memory 676 MiB.
2026-10-10T23:49:09Z INFO [317/729] d58f279a-330b-4956-be2a-6dde6db3d9d3: does not qualify; 1.4 s; peak memory 676 MiB.
2026-10-10T23:49:10Z INFO [318/729] d58f29f6-eeca-4a0f-8ed8-1ade949a77f2: does not qualify; 1.1 s; peak memory 676 MiB.
2026-10-10T23:49:11Z INFO [319/729] d58f5d9e-ca9e-4c25-ab3d-bd01809c63fb: does not qualify; 1.1 s; peak memory 676 MiB.
2026-10-10T23:49:12Z INFO [320/729] d5913ab7-39a4-48e4-a9e6-b0d5b4c2f91e: does not qualify; 1.1 s; peak memory 676 MiB.
2026-10-10T23:49:14Z INFO [321/729] d592520d-2f64-462b-851d-39576fc2b2ea: does not qualify; 1.6 s; peak memory 676 MiB.
2026-10-10T23:49:15Z INFO [322/729] d5927e1c-ec6c-4e88-b312-0f02fae71e8b: does not qualify; 1.0 s; peak memory 676 MiB.
2026-10-10T23:49:19Z INFO [323/729] d594e4ce-2252-4880-8b72-d26bb1068512: does not qualify; 4.2 s; peak memory 676 MiB.
2026-10-10T23:49:25Z INFO [324/729] d595d422-aa3b-4c8f-a8a8-d9fdcc150d10: does not qualify; 6.5 s; peak memory 676 MiB.
2026-10-10T23:49:26Z INFO [325/729] d5960119-e7bd-4958-9d3b-ad5517c2c9e8: does not qualify; 0.8 s; peak memory 676 MiB.
2026-10-10T23:49:27Z INFO [326/729] d5961451-befc-4b22-97f6-ff4dfd0a9657: does not qualify; 0.8 s; peak memory 676 MiB.
2026-10-10T23:49:28Z INFO [327/729] d5972d48-7cff-4b9d-a01e-78db7a3fd90c: does not qualify; 1.0 s; peak memory 676 MiB.
2026-10-10T23:49:29Z INFO [328/729] d598266d-d60b-4496-9bab-a8ffc131e824: does not qualify; 0.9 s; peak memory 676 MiB.
2026-10-10T23:49:30Z INFO [329/729] d598eebc-0d51-4906-a568-f6bd33786423: does not qualify; 1.2 s; peak memory 676 MiB.
2026-10-10T23:49:35Z INFO [330/729] d5996bf2-9fae-48b6-97cf-30f1c94de5ea: does not qualify; 4.7 s; peak memory 676 MiB.
2026-10-10T23:49:41Z INFO [331/729] d59977df-d17c-449f-9f47-50ae45d139f3: does not qualify; 5.7 s; peak memory 676 MiB.
2026-10-10T23:49:42Z INFO [332/729] d599d4e4-b6ec-44c3-bb06-3d6b22ec5104: does not qualify; 1.2 s; peak memory 676 MiB.
2026-10-10T23:49:43Z INFO [333/729] d59a339f-71fd-485d-ac00-bb38dbdb8c11: does not qualify; 1.0 s; peak memory 676 MiB.
2026-10-10T23:49:44Z INFO [334/729] d59b4c2a-9e1c-476f-af89-3f7295e30ae5: does not qualify; 1.4 s; peak memory 676 MiB.
2026-10-10T23:49:46Z INFO [335/729] d59ba018-07fb-4740-bb09-662f10b6e7e5: does not qualify; 1.8 s; peak memory 676 MiB.
2026-10-10T23:49:51Z INFO [336/729] d59bb040-82aa-41ba-8b71-bff36fa9da92: does not qualify; 4.7 s; peak memory 676 MiB.
2026-10-10T23:49:51Z INFO [337/729] d59d7f0a-3ac6-45c9-be3b-d16d0360e7e9: does not qualify; 0.7 s; peak memory 676 MiB.
2026-10-10T23:49:52Z INFO [338/729] d59dab30-9122-4f96-86c7-fb20db61c94f: does not qualify; 1.1 s; peak memory 676 MiB.
2026-10-10T23:49:53Z INFO [339/729] d59dff1a-28cb-4e63-bd40-2fa52e201af8: does not qualify; 0.7 s; peak memory 676 MiB.
2026-10-10T23:49:54Z INFO [340/729] d59e20fd-694d-4e18-a845-5cb377763402: does not qualify; 1.2 s; peak memory 676 MiB.
2026-10-10T23:49:56Z INFO [341/729] d59e9684-e345-4d25-989a-0b875806235a: does not qualify; 1.9 s; peak memory 676 MiB.
2026-10-10T23:49:57Z INFO [342/729] d59edd8c-6a5f-481a-a793-cd005de574a8: does not qualify; 0.9 s; peak memory 676 MiB.
2026-10-10T23:50:02Z INFO [343/729] d59ef020-50ff-4a9d-9f4b-be0543af45f2: does not qualify; 5.3 s; peak memory 676 MiB.
2026-10-10T23:50:04Z INFO [344/729] d59f4773-7141-4280-97e0-0cdb68c059c6: does not qualify; 1.2 s; peak memory 676 MiB.
2026-10-10T23:50:09Z INFO [345/729] d59fb716-7b5d-4912-afc8-93670f5d1076: does not qualify; 5.1 s; peak memory 676 MiB.
2026-10-10T23:50:10Z INFO [346/729] d59fe045-8812-4a6a-9d47-f6acb5218044: does not qualify; 1.4 s; peak memory 676 MiB.
2026-10-10T23:50:11Z INFO [347/729] d5a050e7-0a13-49ce-9014-0a79f3c2d0bc: does not qualify; 1.1 s; peak memory 676 MiB.
2026-10-10T23:50:12Z INFO [348/729] d5a1581f-dec6-4992-a826-645570a22ecb: does not qualify; 1.2 s; peak memory 676 MiB.
2026-10-10T23:50:14Z INFO [349/729] d5a321ef-145f-4241-a98d-6d6695adcd7c: does not qualify; 1.6 s; peak memory 676 MiB.
2026-10-10T23:50:20Z INFO [350/729] d5a4b468-1d63-4e95-9041-b66dc67da362: does not qualify; 5.8 s; peak memory 676 MiB.
2026-10-10T23:50:20Z INFO [350/729] d5a4b468-1d63-4e95-9041-b66dc67da362: checkpointed 131742 new records.
2026-10-10T23:50:21Z INFO [351/729] d5a506a3-6feb-4cee-b51e-c7d52f6f5888: does not qualify; 1.0 s; peak memory 676 MiB.
2026-10-10T23:50:26Z INFO [352/729] d5a51f8f-c25c-4a5b-a912-b913711b19c5: does not qualify; 4.8 s; peak memory 676 MiB.
2026-10-10T23:50:27Z INFO [353/729] d5a533de-ede4-41bb-af12-9ef4b3c9d6d3: does not qualify; 1.1 s; peak memory 676 MiB.
2026-10-10T23:50:28Z INFO [354/729] d5a59946-4c42-4a20-ba73-acdf59c398dc: does not qualify; 1.0 s; peak memory 676 MiB.
2026-10-10T23:50:29Z INFO [355/729] d5a63551-2ddc-413a-8083-b40cae8c9f60: does not qualify; 0.9 s; peak memory 676 MiB.
2026-10-10T23:50:30Z INFO [356/729] d5a6bbdf-ba23-413b-9f4c-614c5f300b17: does not qualify; 1.1 s; peak memory 676 MiB.
2026-10-10T23:50:31Z INFO [357/729] d5a6e656-9dba-4f33-a1e3-0de0fd618581: does not qualify; 1.5 s; peak memory 676 MiB.
2026-10-10T23:50:32Z INFO [358/729] d5a7002b-43ac-4aeb-8985-fa2083a73b08: does not qualify; 1.1 s; peak memory 676 MiB.
2026-10-10T23:50:33Z INFO [359/729] d5a7740f-affc-48ef-932a-2e389e1338ca: does not qualify; 0.9 s; peak memory 676 MiB.
2026-10-10T23:50:35Z INFO [360/729] d5a79bf0-8527-4a6d-a199-61bdd3914167: does not qualify; 1.4 s; peak memory 676 MiB.
2026-10-10T23:50:36Z INFO [361/729] d5a7ea01-ce2b-4179-acfb-730124c4a04b: does not qualify; 0.8 s; peak memory 676 MiB.
2026-10-10T23:50:36Z INFO [362/729] d5a805f0-aaf9-45db-be40-fced85c97fe4: does not qualify; 0.9 s; peak memory 676 MiB.
2026-10-10T23:50:37Z INFO [363/729] d5a925ff-e531-4732-a4a3-5846477031ee: does not qualify; 1.0 s; peak memory 676 MiB.
2026-10-10T23:50:42Z INFO [364/729] d5a97a7c-ea3a-4fcb-8481-6df04d66eae8: does not qualify; 4.2 s; peak memory 676 MiB.
2026-10-10T23:50:43Z INFO [365/729] d5abc080-3b95-4823-b339-f3e614819d99: does not qualify; 1.7 s; peak memory 676 MiB.
2026-10-10T23:50:46Z INFO [366/729] d5abc670-a5b2-4e8a-9304-e7f4f87ce52e: does not qualify; 2.4 s; peak memory 676 MiB.
2026-10-10T23:50:47Z INFO [367/729] d5abec50-fa7b-4311-8a0d-e1d32ad5749d: does not qualify; 1.3 s; peak memory 676 MiB.
2026-10-10T23:50:51Z INFO [368/729] d5ac045d-4b9d-4e34-bf59-17b0708b2b36: does not qualify; 3.6 s; peak memory 676 MiB.
2026-10-10T23:50:54Z INFO [369/729] d5acec0b-0f57-4328-91f1-676a720288b6: does not qualify; 3.1 s; peak memory 676 MiB.
2026-10-10T23:50:55Z INFO [370/729] d5acefbe-3ec8-46fe-bb1f-cc499429644e: does not qualify; 0.7 s; peak memory 676 MiB.
2026-10-10T23:50:55Z INFO [371/729] d5ad6eb1-3f77-452b-b86d-ba15c7682ce7: does not qualify; 0.8 s; peak memory 676 MiB.
2026-10-10T23:50:58Z INFO [372/729] d5af527d-09d9-4cde-86bc-2323bd00b4a9: does not qualify; 2.2 s; peak memory 676 MiB.
2026-10-10T23:50:59Z INFO [373/729] d5afc0cc-8814-4dbd-ae2f-1d474893d2be: does not qualify; 1.1 s; peak memory 676 MiB.
2026-10-10T23:51:00Z INFO [374/729] d5b11745-d5fe-4d35-9be6-cf716562a5fd: does not qualify; 0.9 s; peak memory 676 MiB.
2026-10-10T23:51:10Z INFO [375/729] d5b14952-d4da-4e61-bc0e-8e453c9b1e59: does not qualify; 10.2 s; peak memory 676 MiB.
2026-10-10T23:51:11Z INFO [376/729] d5b1b1df-9620-4120-b076-402a8f23eb2b: does not qualify; 1.1 s; peak memory 676 MiB.
2026-10-10T23:51:12Z INFO [377/729] d5b22867-2f42-466e-9f69-41b10caa3c84: does not qualify; 1.1 s; peak memory 676 MiB.
2026-10-10T23:51:14Z INFO [378/729] d5b25fee-3fa4-4874-909f-9bd71fb869d0: does not qualify; 2.0 s; peak memory 676 MiB.
2026-10-10T23:51:15Z INFO [379/729] d5b5f603-0034-4d0b-a665-5d780b8b8b99: does not qualify; 1.1 s; peak memory 676 MiB.
2026-10-10T23:51:16Z INFO [380/729] d5b68427-0f8e-4bc4-ad37-2cf5861e3565: does not qualify; 0.8 s; peak memory 676 MiB.
2026-10-10T23:51:17Z INFO [381/729] d5b7a3ba-13b0-4098-b4e0-fd6df8e0e649: does not qualify; 1.1 s; peak memory 676 MiB.
2026-10-10T23:51:18Z INFO [382/729] d5b7eebf-7694-4731-ae5e-81b3616fdc48: does not qualify; 1.1 s; peak memory 676 MiB.
2026-10-10T23:51:19Z INFO [383/729] d5b82786-17fe-485c-9e5d-f63b774ac9ea: does not qualify; 1.0 s; peak memory 676 MiB.
2026-10-10T23:51:20Z INFO [384/729] d5b872f9-6e36-4689-8d35-b99820c27ff0: does not qualify; 1.2 s; peak memory 676 MiB.
2026-10-10T23:51:25Z INFO [385/729] d5b96388-bdd1-40d1-a813-82cb6eca4e98: does not qualify; 4.5 s; peak memory 676 MiB.
2026-10-10T23:51:25Z INFO [386/729] d5baaa48-8107-4062-99fd-12ef4c9b5c76: does not qualify; 0.9 s; peak memory 676 MiB.
2026-10-10T23:51:32Z INFO [387/729] d5baac32-48c2-43a5-bfe1-6b9d5f10ef13: does not qualify; 6.6 s; peak memory 676 MiB.
2026-10-10T23:51:35Z INFO [388/729] d5baaf24-0205-4205-9c0b-83626446ce2e: does not qualify; 2.7 s; peak memory 676 MiB.
2026-10-10T23:51:36Z INFO [389/729] d5bb1fec-e0ac-4036-8507-3625fc0213fd: does not qualify; 1.3 s; peak memory 676 MiB.
2026-10-10T23:51:37Z INFO [390/729] d5bb22f1-7844-4cbb-9d48-e679e87db12f: does not qualify; 0.8 s; peak memory 676 MiB.
2026-10-10T23:51:38Z INFO [391/729] d5bcfd84-6c58-40cc-9402-e1ce1b369161: does not qualify; 1.2 s; peak memory 676 MiB.
2026-10-10T23:51:39Z INFO [392/729] d5bd0d48-6109-422b-b4bf-1ff237414af5: does not qualify; 0.7 s; peak memory 676 MiB.
2026-10-10T23:51:40Z INFO [393/729] d5bd3fba-2d1a-457d-ae88-b87f179e8495: does not qualify; 0.8 s; peak memory 676 MiB.
2026-10-10T23:51:41Z INFO [394/729] d5bd5296-8f3b-4cae-8580-53a12c995a9e: does not qualify; 1.2 s; peak memory 676 MiB.
2026-10-10T23:51:42Z INFO [395/729] d5bd7068-3764-4452-bc9b-8917beea05c5: does not qualify; 0.9 s; peak memory 676 MiB.
2026-10-10T23:51:43Z INFO [396/729] d5be88e4-4da1-4dfd-81a9-1383ed2fa588: does not qualify; 1.0 s; peak memory 676 MiB.
2026-10-10T23:51:44Z INFO [397/729] d5bff125-9735-4068-8f43-c780f0bbd87e: does not qualify; 1.2 s; peak memory 676 MiB.
2026-10-10T23:51:45Z INFO [398/729] d5c11b05-443c-40c8-a268-843935d9f28d: does not qualify; 1.2 s; peak memory 676 MiB.
2026-10-10T23:51:48Z INFO [399/729] d5c12c3d-219c-411e-9910-6afa31f64849: does not qualify; 3.0 s; peak memory 676 MiB.
2026-10-10T23:51:50Z INFO [400/729] d5c130cb-372a-48fb-90d0-6fe857591c25: does not qualify; 1.6 s; peak memory 676 MiB.
2026-10-10T23:51:50Z INFO [400/729] d5c130cb-372a-48fb-90d0-6fe857591c25: checkpointed 131792 new records.
2026-10-10T23:51:51Z INFO [401/729] d5c18559-4f44-4695-a4bd-e29322007fe6: does not qualify; 1.3 s; peak memory 676 MiB.
2026-10-10T23:51:52Z INFO [402/729] d5c2275e-0d99-461f-b05f-5b6076e8756b: does not qualify; 1.2 s; peak memory 676 MiB.
2026-10-10T23:51:54Z INFO [403/729] d5c2c67a-8040-4bae-9a8d-00968345546a: does not qualify; 1.3 s; peak memory 676 MiB.
2026-10-10T23:51:56Z INFO [404/729] d5c3863b-1d81-4d1e-88ee-484a2c7994ca: does not qualify; 2.0 s; peak memory 676 MiB.
2026-10-10T23:51:57Z INFO [405/729] d5c39ea3-74d1-4cfc-96ee-d92d976f104c: does not qualify; 1.3 s; peak memory 676 MiB.
2026-10-10T23:51:58Z INFO [406/729] d5c474e8-8fa0-4592-a9d5-c126836558fc: does not qualify; 1.0 s; peak memory 676 MiB.
2026-10-10T23:51:59Z INFO [407/729] d5c50b70-76cc-48c6-b432-7e3bfbffba93: does not qualify; 1.0 s; peak memory 676 MiB.
2026-10-10T23:52:00Z INFO [408/729] d5c53ac1-ae1e-4832-802f-127e3ee6c487: does not qualify; 0.9 s; peak memory 676 MiB.
2026-10-10T23:52:04Z INFO [409/729] d5c60f10-21ad-449b-a7ba-d31d857f3214: does not qualify; 4.2 s; peak memory 676 MiB.
2026-10-10T23:52:05Z INFO [410/729] d5c71b2d-4a0f-4f52-84fe-d3754eeb2030: does not qualify; 0.9 s; peak memory 676 MiB.
2026-10-10T23:52:06Z INFO [411/729] d5c72489-5345-4187-9287-67abcf4fa552: does not qualify; 1.0 s; peak memory 676 MiB.
2026-10-10T23:52:07Z INFO [412/729] d5c7424a-0a04-456b-8321-feb0df0fee67: does not qualify; 0.8 s; peak memory 676 MiB.
2026-10-10T23:52:08Z INFO [413/729] d5c75909-7e47-4dda-bd6b-83af57af0a00: does not qualify; 0.9 s; peak memory 676 MiB.
2026-10-10T23:52:16Z INFO [414/729] d5c7b7c6-3439-4c39-94a7-f2bd7ea606bf: does not qualify; 8.6 s; peak memory 676 MiB.
2026-10-10T23:52:18Z INFO [415/729] d5c7ea6b-fefd-4277-bbd9-a537e4073f43: does not qualify; 1.4 s; peak memory 676 MiB.
2026-10-10T23:52:23Z INFO [416/729] d5c8d213-c2cf-4474-9ccc-c1a0374f1892: does not qualify; 5.2 s; peak memory 676 MiB.
2026-10-10T23:52:24Z INFO [417/729] d5c9261a-5a0d-4080-b5d0-ed9dde4ac416: does not qualify; 0.8 s; peak memory 676 MiB.
2026-10-10T23:52:25Z INFO [418/729] d5cb59bf-13f9-41ad-8f96-0f1f391025dc: does not qualify; 0.9 s; peak memory 676 MiB.
2026-10-10T23:52:26Z INFO [419/729] d5cc9db5-0bc4-4a92-b59f-48ec1a79faa5: does not qualify; 0.9 s; peak memory 676 MiB.
2026-10-10T23:52:27Z INFO [420/729] d5ce6653-17e8-4811-9afb-19e19adb7eba: does not qualify; 1.0 s; peak memory 676 MiB.
2026-10-10T23:52:28Z INFO [421/729] d5cf1123-e25d-4c5c-8dda-e698b8b4ffab: does not qualify; 1.0 s; peak memory 676 MiB.
2026-10-10T23:52:38Z INFO [422/729] d5cf1a20-fcaa-4d1c-b7f7-e1b54188dd90: does not qualify; 10.6 s; peak memory 676 MiB.
2026-10-10T23:52:39Z INFO [423/729] d5cfafee-585d-436b-8ce5-b2f2fa3d14fa: does not qualify; 0.8 s; peak memory 676 MiB.
2026-10-10T23:52:40Z INFO [424/729] d5cfc1ac-3b16-403d-ab4a-f5f0b3557907: does not qualify; 0.7 s; peak memory 676 MiB.
2026-10-10T23:52:41Z INFO [425/729] d5d0dced-aafa-4baf-9369-d15ab72b0d0a: does not qualify; 1.3 s; peak memory 676 MiB.
2026-10-10T23:52:47Z INFO [426/729] d5d0e113-c6be-42b2-8a45-4322c75dd3b0: does not qualify; 6.5 s; peak memory 676 MiB.
2026-10-10T23:52:49Z INFO [427/729] d5d1577b-2121-4d81-bba4-4cbe14622ba8: does not qualify; 1.2 s; peak memory 676 MiB.
2026-10-10T23:52:50Z INFO [428/729] d5d1acb0-33b5-495a-b442-d62fb3541520: does not qualify; 0.8 s; peak memory 676 MiB.
2026-10-10T23:52:50Z INFO [429/729] d5d1c66d-1584-4ac8-9947-9c71ab3ecbcf: does not qualify; 0.9 s; peak memory 676 MiB.
2026-10-10T23:52:51Z INFO [430/729] d5d1d6ea-2dff-47d7-a8bc-d7062c2d609a: does not qualify; 0.7 s; peak memory 676 MiB.
2026-10-10T23:52:53Z INFO [431/729] d5d30e75-7718-478c-976b-ee8d9081db11: does not qualify; 1.8 s; peak memory 676 MiB.
2026-10-10T23:52:55Z INFO [432/729] d5d35745-9a54-410d-9639-66e7a8c55911: does not qualify; 1.7 s; peak memory 676 MiB.
2026-10-10T23:52:57Z INFO [433/729] d5d39342-7365-4a19-a4d1-d678a40d9d5e: does not qualify; 2.4 s; peak memory 676 MiB.
2026-10-10T23:52:59Z INFO [434/729] d5d3b6d6-9060-4f42-967d-5ff189d464f9: does not qualify; 2.3 s; peak memory 676 MiB.
2026-10-10T23:53:04Z INFO [435/729] d5d5d5c3-ba07-41b1-99a0-ce58c8de9f94: does not qualify; 4.4 s; peak memory 676 MiB.
2026-10-10T23:53:04Z INFO [436/729] d5d67cf3-a6f9-497d-871c-3589b0321711: does not qualify; 0.8 s; peak memory 676 MiB.
2026-10-10T23:53:05Z INFO [437/729] d5d6cfef-0015-4b0f-9d7d-4bde146f8e41: does not qualify; 0.9 s; peak memory 676 MiB.
2026-10-10T23:53:06Z INFO [438/729] d5d731ce-7b66-487f-850e-ad72941ae45c: does not qualify; 0.8 s; peak memory 676 MiB.
2026-10-10T23:53:08Z INFO [439/729] d5d889ca-208a-488f-97b6-f4bc64185a26: does not qualify; 2.4 s; peak memory 676 MiB.
2026-10-10T23:53:09Z INFO [440/729] d5d8a525-386b-41f8-81dd-28838c7891db: does not qualify; 1.0 s; peak memory 676 MiB.
2026-10-10T23:53:11Z INFO [441/729] d5db23d7-bf95-4851-9143-0a727d848f5a: does not qualify; 1.1 s; peak memory 676 MiB.
2026-10-10T23:53:11Z INFO [442/729] d5db9c14-9f1a-4bc6-8030-e494d5a05915: does not qualify; 0.7 s; peak memory 676 MiB.
2026-10-10T23:53:12Z INFO [443/729] d5dbe6f1-3aad-4b5e-b55d-d78acdc6203a: does not qualify; 0.8 s; peak memory 676 MiB.
2026-10-10T23:53:19Z INFO [444/729] d5ddf42a-7b6e-4e40-bfb2-488594b3827f: does not qualify; 6.9 s; peak memory 676 MiB.
2026-10-10T23:53:20Z INFO [445/729] d5de4e8a-680f-401e-94e4-eca55e893ffe: does not qualify; 0.6 s; peak memory 676 MiB.
2026-10-10T23:53:22Z INFO [446/729] d5de8304-2725-433b-820d-4b9e80711fe1: does not qualify; 2.2 s; peak memory 676 MiB.
2026-10-10T23:53:23Z INFO [447/729] d5decd2a-31f4-425e-aaf1-c7c466a4f4e7: does not qualify; 1.0 s; peak memory 676 MiB.
2026-10-10T23:53:24Z INFO [448/729] d5dee821-e09a-4c0b-b46a-9934873fa8d8: does not qualify; 0.8 s; peak memory 676 MiB.
2026-10-10T23:53:27Z INFO [449/729] d5df3bd9-857d-441f-87f4-9ec0db9a88f4: does not qualify; 3.5 s; peak memory 676 MiB.
2026-10-10T23:53:29Z INFO [450/729] d5dffb53-e22a-468e-a41b-54cf60d4fdd8: does not qualify; 2.0 s; peak memory 676 MiB.
2026-10-10T23:53:29Z INFO [450/729] d5dffb53-e22a-468e-a41b-54cf60d4fdd8: checkpointed 131842 new records.
2026-10-10T23:53:31Z INFO [451/729] d5e0d43d-cbc9-4ce8-8b29-7e6b8877bf84: does not qualify; 1.2 s; peak memory 676 MiB.
2026-10-10T23:53:31Z INFO [452/729] d5e1b384-5a87-4771-846c-543d6b8fdc83: does not qualify; 0.9 s; peak memory 676 MiB.
2026-10-10T23:53:32Z INFO [453/729] d5e28cae-0297-4191-9a4c-ebcb6b91fc92: does not qualify; 1.0 s; peak memory 676 MiB.
2026-10-10T23:53:39Z INFO [454/729] d5e2fc7a-a128-4b61-82e8-3448d964e8e2: qualifies; 6.6 s; peak memory 676 MiB.
2026-10-10T23:53:40Z INFO [455/729] d5e39ca9-3a3d-4af3-a9f6-db7f11c69caf: does not qualify; 1.0 s; peak memory 676 MiB.
2026-10-10T23:53:41Z INFO [456/729] d5e43e37-36bf-47bf-99ad-bd8bb7275c03: does not qualify; 0.8 s; peak memory 676 MiB.
2026-10-10T23:53:42Z INFO [457/729] d5e46e3d-cb4a-42cd-9aa7-abf5f9ab66cf: does not qualify; 1.0 s; peak memory 676 MiB.
2026-10-10T23:53:43Z INFO [458/729] d5e5eefd-33ae-4545-84e0-7189c42e653c: does not qualify; 0.8 s; peak memory 676 MiB.
2026-10-10T23:53:44Z INFO [459/729] d5e65a98-59cd-4419-9c8f-86331d7a88ff: does not qualify; 0.8 s; peak memory 676 MiB.
2026-10-10T23:53:47Z INFO [460/729] d5e68803-3733-4754-8c82-0f0812eb8d5e: does not qualify; 3.1 s; peak memory 676 MiB.
2026-10-10T23:53:48Z INFO [461/729] d5e77532-23c7-4ca0-adc4-5459167b0e6f: does not qualify; 1.9 s; peak memory 676 MiB.
2026-10-10T23:53:50Z INFO [462/729] d5e83b53-6144-4be8-82a4-e224e9ac206f: does not qualify; 1.4 s; peak memory 676 MiB.
2026-10-10T23:53:51Z INFO [463/729] d5e96fb3-43a8-4a07-b618-f7f72c8bd60b: does not qualify; 0.9 s; peak memory 676 MiB.
2026-10-10T23:53:52Z INFO [464/729] d5ea77e9-85db-4666-b7b1-6d259bba733d: does not qualify; 1.2 s; peak memory 676 MiB.
2026-10-10T23:53:53Z INFO [465/729] d5eb64da-7c7b-40d9-867f-95c176a31449: does not qualify; 0.7 s; peak memory 676 MiB.
2026-10-10T23:53:58Z INFO [466/729] d5ebecf9-9036-4e8a-970d-58d22005f7b3: does not qualify; 5.5 s; peak memory 676 MiB.
2026-10-10T23:54:05Z INFO [467/729] d5ecb390-586c-4f62-a836-ec2db889bf90: does not qualify; 7.0 s; peak memory 676 MiB.
2026-10-10T23:54:17Z INFO [468/729] d5eda885-0cf5-457b-9927-7c1296d50681: does not qualify; 11.4 s; peak memory 676 MiB.
2026-10-10T23:54:18Z INFO [469/729] d5ee64ea-63fb-4557-9f59-a2fa765ac72d: does not qualify; 0.9 s; peak memory 676 MiB.
2026-10-10T23:54:19Z INFO [470/729] d5ee9e91-fc0e-4abf-8e59-e1732ff96ecd: does not qualify; 1.5 s; peak memory 676 MiB.
2026-10-10T23:54:20Z INFO [471/729] d5ef2eea-90c5-4844-98c4-28ee49f87d08: does not qualify; 0.9 s; peak memory 676 MiB.
2026-10-10T23:54:26Z INFO [472/729] d5f02b72-78ff-4794-a950-ebdc409cd1f6: does not qualify; 5.5 s; peak memory 676 MiB.
2026-10-10T23:54:27Z INFO [473/729] d5f0a2a9-3449-46a9-8240-c967a655ec62: does not qualify; 1.1 s; peak memory 676 MiB.
2026-10-10T23:54:28Z INFO [474/729] d5f0c01a-c558-44c5-85f7-de3c5fef0d9e: does not qualify; 1.4 s; peak memory 676 MiB.
2026-10-10T23:54:29Z INFO [475/729] d5f11a63-4458-4f38-9f86-9bceef4167e5: does not qualify; 0.8 s; peak memory 676 MiB.
2026-10-10T23:54:33Z INFO [476/729] d5f12a83-666c-42bd-b94b-b1b3c6869889: does not qualify; 4.4 s; peak memory 676 MiB.
2026-10-10T23:54:36Z INFO [477/729] d5f18f6e-c6b1-47d9-b769-47708656f16f: does not qualify; 2.8 s; peak memory 676 MiB.
2026-10-10T23:54:38Z INFO [478/729] d5f3c2e9-d849-4a78-a6af-6bdc463e9587: does not qualify; 1.9 s; peak memory 676 MiB.
2026-10-10T23:54:39Z INFO [479/729] d5f3ee1b-991b-4e8d-ae5e-5a06866c83c0: does not qualify; 0.9 s; peak memory 676 MiB.
2026-10-10T23:54:40Z INFO [480/729] d5f431a0-10f4-4bc2-ab7c-43aa7795b51d: does not qualify; 1.2 s; peak memory 676 MiB.
2026-10-10T23:54:41Z INFO [481/729] d5f4548c-2629-4e08-8dd7-c881a4ef68d0: does not qualify; 1.3 s; peak memory 676 MiB.
2026-10-10T23:54:42Z INFO [482/729] d5f481de-c931-415c-ba2e-6217e3146938: does not qualify; 1.0 s; peak memory 676 MiB.
2026-10-10T23:54:45Z INFO [483/729] d5f4f8ae-6b25-42f5-92ba-de0ac022a664: does not qualify; 2.3 s; peak memory 676 MiB.
2026-10-10T23:54:46Z INFO [484/729] d5f5e05e-ffb2-4b5c-a5ee-1bc864be79e2: does not qualify; 1.2 s; peak memory 676 MiB.
2026-10-10T23:54:47Z INFO [485/729] d5f5f975-8bb3-40a0-9d14-3853fde20ede: does not qualify; 0.7 s; peak memory 676 MiB.
2026-10-10T23:54:48Z INFO [486/729] d5f62cc3-129c-4cca-8401-7098c0b77cdd: does not qualify; 0.9 s; peak memory 676 MiB.
2026-10-10T23:54:49Z INFO [487/729] d5f6906c-8c8b-4040-a509-7ef6d210b53b: does not qualify; 1.0 s; peak memory 676 MiB.
2026-10-10T23:54:49Z INFO [488/729] d5f71dfb-adc0-4f2b-8d20-0fb2b94d16ca: does not qualify; 0.8 s; peak memory 676 MiB.
2026-10-10T23:54:50Z INFO [489/729] d5f9fcff-b62c-4fdf-8c7e-0aa6d773fdf7: does not qualify; 1.0 s; peak memory 676 MiB.
2026-10-10T23:54:52Z INFO [490/729] d5fa48e7-600c-4fe2-ace0-2055504c9486: does not qualify; 1.9 s; peak memory 676 MiB.
2026-10-10T23:54:54Z INFO [491/729] d5fa91d1-d501-4ac0-870d-8d31631927b2: does not qualify; 1.7 s; peak memory 676 MiB.
2026-10-10T23:54:55Z INFO [492/729] d5faf903-a1d5-4ced-bd68-7821471b5b1a: does not qualify; 1.1 s; peak memory 676 MiB.
2026-10-10T23:54:56Z INFO [493/729] d5fb4d73-1132-4ea5-beaa-d79b40e2bd79: does not qualify; 0.8 s; peak memory 676 MiB.
2026-10-10T23:54:59Z INFO [494/729] d5fbd6a5-3a19-44fc-a1d6-df7802aea1ab: does not qualify; 2.8 s; peak memory 676 MiB.
2026-10-10T23:55:00Z INFO [495/729] d5fce16d-adc3-45be-99cb-3dc780927255: does not qualify; 1.5 s; peak memory 676 MiB.
2026-10-10T23:55:08Z INFO [496/729] d5fcfb63-14ce-4221-ae7a-d2d2b01c2de1: does not qualify; 7.7 s; peak memory 676 MiB.
2026-10-10T23:55:09Z INFO [497/729] d5fd47b4-e38f-4d3a-adfe-5d899005d305: does not qualify; 1.3 s; peak memory 676 MiB.
2026-10-10T23:55:11Z INFO [498/729] d5fdd97f-214b-4b5a-8489-cef68cfe51a9: does not qualify; 1.7 s; peak memory 676 MiB.
2026-10-10T23:55:12Z INFO [499/729] d5fe1d23-4428-40a4-a8f0-1784fe62b753: does not qualify; 0.9 s; peak memory 676 MiB.
2026-10-10T23:55:13Z INFO [500/729] d5fe48ad-abbd-4cfc-a45b-f0ad64b3ad4f: does not qualify; 0.9 s; peak memory 676 MiB.
2026-10-10T23:55:13Z INFO [500/729] d5fe48ad-abbd-4cfc-a45b-f0ad64b3ad4f: checkpointed 131892 new records.
2026-10-10T23:55:14Z INFO [501/729] d5fe6f45-a96e-4e01-86fa-31429e802c93: does not qualify; 0.8 s; peak memory 676 MiB.
2026-10-10T23:55:15Z INFO [502/729] d5fec105-ac2e-41a1-a5b5-7ae49ee281e8: does not qualify; 0.9 s; peak memory 676 MiB.
2026-10-10T23:55:17Z INFO [503/729] d5ffcfe1-ada7-4ac3-b7fb-e7d7579fc4cd: does not qualify; 2.9 s; peak memory 676 MiB.
2026-10-10T23:55:19Z INFO [504/729] d6003805-2f97-468f-86aa-6dd9c62a3069: does not qualify; 1.2 s; peak memory 676 MiB.
2026-10-10T23:55:20Z INFO [505/729] d6011297-60f0-46b3-828c-8056df0d04dc: does not qualify; 1.5 s; peak memory 676 MiB.
2026-10-10T23:55:23Z INFO [506/729] d6014255-d836-45a2-bb11-fd6321703f6f: does not qualify; 2.8 s; peak memory 676 MiB.
2026-10-10T23:55:32Z INFO [507/729] d6016fff-706c-41b0-87ee-4b3e3f61d207: does not qualify; 9.3 s; peak memory 676 MiB.
2026-10-10T23:55:38Z INFO [508/729] d601ce80-3aee-41c3-af09-247abbce84f0: does not qualify; 5.3 s; peak memory 676 MiB.
2026-10-10T23:55:39Z INFO [509/729] d601e755-972a-460b-b45d-377296f32f13: does not qualify; 1.3 s; peak memory 676 MiB.
2026-10-10T23:55:40Z INFO [510/729] d602374b-226a-4ff2-b844-231d4c256b46: does not qualify; 1.2 s; peak memory 676 MiB.
2026-10-10T23:55:42Z INFO [511/729] d6023fb9-7114-4284-884f-f7331968d19c: does not qualify; 1.9 s; peak memory 676 MiB.
2026-10-10T23:55:43Z INFO [512/729] d6032687-7221-4897-b13b-8cd23dec0828: does not qualify; 1.1 s; peak memory 676 MiB.
2026-10-10T23:55:47Z INFO [513/729] d6034b16-e61f-4099-87c4-4e0c82c70494: does not qualify; 3.8 s; peak memory 676 MiB.
2026-10-10T23:55:49Z INFO [514/729] d6035b05-a909-4a08-a74e-2e740f4c8b53: qualifies; 2.6 s; peak memory 676 MiB.
2026-10-10T23:55:50Z INFO [515/729] d6039f90-607c-49f7-ad23-1381cb88afee: does not qualify; 1.0 s; peak memory 676 MiB.
2026-10-10T23:55:51Z INFO [516/729] d603c504-ed8f-404b-a233-6ead230256ad: does not qualify; 1.0 s; peak memory 676 MiB.
2026-10-10T23:55:53Z INFO [517/729] d60432eb-7ee2-4f54-aa68-6416e7ea0628: does not qualify; 1.1 s; peak memory 676 MiB.
2026-10-10T23:55:54Z INFO [518/729] d6050d0c-7dd9-477c-b152-debe4e5351ed: does not qualify; 0.9 s; peak memory 676 MiB.
2026-10-10T23:55:55Z INFO [519/729] d6074b4c-1a10-44c8-8d0e-deb906cf8d88: does not qualify; 1.2 s; peak memory 676 MiB.
2026-10-10T23:55:57Z INFO [520/729] d60763e3-ad81-4176-b45a-0d458b659f8d: does not qualify; 1.8 s; peak memory 676 MiB.
2026-10-10T23:55:57Z INFO [521/729] d607cbef-916f-449f-9e36-43507a9e45b0: does not qualify; 0.7 s; peak memory 676 MiB.
2026-10-10T23:55:58Z INFO [522/729] d6090aaf-ca7e-4e07-a17c-b5b1e571d19d: does not qualify; 0.9 s; peak memory 676 MiB.
2026-10-10T23:55:59Z INFO [523/729] d6096e78-47ee-4cdb-b608-d63c694c5e0e: does not qualify; 0.9 s; peak memory 676 MiB.
2026-10-10T23:56:00Z INFO [524/729] d60a6f4c-3fe8-49eb-b464-40b243bbfcf4: does not qualify; 1.2 s; peak memory 676 MiB.
2026-10-10T23:56:03Z INFO [525/729] d60ae844-7f67-4bee-97c5-3d09da7478b4: does not qualify; 2.7 s; peak memory 676 MiB.
2026-10-10T23:56:04Z INFO [526/729] d60b569b-8112-4213-b12c-e98c3dc77e46: does not qualify; 0.9 s; peak memory 676 MiB.
2026-10-10T23:56:05Z INFO [527/729] d60ba6e6-088e-4a93-8cdd-19e55ea33ee2: does not qualify; 0.6 s; peak memory 676 MiB.
2026-10-10T23:56:05Z INFO [528/729] d60bdc20-01bc-4d91-8757-89e0d929f019: does not qualify; 0.9 s; peak memory 676 MiB.
2026-10-10T23:56:07Z INFO [529/729] d60c54e3-01d5-4420-9ca4-45184ddd60b7: does not qualify; 1.7 s; peak memory 676 MiB.
2026-10-10T23:56:09Z INFO [530/729] d60d5952-c7ee-4c2f-907f-5d98f1d01012: does not qualify; 2.2 s; peak memory 676 MiB.
2026-10-10T23:56:10Z INFO [531/729] d60dba4e-a6cf-43dc-975e-271936e38cf3: does not qualify; 0.9 s; peak memory 676 MiB.
2026-10-10T23:56:11Z INFO [532/729] d60dfef5-3baa-4ad5-a125-ad622fd8ed3f: does not qualify; 0.9 s; peak memory 676 MiB.
2026-10-10T23:56:12Z INFO [533/729] d60e25df-8b6e-41f1-95a1-96f8af182d15: does not qualify; 0.8 s; peak memory 676 MiB.
2026-10-10T23:56:13Z INFO [534/729] d60e3e77-5d79-473e-b02a-667b59fb8697: does not qualify; 0.9 s; peak memory 676 MiB.
2026-10-10T23:56:14Z INFO [535/729] d60e6fba-a886-4381-b69a-f6737a7a795c: does not qualify; 1.2 s; peak memory 676 MiB.
2026-10-10T23:56:15Z INFO [536/729] d60e7ab4-7edb-41d3-a3ce-0296a0b2bba4: does not qualify; 1.3 s; peak memory 676 MiB.
2026-10-10T23:56:16Z INFO [537/729] d60edc56-4b58-4736-9d38-9a4ee8dece86: does not qualify; 0.7 s; peak memory 676 MiB.
2026-10-10T23:56:17Z INFO [538/729] d60f1893-a6cd-462e-a35b-bdc208550421: does not qualify; 1.2 s; peak memory 676 MiB.
2026-10-10T23:56:18Z INFO [539/729] d60f8b00-9925-4b6e-ada2-cfa58fa342f3: does not qualify; 1.3 s; peak memory 676 MiB.
2026-10-10T23:56:20Z INFO [540/729] d6101b48-c913-4a6f-9eb8-2d1faaa44f25: does not qualify; 1.1 s; peak memory 676 MiB.
2026-10-10T23:56:21Z INFO [541/729] d611c417-e100-457b-8807-b6c1c5ba442c: does not qualify; 1.1 s; peak memory 676 MiB.
2026-10-10T23:56:22Z INFO [542/729] d6127e21-ba2c-4e42-a769-5d335eb45ef6: does not qualify; 0.8 s; peak memory 676 MiB.
2026-10-10T23:59:02Z INFO [543/729] d6130555-e817-4744-98cc-f647e592a7a4: does not qualify; 160.1 s; peak memory 850 MiB.
2026-10-10T23:59:03Z INFO [544/729] d6130efa-1fd1-4d30-9c3e-5c5aa1d6d2b4: does not qualify; 1.2 s; peak memory 850 MiB.
2026-10-10T23:59:04Z INFO [545/729] d613196c-7969-4a09-a203-779e945f3748: does not qualify; 0.9 s; peak memory 850 MiB.
2026-10-10T23:59:05Z INFO [546/729] d6137844-f381-4cbd-88bd-8abe5b4ac283: does not qualify; 1.1 s; peak memory 850 MiB.
2026-10-10T23:59:07Z INFO [547/729] d613df42-b194-4ddc-af23-fe11bca0bf14: does not qualify; 2.2 s; peak memory 850 MiB.
2026-10-10T23:59:08Z INFO [548/729] d6143512-e252-4122-820a-f8d4880b3e06: does not qualify; 1.1 s; peak memory 850 MiB.
2026-10-10T23:59:09Z INFO [549/729] d614dd14-abe0-43cb-80c4-0548c2400938: does not qualify; 1.3 s; peak memory 850 MiB.
2026-10-10T23:59:15Z INFO [550/729] d61592b0-7cdc-4c8c-af8a-7b2cbd14a161: does not qualify; 5.2 s; peak memory 850 MiB.
2026-10-10T23:59:15Z INFO [550/729] d61592b0-7cdc-4c8c-af8a-7b2cbd14a161: checkpointed 131942 new records.
2026-10-10T23:59:16Z INFO [551/729] d6162f17-d3c4-4134-8d66-8532c79303ce: does not qualify; 0.8 s; peak memory 850 MiB.
2026-10-10T23:59:17Z INFO [552/729] d61694b2-feba-4115-868a-e70517c30cac: does not qualify; 1.2 s; peak memory 850 MiB.
2026-10-10T23:59:19Z INFO [553/729] d61771b0-ff92-4c9b-a2cc-690aa236f69b: does not qualify; 1.7 s; peak memory 850 MiB.
2026-10-10T23:59:23Z INFO [554/729] d617fc76-12ab-48ac-b197-b6e2cf2bf4d8: does not qualify; 4.7 s; peak memory 850 MiB.
2026-10-10T23:59:24Z INFO [555/729] d6180fb4-246f-4345-a8d5-6f6d2a2eff02: does not qualify; 1.0 s; peak memory 850 MiB.
2026-10-10T23:59:25Z INFO [556/729] d618a5d1-bb89-4c3e-806f-d366a8c26034: does not qualify; 0.8 s; peak memory 850 MiB.
2026-10-10T23:59:30Z INFO [557/729] d61aaaf4-19ac-47b6-ab11-0e3d33ebd018: does not qualify; 5.2 s; peak memory 850 MiB.
2026-10-10T23:59:31Z INFO [558/729] d61abbf2-0a9f-44a7-8c74-144078dead9c: does not qualify; 0.8 s; peak memory 850 MiB.
2026-10-10T23:59:33Z INFO [559/729] d61c3082-5e99-46a1-8d16-11f29902a1cb: does not qualify; 1.6 s; peak memory 850 MiB.
2026-10-10T23:59:33Z INFO [560/729] d61d127c-0544-4cbb-ba0e-548fead23b28: does not qualify; 0.8 s; peak memory 850 MiB.
2026-10-10T23:59:38Z INFO [561/729] d61de1f1-ccc7-481a-bf0d-57c5d040a4db: does not qualify; 4.5 s; peak memory 850 MiB.
2026-10-10T23:59:39Z INFO [562/729] d61e5ef3-0dc3-43b2-b94e-f97ead8b7d88: does not qualify; 0.9 s; peak memory 850 MiB.
2026-10-10T23:59:41Z INFO [563/729] d61e9cf9-8a39-407a-9f5e-f331b3a3b83b: does not qualify; 2.5 s; peak memory 850 MiB.
2026-10-10T23:59:43Z INFO [564/729] d61ef5ff-794d-429e-a24a-6dec6c74be6c: does not qualify; 2.0 s; peak memory 850 MiB.
2026-10-10T23:59:44Z INFO [565/729] d61f676f-3acf-4432-b7ed-a8a32c3274cf: does not qualify; 0.8 s; peak memory 850 MiB.
2026-10-10T23:59:46Z INFO [566/729] d61fb53f-e0c1-42e6-86d8-a136e8180e68: does not qualify; 1.4 s; peak memory 850 MiB.
2026-10-10T23:59:46Z INFO [567/729] d62040a9-1032-420c-8ffa-edcb208e76f4: does not qualify; 0.7 s; peak memory 850 MiB.
2026-10-10T23:59:49Z INFO [568/729] d6211f9c-deeb-48c8-93a6-4693af2b7967: does not qualify; 2.3 s; peak memory 850 MiB.
2026-10-10T23:59:50Z INFO [569/729] d6215584-c684-4d49-8dd5-b7ac734f211d: does not qualify; 0.9 s; peak memory 850 MiB.
2026-10-10T23:59:51Z INFO [570/729] d62192d2-7f42-45f4-9207-f8528452391c: does not qualify; 1.3 s; peak memory 850 MiB.
2026-10-10T23:59:52Z INFO [571/729] d621a734-ff78-4375-88ba-b4bd459685e5: does not qualify; 0.7 s; peak memory 850 MiB.
2026-10-10T23:59:59Z INFO [572/729] d621ae55-c419-45ef-b9db-393fdc77e8fc: does not qualify; 7.3 s; peak memory 850 MiB.
2026-10-11T00:00:00Z INFO [573/729] d621ed98-f9a3-419a-9735-ea41584f0590: does not qualify; 1.0 s; peak memory 850 MiB.
2026-10-11T00:00:01Z INFO [574/729] d6229f5b-d826-4285-ac34-01292f17b83e: does not qualify; 0.8 s; peak memory 850 MiB.
2026-10-11T00:00:05Z INFO [575/729] d622b7ae-7104-42fc-a1e5-ca1f2f18f3ad: does not qualify; 4.9 s; peak memory 850 MiB.
2026-10-11T00:00:07Z INFO [576/729] d623cd9f-96b9-4311-af54-c202ab276e6f: does not qualify; 1.5 s; peak memory 850 MiB.
2026-10-11T00:00:12Z INFO [577/729] d624c817-8333-4aad-be21-c99347df7496: does not qualify; 4.8 s; peak memory 850 MiB.
2026-10-11T00:00:13Z INFO [578/729] d624d08b-0fcb-42c4-9bd1-18454d1450ce: does not qualify; 0.8 s; peak memory 850 MiB.
2026-10-11T00:00:14Z INFO [579/729] d625c56c-1aca-4a49-af2c-e807d0e3afb2: does not qualify; 0.9 s; peak memory 850 MiB.
2026-10-11T00:00:15Z INFO [580/729] d6266c1c-0311-4687-b06c-f410490b79bf: does not qualify; 1.1 s; peak memory 850 MiB.
2026-10-11T00:00:15Z INFO [581/729] d6275314-6c9f-40cf-bd3e-99045bcbfc68: does not qualify; 0.6 s; peak memory 850 MiB.
2026-10-11T00:00:17Z INFO [582/729] d627ebc0-1c03-4777-99f9-c8c36cf4e183: does not qualify; 1.4 s; peak memory 850 MiB.
2026-10-11T00:00:21Z INFO [583/729] d6294b1e-7dc9-4a7e-8458-9d955ce3cd50: does not qualify; 4.7 s; peak memory 850 MiB.
2026-10-11T00:00:23Z INFO [584/729] d6298933-bf1e-4c51-9489-8796047d3303: does not qualify; 1.2 s; peak memory 850 MiB.
2026-10-11T00:00:25Z INFO [585/729] d62a3d55-5a5b-465c-ac44-8c658c69fda7: does not qualify; 1.9 s; peak memory 850 MiB.
2026-10-11T00:00:26Z INFO [586/729] d62acab7-cf55-4d81-ac7c-1090a1582528: does not qualify; 1.2 s; peak memory 850 MiB.
2026-10-11T00:00:27Z INFO [587/729] d62b5353-62b8-41a6-9cb8-73a18866a1c5: does not qualify; 1.1 s; peak memory 850 MiB.
2026-10-11T00:00:28Z INFO [588/729] d62bb4d6-4504-4d4e-bb59-f6655756b56f: does not qualify; 0.9 s; peak memory 850 MiB.
2026-10-11T00:00:29Z INFO [589/729] d62be09d-6a86-452b-bf93-c9a9d679c59e: does not qualify; 0.8 s; peak memory 850 MiB.
2026-10-11T00:00:30Z INFO [590/729] d62c8f16-16b7-4f98-bbf6-7c892054de53: does not qualify; 1.6 s; peak memory 850 MiB.
2026-10-11T00:00:31Z INFO [591/729] d62d1b83-fc9a-400e-9712-005049084f88: does not qualify; 0.7 s; peak memory 850 MiB.
2026-10-11T00:00:32Z INFO [592/729] d62d43f4-f6aa-46f5-9e14-08eaf520ffe9: does not qualify; 0.8 s; peak memory 850 MiB.
2026-10-11T00:00:32Z INFO [593/729] d62e1a96-fe10-4892-857d-450e82364369: does not qualify; 0.9 s; peak memory 850 MiB.
2026-10-11T00:00:38Z INFO [594/729] d62e1b78-15ac-40d2-8d51-2426a40d626e: does not qualify; 5.6 s; peak memory 850 MiB.
2026-10-11T00:00:40Z INFO [595/729] d62f7282-8cf9-4159-95a2-c41f437793f0: does not qualify; 1.9 s; peak memory 850 MiB.
2026-10-11T00:00:44Z INFO [596/729] d62f8c53-ab76-40e0-aedf-f1d08a47d174: does not qualify; 4.5 s; peak memory 850 MiB.
2026-10-11T00:00:45Z INFO [597/729] d63000f8-a9dd-4959-a99f-7b9007a52605: does not qualify; 0.9 s; peak memory 850 MiB.
2026-10-11T00:00:48Z INFO [598/729] d630ddf8-85fb-4e79-a3ce-738da787c534: does not qualify; 2.6 s; peak memory 850 MiB.
2026-10-11T00:00:49Z INFO [599/729] d630e26d-f6e5-4290-9dcd-ccee8a00e8e6: does not qualify; 0.8 s; peak memory 850 MiB.
2026-10-11T00:00:54Z INFO [600/729] d63108a1-e113-4330-8c1f-8080748d89c2: does not qualify; 5.7 s; peak memory 850 MiB.
2026-10-11T00:00:55Z INFO [600/729] d63108a1-e113-4330-8c1f-8080748d89c2: checkpointed 131992 new records.
2026-10-11T00:00:56Z INFO [601/729] d632619b-5899-4def-88bb-ac7a4b778385: does not qualify; 0.9 s; peak memory 850 MiB.
2026-10-11T00:00:57Z INFO [602/729] d632fb7d-dbf7-4e9e-beb6-6529ce76c6a3: does not qualify; 1.0 s; peak memory 850 MiB.
2026-10-11T00:00:58Z INFO [603/729] d6334493-88ca-4059-85f8-053b58b653de: does not qualify; 1.2 s; peak memory 850 MiB.
2026-10-11T00:00:59Z INFO [604/729] d633e70f-2c29-4f53-b07d-f2408f30bd39: does not qualify; 1.3 s; peak memory 850 MiB.
2026-10-11T00:01:03Z INFO [605/729] d6344423-4007-491a-add4-e5dc5b06e3e3: does not qualify; 3.8 s; peak memory 850 MiB.
2026-10-11T00:01:03Z INFO [606/729] d63487c9-af9f-464f-b462-93287260d692: does not qualify; 0.7 s; peak memory 850 MiB.
2026-10-11T00:01:05Z INFO [607/729] d6348969-c4db-49e8-b27b-cc7096455bd0: does not qualify; 1.3 s; peak memory 850 MiB.
2026-10-11T00:01:14Z INFO [608/729] d6353999-03e9-4b57-8753-0f81d8d25e7a: does not qualify; 9.1 s; peak memory 850 MiB.
2026-10-11T00:01:16Z INFO [609/729] d6358de6-a453-445e-9c41-eb597466d5f0: does not qualify; 1.9 s; peak memory 850 MiB.
2026-10-11T00:01:16Z INFO [610/729] d6359c80-3d7c-4090-8001-f07f971c565e: does not qualify; 0.7 s; peak memory 850 MiB.
2026-10-11T00:01:18Z INFO [611/729] d6364b73-b92b-4153-bc02-bf39d7e277f4: does not qualify; 1.2 s; peak memory 850 MiB.
2026-10-11T00:01:19Z INFO [612/729] d6365a33-025c-47e6-b339-255e60ed5ff6: does not qualify; 1.3 s; peak memory 850 MiB.
2026-10-11T00:01:20Z INFO [613/729] d636a033-f5c0-4b35-8c62-d1368a7af5cd: does not qualify; 0.8 s; peak memory 850 MiB.
2026-10-11T00:01:21Z INFO [614/729] d637e5d3-a1dc-4c1e-b18a-4e45e36fff56: does not qualify; 1.0 s; peak memory 850 MiB.
2026-10-11T00:01:22Z INFO [615/729] d6385470-6285-4d9e-997f-b7fe4d9128b0: does not qualify; 0.9 s; peak memory 850 MiB.
2026-10-11T00:01:23Z INFO [616/729] d638dada-9e51-43e2-9a26-9327b8d1a7f3: does not qualify; 1.3 s; peak memory 850 MiB.
2026-10-11T00:01:24Z INFO [617/729] d6399436-20f7-4941-901e-e51a44e6f4c2: does not qualify; 0.7 s; peak memory 850 MiB.
2026-10-11T00:01:25Z INFO [618/729] d63a24bf-8583-4454-b529-68e4c63a11d8: does not qualify; 1.2 s; peak memory 850 MiB.
2026-10-11T00:01:26Z INFO [619/729] d63a9619-80a6-412a-a7ce-f3f53e109566: does not qualify; 0.8 s; peak memory 850 MiB.
2026-10-11T00:01:26Z INFO [620/729] d63aa19d-9793-43cd-a7b1-acb5e91499f4: does not qualify; 0.7 s; peak memory 850 MiB.
2026-10-11T00:01:27Z INFO [621/729] d63aef02-9846-4afe-8adb-cc1d1ff50922: does not qualify; 1.0 s; peak memory 850 MiB.
2026-10-11T00:01:28Z INFO [622/729] d63b7182-cf64-483b-a633-eb2a7d13b4d1: does not qualify; 0.8 s; peak memory 850 MiB.
2026-10-11T00:01:29Z INFO [623/729] d63b7baa-b48c-4533-9b71-6526372334f4: does not qualify; 1.0 s; peak memory 850 MiB.
2026-10-11T00:01:30Z INFO [624/729] d63cdbc5-5c24-4fc6-a77e-6e56c40bbc65: does not qualify; 0.8 s; peak memory 850 MiB.
2026-10-11T00:01:40Z INFO [625/729] d63d1740-13a8-4bc8-809d-a976e7202579: does not qualify; 10.5 s; peak memory 850 MiB.
2026-10-11T00:01:41Z INFO [626/729] d63e05fa-3b31-4cc4-a7f1-75a9bb8c1761: does not qualify; 0.8 s; peak memory 850 MiB.
2026-10-11T00:01:45Z INFO [627/729] d63e7f77-aca8-4661-8d8d-f2180df3724f: does not qualify; 3.8 s; peak memory 850 MiB.
2026-10-11T00:01:46Z INFO [628/729] d63f6cd2-1bae-4ef4-8490-fcd26b65c7f5: does not qualify; 0.9 s; peak memory 850 MiB.
2026-10-11T00:01:47Z INFO [629/729] d63f70da-50a3-4c52-8c56-ef4f0eb7edbe: does not qualify; 1.1 s; peak memory 850 MiB.
2026-10-11T00:01:48Z INFO [630/729] d6407bac-a4a6-4de9-a3e0-5985a9a82a5f: does not qualify; 1.5 s; peak memory 850 MiB.
2026-10-11T00:01:49Z INFO [631/729] d6418fd4-57b3-45ce-b0e2-a24dfdf02e66: does not qualify; 1.1 s; peak memory 850 MiB.
2026-10-11T00:02:00Z INFO [632/729] d6436778-aefb-4a3a-ae4a-6acae4c7396e: does not qualify; 10.6 s; peak memory 850 MiB.
2026-10-11T00:02:01Z INFO [633/729] d6441f42-9282-4825-9b78-4ff751ae38a1: does not qualify; 0.7 s; peak memory 850 MiB.
2026-10-11T00:02:02Z INFO [634/729] d6448d6b-b650-415e-b33a-97a53ec4a4aa: does not qualify; 1.3 s; peak memory 850 MiB.
2026-10-11T00:02:07Z INFO [635/729] d644d4d9-88a3-4c22-82ce-648c2c8ea3a4: does not qualify; 4.7 s; peak memory 850 MiB.
2026-10-11T00:02:08Z INFO [636/729] d645384b-bbcc-4dad-a045-e2b28eb15c7b: does not qualify; 0.9 s; peak memory 850 MiB.
2026-10-11T00:02:15Z INFO [637/729] d645aaef-d129-459f-9a10-f0bdbaabbaa5: does not qualify; 7.0 s; peak memory 850 MiB.
2026-10-11T00:02:16Z INFO [638/729] d645afb6-052d-41a0-9724-e17b8d6c4a22: does not qualify; 0.9 s; peak memory 850 MiB.
2026-10-11T00:02:16Z INFO [639/729] d6489320-ddb1-41fb-a009-3c1154a8f1af: does not qualify; 0.7 s; peak memory 850 MiB.
2026-10-11T00:02:17Z INFO [640/729] d648c492-62e2-44fd-98a9-c94e383fee3f: does not qualify; 1.2 s; peak memory 850 MiB.
2026-10-11T00:02:18Z INFO [641/729] d6496a31-1a79-45e8-8f6e-026de9f0c804: does not qualify; 0.9 s; peak memory 850 MiB.
2026-10-11T00:02:19Z INFO [642/729] d64a1aaa-b76c-4f9c-aed8-60a297dffdfc: does not qualify; 0.9 s; peak memory 850 MiB.
2026-10-11T00:02:20Z INFO [643/729] d64a7424-3980-4b50-a46d-cad94752a795: does not qualify; 0.9 s; peak memory 850 MiB.
2026-10-11T00:02:21Z INFO [644/729] d64acdd0-c904-46a8-907b-df5e653bebd5: does not qualify; 0.9 s; peak memory 850 MiB.
2026-10-11T00:02:31Z INFO [645/729] d64b3453-bef1-4e39-8a60-162142a14247: does not qualify; 10.2 s; peak memory 850 MiB.
2026-10-11T00:02:32Z INFO [646/729] d64b7b6f-dba8-49d5-b31f-1884a01af078: does not qualify; 1.3 s; peak memory 850 MiB.
2026-10-11T00:02:35Z INFO [647/729] d64c0867-f57e-48d8-ac24-986cf86177e4: does not qualify; 2.8 s; peak memory 850 MiB.
2026-10-11T00:02:36Z INFO [648/729] d64cd603-d445-4b37-b903-c65310017135: does not qualify; 1.2 s; peak memory 850 MiB.
2026-10-11T00:02:37Z INFO [649/729] d64f61a0-ef02-493b-bb1f-45333a8577d3: does not qualify; 0.9 s; peak memory 850 MiB.
2026-10-11T00:02:42Z INFO [650/729] d64f8329-cba7-4e36-828b-82957f0736ce: does not qualify; 4.4 s; peak memory 850 MiB.
2026-10-11T00:02:42Z INFO [650/729] d64f8329-cba7-4e36-828b-82957f0736ce: checkpointed 132042 new records.
2026-10-11T00:02:46Z INFO [651/729] d64fab09-a261-47c6-a9ce-7297293a963b: does not qualify; 4.1 s; peak memory 850 MiB.
2026-10-11T00:02:49Z INFO [652/729] d6507cca-98a2-41ff-9c42-3806bad7508d: does not qualify; 2.7 s; peak memory 850 MiB.
2026-10-11T00:02:50Z INFO [653/729] d650bad0-7196-4b13-8e17-d05129cb24d6: does not qualify; 1.1 s; peak memory 850 MiB.
2026-10-11T00:02:51Z INFO [654/729] d6516ca1-d2a8-4696-816a-fa5c59371c41: does not qualify; 0.9 s; peak memory 850 MiB.
2026-10-11T00:02:55Z INFO [655/729] d651b9de-4f7e-4b85-ad30-fed2768d8d6a: does not qualify; 4.2 s; peak memory 850 MiB.
2026-10-11T00:02:56Z INFO [656/729] d651f6fa-dcf2-46cc-9f75-9da5789755ef: does not qualify; 1.1 s; peak memory 850 MiB.
2026-10-11T00:02:57Z INFO [657/729] d6527523-2c32-40ff-9251-c0999679754c: does not qualify; 0.9 s; peak memory 850 MiB.
2026-10-11T00:02:58Z INFO [658/729] d652988c-f5ef-48f3-8d88-2e08a2df0634: does not qualify; 1.0 s; peak memory 850 MiB.
2026-10-11T00:02:59Z INFO [659/729] d6536f5f-bff2-425d-ba39-4825766b4d6e: does not qualify; 1.1 s; peak memory 850 MiB.
2026-10-11T00:03:00Z INFO [660/729] d65409f1-1971-4a06-9a33-ef387bdc0048: does not qualify; 0.9 s; peak memory 850 MiB.
2026-10-11T00:03:08Z INFO [661/729] d6545a84-88c4-444c-900f-dcbd51c5e7b2: does not qualify; 8.1 s; peak memory 850 MiB.
2026-10-11T00:03:09Z INFO [662/729] d654efa9-c91a-483e-9d82-81867002aea4: does not qualify; 1.3 s; peak memory 850 MiB.
2026-10-11T00:03:11Z INFO [663/729] d6551cdd-b658-4ce1-ae43-ad415be81b02: does not qualify; 1.6 s; peak memory 850 MiB.
2026-10-11T00:03:17Z INFO [664/729] d65835ab-f1ee-4464-b3f8-7aebedc8769f: does not qualify; 5.9 s; peak memory 850 MiB.
2026-10-11T00:03:18Z INFO [665/729] d6586c42-84c4-4880-8dd6-cd278201ba31: does not qualify; 0.8 s; peak memory 850 MiB.
2026-10-11T00:03:18Z INFO [666/729] d6588cf1-2481-4006-983c-ef2d3b5c2458: does not qualify; 0.7 s; peak memory 850 MiB.
2026-10-11T00:03:20Z INFO [667/729] d6590014-68e5-4e9c-8be8-cf720b5add3c: does not qualify; 1.2 s; peak memory 850 MiB.
2026-10-11T00:03:24Z INFO [668/729] d659f48e-8363-4372-8b04-fce11eb2fb6d: does not qualify; 4.5 s; peak memory 850 MiB.
2026-10-11T00:05:00Z INFO [669/729] d65a463b-0273-4959-a04c-31eae6d71aea: does not qualify; 95.9 s; peak memory 850 MiB.
2026-10-11T00:05:06Z INFO [670/729] d65a57c7-444e-4f06-acba-5e4c695c5763: does not qualify; 6.1 s; peak memory 850 MiB.
2026-10-11T00:05:08Z INFO [671/729] d65a699b-6465-4f79-8d69-c411e99a16be: does not qualify; 1.4 s; peak memory 850 MiB.
2026-10-11T00:05:08Z INFO [672/729] d65da981-2aa4-46aa-874c-1ab8d7fbd18f: does not qualify; 0.9 s; peak memory 850 MiB.
2026-10-11T00:05:09Z INFO [673/729] d65e6bf0-ca55-4537-9cd5-0f0994b781ac: does not qualify; 1.0 s; peak memory 850 MiB.
2026-10-11T00:05:10Z INFO [674/729] d65f9ccc-963e-46ab-861a-73747514d69b: does not qualify; 0.8 s; peak memory 850 MiB.
2026-10-11T00:05:11Z INFO [675/729] d6609630-66f0-48f3-b17d-7c1ba4043754: does not qualify; 1.3 s; peak memory 850 MiB.
2026-10-11T00:05:13Z INFO [676/729] d660b62d-16ff-4f7e-89c3-7bc75ab80750: does not qualify; 1.8 s; peak memory 850 MiB.
2026-10-11T00:05:14Z INFO [677/729] d6611f4b-98a4-4b0f-9597-a579888305b1: does not qualify; 0.7 s; peak memory 850 MiB.
2026-10-11T00:05:16Z INFO [678/729] d6612319-cc83-47f5-86f9-e37bbe5a5f25: does not qualify; 1.7 s; peak memory 850 MiB.
2026-10-11T00:05:17Z INFO [679/729] d6612346-941f-4bfa-a7f0-887837a700ab: does not qualify; 1.0 s; peak memory 850 MiB.
2026-10-11T00:05:18Z INFO [680/729] d6620906-de22-4317-96f5-2373d8426334: does not qualify; 1.7 s; peak memory 850 MiB.
2026-10-11T00:05:19Z INFO [681/729] d6629c1f-99ce-4599-9af1-a99aed899106: does not qualify; 1.0 s; peak memory 850 MiB.
2026-10-11T00:05:21Z INFO [682/729] d662f02d-90ee-485b-bf8b-c822c4ef43ed: does not qualify; 1.4 s; peak memory 850 MiB.
2026-10-11T00:05:31Z INFO [683/729] d663473a-2d7b-47a1-9fdb-958124420e14: does not qualify; 10.6 s; peak memory 850 MiB.
2026-10-11T00:05:32Z INFO [684/729] d663f745-dba4-4028-ac66-2ce95b7663bd: does not qualify; 0.8 s; peak memory 850 MiB.
2026-10-11T00:05:33Z INFO [685/729] d66432ba-9d12-455e-8ec8-f751a956b09f: does not qualify; 1.4 s; peak memory 850 MiB.
2026-10-11T00:05:35Z INFO [686/729] d664be40-bc83-4f52-8313-9dd4c80f9336: does not qualify; 1.6 s; peak memory 850 MiB.
2026-10-11T00:05:36Z INFO [687/729] d666cf24-6746-441c-997a-9eb9b7b708c6: does not qualify; 1.3 s; peak memory 850 MiB.
2026-10-11T00:05:38Z INFO [688/729] d6674230-225c-4b54-8a86-12a913dc9378: does not qualify; 1.2 s; peak memory 850 MiB.
2026-10-11T00:05:39Z INFO [689/729] d667aeb2-b4f3-4cd1-9e91-df5e31258729: does not qualify; 1.2 s; peak memory 850 MiB.
2026-10-11T00:05:40Z INFO [690/729] d6685b6b-8d6e-4bc9-95b9-119c1a8b1081: does not qualify; 0.8 s; peak memory 850 MiB.
2026-10-11T00:05:40Z INFO [691/729] d668b0e7-1dc8-418f-90db-92dc3f780c30: does not qualify; 0.8 s; peak memory 850 MiB.
2026-10-11T00:05:50Z INFO [692/729] d668be53-a930-41a1-9332-784c286e3a98: does not qualify; 9.4 s; peak memory 850 MiB.
2026-10-11T00:05:54Z INFO [693/729] d668f324-19b4-4668-8a77-c6b512db599f: does not qualify; 4.6 s; peak memory 850 MiB.
2026-10-11T00:05:56Z INFO [694/729] d6696b6a-2ee5-4ba5-b4e2-e56acd570a37: does not qualify; 2.1 s; peak memory 850 MiB.
2026-10-11T00:05:58Z INFO [695/729] d6696e5d-2910-4178-b1dc-6da6e01d6977: does not qualify; 1.7 s; peak memory 850 MiB.
2026-10-11T00:05:59Z INFO [696/729] d66ab3dd-af55-441f-b72c-9d41cb1411d7: does not qualify; 0.8 s; peak memory 850 MiB.
2026-10-11T00:06:00Z INFO [697/729] d66b630a-cc3f-48ae-84dc-48878dadae83: does not qualify; 1.1 s; peak memory 850 MiB.
2026-10-11T00:06:01Z INFO [698/729] d66d4a46-e4ad-4bdf-935a-dc565debced9: does not qualify; 1.2 s; peak memory 850 MiB.
2026-10-11T00:06:03Z INFO [699/729] d66f0baa-a878-49ca-a37b-a4785cc87f3b: does not qualify; 2.0 s; peak memory 850 MiB.
2026-10-11T00:06:05Z INFO [700/729] d66f61a8-bf96-4a4b-92de-1beb72631817: does not qualify; 1.4 s; peak memory 850 MiB.
2026-10-11T00:06:05Z INFO [700/729] d66f61a8-bf96-4a4b-92de-1beb72631817: checkpointed 132092 new records.
2026-10-11T00:06:06Z INFO [701/729] d66f9d4a-1116-43d2-9267-d4d8d12f8106: does not qualify; 1.0 s; peak memory 850 MiB.
2026-10-11T00:06:07Z INFO [702/729] d6714bf6-ab5f-43ea-aa57-2989a1065bbe: does not qualify; 1.2 s; peak memory 850 MiB.
2026-10-11T00:06:12Z INFO [703/729] d67240b3-e231-4223-ab7e-1587654c057f: does not qualify; 4.6 s; peak memory 850 MiB.
2026-10-11T00:06:16Z INFO [704/729] d67242b0-9981-4e8d-a188-fe5da963afe1: does not qualify; 4.3 s; peak memory 850 MiB.
2026-10-11T00:06:17Z INFO [705/729] d672aa67-1dd2-4ef8-8cdf-716c91e5f508: does not qualify; 0.7 s; peak memory 850 MiB.
2026-10-11T00:06:18Z INFO [706/729] d672eba8-6094-43ad-989c-963c40b3c219: does not qualify; 0.9 s; peak memory 850 MiB.
2026-10-11T00:06:19Z INFO [707/729] d67376c6-f158-4523-b2e1-7e5297b1f4b0: does not qualify; 1.7 s; peak memory 850 MiB.
2026-10-11T00:06:22Z INFO [708/729] d674d34d-24b9-4e87-8ab2-91ff3e21a0b1: does not qualify; 2.3 s; peak memory 850 MiB.
2026-10-11T00:06:23Z INFO [709/729] d6756472-18cd-4a97-b066-32f55747a421: does not qualify; 1.2 s; peak memory 850 MiB.
2026-10-11T00:06:24Z INFO [710/729] d6773661-9fce-4f54-99e8-65b550cbce3d: does not qualify; 0.9 s; peak memory 850 MiB.
2026-10-11T00:06:25Z INFO [711/729] d677b07f-3a78-4ebe-99d6-fb47db90c3fd: does not qualify; 1.1 s; peak memory 850 MiB.
2026-10-11T00:06:25Z INFO [712/729] d6781547-4493-41ed-82dd-c626f057eb58: does not qualify; 0.8 s; peak memory 850 MiB.
2026-10-11T00:06:26Z INFO [713/729] d6787e00-233e-4fb3-ad33-d1a313f7e0f7: does not qualify; 1.0 s; peak memory 850 MiB.
2026-10-11T00:06:28Z INFO [714/729] d67933b7-0b4e-48b4-86f7-ab34146f5bed: does not qualify; 1.1 s; peak memory 850 MiB.
2026-10-11T00:06:29Z INFO [715/729] d67943f7-bbb1-405b-a1c7-8ab8891ef4b7: does not qualify; 1.0 s; peak memory 850 MiB.
2026-10-11T00:06:33Z INFO [716/729] d6798403-da5e-4e4c-b082-568e39fc2c10: does not qualify; 4.1 s; peak memory 850 MiB.
2026-10-11T00:06:37Z INFO [717/729] d67b02c1-2663-4a75-b157-1fd1d35dfa0a: does not qualify; 3.9 s; peak memory 850 MiB.
2026-10-11T00:06:39Z INFO [718/729] d67c3325-cabb-4670-9f65-3faa00a41090: does not qualify; 2.3 s; peak memory 850 MiB.
2026-10-11T00:06:40Z INFO [719/729] d67d3fc7-958e-475d-98c0-69cc69fb4ae7: does not qualify; 1.3 s; peak memory 850 MiB.
2026-10-11T00:06:41Z INFO [720/729] d67d41bf-5bf2-4e97-8a91-cf70f96cbc26: does not qualify; 0.9 s; peak memory 850 MiB.
2026-10-11T00:06:48Z INFO [721/729] d67d4de2-19cd-4206-8823-36ea38d462b0: does not qualify; 7.1 s; peak memory 850 MiB.
2026-10-11T00:06:50Z INFO [722/729] d67e37ab-d505-4378-819a-5aed006e14bf: qualifies; 2.0 s; peak memory 850 MiB.
2026-10-11T00:06:51Z INFO [723/729] d67e6e0d-6438-437a-9b99-349124e7e582: does not qualify; 0.8 s; peak memory 850 MiB.
2026-10-11T00:07:00Z INFO [724/729] d67eaf3a-5065-428b-84a1-ba5d9a6feb22: does not qualify; 8.7 s; peak memory 850 MiB.
2026-10-11T00:07:01Z INFO [725/729] d67f1d90-a5e3-4274-8fb7-8e24349ac795: does not qualify; 0.9 s; peak memory 850 MiB.
2026-10-11T00:07:02Z INFO [726/729] d67f4c7b-a728-49dd-ac94-cb5deb065ea0: does not qualify; 1.2 s; peak memory 850 MiB.
2026-10-11T00:07:03Z INFO [727/729] d67fa359-0ebd-4127-b436-650fb1dcc907: does not qualify; 1.0 s; peak memory 850 MiB.
2026-10-11T00:07:04Z INFO [728/729] d6807c9b-8ded-4270-b123-841ecd4ff023: does not qualify; 0.8 s; peak memory 850 MiB.
2026-10-11T00:07:05Z INFO [729/729] d680c958-5839-426b-b221-1a2933244721: does not qualify; 1.0 s; peak memory 850 MiB.
2026-10-11T00:07:05Z INFO Wrote 132121 records to /tmp/derivatives/qualifying_lfp_content_ids.jsonl (729 new, 0 failed) in 29.0 min (peak memory 850 MiB).
