2026-09-20T15:18:34Z INFO Logging to /tmp/logs/update_2026-09-20T15-18-34Z.log.
2026-09-20T15:18:34Z INFO Update qualifying-lfp-content-ids (base directory /tmp).
2026-09-20T15:18:35Z INFO Processing 394 items (51368 already recorded).
2026-09-20T15:18:37Z INFO [1/394] 00e36e78-caf6-43db-ae84-71e3a02b5122: does not qualify; 2.0 s; peak memory 223 MiB.
2026-09-20T15:18:41Z INFO [2/394] 00f15f38-bce9-441b-b55e-12956eee2592: does not qualify; 3.8 s; peak memory 226 MiB.
2026-09-20T15:18:47Z INFO [3/394] 013b6125-db3c-4024-8f34-b4880e79406c: does not qualify; 5.9 s; peak memory 232 MiB.
2026-09-20T15:18:51Z INFO [4/394] 0185c834-bca9-47aa-a30c-331cb6a35143: does not qualify; 3.6 s; peak memory 232 MiB.
2026-09-20T15:18:52Z INFO [5/394] 01a9fffc-f243-4d53-b7c1-69f10b682dae: does not qualify; 1.5 s; peak memory 232 MiB.
2026-09-20T15:18:54Z INFO [6/394] 0213d4a7-a1f7-4d08-bb5e-b16d22514a52: does not qualify; 1.5 s; peak memory 232 MiB.
2026-09-20T15:18:56Z INFO [7/394] 027c833a-981b-4e5f-8b01-85f182f76fcd: does not qualify; 2.6 s; peak memory 232 MiB.
2026-09-20T15:19:00Z INFO [8/394] 035f86c6-c72b-48b9-b645-0b7ef297a304: does not qualify; 4.1 s; peak memory 232 MiB.
2026-09-20T15:19:02Z INFO [9/394] 03f85366-5aea-45fb-a203-36a6495c0705: does not qualify; 1.5 s; peak memory 232 MiB.
2026-09-20T15:19:03Z INFO [10/394] 044cb660-5eed-472a-afee-70bc24f706a6: does not qualify; 1.5 s; peak memory 232 MiB.
2026-09-20T15:19:05Z INFO [11/394] 04c3d246-eb00-4ca2-a600-f1c0b56f16eb: does not qualify; 1.6 s; peak memory 232 MiB.
2026-09-20T15:19:11Z INFO [12/394] 04fdd2ad-76a3-48d1-99eb-81988085af64: does not qualify; 6.1 s; peak memory 232 MiB.
2026-09-20T15:19:17Z INFO [13/394] 06cc677f-00c9-429c-b595-8b27223e4b5d: does not qualify; 6.2 s; peak memory 232 MiB.
2026-09-20T15:19:23Z INFO [14/394] 08cde427-3ffe-46bd-b773-182a2fe5f1b7: does not qualify; 5.8 s; peak memory 233 MiB.
2026-09-20T15:19:25Z INFO [15/394] 0935e4a8-b86f-4780-8d3d-d1334ff5a883: does not qualify; 1.6 s; peak memory 233 MiB.
2026-09-20T15:19:26Z INFO [16/394] 09647473-9101-4fb0-922e-709ce062b2fc: does not qualify; 1.5 s; peak memory 233 MiB.
2026-09-20T15:19:28Z INFO [17/394] 09649dfe-e39e-4b6d-be0a-bd553b9fa1c4: does not qualify; 2.0 s; peak memory 233 MiB.
2026-09-20T15:19:31Z INFO [18/394] 0964c458-fa1d-49a2-92d5-70d6483681ff: does not qualify; 2.3 s; peak memory 233 MiB.
2026-09-20T15:19:34Z INFO [19/394] 0965063a-ec06-496e-971c-bf70db2e4b6e: does not qualify; 3.7 s; peak memory 233 MiB.
2026-09-20T15:19:37Z INFO [20/394] 0965967a-4578-40d6-b493-8f295916b866: does not qualify; 3.0 s; peak memory 233 MiB.
2026-09-20T15:19:38Z INFO [21/394] 0965a0db-2575-4514-8b91-2a7dde8031e7: does not qualify; 1.3 s; peak memory 233 MiB.
2026-09-20T15:19:49Z INFO [22/394] 0965b501-4165-43eb-91a8-33bf8463f3ef: does not qualify; 10.6 s; peak memory 237 MiB.
2026-09-20T15:19:50Z INFO [23/394] 0965fd7f-4e91-477d-b54d-d5680d3c8bf8: does not qualify; 1.4 s; peak memory 237 MiB.
2026-09-20T15:20:00Z INFO [24/394] 09661b05-133f-4878-953e-5c1c994fd881: does not qualify; 9.8 s; peak memory 253 MiB.
2026-09-20T15:20:02Z INFO [25/394] 09678cee-b092-4785-b239-8f2c27f5a8ea: does not qualify; 2.2 s; peak memory 253 MiB.
2026-09-20T15:20:05Z INFO [26/394] 096870fa-46a5-4ae1-8dd4-6eeb17e6268f: does not qualify; 2.5 s; peak memory 253 MiB.
2026-09-20T15:20:12Z INFO [27/394] 09689164-a484-4774-b000-bb5cf233a52a: does not qualify; 7.2 s; peak memory 253 MiB.
2026-09-20T15:20:14Z INFO [28/394] 0969cdf0-6dda-405a-91ec-e6f81a697bf9: does not qualify; 1.6 s; peak memory 253 MiB.
2026-09-20T15:20:15Z INFO [29/394] 096ad175-aa40-4bcc-a544-410c504d7f1a: does not qualify; 1.5 s; peak memory 253 MiB.
2026-09-20T15:20:24Z INFO [30/394] 096b5d55-86cc-4aa0-b0d8-e58d3242d6c6: does not qualify; 8.4 s; peak memory 253 MiB.
2026-09-20T15:20:25Z INFO [31/394] 096b5f13-1341-4928-aec2-b9a05fd21afe: does not qualify; 1.5 s; peak memory 253 MiB.
2026-09-20T15:20:27Z INFO [32/394] 096c0315-7c72-479b-a605-887ed6b23b98: does not qualify; 2.0 s; peak memory 253 MiB.
2026-09-20T15:20:29Z INFO [33/394] 096c10b0-3ec8-47dd-9bd4-bf9bc3bf0759: does not qualify; 1.4 s; peak memory 253 MiB.
2026-09-20T15:20:37Z INFO [34/394] 096c4a64-33ae-475e-a94f-b9d01c39ce9f: does not qualify; 8.2 s; peak memory 253 MiB.
2026-09-20T15:20:39Z INFO [35/394] 096c8d97-5cb6-4267-857e-ec1126eb88d5: does not qualify; 2.2 s; peak memory 253 MiB.
2026-09-20T15:20:40Z INFO [36/394] 096ca5c6-9169-4ffa-b17b-f3763b5450c9: does not qualify; 1.1 s; peak memory 253 MiB.
2026-09-20T15:20:41Z INFO [37/394] 096cde7d-d7f9-469c-943d-4de8645bb7fd: does not qualify; 1.3 s; peak memory 253 MiB.
2026-09-20T15:20:43Z INFO [38/394] 096e0e47-2d48-456c-b634-4c0597147224: does not qualify; 1.7 s; peak memory 253 MiB.
2026-09-20T15:20:46Z INFO [39/394] 096e1b12-c699-4bdd-9afe-c2379b5760bd: does not qualify; 3.2 s; peak memory 253 MiB.
2026-09-20T15:20:47Z INFO [40/394] 096e279a-268c-4571-80ae-2f05602cc3e5: does not qualify; 1.0 s; peak memory 253 MiB.
2026-09-20T15:20:49Z INFO [41/394] 096e36bf-5cc6-4d69-8ef8-5d7e28eac581: does not qualify; 1.3 s; peak memory 253 MiB.
2026-09-20T15:20:50Z INFO [42/394] 096ec7c1-8d81-48b9-a94b-f6149e9e0d4b: does not qualify; 1.8 s; peak memory 253 MiB.
2026-09-20T15:21:00Z INFO [43/394] 0971564d-fd17-4cee-aef9-0ac264f80551: does not qualify; 9.4 s; peak memory 253 MiB.
2026-09-20T15:21:08Z INFO [44/394] 09719691-2817-4c0a-89d2-0723f9dda4aa: does not qualify; 8.0 s; peak memory 253 MiB.
2026-09-20T15:21:10Z INFO [45/394] 0971d353-04b8-4766-8ac2-c6edbe01aa03: does not qualify; 1.8 s; peak memory 253 MiB.
2026-09-20T15:21:11Z INFO [46/394] 0971e254-5d1e-4b40-b5d4-b27d35c5669c: does not qualify; 1.7 s; peak memory 253 MiB.
2026-09-20T15:21:18Z INFO [47/394] 0971f66e-131d-4f60-a28f-5e4a16d461b4: does not qualify; 6.4 s; peak memory 253 MiB.
2026-09-20T15:21:20Z INFO [48/394] 0972c602-425e-46b9-9dd0-54d4f2054ee9: does not qualify; 2.3 s; peak memory 253 MiB.
2026-09-20T15:21:27Z INFO [49/394] 097326a9-ce81-4cc6-accf-90601610927a: does not qualify; 6.9 s; peak memory 253 MiB.
2026-09-20T15:21:28Z INFO [50/394] 09736553-2d7a-4fec-9901-0899dad1037d: does not qualify; 1.1 s; peak memory 253 MiB.
2026-09-20T15:21:28Z INFO [50/394] 09736553-2d7a-4fec-9901-0899dad1037d: checkpointed 51418 records.
2026-09-20T15:21:29Z INFO [51/394] 09749398-5605-434e-8d9c-0fc8ef234203: does not qualify; 1.2 s; peak memory 253 MiB.
2026-09-20T15:21:31Z INFO [52/394] 09758102-67dd-4c82-9d4c-892d914ff0d6: does not qualify; 1.5 s; peak memory 253 MiB.
2026-09-20T15:21:32Z INFO [53/394] 09758ed7-74eb-4827-a10f-4025786b8a52: does not qualify; 0.9 s; peak memory 253 MiB.
2026-09-20T15:21:33Z INFO [54/394] 09760d37-dff6-410c-8631-f2f245d5a740: does not qualify; 1.5 s; peak memory 253 MiB.
2026-09-20T15:21:41Z INFO [55/394] 097637b6-16dc-4c24-b996-60300e80fbf8: does not qualify; 7.4 s; peak memory 253 MiB.
2026-09-20T15:21:42Z INFO [56/394] 09778676-459e-4ca8-8c72-95024be617c7: does not qualify; 1.5 s; peak memory 253 MiB.
2026-09-20T15:21:49Z INFO [57/394] 09779add-14c8-421c-a25e-0fa5c2825452: does not qualify; 6.7 s; peak memory 253 MiB.
2026-09-20T15:21:51Z INFO [58/394] 0977bee1-108e-496f-82b4-9dc73698c310: does not qualify; 1.6 s; peak memory 253 MiB.
2026-09-20T15:21:52Z INFO [59/394] 09787e91-e112-4fed-9d58-ea550ec157ff: does not qualify; 1.1 s; peak memory 253 MiB.
2026-09-20T15:21:53Z INFO [60/394] 0978ec2c-e737-441f-9a46-544ae275d097: does not qualify; 1.3 s; peak memory 253 MiB.
2026-09-20T15:21:56Z INFO [61/394] 097a2674-7b2a-4749-bb4a-bb9aa3fd89c4: does not qualify; 3.3 s; peak memory 253 MiB.
2026-09-20T15:21:58Z INFO [62/394] 097a47b2-2805-4931-8909-6b7403439366: does not qualify; 1.7 s; peak memory 253 MiB.
2026-09-20T15:22:00Z INFO [63/394] 097a6748-8c7e-4809-89ac-8bfb6d58187f: does not qualify; 1.6 s; peak memory 253 MiB.
2026-09-20T15:22:01Z INFO [64/394] 097a9f0e-f601-45a8-b707-fc704ac7a2e4: does not qualify; 1.6 s; peak memory 253 MiB.
2026-09-20T15:22:03Z INFO [65/394] 097b5d39-cce5-45d8-8862-1004be1a9975: does not qualify; 2.1 s; peak memory 253 MiB.
2026-09-20T15:22:05Z INFO [66/394] 097b79b2-e990-4fb4-9d37-fa97ed7365e2: does not qualify; 1.6 s; peak memory 253 MiB.
2026-09-20T15:22:11Z INFO [67/394] 097bec89-e9c7-4bda-8e79-14368edface3: does not qualify; 6.1 s; peak memory 254 MiB.
2026-09-20T15:22:19Z INFO [68/394] 097c1611-fba1-45af-8aaf-0d702cc3a579: does not qualify; 8.4 s; peak memory 258 MiB.
2026-09-20T15:22:22Z INFO [69/394] 097c8604-5a22-4102-85d5-e390887eb7a5: does not qualify; 2.4 s; peak memory 258 MiB.
2026-09-20T15:22:30Z INFO [70/394] 097e0cbe-3acf-4d83-ac45-a4b659e5973d: does not qualify; 8.3 s; peak memory 610 MiB.
2026-09-20T15:22:32Z INFO [71/394] 097f26c1-72ba-4817-a5cc-702a00fa4782: does not qualify; 1.4 s; peak memory 610 MiB.
2026-09-20T15:22:41Z INFO [72/394] 097f77c7-f16b-41a4-bb00-d034f1c47022: does not qualify; 9.2 s; peak memory 610 MiB.
2026-09-20T15:22:42Z INFO [73/394] 097f9bd1-5424-4708-8ebc-e3c105a09146: does not qualify; 1.7 s; peak memory 610 MiB.
2026-09-20T15:22:43Z INFO [74/394] 097fc834-edcb-45a0-b708-1514cd47597e: does not qualify; 1.0 s; peak memory 610 MiB.
2026-09-20T15:22:58Z INFO [75/394] 097fe1be-7132-4ffa-a9f5-039cb46ff725: does not qualify; 14.6 s; peak memory 610 MiB.
2026-09-20T15:23:00Z INFO [76/394] 0980544d-2f3d-4e84-8434-79306ace519f: does not qualify; 2.2 s; peak memory 610 MiB.
2026-09-20T15:23:03Z INFO [77/394] 09806577-a6dd-40bc-b353-8ad30208ee48: does not qualify; 3.0 s; peak memory 610 MiB.
2026-09-20T15:23:04Z INFO [78/394] 09812abd-9c25-4f44-a0db-3b2703aace86: does not qualify; 1.1 s; peak memory 610 MiB.
2026-09-20T15:23:06Z INFO [79/394] 0981e14f-5998-4a9a-948f-16cc5a60b9c3: does not qualify; 1.7 s; peak memory 610 MiB.
2026-09-20T15:23:07Z INFO [80/394] 09821e01-8cf5-491f-b209-ca5d24a6d834: does not qualify; 1.4 s; peak memory 610 MiB.
2026-09-20T15:23:09Z INFO [81/394] 0982ec1e-efc0-4cd7-9311-6dd5633040dc: does not qualify; 1.2 s; peak memory 610 MiB.
2026-09-20T15:23:10Z INFO [82/394] 09839265-d654-4f80-878d-921116eeb4ae: does not qualify; 1.3 s; peak memory 610 MiB.
2026-09-20T15:23:11Z INFO [83/394] 0984734e-6522-4cef-831f-88ced1a0a592: does not qualify; 1.1 s; peak memory 610 MiB.
2026-09-20T15:23:13Z INFO [84/394] 098498d9-c19f-4c99-ad75-0540b9d64d53: does not qualify; 1.6 s; peak memory 610 MiB.
2026-09-20T15:23:21Z INFO [85/394] 098518aa-e4af-4bcc-815a-ac8ac2e9e647: does not qualify; 7.9 s; peak memory 610 MiB.
2026-09-20T15:23:22Z INFO [86/394] 0985ecca-20d5-4cc7-ad11-6774ca94d910: does not qualify; 1.4 s; peak memory 610 MiB.
2026-09-20T15:23:23Z INFO [87/394] 098629b8-ec82-4e96-a44e-35120dc9a1c5: does not qualify; 1.3 s; peak memory 610 MiB.
2026-09-20T15:23:29Z INFO [88/394] 09863d29-45e3-4c10-bb53-9892503be146: does not qualify; 5.6 s; peak memory 610 MiB.
2026-09-20T15:23:30Z INFO [89/394] 098658b6-345f-45f4-baee-b81cf571d3b8: does not qualify; 1.3 s; peak memory 610 MiB.
2026-09-20T15:23:32Z INFO [90/394] 09873620-65a5-46f0-8014-6d5cd88cf751: does not qualify; 1.8 s; peak memory 610 MiB.
2026-09-20T15:23:34Z INFO [91/394] 0987651e-b826-43b9-92e6-4c4a556017f8: does not qualify; 1.8 s; peak memory 610 MiB.
2026-09-20T15:23:36Z INFO [92/394] 09876954-1e33-4a79-a74e-a7b299326cf1: does not qualify; 2.6 s; peak memory 610 MiB.
2026-09-20T15:23:38Z INFO [93/394] 098784f5-269a-4339-a344-e26adcb52b9e: does not qualify; 2.0 s; peak memory 610 MiB.
2026-09-20T15:23:40Z INFO [94/394] 09878df6-ffb5-4791-8f12-7b3b1694127c: does not qualify; 1.2 s; peak memory 610 MiB.
2026-09-20T15:23:41Z INFO [95/394] 0987b974-011e-4e2e-9c59-8664a6b9981e: does not qualify; 1.5 s; peak memory 610 MiB.
2026-09-20T15:23:42Z INFO [96/394] 0988f42f-3a50-49ad-aefd-bab16bf4d485: does not qualify; 1.2 s; peak memory 610 MiB.
2026-09-20T15:23:44Z INFO [97/394] 09893102-0066-42eb-9de0-27a956283466: does not qualify; 1.4 s; peak memory 610 MiB.
2026-09-20T15:23:47Z INFO [98/394] 098a33c9-4d81-497f-b0ad-0eb6ec3b664b: does not qualify; 2.9 s; peak memory 610 MiB.
2026-09-20T15:23:48Z INFO [99/394] 098a72e4-ac54-485d-9dc4-e0bcdf510773: does not qualify; 1.6 s; peak memory 610 MiB.
2026-09-20T15:23:51Z INFO [100/394] 098b770d-46dc-445d-b28a-d851db3f9389: does not qualify; 2.6 s; peak memory 610 MiB.
2026-09-20T15:23:51Z INFO [100/394] 098b770d-46dc-445d-b28a-d851db3f9389: checkpointed 51468 records.
2026-09-20T15:23:53Z INFO [101/394] 098bcde2-22d5-44e6-84ba-78bb75b28dcc: does not qualify; 1.6 s; peak memory 610 MiB.
2026-09-20T15:23:54Z INFO [102/394] 098c0ea8-29dc-43a1-bd33-c10ae5437531: does not qualify; 1.5 s; peak memory 610 MiB.
2026-09-20T15:23:56Z INFO [103/394] 098c2ea4-71c2-435a-a98b-07c72ad5eef9: does not qualify; 2.5 s; peak memory 610 MiB.
2026-09-20T15:23:58Z INFO [104/394] 098c5d34-41dc-4945-beda-a39bfe386d56: does not qualify; 1.2 s; peak memory 610 MiB.
2026-09-20T15:23:59Z INFO [105/394] 098cb89b-a258-4c4f-80fd-e1b9e3e1d4e3: does not qualify; 1.2 s; peak memory 610 MiB.
2026-09-20T15:24:00Z INFO [106/394] 098d37dd-fe4f-4a1d-8d88-17348ee86af1: does not qualify; 1.2 s; peak memory 610 MiB.
2026-09-20T15:24:01Z INFO [107/394] 098ee658-eae9-4985-9ba3-979a0ecf5640: does not qualify; 1.2 s; peak memory 610 MiB.
2026-09-20T15:24:03Z INFO [108/394] 098ef410-b85c-4731-bba8-073970e949c9: does not qualify; 1.7 s; peak memory 610 MiB.
2026-09-20T15:24:05Z INFO [109/394] 09908b44-d72a-46e1-8d86-c6e673a5cf22: does not qualify; 2.1 s; peak memory 610 MiB.
2026-09-20T15:24:06Z INFO [110/394] 09912a0a-113f-46d3-9c0b-465c99e950d2: does not qualify; 1.2 s; peak memory 610 MiB.
2026-09-20T15:24:08Z INFO [111/394] 09912d28-b899-4a85-a876-13f3621f5a3b: does not qualify; 1.2 s; peak memory 610 MiB.
2026-09-20T15:24:09Z INFO [112/394] 09914e95-3f57-4091-a558-3c8596f7b3bf: does not qualify; 1.3 s; peak memory 610 MiB.
2026-09-20T15:24:10Z INFO [113/394] 09915080-2307-46b3-a0e6-1b375d2f3de7: does not qualify; 1.2 s; peak memory 610 MiB.
2026-09-20T15:24:12Z INFO [114/394] 0992388d-e7d4-4507-8f1d-ef635e2bb4e9: does not qualify; 2.2 s; peak memory 610 MiB.
2026-09-20T15:24:14Z INFO [115/394] 0992feb4-9e86-4b42-9520-f3b95cab0e05: does not qualify; 1.4 s; peak memory 610 MiB.
2026-09-20T15:24:16Z INFO [116/394] 09931d97-340c-4f81-8584-01925c16af77: does not qualify; 2.0 s; peak memory 610 MiB.
2026-09-20T15:24:17Z INFO [117/394] 09935913-d8b2-46b3-9354-336e4d294710: does not qualify; 1.3 s; peak memory 610 MiB.
2026-09-20T15:24:18Z INFO [118/394] 0993e62f-43b8-432d-8c50-2d75139cb74d: does not qualify; 1.4 s; peak memory 610 MiB.
2026-09-20T15:24:20Z INFO [119/394] 09941135-e381-45c2-93e5-f84547c53e8d: does not qualify; 1.8 s; peak memory 610 MiB.
2026-09-20T15:24:22Z INFO [120/394] 09944479-3b08-456b-a802-6054f85c4fb5: does not qualify; 1.8 s; peak memory 610 MiB.
2026-09-20T15:24:24Z INFO [121/394] 09952dc7-2be6-4580-936c-627e0fb4c6c8: does not qualify; 1.7 s; peak memory 610 MiB.
2026-09-20T15:24:28Z INFO [122/394] 0995ba65-03e9-4da2-9684-77432458481c: does not qualify; 4.2 s; peak memory 610 MiB.
2026-09-20T15:24:29Z INFO [123/394] 0996ade8-1d65-4162-ae52-1aa1a14b8b56: does not qualify; 1.5 s; peak memory 610 MiB.
2026-09-20T15:24:31Z INFO [124/394] 0996c572-4126-40d6-92ab-ce42dda3ab48: does not qualify; 1.5 s; peak memory 610 MiB.
2026-09-20T15:24:32Z INFO [125/394] 099744a0-cfb3-4292-a489-61f36302466a: does not qualify; 1.3 s; peak memory 610 MiB.
2026-09-20T15:24:33Z INFO [126/394] 0997c584-645e-4a5e-9021-88f3fd499a91: does not qualify; 1.2 s; peak memory 610 MiB.
2026-09-20T15:24:35Z INFO [127/394] 0997e173-ab09-4756-967a-a4f5f91a638f: does not qualify; 1.2 s; peak memory 610 MiB.
2026-09-20T15:24:38Z INFO [128/394] 099b9e20-da06-4179-928d-97dca9a9b7ef: does not qualify; 3.1 s; peak memory 610 MiB.
2026-09-20T15:24:39Z INFO [129/394] 099c2628-125f-48f4-89eb-53ddf1c08381: does not qualify; 1.8 s; peak memory 610 MiB.
2026-09-20T15:24:40Z INFO [130/394] 099f0a6c-43be-4e9f-8e5e-fe20c1008049: does not qualify; 1.0 s; peak memory 610 MiB.
2026-09-20T15:24:42Z INFO [131/394] 099fb701-58e9-4309-9ab9-ba0bb72b4635: does not qualify; 1.9 s; peak memory 610 MiB.
2026-09-20T15:24:54Z INFO [132/394] 09a0751f-a0c3-4674-b8f4-396a15352ac5: does not qualify; 11.5 s; peak memory 610 MiB.
2026-09-20T15:24:55Z INFO [133/394] 09a1fb5f-9469-41fa-bab7-476fcbdfc76e: does not qualify; 1.2 s; peak memory 610 MiB.
2026-09-20T15:25:13Z INFO [134/394] 09a2676d-83de-4779-834b-4178a3827b27: does not qualify; 17.7 s; peak memory 610 MiB.
2026-09-20T15:25:15Z INFO [135/394] 09a31724-5e58-4bcd-a6da-6757624a17a1: does not qualify; 1.8 s; peak memory 610 MiB.
2026-09-20T15:25:22Z INFO [136/394] 09a3f3e8-30a9-4e06-b78c-19f97cebe968: does not qualify; 7.3 s; peak memory 610 MiB.
2026-09-20T15:25:23Z INFO [137/394] 09a406bf-7d58-4f73-83e4-6d2be8f9f20c: does not qualify; 1.3 s; peak memory 610 MiB.
2026-09-20T15:25:24Z INFO [138/394] 09a4332c-a177-4419-b191-fccf857bca7f: does not qualify; 1.1 s; peak memory 610 MiB.
2026-09-20T15:25:31Z INFO [139/394] 09a4a979-7198-4db6-b31f-c38a11fa059f: does not qualify; 6.2 s; peak memory 610 MiB.
2026-09-20T15:25:32Z INFO [140/394] 09a4bd91-523a-4696-8e81-79c3c3adfcd3: does not qualify; 1.2 s; peak memory 610 MiB.
2026-09-20T15:25:33Z INFO [141/394] 09a57fb8-16f6-4be2-b034-20c0b508672b: does not qualify; 1.6 s; peak memory 610 MiB.
2026-09-20T15:25:35Z INFO [142/394] 09a5b8c0-b6f7-444d-b547-c5674e07a72c: does not qualify; 2.0 s; peak memory 610 MiB.
2026-09-20T15:25:37Z INFO [143/394] 09a6690d-622e-48ae-9781-62ba7a8d0845: does not qualify; 1.6 s; peak memory 610 MiB.
2026-09-20T15:25:38Z INFO [144/394] 09a6d809-86d2-4b48-9fd1-8082adc0ee76: does not qualify; 1.4 s; peak memory 610 MiB.
2026-09-20T15:25:39Z INFO [145/394] 09a80bd6-61e6-45c4-a7d9-d11cbb271e4a: does not qualify; 1.2 s; peak memory 610 MiB.
2026-09-20T15:25:53Z INFO [146/394] 09a84516-dd69-4208-915e-af986301faca: does not qualify; 14.0 s; peak memory 610 MiB.
2026-09-20T15:25:55Z INFO [147/394] 09a87655-80fc-4f4b-8b6a-721a95fa0422: does not qualify; 1.7 s; peak memory 610 MiB.
2026-09-20T15:25:57Z INFO [148/394] 09a88377-c627-4e4b-b929-c94a909f28fa: does not qualify; 1.9 s; peak memory 610 MiB.
2026-09-20T15:26:00Z INFO [149/394] 09a89d29-756f-49c0-afbe-2f82edc49fb1: does not qualify; 3.0 s; peak memory 610 MiB.
2026-09-20T15:26:08Z INFO [150/394] 09a8de5e-04f0-40f8-9301-bf015a804674: does not qualify; 7.6 s; peak memory 610 MiB.
2026-09-20T15:26:08Z INFO [150/394] 09a8de5e-04f0-40f8-9301-bf015a804674: checkpointed 51518 records.
2026-09-20T15:26:09Z INFO [151/394] 09aa0e01-a104-48c4-9f9a-f9d373ea4d42: does not qualify; 1.5 s; peak memory 610 MiB.
2026-09-20T15:26:12Z INFO [152/394] 09aa62e5-c4e7-429e-acc5-4115d468fbd3: does not qualify; 2.8 s; peak memory 610 MiB.
2026-09-20T15:26:14Z INFO [153/394] 09ab8bde-2071-4bd8-bf46-1fc2e9475332: does not qualify; 1.9 s; peak memory 610 MiB.
2026-09-20T15:26:16Z INFO [154/394] 09abfac8-d134-4159-aaf8-efc9afc573ed: does not qualify; 1.7 s; peak memory 610 MiB.
2026-09-20T15:26:26Z INFO [155/394] 09ac3a12-a196-4e18-8984-6cb51848501f: does not qualify; 9.9 s; peak memory 610 MiB.
2026-09-20T15:26:28Z INFO [156/394] 09ac9506-031f-47b3-b29f-f6e07ea27942: does not qualify; 2.0 s; peak memory 610 MiB.
2026-09-20T15:26:30Z INFO [157/394] 09ac952e-e223-49b2-953a-5e8b0505a31c: does not qualify; 2.9 s; peak memory 610 MiB.
2026-09-20T15:26:32Z INFO [158/394] 09ace77d-78b3-4e2f-9a59-75755badc93d: does not qualify; 1.2 s; peak memory 610 MiB.
2026-09-20T15:26:42Z INFO [159/394] 09ad2dda-b346-40ea-8300-e2ab35d8e258: does not qualify; 10.6 s; peak memory 610 MiB.
2026-09-20T15:26:44Z INFO [160/394] 09ad32c4-820f-4905-931a-f54b13829def: does not qualify; 1.7 s; peak memory 610 MiB.
2026-09-20T15:26:45Z INFO [161/394] 09ad8f00-b801-48f1-b349-296820f775f0: does not qualify; 1.6 s; peak memory 610 MiB.
2026-09-20T15:26:53Z INFO [162/394] 09ade962-029c-4327-9acc-44308724f297: does not qualify; 7.2 s; peak memory 610 MiB.
2026-09-20T15:26:54Z INFO [163/394] 09ae8dcd-8066-4554-aaf2-5a541673faf4: does not qualify; 1.3 s; peak memory 610 MiB.
2026-09-20T15:26:55Z INFO [164/394] 09ae9e3f-7621-445e-b882-5ae2672f9001: does not qualify; 1.3 s; peak memory 610 MiB.
2026-09-20T15:26:57Z INFO [165/394] 09aeb529-249d-4af4-8617-106dca1cd6ba: does not qualify; 1.5 s; peak memory 610 MiB.
2026-09-20T15:27:04Z INFO [166/394] 09aec2cc-b4ff-4e90-875e-9847c938bf26: does not qualify; 7.4 s; peak memory 610 MiB.
2026-09-20T15:27:15Z INFO [167/394] 09b0085e-82c4-4832-ba14-c8bad253549a: does not qualify; 11.0 s; peak memory 610 MiB.
2026-09-20T15:27:21Z INFO [168/394] 09b09422-0ba4-4dea-810b-0acbc6ec9dac: does not qualify; 5.4 s; peak memory 610 MiB.
2026-09-20T15:27:22Z INFO [169/394] 09b0b83e-3195-4b35-b65f-b2bf2afb7723: does not qualify; 1.3 s; peak memory 610 MiB.
2026-09-20T15:27:23Z INFO [170/394] 09b1d782-bfa8-4677-a9ab-0d53c0620eff: does not qualify; 1.5 s; peak memory 610 MiB.
2026-09-20T15:27:25Z INFO [171/394] 09b2b687-9ad0-4b30-aaac-21d4a2186d91: does not qualify; 1.3 s; peak memory 610 MiB.
2026-09-20T15:27:26Z INFO [172/394] 09b37070-802c-4aa7-8db5-aef6cad7b081: does not qualify; 1.3 s; peak memory 610 MiB.
2026-09-20T15:27:28Z INFO [173/394] 09b3e523-dce2-4427-b362-1ca0dd9d5d57: does not qualify; 1.9 s; peak memory 610 MiB.
2026-09-20T15:27:29Z INFO [174/394] 09b40c3f-b544-4b2a-8633-43f5f45926ea: does not qualify; 1.3 s; peak memory 610 MiB.
2026-09-20T15:27:31Z INFO [175/394] 09b45f4d-30ac-48f6-8387-28a93d9d4b9f: does not qualify; 2.0 s; peak memory 610 MiB.
2026-09-20T15:27:33Z INFO [176/394] 09b51b9f-cc06-44f8-a958-f4e26c48dcfd: does not qualify; 1.2 s; peak memory 610 MiB.
2026-09-20T15:27:34Z INFO [177/394] 09b564ff-d3f7-4eec-860f-7f446c4349d4: does not qualify; 1.7 s; peak memory 610 MiB.
2026-09-20T15:27:41Z INFO [178/394] 09b58978-d38c-497d-a876-37993a4c4d0b: does not qualify; 7.1 s; peak memory 610 MiB.
2026-09-20T15:27:43Z INFO [179/394] 09b5b2f7-5578-4339-971e-b43d2d53b043: does not qualify; 1.2 s; peak memory 610 MiB.
2026-09-20T15:27:44Z INFO [180/394] 09b5de13-4177-4e1f-bcd9-a94bfee0727c: does not qualify; 1.6 s; peak memory 610 MiB.
2026-09-20T15:27:45Z INFO [181/394] 09b641e5-c137-49b6-bf97-68997810e52c: does not qualify; 1.4 s; peak memory 610 MiB.
2026-09-20T15:27:47Z INFO [182/394] 09b68144-bbfd-4c10-84e7-002a4974a8bf: does not qualify; 1.4 s; peak memory 610 MiB.
2026-09-20T15:27:51Z INFO [183/394] 09b78939-8441-4bf2-9a3c-ea0b21d25144: does not qualify; 3.8 s; peak memory 610 MiB.
2026-09-20T15:27:52Z INFO [184/394] 09b7a6cb-e084-4770-b04e-da8d1300a039: does not qualify; 1.2 s; peak memory 610 MiB.
2026-09-20T15:28:03Z INFO [185/394] 09b7d1d7-8b38-47b2-94f5-e0815ed37926: does not qualify; 11.5 s; peak memory 610 MiB.
2026-09-20T15:28:09Z INFO [186/394] 09b81c90-bd08-4dad-bed1-ebaf4485156f: does not qualify; 5.6 s; peak memory 610 MiB.
2026-09-20T15:28:11Z INFO [187/394] 09b81f5f-0818-44a8-94cb-6b85e088cc0c: does not qualify; 2.2 s; peak memory 610 MiB.
2026-09-20T15:28:19Z INFO [188/394] 09b86bbb-cf45-46e6-9a4d-a7e7a4ddc785: does not qualify; 7.5 s; peak memory 610 MiB.
2026-09-20T15:28:20Z INFO [189/394] 09b8e0d1-1256-449b-87e1-2a6e29b594ee: does not qualify; 1.5 s; peak memory 610 MiB.
2026-09-20T15:28:37Z INFO [190/394] 09b95e2a-b015-46ea-8332-beb4b3f13ba0: does not qualify; 16.7 s; peak memory 610 MiB.
2026-09-20T15:28:39Z INFO [191/394] 09baf449-3c2b-4701-9f95-737798d6677d: does not qualify; 1.6 s; peak memory 610 MiB.
2026-09-20T15:28:40Z INFO [192/394] 09bbe124-7b0d-438c-b186-e0846a0e2c28: does not qualify; 1.3 s; peak memory 610 MiB.
2026-09-20T15:28:48Z INFO [193/394] 09bc8e09-ed3f-4842-8afe-c609f592b51b: does not qualify; 8.1 s; peak memory 610 MiB.
2026-09-20T15:28:49Z INFO [194/394] 09bcc6d3-aa79-4ff8-99da-4d39c157dfe9: does not qualify; 1.4 s; peak memory 610 MiB.
2026-09-20T15:28:51Z INFO [195/394] 09bf910d-7170-48fc-a68b-f8a1bf2689ae: does not qualify; 1.7 s; peak memory 610 MiB.
2026-09-20T15:28:54Z INFO [196/394] 09c126c2-b273-40ec-9a98-4623e22028ef: does not qualify; 3.2 s; peak memory 610 MiB.
2026-09-20T15:28:56Z INFO [197/394] 09c14d38-3fd2-4adc-a0db-db97d5f0e124: does not qualify; 1.3 s; peak memory 610 MiB.
2026-09-20T15:28:58Z INFO [198/394] 09c2b6af-4acc-4806-bf68-40d7c55058cf: does not qualify; 2.2 s; peak memory 610 MiB.
2026-09-20T15:28:59Z INFO [199/394] 09c2ba14-8dc3-499e-a38e-2f4a0723b32f: does not qualify; 1.4 s; peak memory 610 MiB.
2026-09-20T15:29:00Z INFO [200/394] 09c324f7-0769-4f54-82c2-66fae75657b9: does not qualify; 1.2 s; peak memory 610 MiB.
2026-09-20T15:29:01Z INFO [200/394] 09c324f7-0769-4f54-82c2-66fae75657b9: checkpointed 51568 records.
2026-09-20T15:29:02Z INFO [201/394] 09c331d9-cb20-4541-92dd-76fd4f9f521a: does not qualify; 1.3 s; peak memory 610 MiB.
2026-09-20T15:29:04Z INFO [202/394] 09c3a406-1669-464d-9ff7-1d29b8d18e91: does not qualify; 1.8 s; peak memory 610 MiB.
2026-09-20T15:29:06Z INFO [203/394] 09c3d0e7-3be4-4c70-b45a-7d2eeb20ffc2: does not qualify; 2.4 s; peak memory 610 MiB.
2026-09-20T15:29:07Z INFO [204/394] 09c488b8-8668-46f0-b2d5-63440f0d9ff3: does not qualify; 1.2 s; peak memory 610 MiB.
2026-09-20T15:29:18Z INFO [205/394] 09c4bd5a-f32e-4152-8324-e280a1c9a3db: does not qualify; 10.8 s; peak memory 610 MiB.
2026-09-20T15:29:21Z INFO [206/394] 09c52288-d38d-4da1-b6e9-471b2f9771a2: does not qualify; 2.6 s; peak memory 610 MiB.
2026-09-20T15:29:23Z INFO [207/394] 09c59f0a-e2c1-4888-a83d-19ba3457a68b: does not qualify; 2.6 s; peak memory 610 MiB.
2026-09-20T15:29:25Z INFO [208/394] 09c67de8-6e21-42fd-a802-cea92540ec8a: does not qualify; 1.8 s; peak memory 610 MiB.
2026-09-20T15:29:27Z INFO [209/394] 09c9ca88-48f7-43c3-8fa8-57d0a1813059: does not qualify; 1.5 s; peak memory 610 MiB.
2026-09-20T15:29:30Z INFO [210/394] 09cb3b6a-ec27-411d-9c5b-4d050f7cf0c0: does not qualify; 2.9 s; peak memory 610 MiB.
2026-09-20T15:29:37Z INFO [211/394] 09cb8322-6a8d-4a55-976a-bbd68e1817df: does not qualify; 7.4 s; peak memory 610 MiB.
2026-09-20T15:29:38Z INFO [212/394] 09cbc73d-2827-49b8-b9fd-826474189ff4: does not qualify; 1.6 s; peak memory 610 MiB.
2026-09-20T15:29:41Z INFO [213/394] 09cc0818-2dba-4aea-b20a-68d781523390: qualifies; 2.8 s; peak memory 610 MiB.
2026-09-20T15:29:48Z INFO [214/394] 09ccd87f-e536-4b24-bd20-3669ffda36e9: does not qualify; 6.7 s; peak memory 610 MiB.
2026-09-20T15:29:52Z INFO [215/394] 09cd9469-9231-4329-b51d-cb4d3f805f22: does not qualify; 3.6 s; peak memory 610 MiB.
2026-09-20T15:29:53Z INFO [216/394] 09cdf7f4-a829-4d1c-8a8f-e26cfbc176a6: does not qualify; 1.5 s; peak memory 610 MiB.
2026-09-20T15:29:55Z INFO [217/394] 09ce209d-d361-4f58-9389-8dee28bfe020: does not qualify; 1.6 s; peak memory 610 MiB.
2026-09-20T15:29:56Z INFO [218/394] 09ce5490-26ea-468f-aafe-d8ac2da76591: does not qualify; 1.6 s; peak memory 610 MiB.
2026-09-20T15:29:58Z INFO [219/394] 09ce781a-e048-43a7-abd4-6bfc5be62863: does not qualify; 1.5 s; peak memory 610 MiB.
2026-09-20T15:30:03Z INFO [220/394] 09ce8d97-d61e-4b3a-99cb-a5c6a55b3122: qualifies; 5.6 s; peak memory 610 MiB.
2026-09-20T15:30:05Z INFO [221/394] 09cf0271-4ce0-40d7-9a23-74f093233b70: does not qualify; 1.4 s; peak memory 610 MiB.
2026-09-20T15:30:06Z INFO [222/394] 09cfba07-9fff-4f01-92e6-ddf0a30fc76c: does not qualify; 1.2 s; peak memory 610 MiB.
2026-09-20T15:30:08Z INFO [223/394] 09cfd04a-da5d-49c1-8dbf-b98a34850cc9: does not qualify; 1.7 s; peak memory 610 MiB.
2026-09-20T15:30:09Z INFO [224/394] 09d02fff-1fab-43b1-ad67-282f3e160485: does not qualify; 1.2 s; peak memory 610 MiB.
2026-09-20T15:30:12Z INFO [225/394] 09d1979c-fa5c-491f-94d3-2173aa36e835: does not qualify; 2.6 s; peak memory 610 MiB.
2026-09-20T15:30:13Z INFO [226/394] 09d32b22-c5dc-4601-a11b-274ddf365ef7: does not qualify; 1.8 s; peak memory 610 MiB.
2026-09-20T15:30:15Z INFO [227/394] 09d3f976-6f83-4189-b06e-88ebf7f49295: does not qualify; 1.5 s; peak memory 610 MiB.
2026-09-20T15:30:17Z INFO [228/394] 09d418a7-938d-498e-88cc-b142794eba04: does not qualify; 1.9 s; peak memory 610 MiB.
2026-09-20T15:30:18Z INFO [229/394] 09d55c53-130d-4ec3-b29d-e57f3d00b74e: does not qualify; 1.4 s; peak memory 610 MiB.
2026-09-20T15:30:19Z INFO [230/394] 09d5b087-e3f0-4b4e-88da-dbff30f5881f: does not qualify; 1.0 s; peak memory 610 MiB.
2026-09-20T15:30:20Z INFO [231/394] 09d5f672-5836-40ee-86b8-77d02e914187: does not qualify; 1.1 s; peak memory 610 MiB.
2026-09-20T15:30:22Z INFO [232/394] 09d61dcf-77fe-440b-9f71-6c2984dea32a: does not qualify; 1.5 s; peak memory 610 MiB.
2026-09-20T15:30:24Z INFO [233/394] 09d88ae2-9ccc-4956-a6a5-e3de83c3a2c1: does not qualify; 1.8 s; peak memory 610 MiB.
2026-09-20T15:30:31Z INFO [234/394] 09d894ab-6c82-4ba0-bd4f-9b87e9b350e8: does not qualify; 7.6 s; peak memory 612 MiB.
2026-09-20T15:30:34Z INFO [235/394] 09d8a73d-83f7-412b-9ae3-76d879419bf1: does not qualify; 2.7 s; peak memory 612 MiB.
2026-09-20T15:30:35Z INFO [236/394] 09d9845a-6363-4b1c-bbe6-3e92963cdb0a: does not qualify; 1.5 s; peak memory 612 MiB.
2026-09-20T15:30:37Z INFO [237/394] 09dae43c-6f24-4da9-a77d-84623b266f7d: does not qualify; 1.5 s; peak memory 612 MiB.
2026-09-20T15:30:43Z INFO [238/394] 09db61bd-ebff-445b-8399-899d37f45095: does not qualify; 5.7 s; peak memory 612 MiB.
2026-09-20T15:30:44Z INFO [239/394] 09dc3210-8116-47a1-8473-9e4105f581e6: does not qualify; 1.2 s; peak memory 612 MiB.
2026-09-20T15:30:47Z INFO [240/394] 09dc738d-e023-44f3-890f-be3017a8f6c5: does not qualify; 2.9 s; peak memory 612 MiB.
2026-09-20T15:30:48Z INFO [241/394] 09dcab2f-e1f9-4d88-ae87-991fb55797c6: does not qualify; 0.9 s; peak memory 612 MiB.
2026-09-20T15:30:53Z INFO [242/394] 09dccc65-2177-4d83-a9a5-58ccdb6dea48: does not qualify; 5.7 s; peak memory 612 MiB.
2026-09-20T15:30:54Z INFO [243/394] 09dce58a-679a-462b-a67b-eb59f66fbec9: does not qualify; 0.9 s; peak memory 612 MiB.
2026-09-20T15:30:55Z INFO [244/394] 09dd8eb3-e064-4223-84cd-807228c536f5: does not qualify; 1.1 s; peak memory 612 MiB.
2026-09-20T15:30:57Z INFO [245/394] 09de817d-1b8d-46c8-b95f-f31555ecd87a: does not qualify; 1.5 s; peak memory 612 MiB.
2026-09-20T15:30:59Z INFO [246/394] 09dedd5f-2d29-4b99-b8f5-da356bbe9894: does not qualify; 2.5 s; peak memory 612 MiB.
2026-09-20T15:31:01Z INFO [247/394] 09df43ba-d42b-4fee-bf5f-4540a3cbb594: does not qualify; 1.5 s; peak memory 612 MiB.
2026-09-20T15:31:02Z INFO [248/394] 09df844b-8898-46dc-bc74-d5ff5ffb129f: does not qualify; 1.5 s; peak memory 612 MiB.
2026-09-20T15:31:04Z INFO [249/394] 09dfb829-b00f-4761-ab66-4b1ae4557b85: does not qualify; 1.2 s; peak memory 612 MiB.
2026-09-20T15:31:05Z INFO [250/394] 09dfc987-4167-446e-9aac-95106cddcdd1: does not qualify; 1.2 s; peak memory 612 MiB.
2026-09-20T15:31:05Z INFO [250/394] 09dfc987-4167-446e-9aac-95106cddcdd1: checkpointed 51618 records.
2026-09-20T15:31:12Z INFO [251/394] 09dff453-e589-4803-b94a-f7cb3da729ec: does not qualify; 6.9 s; peak memory 612 MiB.
2026-09-20T15:31:13Z INFO [252/394] 09e03788-3188-49b6-93f3-94a695be4a36: does not qualify; 1.4 s; peak memory 612 MiB.
2026-09-20T15:31:14Z INFO [253/394] 09e09925-28d4-4e25-a996-1a979eb61992: does not qualify; 1.2 s; peak memory 612 MiB.
2026-09-20T15:31:16Z INFO [254/394] 09e10cda-1047-475d-a34e-17c18169d246: does not qualify; 1.7 s; peak memory 612 MiB.
2026-09-20T15:31:17Z INFO [255/394] 09e19dcf-b354-4837-ad95-8f957175e164: does not qualify; 1.2 s; peak memory 612 MiB.
2026-09-20T15:31:19Z INFO [256/394] 09e1a3f1-b8dc-4daf-b865-495a895b66db: does not qualify; 1.6 s; peak memory 612 MiB.
2026-09-20T15:31:29Z INFO [257/394] 09e1dcea-126d-426f-b062-6cb679cdefc6: does not qualify; 10.0 s; peak memory 612 MiB.
2026-09-20T15:31:30Z INFO [258/394] 09e1e86f-de52-4eaf-8c2c-8845a0719e35: does not qualify; 1.4 s; peak memory 612 MiB.
2026-09-20T15:31:41Z INFO [259/394] 09e2058e-592b-4f6e-946f-dfac82fb932f: does not qualify; 11.0 s; peak memory 612 MiB.
2026-09-20T15:31:42Z INFO [260/394] 09e2424e-8afc-4b14-992a-14499e9ea7a2: does not qualify; 1.0 s; peak memory 612 MiB.
2026-09-20T15:31:44Z INFO [261/394] 09e24b80-5379-4e2d-8937-78743e30bdfd: does not qualify; 1.4 s; peak memory 612 MiB.
2026-09-20T15:31:45Z INFO [262/394] 09e29a29-fbb1-4cce-83d6-0476cd675754: does not qualify; 1.3 s; peak memory 612 MiB.
2026-09-20T15:31:47Z INFO [263/394] 09e2a404-b029-4bcd-b8a3-5a9a982fc82a: does not qualify; 2.1 s; peak memory 612 MiB.
2026-09-20T15:31:49Z INFO [264/394] 09e2ec5d-8722-4bb2-9a5c-95e4954be211: does not qualify; 1.8 s; peak memory 612 MiB.
2026-09-20T15:31:50Z INFO [265/394] 09e39016-49e6-4b79-bf75-c3843df166b1: does not qualify; 1.3 s; peak memory 612 MiB.
2026-09-20T15:31:51Z INFO [266/394] 09e3a9c8-66cd-496a-bf35-4cdc617bc6ab: does not qualify; 1.3 s; peak memory 612 MiB.
2026-09-20T15:31:52Z INFO [267/394] 09e60b83-41b6-4018-baa5-919f336af932: does not qualify; 1.0 s; peak memory 612 MiB.
2026-09-20T15:31:54Z INFO [268/394] 09e750cd-9386-4d68-ada5-5603f3566833: does not qualify; 1.6 s; peak memory 612 MiB.
2026-09-20T15:31:55Z INFO [269/394] 09e77ba5-07b8-40cf-8512-3602822cf44c: does not qualify; 1.2 s; peak memory 612 MiB.
2026-09-20T15:31:56Z INFO [270/394] 09e82e72-934b-4536-b61d-7f31c5a52267: does not qualify; 1.3 s; peak memory 612 MiB.
2026-09-20T15:31:58Z INFO [271/394] 09e921b5-3f4b-4014-b530-1f287a23095e: does not qualify; 1.6 s; peak memory 612 MiB.
2026-09-20T15:32:00Z INFO [272/394] 09e98317-6218-4c5a-83ea-c91aca8541ba: does not qualify; 1.8 s; peak memory 612 MiB.
2026-09-20T15:32:03Z INFO [273/394] 09ea1a9a-a5ab-496a-84a1-373c1e4c5cbf: does not qualify; 3.5 s; peak memory 612 MiB.
2026-09-20T15:32:05Z INFO [274/394] 09ea60c8-b381-40b1-b123-3ee29f1525e9: does not qualify; 1.5 s; peak memory 612 MiB.
2026-09-20T15:32:06Z INFO [275/394] 09ead2db-b9b7-4481-bf92-9f9ef160f2af: does not qualify; 1.2 s; peak memory 612 MiB.
2026-09-20T15:32:08Z INFO [276/394] 09ec20a1-6e30-4c6d-968f-cace49771e05: does not qualify; 1.4 s; peak memory 612 MiB.
2026-09-20T15:32:09Z INFO [277/394] 09ed1aa2-81eb-429c-b06f-24f73121cc78: does not qualify; 1.5 s; peak memory 612 MiB.
2026-09-20T15:32:11Z INFO [278/394] 09ed3f49-a741-4f12-8ecd-2611ad16e93d: does not qualify; 1.8 s; peak memory 612 MiB.
2026-09-20T15:32:12Z INFO [279/394] 09ee4cd3-358b-4181-869e-110128ca15d6: does not qualify; 1.2 s; peak memory 612 MiB.
2026-09-20T15:32:23Z INFO [280/394] 09ee5205-c046-439b-b11a-218d83b694a1: does not qualify; 11.2 s; peak memory 612 MiB.
2026-09-20T15:32:25Z INFO [281/394] 09ee60fe-f2b8-4cc8-b3df-09062c54fd53: does not qualify; 1.5 s; peak memory 612 MiB.
2026-09-20T15:32:26Z INFO [282/394] 09ee6cdb-8155-45da-8c5c-881bbb8221f3: does not qualify; 1.5 s; peak memory 612 MiB.
2026-09-20T15:32:28Z INFO [283/394] 09eecd46-01c7-4ee6-9244-25aa9ba8664d: does not qualify; 1.7 s; peak memory 612 MiB.
2026-09-20T15:32:29Z INFO [284/394] 09eede6f-cb61-4797-bc85-a4f405fb2fae: does not qualify; 1.1 s; peak memory 612 MiB.
2026-09-20T15:32:30Z INFO [285/394] 09ef0b6e-2ec9-4b31-814f-c88c82e80e5f: does not qualify; 1.3 s; peak memory 612 MiB.
2026-09-20T15:32:40Z INFO [286/394] 09f0a2a4-56b0-4eac-a6fe-7195d2a3c329: does not qualify; 9.9 s; peak memory 612 MiB.
2026-09-20T15:32:42Z INFO [287/394] 09f14c2f-9098-4113-b22a-f57fd2a4a12c: does not qualify; 1.6 s; peak memory 612 MiB.
2026-09-20T15:32:44Z INFO [288/394] 09f1b19d-c5cd-4630-82a0-e111354cea6f: does not qualify; 2.6 s; peak memory 612 MiB.
2026-09-20T15:32:50Z INFO [289/394] 09f236ce-4dc1-4165-984f-e7524ab44eab: does not qualify; 5.2 s; peak memory 612 MiB.
2026-09-20T15:32:53Z INFO [290/394] 09f26db2-d44f-444b-8f58-df80fcc4ddf8: does not qualify; 2.9 s; peak memory 612 MiB.
2026-09-20T15:32:57Z INFO [291/394] 09f33317-5205-41a3-a2f5-eb40d511b037: does not qualify; 4.4 s; peak memory 612 MiB.
2026-09-20T15:32:59Z INFO [292/394] 09f371b5-53cb-4832-84d8-a9d3a33775af: does not qualify; 2.0 s; peak memory 612 MiB.
2026-09-20T15:33:01Z INFO [293/394] 09f5727c-0def-4727-8bd3-e219a326f329: does not qualify; 1.8 s; peak memory 612 MiB.
2026-09-20T15:33:02Z INFO [294/394] 09f65130-514f-4c9f-902d-4c9ccbef8f98: does not qualify; 1.2 s; peak memory 612 MiB.
2026-09-20T15:33:04Z INFO [295/394] 09f67f81-c647-4db7-9e0b-e7db11e8a9a8: does not qualify; 1.6 s; peak memory 612 MiB.
2026-09-20T15:33:05Z INFO [296/394] 09f6e499-af81-4c81-bad6-eb58868f1291: does not qualify; 1.6 s; peak memory 612 MiB.
2026-09-20T15:33:18Z INFO [297/394] 09f6f4cc-0eb7-43ba-b7c9-749153c3d2ca: does not qualify; 12.4 s; peak memory 612 MiB.
2026-09-20T15:33:19Z INFO [298/394] 09f777f7-d91c-4dd2-86c5-f9815513dad1: does not qualify; 1.6 s; peak memory 612 MiB.
2026-09-20T15:33:22Z INFO [299/394] 09f81058-0945-43db-ab16-b1741c6c6860: does not qualify; 3.0 s; peak memory 612 MiB.
2026-09-20T15:33:24Z INFO [300/394] 09f838ef-763e-4063-a2a0-37ad294598ac: does not qualify; 1.5 s; peak memory 612 MiB.
2026-09-20T15:33:24Z INFO [300/394] 09f838ef-763e-4063-a2a0-37ad294598ac: checkpointed 51668 records.
2026-09-20T15:33:30Z INFO [301/394] 09f887da-3875-4649-922c-eb98d2f03798: does not qualify; 6.7 s; peak memory 612 MiB.
2026-09-20T15:33:43Z INFO [302/394] 09fa9e23-6f3c-4971-86a9-2fb0fdc1bc51: does not qualify; 12.4 s; peak memory 612 MiB.
2026-09-20T15:33:50Z INFO [303/394] 09fb49f0-4f96-465d-96e6-2d8b7889c902: does not qualify; 6.8 s; peak memory 612 MiB.
2026-09-20T15:33:51Z INFO [304/394] 09fb6fe2-dfa0-477b-8be9-a31e731a0004: does not qualify; 1.2 s; peak memory 612 MiB.
2026-09-20T15:33:52Z INFO [305/394] 09fbe36e-2cc9-4a8d-87b6-24d64a8f76f6: does not qualify; 1.1 s; peak memory 612 MiB.
2026-09-20T15:33:54Z INFO [306/394] 09fbfb31-326d-4c92-af2f-fb0fb644ff7d: does not qualify; 1.8 s; peak memory 612 MiB.
2026-09-20T15:33:55Z INFO [307/394] 09fc4152-83aa-4ce9-95b3-1d5acf94fbc0: does not qualify; 1.4 s; peak memory 612 MiB.
2026-09-20T15:33:56Z INFO [308/394] 09fdf6a8-4753-4f7e-8a94-e9851ed4ac09: does not qualify; 1.2 s; peak memory 612 MiB.
2026-09-20T15:33:58Z INFO [309/394] 09ffec85-2705-4732-9bd9-079e1a0eedbb: does not qualify; 1.8 s; peak memory 612 MiB.
2026-09-20T15:34:00Z INFO [310/394] 09fff81e-9259-4659-b56b-5298a402ca78: does not qualify; 1.4 s; peak memory 612 MiB.
2026-09-20T15:34:01Z INFO [311/394] 0a002c53-b7d5-426a-94ef-e0441afd5f1c: does not qualify; 1.1 s; peak memory 612 MiB.
2026-09-20T15:34:03Z INFO [312/394] 0a0052ec-492d-46c8-9a04-edcb4c93bf51: does not qualify; 1.8 s; peak memory 612 MiB.
2026-09-20T15:34:04Z INFO [313/394] 0a00f652-1dca-4908-8992-09e11136708b: does not qualify; 1.1 s; peak memory 612 MiB.
2026-09-20T15:34:06Z INFO [314/394] 0a0152d1-4b32-41d0-861c-04dc75feaebf: does not qualify; 2.2 s; peak memory 612 MiB.
2026-09-20T15:34:11Z INFO [315/394] 0a018fee-f1ac-4c0c-ba20-2e8cf39d1704: does not qualify; 5.2 s; peak memory 612 MiB.
2026-09-20T15:34:13Z INFO [316/394] 0a01a507-08e4-4a91-a20c-f466b016a6a6: does not qualify; 1.7 s; peak memory 612 MiB.
2026-09-20T15:34:14Z INFO [317/394] 0a01c3ee-0903-428a-afc7-9f96ed7e9af1: does not qualify; 1.2 s; peak memory 612 MiB.
2026-09-20T15:34:22Z INFO [318/394] 0a035564-1b8d-4f78-b7de-b872719acb23: does not qualify; 7.7 s; peak memory 612 MiB.
2026-09-20T15:34:24Z INFO [319/394] 0a042a69-eccf-4884-b1ce-a832a0e93a7d: does not qualify; 1.7 s; peak memory 612 MiB.
2026-09-20T15:34:25Z INFO [320/394] 0a043a89-1d2a-43d9-b19a-42cccc48bd7b: does not qualify; 1.7 s; peak memory 612 MiB.
2026-09-20T15:34:28Z INFO [321/394] 0a04ab27-b3dd-40c2-a80f-c38a5fa9c49a: does not qualify; 3.1 s; peak memory 612 MiB.
2026-09-20T15:34:30Z INFO [322/394] 0a0663b8-8952-4a04-9729-95445483c7aa: does not qualify; 1.2 s; peak memory 612 MiB.
2026-09-20T15:34:31Z INFO [323/394] 0a070227-9afd-4fad-80bf-fcff585b563a: does not qualify; 1.4 s; peak memory 612 MiB.
2026-09-20T15:34:32Z INFO [324/394] 0a07ae4c-db0b-46ba-8238-56c55f56ff85: does not qualify; 1.2 s; peak memory 612 MiB.
2026-09-20T15:34:39Z INFO [325/394] 0a083fcc-725e-43dc-adae-69e75007d644: does not qualify; 6.6 s; peak memory 612 MiB.
2026-09-20T15:34:40Z INFO [326/394] 0a08ca98-8588-402c-b08e-f1660c086617: does not qualify; 1.2 s; peak memory 612 MiB.
2026-09-20T15:34:44Z INFO [327/394] 0a0918f3-c445-4a58-833f-68d7df9f6200: does not qualify; 4.3 s; peak memory 612 MiB.
2026-09-20T15:34:46Z INFO [328/394] 0a0a41c2-fbdc-499a-8b14-432afa87241d: does not qualify; 2.0 s; peak memory 612 MiB.
2026-09-20T15:34:48Z INFO [329/394] 0a0ac47f-953b-4cea-857d-fa7eefd022ee: does not qualify; 2.0 s; peak memory 612 MiB.
2026-09-20T15:34:49Z INFO [330/394] 0a0aef74-273e-4507-bc6a-aebd2d9d1177: does not qualify; 1.2 s; peak memory 612 MiB.
2026-09-20T15:34:51Z INFO [331/394] 0a0b00cf-36ec-4acc-b360-1b7e92b10439: does not qualify; 1.2 s; peak memory 612 MiB.
2026-09-20T15:35:01Z INFO [332/394] 0a0bf277-e41b-4829-841e-416c6e9f0ffe: does not qualify; 10.2 s; peak memory 612 MiB.
2026-09-20T15:35:02Z INFO [333/394] 0a0c8274-2343-4801-9326-57442dcddb7c: does not qualify; 1.3 s; peak memory 612 MiB.
2026-09-20T15:35:04Z INFO [334/394] 0a0cefd1-a226-489e-bb7e-a491e935219e: does not qualify; 1.6 s; peak memory 612 MiB.
2026-09-20T15:35:07Z INFO [335/394] 0a0d27ae-4f7f-4429-8837-1576bb9e372b: does not qualify; 2.9 s; peak memory 612 MiB.
2026-09-20T15:35:18Z INFO [336/394] 0a0d3640-3713-426c-8546-dc2a59263836: does not qualify; 11.7 s; peak memory 612 MiB.
2026-09-20T15:35:20Z INFO [337/394] 0a0d4f83-7605-4e5c-963b-531cae4cb4ca: does not qualify; 1.2 s; peak memory 612 MiB.
2026-09-20T15:35:21Z INFO [338/394] 0a0e6099-fe5b-48b9-8122-ebe7bd130eea: does not qualify; 1.2 s; peak memory 612 MiB.
2026-09-20T15:35:22Z INFO [339/394] 0a0ee0b2-a690-46a0-8533-a350dff38caf: does not qualify; 1.2 s; peak memory 612 MiB.
2026-09-20T15:35:33Z INFO [340/394] 0a0f1443-7f6f-4d86-b5b8-801d9d1eca24: does not qualify; 10.5 s; peak memory 612 MiB.
2026-09-20T15:35:34Z INFO [341/394] 0a101534-fc42-4a06-9898-7068a94cb159: does not qualify; 1.8 s; peak memory 612 MiB.
2026-09-20T15:35:42Z INFO [342/394] 0a10a365-d47b-4824-a305-66a0db427312: does not qualify; 7.9 s; peak memory 612 MiB.
2026-09-20T15:35:44Z INFO [343/394] 0a1100f1-2e2c-480d-8099-7371d68155b8: does not qualify; 1.8 s; peak memory 612 MiB.
2026-09-20T15:35:47Z INFO [344/394] 0a110ad9-1a22-4794-8598-e4bcd0731bbb: does not qualify; 3.1 s; peak memory 612 MiB.
2026-09-20T15:35:49Z INFO [345/394] 0a111bf3-44f3-4ff3-8036-0b5652397aef: does not qualify; 1.9 s; peak memory 612 MiB.
2026-09-20T15:35:52Z INFO [346/394] 0a1132c0-776f-400c-b828-8fb0b51728cc: does not qualify; 3.3 s; peak memory 612 MiB.
2026-09-20T15:35:54Z INFO [347/394] 0a11761a-204d-4fc4-acb0-79583bb64597: does not qualify; 1.7 s; peak memory 612 MiB.
2026-09-20T15:35:55Z INFO [348/394] 0a132b71-910f-42b1-9917-e6c7a99fe093: does not qualify; 1.5 s; peak memory 612 MiB.
2026-09-20T15:35:57Z INFO [349/394] 0a14f80d-fe1b-4edf-8594-897c6aa1b2aa: does not qualify; 1.5 s; peak memory 612 MiB.
2026-09-20T15:35:58Z INFO [350/394] 0a1530ad-f62d-40ed-857b-6ecaec14ac5a: does not qualify; 1.2 s; peak memory 612 MiB.
2026-09-20T15:35:58Z INFO [350/394] 0a1530ad-f62d-40ed-857b-6ecaec14ac5a: checkpointed 51718 records.
2026-09-20T15:36:00Z INFO [351/394] 0a153cb0-0999-4b9d-814d-a6e2f86babbf: does not qualify; 1.6 s; peak memory 612 MiB.
2026-09-20T15:36:01Z INFO [352/394] 0a161b4d-7138-4123-b5a5-6d12146f6b6b: does not qualify; 1.4 s; peak memory 612 MiB.
2026-09-20T15:36:03Z INFO [353/394] 0a163c77-31a6-404e-8712-3d387f0ec368: does not qualify; 1.7 s; peak memory 612 MiB.
2026-09-20T15:36:05Z INFO [354/394] 0a17029e-1c28-4aff-aa7d-1ce13b28abbd: does not qualify; 1.8 s; peak memory 612 MiB.
2026-09-20T15:36:17Z INFO [355/394] 0a17a1f0-819a-477c-b16a-9664b174c9c3: does not qualify; 12.2 s; peak memory 612 MiB.
2026-09-20T15:36:19Z INFO [356/394] 0a17a73c-5112-48b7-ae23-816892c3ae0b: does not qualify; 1.8 s; peak memory 612 MiB.
2026-09-20T15:36:20Z INFO [357/394] 0a17ed0f-e297-4baf-9f91-607ecf92c6b9: does not qualify; 1.5 s; peak memory 612 MiB.
2026-09-20T15:36:21Z INFO [358/394] 0a187b6c-d722-4fa5-a151-a6919fb0ca5d: does not qualify; 1.0 s; peak memory 612 MiB.
2026-09-20T15:36:25Z INFO [359/394] 0a188d88-2015-4b5a-b0df-95e24711c795: does not qualify; 3.8 s; peak memory 612 MiB.
2026-09-20T15:36:31Z INFO [360/394] 0a18ab25-0d8b-4042-a318-f6b7959a8879: does not qualify; 6.2 s; peak memory 612 MiB.
2026-09-20T15:36:33Z INFO [361/394] 0a18db80-cd5e-4378-b474-959646bc96f8: does not qualify; 1.3 s; peak memory 612 MiB.
2026-09-20T15:36:34Z INFO [362/394] 0a1929db-65f5-4669-9400-c4920e1e864e: does not qualify; 1.9 s; peak memory 612 MiB.
2026-09-20T15:36:36Z INFO [363/394] 0a19527b-3a64-4639-84dc-30981727a354: does not qualify; 1.1 s; peak memory 612 MiB.
2026-09-20T15:36:37Z INFO [364/394] 0a1aaec4-2946-47cf-80ec-08b222d4b688: does not qualify; 1.2 s; peak memory 612 MiB.
2026-09-20T15:36:43Z INFO [365/394] 0a1b5c7a-19ec-4302-ad3f-7361be18c6e2: does not qualify; 6.0 s; peak memory 612 MiB.
2026-09-20T15:36:44Z INFO [366/394] 0a1bc94c-77dd-4130-8c70-eca0b1e46482: does not qualify; 1.2 s; peak memory 612 MiB.
2026-09-20T15:36:45Z INFO [367/394] 0a1c0485-c153-43b0-8d65-8b520454a6b0: does not qualify; 1.4 s; peak memory 612 MiB.
2026-09-20T15:36:47Z INFO [368/394] 0a1c50fb-aeee-40d3-9d4b-6aaca8f8832a: does not qualify; 1.7 s; peak memory 612 MiB.
2026-09-20T15:36:49Z INFO [369/394] 0a1cb9ef-ab47-4292-b502-92d63559155f: does not qualify; 1.9 s; peak memory 612 MiB.
2026-09-20T15:36:50Z INFO [370/394] 0a1d3f67-63bc-4078-8e31-af683b3e9c98: does not qualify; 1.4 s; peak memory 612 MiB.
2026-09-20T15:36:51Z INFO [371/394] 0a1d42e0-2606-466a-bd9c-ec8dcf1bb64a: does not qualify; 1.1 s; peak memory 612 MiB.
2026-09-20T15:37:00Z INFO [372/394] 0a1d81d4-4120-4185-a655-a165b1d50791: does not qualify; 8.4 s; peak memory 612 MiB.
2026-09-20T15:37:01Z INFO [373/394] 0a1f3eaf-da7c-4cd3-9690-2d130e3c40d4: does not qualify; 1.5 s; peak memory 612 MiB.
2026-09-20T15:37:03Z INFO [374/394] 0a1fee76-2b92-4f0e-aed9-4961e5896237: does not qualify; 1.6 s; peak memory 612 MiB.
2026-09-20T15:37:05Z INFO [375/394] 0a1ffd59-f5f7-4a39-b84c-4b36d5cf3801: does not qualify; 2.4 s; peak memory 612 MiB.
2026-09-20T15:37:06Z INFO [376/394] 0a200f37-d090-4d5e-a26b-3602ac0e2ac6: does not qualify; 1.2 s; peak memory 612 MiB.
2026-09-20T15:37:08Z INFO [377/394] 0a202589-766d-4adf-9119-278830c9c2d2: does not qualify; 1.6 s; peak memory 612 MiB.
2026-09-20T15:37:11Z INFO [378/394] 0a212adc-3d55-4e62-a6a5-21656fc58d4b: does not qualify; 2.8 s; peak memory 612 MiB.
2026-09-20T15:37:13Z INFO [379/394] 0a21859e-1847-468d-b695-459384de2ea0: does not qualify; 2.6 s; peak memory 612 MiB.
2026-09-20T15:37:15Z INFO [380/394] 0a21b87e-0ecb-4435-9136-3ee8648f970d: does not qualify; 1.2 s; peak memory 612 MiB.
2026-09-20T15:37:16Z INFO [381/394] 0a226df8-6369-4e12-9295-375e922f307c: does not qualify; 1.9 s; peak memory 612 MiB.
2026-09-20T15:37:24Z INFO [382/394] 0a22e87b-abd4-4595-958e-daad7ddf85f8: does not qualify; 7.5 s; peak memory 612 MiB.
2026-09-20T15:37:25Z INFO [383/394] 0a22edda-1755-46b7-aa05-ed2961965f10: does not qualify; 1.2 s; peak memory 612 MiB.
2026-09-20T15:37:27Z INFO [384/394] 0a232f25-d29c-4733-9c5d-42afde52f487: does not qualify; 1.6 s; peak memory 612 MiB.
2026-09-20T15:37:30Z INFO [385/394] 0a236b77-23a2-43f1-8b79-004e1e35d806: does not qualify; 3.4 s; peak memory 612 MiB.
2026-09-20T15:37:36Z INFO [386/394] 0a245e9c-7c60-420c-b31b-ea3b23a31c2c: does not qualify; 6.1 s; peak memory 612 MiB.
2026-09-20T15:37:38Z INFO [387/394] 0a255f2d-641f-412c-889b-d6df83118357: does not qualify; 2.2 s; peak memory 612 MiB.
2026-09-20T15:40:03Z INFO [388/394] 0a2610ed-e0a2-4938-9d17-4063b0b88607: qualifies; 144.4 s; peak memory 7771 MiB.
2026-09-20T15:40:05Z INFO [389/394] 0a262c82-399c-400f-8a62-342d680278ee: does not qualify; 1.8 s; peak memory 7771 MiB.
2026-09-20T15:40:06Z INFO [390/394] 0a269587-9d72-4ace-886d-163bea24c673: does not qualify; 1.4 s; peak memory 7771 MiB.
2026-09-20T15:40:07Z INFO [391/394] 0a26b077-6765-43f9-b0e4-4e35612185ef: does not qualify; 1.2 s; peak memory 7771 MiB.
2026-09-20T15:40:08Z INFO [392/394] 0a27010a-116a-4006-9bbf-5525cadfa65f: does not qualify; 1.2 s; peak memory 7771 MiB.
2026-09-20T15:40:10Z INFO [393/394] 0a278251-8137-426e-9dfe-f54cab94555a: does not qualify; 1.4 s; peak memory 7771 MiB.
2026-09-20T15:40:12Z INFO [394/394] 0a2852ba-428a-42ec-aa7d-84828a0495a2: does not qualify; 1.8 s; peak memory 7771 MiB.
2026-09-20T15:40:12Z INFO Wrote 51762 records to /tmp/derivatives/qualifying_lfp_content_ids.jsonl (394 new, 0 failed) in 21.6 min (peak memory 7771 MiB).
