2026-09-18T02:49:47Z INFO Logging to /tmp/logs/update_2026-09-18T02-49-47Z.log.
2026-09-18T02:49:47Z INFO Update qualifying-lfp-content-ids (base directory /tmp).
2026-09-18T02:49:49Z INFO Processing 365 items (48782 already recorded).
2026-09-18T02:49:50Z INFO [1/365] 03ec5a4f-3173-42f8-850c-15ed08aed12c: does not qualify; 1.6 s; peak memory 220 MiB.
2026-09-18T02:49:52Z INFO [2/365] 03ecbdfe-ab2e-49a1-8105-35c0e68b2375: qualifies; 1.8 s; peak memory 221 MiB.
2026-09-18T02:50:29Z INFO [3/365] 03eea484-e3c5-4e78-a5da-da00dd567585: does not qualify; 37.5 s; peak memory 422 MiB.
2026-09-18T02:50:31Z INFO [4/365] 03eea5a4-038d-4f00-ac1f-b6354a112958: does not qualify; 1.1 s; peak memory 422 MiB.
2026-09-18T02:50:33Z INFO [5/365] 03ef2886-16d4-4dad-a144-f842850112b7: does not qualify; 2.1 s; peak memory 422 MiB.
2026-09-18T02:50:34Z INFO [6/365] 03f0ba9a-9fba-4fbd-90e9-1fa2550d6e69: does not qualify; 1.7 s; peak memory 422 MiB.
2026-09-18T02:50:35Z INFO [7/365] 03f14658-7775-40db-91c7-631753f4a679: does not qualify; 1.1 s; peak memory 422 MiB.
2026-09-18T02:50:36Z INFO [8/365] 03f1c800-065e-49c5-ace1-c5c7c82e504d: does not qualify; 1.0 s; peak memory 422 MiB.
2026-09-18T02:51:13Z INFO [9/365] 03f1cdc0-68da-4bb2-bf8e-1e3c8775ced3: does not qualify; 36.2 s; peak memory 422 MiB.
2026-09-18T02:51:20Z INFO [10/365] 03f2eca9-62ef-4346-a121-eed00bcea895: does not qualify; 7.3 s; peak memory 423 MiB.
2026-09-18T02:51:21Z INFO [11/365] 03f2f433-cf73-4234-9ab5-77fb454001c7: does not qualify; 0.8 s; peak memory 423 MiB.
2026-09-18T02:51:22Z INFO [12/365] 03f4ae5c-122a-49eb-8157-a17e7b3d53a0: does not qualify; 1.6 s; peak memory 423 MiB.
2026-09-18T02:51:23Z INFO [13/365] 03f58e87-27be-4323-9e18-ef5f2d6ce202: does not qualify; 1.0 s; peak memory 423 MiB.
2026-09-18T02:51:28Z INFO [14/365] 03f5a363-67cf-46d8-a613-1cd18948c791: does not qualify; 4.3 s; peak memory 423 MiB.
2026-09-18T02:51:29Z INFO [15/365] 03f5e816-978b-4392-8af8-b6e00418d508: does not qualify; 1.0 s; peak memory 423 MiB.
2026-09-18T02:51:30Z INFO [16/365] 03f67660-6b21-4123-bacf-d99035183cc7: does not qualify; 0.9 s; peak memory 423 MiB.
2026-09-18T02:51:36Z INFO [17/365] 03f6ad99-e66c-40de-8912-9a6393f281b7: does not qualify; 6.1 s; peak memory 423 MiB.
2026-09-18T02:51:46Z INFO [18/365] 03f75ed7-0bb7-4ba9-83b4-6cb8ce276b1c: does not qualify; 10.5 s; peak memory 423 MiB.
2026-09-18T02:51:52Z INFO [19/365] 03f849ed-271b-4c8e-86ff-557e856af8ec: does not qualify; 5.6 s; peak memory 423 MiB.
2026-09-18T02:51:53Z INFO [20/365] 03f87c79-0a7c-4d3d-b676-7ff81d9b5dcf: does not qualify; 1.6 s; peak memory 423 MiB.
2026-09-18T02:51:58Z INFO [21/365] 03f95264-aa26-4e01-93c6-8d8f4d6f46b3: does not qualify; 4.7 s; peak memory 675 MiB.
2026-09-18T02:51:59Z INFO [22/365] 03f990bb-c6a3-4a69-be61-90842db7d664: does not qualify; 1.2 s; peak memory 675 MiB.
2026-09-18T02:52:01Z INFO [23/365] 03f9b1bd-51c7-4eef-8e61-ab29a32f7ac1: does not qualify; 1.5 s; peak memory 675 MiB.
2026-09-18T02:52:06Z INFO [24/365] 03f9d437-7e12-4a54-8692-484facb224fe: does not qualify; 4.8 s; peak memory 675 MiB.
2026-09-18T02:52:06Z INFO [25/365] 03fa51fd-8756-4ac0-bf11-a50656ee1fd7: does not qualify; 0.9 s; peak memory 675 MiB.
2026-09-18T02:52:07Z INFO [26/365] 03fa5eb8-b22b-442c-9fa6-a02250575411: does not qualify; 0.8 s; peak memory 675 MiB.
2026-09-18T02:52:08Z INFO [27/365] 03fc3197-8d0c-4434-ab39-b6ce97caec27: does not qualify; 0.9 s; peak memory 675 MiB.
2026-09-18T02:52:09Z INFO [28/365] 03fc56b6-a2c4-40a3-a0f7-174a7b178021: does not qualify; 1.0 s; peak memory 675 MiB.
2026-09-18T02:52:12Z INFO [29/365] 03fc72cb-2d4b-492a-a242-7d8731033da5: does not qualify; 2.4 s; peak memory 675 MiB.
2026-09-18T02:52:12Z INFO [30/365] 03fc95ed-05fe-4d2f-bd35-d5a928f589df: does not qualify; 0.8 s; peak memory 675 MiB.
2026-09-18T02:52:13Z INFO [31/365] 03fd12c8-65b5-4c2c-997c-c937cf19111f: does not qualify; 1.0 s; peak memory 675 MiB.
2026-09-18T02:52:14Z INFO [32/365] 03fd2908-5bcd-499c-b989-47438e6a3038: does not qualify; 1.0 s; peak memory 675 MiB.
2026-09-18T02:52:16Z INFO [33/365] 03fddb3e-bc29-4856-ab54-fb2f045c9bcc: does not qualify; 1.4 s; peak memory 675 MiB.
2026-09-18T02:52:17Z INFO [34/365] 03fed4b3-69dc-4f32-a998-93892e039223: does not qualify; 1.2 s; peak memory 675 MiB.
2026-09-18T02:52:18Z INFO [35/365] 03ff90b1-a5b6-4bc4-9cfd-95e89251420f: does not qualify; 0.9 s; peak memory 675 MiB.
2026-09-18T02:52:25Z INFO [36/365] 03ff9b0f-f8b9-4d8a-ab7f-d8ee2c759051: does not qualify; 7.4 s; peak memory 675 MiB.
2026-09-18T02:52:27Z INFO [37/365] 03ffa39c-1dd5-40d4-9a8f-b3bb95396b9f: does not qualify; 1.4 s; peak memory 675 MiB.
2026-09-18T02:52:35Z INFO [38/365] 03ffe728-fd20-4af8-b9fe-14d03bbf47b9: does not qualify; 8.3 s; peak memory 675 MiB.
2026-09-18T02:52:36Z INFO [39/365] 0400868d-ad7a-4bdc-896e-52a792d9236b: does not qualify; 1.1 s; peak memory 675 MiB.
2026-09-18T02:52:37Z INFO [40/365] 0400bb6f-2f58-4b44-a88f-5ba75871c03d: does not qualify; 1.1 s; peak memory 675 MiB.
2026-09-18T02:52:40Z INFO [41/365] 0401551e-3186-4d49-94f1-f7edd1ddffed: does not qualify; 2.4 s; peak memory 675 MiB.
2026-09-18T02:52:41Z INFO [42/365] 04015b57-968f-4797-b8cc-8e8dbc4d31cb: does not qualify; 1.6 s; peak memory 675 MiB.
2026-09-18T02:52:42Z INFO [43/365] 04015ef7-f418-439f-9f9b-344487ba73df: does not qualify; 0.9 s; peak memory 675 MiB.
2026-09-18T02:52:46Z INFO [44/365] 040340f1-06fe-4707-af52-bb8a654fcb68: does not qualify; 3.7 s; peak memory 675 MiB.
2026-09-18T02:52:53Z INFO [45/365] 04038432-88af-47b8-86a1-395da9e704ff: does not qualify; 7.5 s; peak memory 675 MiB.
2026-09-18T02:52:54Z INFO [46/365] 04055079-d8e1-478c-ae84-c5927372c642: does not qualify; 0.8 s; peak memory 675 MiB.
2026-09-18T02:52:55Z INFO [47/365] 04055f26-680f-4aa2-ac42-ae19538fa6b4: does not qualify; 1.0 s; peak memory 675 MiB.
2026-09-18T02:52:57Z INFO [48/365] 0406089f-5198-4a86-b454-ac44d62a64aa: does not qualify; 1.7 s; peak memory 675 MiB.
2026-09-18T02:52:58Z INFO [49/365] 0406321c-56c1-4ea8-b4cd-cfafa41afda8: does not qualify; 0.8 s; peak memory 675 MiB.
2026-09-18T02:52:59Z INFO [50/365] 0406474c-4b94-4954-bbc2-a38d1e5d4546: does not qualify; 1.1 s; peak memory 675 MiB.
2026-09-18T02:52:59Z INFO [50/365] 0406474c-4b94-4954-bbc2-a38d1e5d4546: checkpointed 48832 records.
2026-09-18T02:53:00Z INFO [51/365] 0406e618-f3ef-4f9a-9a2c-355259429d5e: does not qualify; 1.2 s; peak memory 675 MiB.
2026-09-18T02:53:01Z INFO [52/365] 04088a39-9b8c-4a1c-9f4f-609ed30558a5: does not qualify; 1.1 s; peak memory 675 MiB.
2026-09-18T02:53:02Z INFO [53/365] 04091514-a070-45b5-9f6c-5b9285b06abc: does not qualify; 0.9 s; peak memory 675 MiB.
2026-09-18T02:53:04Z INFO [54/365] 0409f816-1b0a-4cf2-835c-8fdf379b07e0: does not qualify; 2.2 s; peak memory 675 MiB.
2026-09-18T02:53:05Z INFO [55/365] 040a16d3-04c1-4896-a86c-fc11027001bb: does not qualify; 0.9 s; peak memory 675 MiB.
2026-09-18T02:53:06Z INFO [56/365] 040af6b3-261c-4a9a-af2d-09623042e8a3: does not qualify; 0.8 s; peak memory 675 MiB.
2026-09-18T02:53:09Z INFO [57/365] 040b175a-4749-4170-ada0-0acd72898c83: does not qualify; 3.0 s; peak memory 675 MiB.
2026-09-18T02:53:10Z INFO [58/365] 040c6f22-076e-43a2-92a7-33b665ded9aa: does not qualify; 1.0 s; peak memory 675 MiB.
2026-09-18T02:53:11Z INFO [59/365] 040c81b9-7280-4477-89b9-341f7bfcf136: does not qualify; 1.0 s; peak memory 675 MiB.
2026-09-18T02:53:12Z INFO [60/365] 040d11bc-7488-485c-97ab-450270cb7038: does not qualify; 1.1 s; peak memory 675 MiB.
2026-09-18T02:53:15Z INFO [61/365] 040e2150-3b3d-4ba6-ad77-3844054e6e04: does not qualify; 2.5 s; peak memory 675 MiB.
2026-09-18T02:53:16Z INFO [62/365] 040e7538-83e9-4ed1-8ff8-02e6197acdef: does not qualify; 1.6 s; peak memory 675 MiB.
2026-09-18T02:53:18Z INFO [63/365] 040ea6d2-8173-4163-88b7-d20d8cbcc84b: does not qualify; 1.8 s; peak memory 675 MiB.
2026-09-18T02:53:19Z INFO [64/365] 040f1b34-6a6f-4977-aea8-2bc8cd15672a: does not qualify; 0.9 s; peak memory 675 MiB.
2026-09-18T02:53:20Z INFO [65/365] 040fa6db-790b-4173-8e4b-a1f6263faae8: does not qualify; 1.0 s; peak memory 675 MiB.
2026-09-18T02:53:21Z INFO [66/365] 040fe4a2-b68d-45f1-8917-7e268e4c1bb5: does not qualify; 1.5 s; peak memory 675 MiB.
2026-09-18T02:53:23Z INFO [67/365] 04101508-fc42-4b17-b649-57d526c63970: does not qualify; 1.2 s; peak memory 675 MiB.
2026-09-18T02:53:24Z INFO [68/365] 04105ca6-adac-4d66-931a-71110f282c40: does not qualify; 1.2 s; peak memory 675 MiB.
2026-09-18T02:53:25Z INFO [69/365] 0410f1c4-cc37-4061-825b-74d81cea2d47: does not qualify; 0.8 s; peak memory 675 MiB.
2026-09-18T02:53:26Z INFO [70/365] 0410f467-a5e0-400c-a3bb-0243940981ed: does not qualify; 1.3 s; peak memory 675 MiB.
2026-09-18T02:53:27Z INFO [71/365] 04118057-9583-45ed-aacf-e18ce7d12c24: does not qualify; 1.2 s; peak memory 675 MiB.
2026-09-18T02:53:28Z INFO [72/365] 0411ca6e-46a7-437e-ae88-7396d02346a3: does not qualify; 1.2 s; peak memory 675 MiB.
2026-09-18T02:53:30Z INFO [73/365] 04126e16-fcc7-4aaa-b1ac-41a7c403e0de: does not qualify; 1.2 s; peak memory 675 MiB.
2026-09-18T02:53:30Z INFO [74/365] 0412fcd6-db78-4fe7-969a-d68057efc857: does not qualify; 0.9 s; peak memory 675 MiB.
2026-09-18T02:53:32Z INFO [75/365] 04131a37-e764-4c41-9096-919025498ac0: does not qualify; 1.3 s; peak memory 675 MiB.
2026-09-18T02:53:33Z INFO [76/365] 04134c04-d8df-4199-8aa4-1efc80e2c762: does not qualify; 1.3 s; peak memory 675 MiB.
2026-09-18T02:53:34Z INFO [77/365] 04138758-e2cf-4d34-9748-57274c4cd6fd: does not qualify; 0.9 s; peak memory 675 MiB.
2026-09-18T02:53:35Z INFO [78/365] 04148fb8-3f59-4d72-8b87-c396e73d22a2: does not qualify; 1.0 s; peak memory 675 MiB.
2026-09-18T02:53:36Z INFO [79/365] 04160d0d-bcec-4d5f-babc-a933b221a5d9: does not qualify; 0.8 s; peak memory 675 MiB.
2026-09-18T02:53:44Z INFO [80/365] 0416ebae-6f76-4c22-9f27-aa279d7bc605: does not qualify; 7.8 s; peak memory 675 MiB.
2026-09-18T02:53:45Z INFO [81/365] 041719c6-30aa-4ab9-b102-29cf91da8aac: does not qualify; 1.8 s; peak memory 675 MiB.
2026-09-18T02:53:46Z INFO [82/365] 04174954-1625-45d1-b010-2ec8458789cf: does not qualify; 0.8 s; peak memory 675 MiB.
2026-09-18T02:53:47Z INFO [83/365] 04188e1e-e7ed-4560-ba73-1db275be94f0: does not qualify; 1.1 s; peak memory 675 MiB.
2026-09-18T02:53:48Z INFO [84/365] 04195ac4-e252-40b5-854f-a21dbb377e5b: does not qualify; 1.0 s; peak memory 675 MiB.
2026-09-18T02:53:49Z INFO [85/365] 04195f39-6218-47b7-a65c-73551994e009: does not qualify; 1.1 s; peak memory 675 MiB.
2026-09-18T02:53:50Z INFO [86/365] 04199cfc-fa8e-49ef-990b-261ebcda6483: does not qualify; 0.9 s; peak memory 675 MiB.
2026-09-18T02:53:55Z INFO [87/365] 041adc77-3c69-4946-93be-2fbcba178470: does not qualify; 4.7 s; peak memory 675 MiB.
2026-09-18T02:53:57Z INFO [88/365] 041aeb76-9e78-4dbe-9b3d-266f8c49b617: does not qualify; 2.2 s; peak memory 675 MiB.
2026-09-18T02:53:58Z INFO [89/365] 041bc39d-b099-449d-84aa-e6c95cc13e88: does not qualify; 0.7 s; peak memory 675 MiB.
2026-09-18T02:54:10Z INFO [90/365] 041ca28c-8e8d-4260-8132-c921d2517200: does not qualify; 12.0 s; peak memory 675 MiB.
2026-09-18T02:54:11Z INFO [91/365] 041d4469-901d-4870-8ecd-1f5e716ad8a7: does not qualify; 0.9 s; peak memory 675 MiB.
2026-09-18T02:54:13Z INFO [92/365] 041e17b9-2d33-48d5-bdc0-be285616be2c: does not qualify; 1.9 s; peak memory 675 MiB.
2026-09-18T02:54:14Z INFO [93/365] 041e1bb1-c760-4486-8f27-810ba4348264: does not qualify; 1.1 s; peak memory 675 MiB.
2026-09-18T02:54:15Z INFO [94/365] 042061ff-5173-4a8a-9821-fac7da00f1cf: does not qualify; 0.9 s; peak memory 675 MiB.
2026-09-18T02:54:16Z INFO [95/365] 04209800-b421-4d86-8b55-b28dc7a8c625: does not qualify; 1.2 s; peak memory 675 MiB.
2026-09-18T02:54:21Z INFO [96/365] 0421fef9-c661-4e8f-96c2-ddc3c2176b75: does not qualify; 5.0 s; peak memory 675 MiB.
2026-09-18T02:54:22Z INFO [97/365] 0422a7d7-58b8-4112-9d6b-fee0b754ad77: does not qualify; 0.9 s; peak memory 675 MiB.
2026-09-18T02:54:23Z INFO [98/365] 0422cb7a-e2b6-4b8e-a82e-fb0651b405b3: does not qualify; 1.0 s; peak memory 675 MiB.
2026-09-18T02:54:24Z INFO [99/365] 0422fd28-6a71-41c8-9639-ea421947c2fb: does not qualify; 1.3 s; peak memory 675 MiB.
2026-09-18T02:54:27Z INFO [100/365] 0423aa12-3088-48bb-9989-a8c937a810de: does not qualify; 3.0 s; peak memory 675 MiB.
2026-09-18T02:54:27Z INFO [100/365] 0423aa12-3088-48bb-9989-a8c937a810de: checkpointed 48882 records.
2026-09-18T02:54:28Z INFO [101/365] 04250308-f180-4364-ad68-1b11eca03839: does not qualify; 0.9 s; peak memory 675 MiB.
2026-09-18T02:54:32Z INFO [102/365] 0425f056-a1a1-478a-bde5-d834f91314e4: does not qualify; 4.2 s; peak memory 675 MiB.
2026-09-18T02:54:34Z INFO [103/365] 04265dcb-29a9-4fa1-9e36-4e9a287b8485: does not qualify; 1.4 s; peak memory 675 MiB.
2026-09-18T02:54:39Z INFO [104/365] 0427235e-4d6c-47a8-afef-9d0d346c98ce: does not qualify; 5.8 s; peak memory 675 MiB.
2026-09-18T02:54:41Z INFO [105/365] 04275c42-fe20-4386-890b-83dbff83c7c2: does not qualify; 1.3 s; peak memory 675 MiB.
2026-09-18T02:54:42Z INFO [106/365] 04276e26-d319-4617-9903-cca2b9905139: does not qualify; 1.1 s; peak memory 675 MiB.
2026-09-18T02:54:43Z INFO [107/365] 04278874-422c-483d-9392-127c2ee496c3: does not qualify; 0.8 s; peak memory 675 MiB.
2026-09-18T02:54:44Z INFO [108/365] 0427ed6c-87d7-42e8-afc4-12820cdc8e8a: does not qualify; 1.1 s; peak memory 675 MiB.
2026-09-18T02:54:44Z INFO [109/365] 0429aeea-003b-40a8-8a2f-2f603c435b10: does not qualify; 0.6 s; peak memory 675 MiB.
2026-09-18T02:54:45Z INFO [110/365] 0429ebfc-e30f-4613-b1e1-6416f70af8d5: does not qualify; 0.8 s; peak memory 675 MiB.
2026-09-18T02:54:56Z INFO [111/365] 042b3f37-703e-46d2-9a71-2d488bcea629: does not qualify; 10.9 s; peak memory 675 MiB.
2026-09-18T02:55:00Z INFO [112/365] 042b853f-71b8-4449-b6c6-79c770b47370: does not qualify; 3.8 s; peak memory 675 MiB.
2026-09-18T02:55:05Z INFO [113/365] 042c4ad3-85ef-478b-b5db-cdc9205a7a8e: does not qualify; 4.8 s; peak memory 675 MiB.
2026-09-18T02:55:05Z INFO [114/365] 042d1710-2868-4b54-bfc8-7defcb15bce1: does not qualify; 0.9 s; peak memory 675 MiB.
2026-09-18T02:55:07Z INFO [115/365] 042d8f6a-8f31-488d-810d-a3c806692156: does not qualify; 1.3 s; peak memory 675 MiB.
2026-09-18T02:55:08Z INFO [116/365] 042e301a-df8a-42a9-ae01-01c45297489c: does not qualify; 0.8 s; peak memory 675 MiB.
2026-09-18T02:55:09Z INFO [117/365] 042f0490-5aba-4fca-b8ea-2041b4038486: does not qualify; 1.3 s; peak memory 675 MiB.
2026-09-18T02:55:12Z INFO [118/365] 04311581-bb01-486b-8bfa-771be095b10d: qualifies; 3.5 s; peak memory 675 MiB.
2026-09-18T02:55:13Z INFO [119/365] 04314204-d243-403d-85c6-723e61111b34: does not qualify; 0.9 s; peak memory 675 MiB.
2026-09-18T02:55:14Z INFO [120/365] 04316c7f-1810-44fc-a2b6-8804d2626ac7: does not qualify; 0.9 s; peak memory 675 MiB.
2026-09-18T02:55:15Z INFO [121/365] 0431a7c8-2cec-484d-b1f9-774705628302: does not qualify; 0.8 s; peak memory 675 MiB.
2026-09-18T02:55:16Z INFO [122/365] 04321f1e-24ac-4a84-b055-35ce5b382333: does not qualify; 0.9 s; peak memory 675 MiB.
2026-09-18T02:55:17Z INFO [123/365] 0432b00c-aa85-46e9-b6db-53f99df85a4d: does not qualify; 0.9 s; peak memory 675 MiB.
2026-09-18T02:55:18Z INFO [124/365] 0432c751-9448-43fd-bf53-3bc8433a9f61: does not qualify; 1.0 s; peak memory 675 MiB.
2026-09-18T02:55:19Z INFO [125/365] 0432d1bf-ed16-4565-b03a-47260eaf55f4: does not qualify; 0.9 s; peak memory 675 MiB.
2026-09-18T02:55:20Z INFO [126/365] 04337b68-1ca4-40cd-b077-934c4c462a21: does not qualify; 1.0 s; peak memory 675 MiB.
2026-09-18T02:55:23Z INFO [127/365] 0433f308-5919-481b-bba8-09a1d37f30c9: does not qualify; 3.0 s; peak memory 675 MiB.
2026-09-18T02:55:24Z INFO [128/365] 04348d8f-5573-4e24-82f0-4fee12a1e7a4: does not qualify; 0.9 s; peak memory 675 MiB.
2026-09-18T02:55:25Z INFO [129/365] 04350c91-e494-4936-9aa4-6613f1904a62: does not qualify; 0.9 s; peak memory 675 MiB.
2026-09-18T02:55:26Z INFO [130/365] 043590a5-df92-4eeb-8cc2-9cc9ac85811f: does not qualify; 1.2 s; peak memory 675 MiB.
2026-09-18T02:55:27Z INFO [131/365] 0435fd93-fed4-4359-80fb-37fce18b7954: does not qualify; 1.5 s; peak memory 675 MiB.
2026-09-18T02:55:31Z INFO [132/365] 04366e29-7a6f-444e-b730-9e503a86b0f0: does not qualify; 3.4 s; peak memory 675 MiB.
2026-09-18T02:55:32Z INFO [133/365] 0437189b-192f-4237-afaf-3a1cfbe117d8: does not qualify; 1.5 s; peak memory 675 MiB.
2026-09-18T02:55:33Z INFO [134/365] 04377cb5-db9e-42f2-a313-b2732d7e5974: does not qualify; 1.0 s; peak memory 675 MiB.
2026-09-18T02:55:35Z INFO [135/365] 043968a8-73ee-481d-90d9-f17fe4498a6f: does not qualify; 1.5 s; peak memory 675 MiB.
2026-09-18T02:55:36Z INFO [136/365] 043a4f0e-713e-4eec-a40c-d187d83995de: does not qualify; 1.1 s; peak memory 675 MiB.
2026-09-18T02:55:37Z INFO [137/365] 043b70a5-efa9-4e4a-9391-6a20a7b99ddf: does not qualify; 1.0 s; peak memory 675 MiB.
2026-09-18T02:55:38Z INFO [138/365] 043c6d04-da9f-4323-b4d6-dce8b4a7f831: does not qualify; 1.2 s; peak memory 675 MiB.
2026-09-18T02:55:39Z INFO [139/365] 043c78fe-484d-4535-9ee3-c887e37e3c3d: does not qualify; 0.7 s; peak memory 675 MiB.
2026-09-18T02:55:40Z INFO [140/365] 043d843c-f384-4d6b-82ea-be3f15c24b4d: does not qualify; 1.0 s; peak memory 675 MiB.
2026-09-18T02:55:40Z INFO [141/365] 043d8d06-6c81-405a-abd8-635d5c8df643: does not qualify; 0.8 s; peak memory 675 MiB.
2026-09-18T02:55:44Z INFO [142/365] 043e0f43-1849-4e1f-937e-321736b7bc05: qualifies; 4.0 s; peak memory 675 MiB.
2026-09-18T02:55:47Z INFO [143/365] 043eeced-2796-4445-97e1-64c32e7611be: does not qualify; 2.5 s; peak memory 675 MiB.
2026-09-18T02:55:50Z INFO [144/365] 043f7b57-10ba-4894-9d74-3db51dd68bcb: does not qualify; 3.4 s; peak memory 675 MiB.
2026-09-18T02:55:51Z INFO [145/365] 043f7c9b-917e-498d-b851-421e178a258e: does not qualify; 1.2 s; peak memory 675 MiB.
2026-09-18T02:55:53Z INFO [146/365] 044004c6-7763-4dd2-ba98-e09509c035b7: does not qualify; 1.2 s; peak memory 675 MiB.
2026-09-18T02:55:57Z INFO [147/365] 0440660f-4538-427a-b391-e74617a57890: does not qualify; 4.2 s; peak memory 675 MiB.
2026-09-18T02:55:58Z INFO [148/365] 0440c9c0-9e20-424b-bca2-460aa41e2318: does not qualify; 0.9 s; peak memory 675 MiB.
2026-09-18T02:56:02Z INFO [149/365] 044137a4-1c92-434c-b59c-95015df7c847: does not qualify; 4.5 s; peak memory 675 MiB.
2026-09-18T02:56:04Z INFO [150/365] 04415616-1920-40bf-866d-bcf973505e48: does not qualify; 1.4 s; peak memory 675 MiB.
2026-09-18T02:56:04Z INFO [150/365] 04415616-1920-40bf-866d-bcf973505e48: checkpointed 48932 records.
2026-09-18T02:56:05Z INFO [151/365] 044220d9-a6ca-4615-9762-5fe2f4d66c59: does not qualify; 1.0 s; peak memory 675 MiB.
2026-09-18T02:56:08Z INFO [152/365] 044299ee-6811-4bcf-86ff-85190115ffad: does not qualify; 3.1 s; peak memory 675 MiB.
2026-09-18T02:56:08Z INFO [153/365] 0442bce5-6d21-4f25-ba4f-8733f6499773: does not qualify; 0.8 s; peak memory 675 MiB.
2026-09-18T02:56:09Z INFO [154/365] 04438721-1cfb-421a-a09b-2636795a1958: does not qualify; 0.9 s; peak memory 675 MiB.
2026-09-18T02:56:10Z INFO [155/365] 044510f3-bad8-4109-814c-d5163a9543bd: does not qualify; 1.0 s; peak memory 675 MiB.
2026-09-18T02:56:12Z INFO [156/365] 04451465-318c-41c5-aa1d-754380546145: does not qualify; 1.2 s; peak memory 675 MiB.
2026-09-18T02:56:16Z INFO [157/365] 04452f80-d8f8-417d-81c3-cbc363fd1c9f: does not qualify; 4.3 s; peak memory 675 MiB.
2026-09-18T02:56:17Z INFO [158/365] 044540e1-2d8b-4010-8b23-cb4afc078b90: does not qualify; 0.9 s; peak memory 675 MiB.
2026-09-18T02:56:18Z INFO [159/365] 04456bbc-1c7a-4b0d-b3d8-b56a8c5e4048: does not qualify; 0.8 s; peak memory 675 MiB.
2026-09-18T02:56:18Z INFO [160/365] 0445f0de-a173-4744-ab28-55fc01a5fd21: does not qualify; 0.8 s; peak memory 675 MiB.
2026-09-18T02:56:20Z INFO [161/365] 0445fe35-d8ff-4acc-a86c-12d39713e791: does not qualify; 1.3 s; peak memory 675 MiB.
2026-09-18T02:56:21Z INFO [162/365] 04462012-4452-4ff8-85db-cbef81f57f72: does not qualify; 1.1 s; peak memory 675 MiB.
2026-09-18T02:56:23Z INFO [163/365] 0446ca14-c873-4f84-b250-1b96eccce201: does not qualify; 2.3 s; peak memory 675 MiB.
2026-09-18T02:56:25Z INFO [164/365] 04486d67-c753-4c24-b04f-4e93d0d96716: does not qualify; 2.1 s; peak memory 675 MiB.
2026-09-18T02:56:30Z INFO [165/365] 0448c1f8-4d0e-48b0-895a-589a1820e451: does not qualify; 4.4 s; peak memory 675 MiB.
2026-09-18T02:56:31Z INFO [166/365] 044998ad-f789-4343-a891-8528292b6cd9: does not qualify; 1.0 s; peak memory 675 MiB.
2026-09-18T02:56:33Z INFO [167/365] 0449c5af-8a77-4a38-8065-d548f95b4dff: does not qualify; 2.0 s; peak memory 675 MiB.
2026-09-18T02:56:33Z INFO [168/365] 044a9715-d1ed-4a40-ac46-f8637f4e66cd: does not qualify; 0.8 s; peak memory 675 MiB.
2026-09-18T02:56:36Z INFO [169/365] 044adc93-86cc-49d5-8495-d2e5f10ed312: does not qualify; 2.7 s; peak memory 675 MiB.
2026-09-18T02:56:37Z INFO [170/365] 044af24c-d2fc-44f3-9fda-0dc7e4a73a28: does not qualify; 1.1 s; peak memory 675 MiB.
2026-09-18T02:56:38Z INFO [171/365] 044b01c9-21e1-409f-bcfd-351b874af897: does not qualify; 0.9 s; peak memory 675 MiB.
2026-09-18T02:56:42Z INFO [172/365] 044bdfb4-6a1b-415b-aa2d-23ad36f84196: does not qualify; 4.3 s; peak memory 675 MiB.
2026-09-18T02:56:44Z INFO [173/365] 044be01e-5811-4b76-a732-d9bed920be29: does not qualify; 1.3 s; peak memory 675 MiB.
2026-09-18T02:56:45Z INFO [174/365] 044c5801-e9ad-4b7a-b0a5-f69947f82342: does not qualify; 0.8 s; peak memory 675 MiB.
2026-09-18T02:56:46Z INFO [175/365] 044c5964-f5a1-4d71-a804-90db99c7f80e: does not qualify; 1.0 s; peak memory 675 MiB.
2026-09-18T02:56:46Z INFO [176/365] 044c9464-a2ba-41ed-81d9-53c1d907f464: does not qualify; 0.8 s; peak memory 675 MiB.
2026-09-18T02:56:48Z INFO [177/365] 044dee1f-49af-4ed2-8645-0b9b81fab16f: does not qualify; 1.4 s; peak memory 675 MiB.
2026-09-18T02:56:49Z INFO [178/365] 044e399f-0e2d-4686-96eb-6801127ac698: does not qualify; 1.0 s; peak memory 675 MiB.
2026-09-18T02:56:50Z INFO [179/365] 044ea904-fb86-4d13-9442-b36c81d8d68a: does not qualify; 1.4 s; peak memory 675 MiB.
2026-09-18T02:56:51Z INFO [180/365] 044ee5ae-23f4-42db-8361-91c659b67225: does not qualify; 0.8 s; peak memory 675 MiB.
2026-09-18T02:56:52Z INFO [181/365] 044f461b-dba5-46ff-99da-90c42ba6b9df: does not qualify; 0.9 s; peak memory 675 MiB.
2026-09-18T02:56:53Z INFO [182/365] 045036c2-5ca8-42f1-9305-89f0ce0aa161: does not qualify; 1.0 s; peak memory 675 MiB.
2026-09-18T02:56:54Z INFO [183/365] 045070eb-6584-4172-8dc5-04c5c4030ddb: does not qualify; 1.0 s; peak memory 675 MiB.
2026-09-18T02:56:56Z INFO [184/365] 0451d174-1073-4919-aa8e-eb03f58cd830: does not qualify; 2.3 s; peak memory 675 MiB.
2026-09-18T02:56:57Z INFO [185/365] 045273e0-9348-4a4c-954d-b8f911d2154d: does not qualify; 1.1 s; peak memory 675 MiB.
2026-09-18T02:56:59Z INFO [186/365] 04538c7d-4703-4d88-acd3-64f564a1fa32: does not qualify; 1.7 s; peak memory 675 MiB.
2026-09-18T02:57:00Z INFO [187/365] 04539d86-adad-4089-bed1-799adee448fd: does not qualify; 0.8 s; peak memory 675 MiB.
2026-09-18T02:57:01Z INFO [188/365] 0453a3f8-4962-46c7-b269-0da1c5fa78ae: does not qualify; 0.8 s; peak memory 675 MiB.
2026-09-18T02:57:05Z INFO [189/365] 0453de80-88f3-40fd-b511-657504b9028e: does not qualify; 4.3 s; peak memory 675 MiB.
2026-09-18T02:57:06Z INFO [190/365] 0453e8d5-db6f-48dd-82a7-cbaefb003139: does not qualify; 1.4 s; peak memory 675 MiB.
2026-09-18T02:57:08Z INFO [191/365] 0454022f-74e4-47d1-8726-f1b520e65975: does not qualify; 1.3 s; peak memory 675 MiB.
2026-09-18T02:57:17Z INFO [192/365] 04544e36-8deb-413d-a1ee-8d53e2fa71d9: does not qualify; 9.4 s; peak memory 675 MiB.
2026-09-18T02:57:19Z INFO [193/365] 04546b4c-fd88-4162-bbdb-0f3cecf8756a: does not qualify; 1.5 s; peak memory 675 MiB.
2026-09-18T02:57:20Z INFO [194/365] 04546fcc-f60b-432a-a5f2-8363156b32b3: does not qualify; 1.1 s; peak memory 675 MiB.
2026-09-18T02:57:20Z INFO [195/365] 04548959-c6f7-480a-9889-a3670066ddc9: does not qualify; 0.8 s; peak memory 675 MiB.
2026-09-18T02:57:22Z INFO [196/365] 0454f8b3-f3c3-4aaa-a01d-b689e3d79b60: does not qualify; 1.1 s; peak memory 675 MiB.
2026-09-18T02:57:23Z INFO [197/365] 0454fc7a-b94e-4ead-9ba4-b92e8b6cdcb8: does not qualify; 1.4 s; peak memory 675 MiB.
2026-09-18T02:57:30Z INFO [198/365] 045510a4-a9cb-4fd4-8e5f-afa6c2378aee: does not qualify; 7.4 s; peak memory 675 MiB.
2026-09-18T02:57:39Z INFO [199/365] 0456a101-8658-47e2-980e-abb8dde28237: does not qualify; 8.7 s; peak memory 675 MiB.
2026-09-18T02:57:41Z INFO [200/365] 045760d6-7df8-40d6-b08b-b7379db6ac0d: does not qualify; 1.5 s; peak memory 675 MiB.
2026-09-18T02:57:41Z INFO [200/365] 045760d6-7df8-40d6-b08b-b7379db6ac0d: checkpointed 48982 records.
2026-09-18T02:57:43Z INFO [201/365] 04578544-fb69-48f4-8ee4-ee1b98f37f08: does not qualify; 2.5 s; peak memory 675 MiB.
2026-09-18T02:57:44Z INFO [202/365] 0457d245-a749-4a3b-a41f-c25df24775fa: does not qualify; 0.8 s; peak memory 675 MiB.
2026-09-18T02:57:45Z INFO [203/365] 04584cb1-59a8-480f-a551-143a1ac10af8: does not qualify; 1.2 s; peak memory 675 MiB.
2026-09-18T02:57:46Z INFO [204/365] 0459e0ad-73a1-40f7-9465-ce37c58bc7e8: does not qualify; 1.1 s; peak memory 675 MiB.
2026-09-18T02:57:47Z INFO [205/365] 045bbddc-507a-4be6-8117-82c9dcd8a62b: does not qualify; 0.9 s; peak memory 675 MiB.
2026-09-18T02:57:48Z INFO [206/365] 045c2f27-7558-494a-83f5-3f084bd16025: does not qualify; 1.0 s; peak memory 675 MiB.
2026-09-18T02:57:50Z INFO [207/365] 045c68eb-cca6-4aa1-8210-cb676e15782d: does not qualify; 1.4 s; peak memory 675 MiB.
2026-09-18T02:57:50Z INFO [208/365] 045d0d8b-93cb-4eba-9d36-9c2caef1f0e8: does not qualify; 0.8 s; peak memory 675 MiB.
2026-09-18T02:57:51Z INFO [209/365] 045d2ae2-cb0d-4604-a772-7e8bacdc1bca: does not qualify; 0.7 s; peak memory 675 MiB.
2026-09-18T02:57:55Z INFO [210/365] 045e0a55-68ef-4bb1-afc6-c720a68ac983: does not qualify; 4.1 s; peak memory 675 MiB.
2026-09-18T02:57:56Z INFO [211/365] 045f9f90-3dc9-4c99-905c-cf82e92896c2: does not qualify; 1.1 s; peak memory 675 MiB.
2026-09-18T02:57:57Z INFO [212/365] 045fa11d-48f8-4a12-ad11-1f9c415fe7d7: does not qualify; 1.1 s; peak memory 675 MiB.
2026-09-18T02:57:58Z INFO [213/365] 045ffeb5-80fd-4f43-9714-741a69d34cc2: does not qualify; 1.0 s; peak memory 675 MiB.
2026-09-18T02:57:59Z INFO [214/365] 0460e02f-70c6-4312-86e5-9338ae3d1bcb: does not qualify; 0.8 s; peak memory 675 MiB.
2026-09-18T02:58:00Z INFO [215/365] 0460e8c0-1ccb-4cd0-93cc-c4d299806bf1: does not qualify; 1.2 s; peak memory 675 MiB.
2026-09-18T02:58:01Z INFO [216/365] 046100f3-e878-42bb-a955-c6e699d03cf9: does not qualify; 0.8 s; peak memory 675 MiB.
2026-09-18T02:58:03Z INFO [217/365] 04610cfe-94d6-40a9-a56e-04782ac4634b: does not qualify; 1.5 s; peak memory 675 MiB.
2026-09-18T02:58:05Z INFO [218/365] 04618379-1bf7-422c-8eae-5cd560f24a52: does not qualify; 2.0 s; peak memory 675 MiB.
2026-09-18T02:58:06Z INFO [219/365] 04618a7f-dbf1-46fa-96a6-faf11c70d0b9: does not qualify; 0.8 s; peak memory 675 MiB.
2026-09-18T02:58:07Z INFO [220/365] 0461a534-e415-4c32-beaa-17e13ab510a1: does not qualify; 1.0 s; peak memory 675 MiB.
2026-09-18T02:58:07Z INFO [221/365] 04622496-14e2-4400-84c6-6ec4bfeb96be: does not qualify; 0.8 s; peak memory 675 MiB.
2026-09-18T02:58:08Z INFO [222/365] 0462c776-30e5-41aa-b97c-a41f8a28d119: does not qualify; 0.9 s; peak memory 675 MiB.
2026-09-18T02:58:10Z INFO [223/365] 04638805-7c76-4836-b668-09e701e0d16c: does not qualify; 1.4 s; peak memory 675 MiB.
2026-09-18T02:58:12Z INFO [224/365] 0463cf8b-53e3-4e05-b38a-6aede1ea38e8: does not qualify; 2.6 s; peak memory 675 MiB.
2026-09-18T02:58:13Z INFO [225/365] 046490b9-a913-4064-825b-80acfb49c87f: does not qualify; 0.8 s; peak memory 675 MiB.
2026-09-18T02:58:15Z INFO [226/365] 0464aa18-5fa8-4718-8063-8c505fe6961a: does not qualify; 1.6 s; peak memory 675 MiB.
2026-09-18T02:58:16Z INFO [227/365] 04651440-e425-4e84-9c6b-9ab5ef776d73: does not qualify; 0.9 s; peak memory 675 MiB.
2026-09-18T02:58:17Z INFO [228/365] 0465237d-fb61-458a-9a13-83be0350c440: does not qualify; 1.0 s; peak memory 675 MiB.
2026-09-18T02:58:18Z INFO [229/365] 046554d9-76b9-4173-8e7a-7c45b65f7fab: does not qualify; 1.1 s; peak memory 675 MiB.
2026-09-18T02:58:22Z INFO [230/365] 0465cec2-6d8d-45c3-812c-a8207a396c19: does not qualify; 4.6 s; peak memory 675 MiB.
2026-09-18T02:58:23Z INFO [231/365] 046667c1-290e-4a91-8a93-010800e7c771: does not qualify; 1.1 s; peak memory 675 MiB.
2026-09-18T02:58:24Z INFO [232/365] 04668bad-e5c9-490a-8df4-190585cdb77d: does not qualify; 1.0 s; peak memory 675 MiB.
2026-09-18T02:58:25Z INFO [233/365] 04669911-c619-4360-8c4b-b65c3f65196d: does not qualify; 1.2 s; peak memory 675 MiB.
2026-09-18T02:58:30Z INFO [234/365] 0466a8c8-35fb-44f1-9112-0074ac7a7ff5: does not qualify; 4.1 s; peak memory 675 MiB.
2026-09-18T02:58:31Z INFO [235/365] 0466cfad-2305-4ab4-b57e-43a39a376d64: does not qualify; 1.0 s; peak memory 675 MiB.
2026-09-18T02:58:34Z INFO [236/365] 0466fdf1-215f-4c2c-8c19-4c9d9f775dc9: does not qualify; 3.4 s; peak memory 675 MiB.
2026-09-18T02:58:35Z INFO [237/365] 0467c4cf-2dfb-42f9-b4fc-344b117cd03b: does not qualify; 0.8 s; peak memory 675 MiB.
2026-09-18T02:58:38Z INFO [238/365] 046821fc-49f3-458f-9f94-38eea93be631: does not qualify; 3.0 s; peak memory 675 MiB.
2026-09-18T02:58:39Z INFO [239/365] 046a4049-f2e0-4b7d-82d9-cb2519d25859: does not qualify; 1.0 s; peak memory 675 MiB.
2026-09-18T02:58:39Z INFO [240/365] 046a7d72-29e1-4277-ad0a-e8a66ac336f0: does not qualify; 0.6 s; peak memory 675 MiB.
2026-09-18T02:58:41Z INFO [241/365] 046bee85-df5f-4da2-998f-9b8173e8b15a: does not qualify; 1.9 s; peak memory 675 MiB.
2026-09-18T02:58:42Z INFO [242/365] 046c9df6-f151-4836-9958-1e9d7330e03a: does not qualify; 0.9 s; peak memory 675 MiB.
2026-09-18T02:58:47Z INFO [243/365] 046d1e23-becd-4453-add0-8092ed17c62f: does not qualify; 4.6 s; peak memory 675 MiB.
2026-09-18T02:58:48Z INFO [244/365] 046dc27d-a292-4a29-a1ea-b448d3cccac9: does not qualify; 0.8 s; peak memory 675 MiB.
2026-09-18T02:58:49Z INFO [245/365] 046defd0-dbb8-457b-a5eb-e60e30a1d049: does not qualify; 1.1 s; peak memory 675 MiB.
2026-09-18T02:58:50Z INFO [246/365] 046df025-b383-469a-90ff-c4acec8a784a: does not qualify; 1.6 s; peak memory 675 MiB.
2026-09-18T02:58:52Z INFO [247/365] 046e0ea8-5c1b-4632-8842-c7cac94d914e: qualifies; 1.7 s; peak memory 675 MiB.
2026-09-18T02:58:58Z INFO [248/365] 046ecece-c894-4edc-b43e-37299722b80b: does not qualify; 5.5 s; peak memory 675 MiB.
2026-09-18T02:58:58Z INFO [249/365] 046f843e-0774-4fe7-a760-27064084ecaa: does not qualify; 0.9 s; peak memory 675 MiB.
2026-09-18T02:58:59Z INFO [250/365] 046fffa9-e562-45d0-a331-afbac46cc07f: does not qualify; 0.8 s; peak memory 675 MiB.
2026-09-18T02:58:59Z INFO [250/365] 046fffa9-e562-45d0-a331-afbac46cc07f: checkpointed 49032 records.
2026-09-18T02:59:00Z INFO [251/365] 047193ad-8daa-4505-9cfa-2e087ff7a2ca: does not qualify; 1.1 s; peak memory 675 MiB.
2026-09-18T02:59:02Z INFO [252/365] 0471977a-5bce-4767-b2ac-16a1afd4f5e4: does not qualify; 1.1 s; peak memory 675 MiB.
2026-09-18T02:59:02Z INFO [253/365] 047202d6-1c10-4322-ba76-9b6ae7bfd474: does not qualify; 0.9 s; peak memory 675 MiB.
2026-09-18T02:59:04Z INFO [254/365] 0473c9c9-b242-400f-9455-932c96eb282b: does not qualify; 1.2 s; peak memory 675 MiB.
2026-09-18T02:59:05Z INFO [255/365] 0473e38d-b07c-4ef2-beb8-7295249ab280: does not qualify; 1.1 s; peak memory 675 MiB.
2026-09-18T02:59:06Z INFO [256/365] 04743f1d-09ee-4803-ad25-60c270ec35af: does not qualify; 1.3 s; peak memory 675 MiB.
2026-09-18T02:59:12Z INFO [257/365] 047501d0-0bf4-493c-a584-c59fa611ec03: does not qualify; 5.9 s; peak memory 675 MiB.
2026-09-18T02:59:13Z INFO [258/365] 047505f8-d865-4dd4-b48f-f7c361eb710d: does not qualify; 1.2 s; peak memory 675 MiB.
2026-09-18T02:59:14Z INFO [259/365] 0475981a-e900-4507-ac83-8675169629de: does not qualify; 1.0 s; peak memory 675 MiB.
2026-09-18T02:59:15Z INFO [260/365] 0475de7c-6bb3-448e-bb5b-7d7f1f90c5ce: does not qualify; 1.1 s; peak memory 675 MiB.
2026-09-18T02:59:17Z INFO [261/365] 0476103d-5f08-4e62-bb1c-6e290c1f4813: does not qualify; 1.9 s; peak memory 675 MiB.
2026-09-18T02:59:19Z INFO [262/365] 04769b0c-853e-4151-83fd-8bfd73b2eb27: does not qualify; 1.9 s; peak memory 675 MiB.
2026-09-18T02:59:20Z INFO [263/365] 0476a16d-fbaf-4f67-9df9-86d16aef8afd: does not qualify; 1.2 s; peak memory 675 MiB.
2026-09-18T02:59:21Z INFO [264/365] 04783266-3686-4925-bd85-50f08ad669c0: does not qualify; 1.2 s; peak memory 675 MiB.
2026-09-18T02:59:23Z INFO [265/365] 04787822-a180-4eae-b901-5084bd9855a9: does not qualify; 1.5 s; peak memory 675 MiB.
2026-09-18T02:59:27Z INFO [266/365] 0479f0e7-b18e-4236-9310-d6c024ca7918: does not qualify; 4.0 s; peak memory 675 MiB.
2026-09-18T02:59:28Z INFO [267/365] 047afd2d-e835-443f-b4b0-6d56093b20ec: does not qualify; 1.0 s; peak memory 675 MiB.
2026-09-18T02:59:29Z INFO [268/365] 047b0d83-a02a-47c4-b9f3-0e9ca6310d01: does not qualify; 1.1 s; peak memory 675 MiB.
2026-09-18T02:59:30Z INFO [269/365] 047cc7f6-1f04-4ebd-9d20-d514809b7236: does not qualify; 0.8 s; peak memory 675 MiB.
2026-09-18T02:59:31Z INFO [270/365] 047eaa3f-c2b3-44f7-b1da-0bb52fd50e9b: does not qualify; 0.9 s; peak memory 675 MiB.
2026-09-18T02:59:32Z INFO [271/365] 047f248d-d384-4820-b03d-feb822b9987b: does not qualify; 1.2 s; peak memory 675 MiB.
2026-09-18T02:59:33Z INFO [272/365] 047f6664-4603-4423-b95d-0459db720858: does not qualify; 0.8 s; peak memory 675 MiB.
2026-09-18T02:59:33Z INFO [273/365] 047ff700-ee41-4575-8649-9d08dbfc4503: does not qualify; 0.8 s; peak memory 675 MiB.
2026-09-18T02:59:35Z INFO [274/365] 04801215-a396-4a10-8900-cce6801747f0: does not qualify; 1.1 s; peak memory 675 MiB.
2026-09-18T02:59:35Z INFO [275/365] 048099f8-7c6f-4e7c-ba6a-7c42d1d932fd: does not qualify; 0.8 s; peak memory 675 MiB.
2026-09-18T02:59:44Z INFO [276/365] 04809b71-d17f-43bb-aff3-995c7569c4c2: does not qualify; 8.2 s; peak memory 675 MiB.
2026-09-18T02:59:45Z INFO [277/365] 0480f98d-478d-4c67-b8b4-aded4884c5f4: does not qualify; 1.1 s; peak memory 675 MiB.
2026-09-18T02:59:48Z INFO [278/365] 04813a37-9826-4b95-85fa-a213a9109387: does not qualify; 3.0 s; peak memory 675 MiB.
2026-09-18T02:59:49Z INFO [279/365] 048187a5-619f-4f3a-8d4a-d2e3ac3b1d07: does not qualify; 0.8 s; peak memory 675 MiB.
2026-09-18T02:59:50Z INFO [280/365] 0482b28f-b695-4a51-9201-877e307222d7: does not qualify; 1.2 s; peak memory 675 MiB.
2026-09-18T02:59:51Z INFO [281/365] 04836ffc-226a-46ec-abd0-cfbd48aa1624: does not qualify; 1.2 s; peak memory 675 MiB.
2026-09-18T02:59:52Z INFO [282/365] 0483777a-bcf7-4cc6-8aa0-07cce35a91ab: does not qualify; 1.0 s; peak memory 675 MiB.
2026-09-18T02:59:53Z INFO [283/365] 0483c42d-4b81-48c8-83f0-339f43c0f88b: does not qualify; 1.2 s; peak memory 675 MiB.
2026-09-18T02:59:54Z INFO [284/365] 0483e052-e034-4239-af14-5134d51c31f3: does not qualify; 1.0 s; peak memory 675 MiB.
2026-09-18T02:59:55Z INFO [285/365] 04847966-b005-4071-8999-ee8be1e9a8d5: does not qualify; 0.7 s; peak memory 675 MiB.
2026-09-18T02:59:56Z INFO [286/365] 0484ac13-4a4d-416e-90cd-b68143ef644f: does not qualify; 1.3 s; peak memory 675 MiB.
2026-09-18T03:00:00Z INFO [287/365] 0484bbb8-a786-4cab-afa5-aa546f06b9f5: does not qualify; 3.6 s; peak memory 675 MiB.
2026-09-18T03:00:01Z INFO [288/365] 04852c54-b2e0-487c-a81a-73fc1e514e91: does not qualify; 1.2 s; peak memory 675 MiB.
2026-09-18T03:00:06Z INFO [289/365] 04864bdf-bc56-4b83-9be9-a52af661dcc3: does not qualify; 5.3 s; peak memory 675 MiB.
2026-09-18T03:00:16Z INFO [290/365] 0489ee6c-4457-4c23-be6d-ccdc3e2082dd: does not qualify; 9.9 s; peak memory 675 MiB.
2026-09-18T03:00:17Z INFO [291/365] 048a5dbb-a9c4-41a6-a357-229d9540f957: does not qualify; 1.0 s; peak memory 675 MiB.
2026-09-18T03:00:18Z INFO [292/365] 048de6e6-5f4d-47a1-82ce-8e14d0b0618b: does not qualify; 0.8 s; peak memory 675 MiB.
2026-09-18T03:00:20Z INFO [293/365] 048e4048-b0aa-46cd-91aa-2a179c8700f5: qualifies; 1.8 s; peak memory 675 MiB.
2026-09-18T03:00:20Z INFO [294/365] 048e8660-de6e-4887-8a13-d279751ff607: does not qualify; 0.8 s; peak memory 675 MiB.
2026-09-18T03:00:22Z INFO [295/365] 048efcd2-176e-4a92-a5fe-145b323f3f6e: does not qualify; 1.1 s; peak memory 675 MiB.
2026-09-18T03:00:23Z INFO [296/365] 048f1ac7-c8a6-4cac-8e9c-ff862ca6bf3a: does not qualify; 1.6 s; peak memory 675 MiB.
2026-09-18T03:00:24Z INFO [297/365] 048ff4c5-dfac-4c6c-976c-6cd95e3a9c97: does not qualify; 0.9 s; peak memory 675 MiB.
2026-09-18T03:00:32Z INFO [298/365] 048ffc3a-e63f-41ef-9e40-9614ee84810d: does not qualify; 7.7 s; peak memory 675 MiB.
2026-09-18T03:00:36Z INFO [299/365] 0491234a-08b7-4ab4-a56c-cd262d6fa616: does not qualify; 3.7 s; peak memory 675 MiB.
2026-09-18T03:00:37Z INFO [300/365] 0491e1eb-1448-49da-aca8-c307bc37ca0e: does not qualify; 1.0 s; peak memory 675 MiB.
2026-09-18T03:00:37Z INFO [300/365] 0491e1eb-1448-49da-aca8-c307bc37ca0e: checkpointed 49082 records.
2026-09-18T03:00:38Z INFO [301/365] 04930dff-5f1b-4049-9019-80c77557ae68: does not qualify; 1.4 s; peak memory 675 MiB.
2026-09-18T03:00:39Z INFO [302/365] 04932298-ae0e-4371-879a-d69326817f47: does not qualify; 1.2 s; peak memory 675 MiB.
2026-09-18T03:00:40Z INFO [303/365] 049338ab-f70e-45c4-9222-4397c4df4659: does not qualify; 1.0 s; peak memory 675 MiB.
2026-09-18T03:00:41Z INFO [304/365] 04938132-dba6-4993-aa6f-f539b353b8d3: does not qualify; 0.8 s; peak memory 675 MiB.
2026-09-18T03:00:42Z INFO [305/365] 0493f14e-53a2-432b-8372-8d9ee2a9d8ad: does not qualify; 1.3 s; peak memory 675 MiB.
2026-09-18T03:00:43Z INFO [306/365] 04941698-8cbb-4cbe-a292-b0fa435fe096: does not qualify; 1.2 s; peak memory 675 MiB.
2026-09-18T03:00:44Z INFO [307/365] 0494392a-cb4e-4e50-a54f-29ddf76ba336: does not qualify; 1.0 s; peak memory 675 MiB.
2026-09-18T03:00:45Z INFO [308/365] 049477f3-6ccb-4c78-92e0-3c6dd4c5a587: does not qualify; 0.8 s; peak memory 675 MiB.
2026-09-18T03:00:46Z INFO [309/365] 049483e4-6692-4eb3-b18e-f4588e781d6d: does not qualify; 0.8 s; peak memory 675 MiB.
2026-09-18T03:00:50Z INFO [310/365] 0494b938-d58e-471d-8166-619236a82764: does not qualify; 4.4 s; peak memory 675 MiB.
2026-09-18T03:00:51Z INFO [311/365] 04952fb1-e267-4b52-8f0b-193e33c8cffe: does not qualify; 0.9 s; peak memory 675 MiB.
2026-09-18T03:00:52Z INFO [312/365] 04956cfb-2d83-440a-9ae4-ee0ef222115b: does not qualify; 0.7 s; peak memory 675 MiB.
2026-09-18T03:00:54Z INFO [313/365] 0495a033-bd98-4fd3-b482-34777d70f300: does not qualify; 1.7 s; peak memory 675 MiB.
2026-09-18T03:00:55Z INFO [314/365] 0495fcf4-5fe5-4fb7-939c-6de520f1829f: does not qualify; 1.0 s; peak memory 675 MiB.
2026-09-18T03:00:56Z INFO [315/365] 04967863-4068-4458-af52-296169912001: does not qualify; 0.9 s; peak memory 675 MiB.
2026-09-18T03:00:57Z INFO [316/365] 0496edd0-5496-4331-ba0c-09ef760f1601: does not qualify; 1.4 s; peak memory 675 MiB.
2026-09-18T03:01:00Z INFO [317/365] 0497ba1e-4f2a-43f7-bbcb-b0ecd38fa55a: does not qualify; 2.5 s; peak memory 675 MiB.
2026-09-18T03:01:02Z INFO [318/365] 04985a6e-18d6-45da-856b-3218c1573b4b: does not qualify; 2.5 s; peak memory 675 MiB.
2026-09-18T03:01:07Z INFO [319/365] 0499369f-30f8-4606-9bb1-f8cc748e4c6e: does not qualify; 5.3 s; peak memory 675 MiB.
2026-09-18T03:01:08Z INFO [320/365] 04994aba-37f7-4eab-816b-d197ccd4fae8: does not qualify; 1.0 s; peak memory 675 MiB.
2026-09-18T03:01:10Z INFO [321/365] 049a23cb-6566-4fc2-a7b7-77876cbcc832: does not qualify; 1.4 s; peak memory 675 MiB.
2026-09-18T03:01:11Z INFO [322/365] 049addad-049a-47a3-a6f2-22aa33231c8a: does not qualify; 1.4 s; peak memory 675 MiB.
2026-09-18T03:01:13Z INFO [323/365] 049ba9e8-5330-4544-8440-6afe3f7a272f: does not qualify; 1.5 s; peak memory 675 MiB.
2026-09-18T03:01:14Z INFO [324/365] 049cccfb-8cc5-4803-a0a1-9844b5aa669d: does not qualify; 1.2 s; peak memory 675 MiB.
2026-09-18T03:01:23Z INFO [325/365] 049d0531-29ef-47e6-88f7-6a6f9d698ec2: does not qualify; 9.0 s; peak memory 675 MiB.
2026-09-18T03:01:28Z INFO [326/365] 049ebd25-e8ae-41c2-bd4f-0f3adbea6851: does not qualify; 5.1 s; peak memory 675 MiB.
2026-09-18T03:01:29Z INFO [327/365] 04a0ebf9-e9a5-4c73-8dc7-a84113de2aa9: does not qualify; 0.7 s; peak memory 675 MiB.
2026-09-18T03:01:34Z INFO [328/365] 04a11430-2282-47a2-b953-e5a21ee6cd5c: does not qualify; 4.8 s; peak memory 675 MiB.
2026-09-18T03:01:36Z INFO [329/365] 04a12db4-f58b-4037-8773-609ae455ca5b: does not qualify; 2.3 s; peak memory 675 MiB.
2026-09-18T03:01:37Z INFO [330/365] 04a1a764-8f16-44ba-b00c-2adc1d7dd26f: does not qualify; 0.9 s; peak memory 675 MiB.
2026-09-18T03:01:38Z INFO [331/365] 04a23a7c-ccbb-4e0b-af0a-26acd53e8f93: does not qualify; 0.9 s; peak memory 675 MiB.
2026-09-18T03:01:39Z INFO [332/365] 04a26e2c-3ec0-4fa7-a224-f9dfa0900d50: does not qualify; 1.2 s; peak memory 675 MiB.
2026-09-18T03:01:46Z INFO [333/365] 04a2c7fe-5222-4691-9a24-f92f4d8fb320: does not qualify; 7.5 s; peak memory 675 MiB.
2026-09-18T03:01:47Z INFO [334/365] 04a36723-13d6-4690-818d-95697c61589b: does not qualify; 0.7 s; peak memory 675 MiB.
2026-09-18T03:01:48Z INFO [335/365] 04a36ef7-e745-4e09-9f09-f2d8b076c770: does not qualify; 0.9 s; peak memory 675 MiB.
2026-09-18T03:01:49Z INFO [336/365] 04a41659-fa1e-4faf-937d-f4af03ae1376: does not qualify; 0.9 s; peak memory 675 MiB.
2026-09-18T03:01:51Z INFO [337/365] 04a56c72-ad39-4ada-82e9-bde9bc6b7679: does not qualify; 1.8 s; peak memory 675 MiB.
2026-09-18T03:01:53Z INFO [338/365] 04a5e048-eb8b-4434-b500-934bc3f09f5b: does not qualify; 2.5 s; peak memory 675 MiB.
2026-09-18T03:01:55Z INFO [339/365] 04a5ea2d-45e1-4688-bab1-ef15e0d1fc5d: does not qualify; 1.6 s; peak memory 675 MiB.
2026-09-18T03:01:56Z INFO [340/365] 04a5faa8-2958-47ea-83e9-9a61a71402ab: does not qualify; 1.2 s; peak memory 675 MiB.
2026-09-18T03:01:57Z INFO [341/365] 04a6dbd4-140a-420f-8bae-4092026a4297: does not qualify; 0.8 s; peak memory 675 MiB.
2026-09-18T03:01:58Z INFO [342/365] 04a884d5-5695-4e15-a6a9-c15e8294e334: does not qualify; 0.9 s; peak memory 675 MiB.
2026-09-18T03:01:59Z INFO [343/365] 04a9b999-8364-4280-99c8-4feda2db2689: does not qualify; 0.8 s; peak memory 675 MiB.
2026-09-18T03:02:03Z INFO [344/365] 04aa28d7-a72e-406d-b7be-60f910771698: does not qualify; 4.2 s; peak memory 675 MiB.
2026-09-18T03:02:05Z INFO [345/365] 04aa438b-4ce9-4c16-8200-295194b362ba: does not qualify; 2.3 s; peak memory 675 MiB.
2026-09-18T03:02:06Z INFO [346/365] 04aab2f3-5e7a-46c0-8475-a40a6a057fc8: does not qualify; 1.2 s; peak memory 675 MiB.
2026-09-18T03:02:11Z INFO [347/365] 04ab5bbf-d200-4027-8235-0f6238e6db92: does not qualify; 4.6 s; peak memory 675 MiB.
2026-09-18T03:02:12Z INFO [348/365] 04ab6a43-aff1-4fe1-9647-aea5fe556bde: does not qualify; 0.9 s; peak memory 675 MiB.
2026-09-18T03:02:13Z INFO [349/365] 04ac04e6-303c-4a04-886d-d0539e432228: does not qualify; 1.1 s; peak memory 675 MiB.
2026-09-18T03:02:14Z INFO [350/365] 04ad4867-c26e-4300-99a8-cf775a96074f: does not qualify; 0.9 s; peak memory 675 MiB.
2026-09-18T03:02:14Z INFO [350/365] 04ad4867-c26e-4300-99a8-cf775a96074f: checkpointed 49132 records.
2026-09-18T03:02:15Z INFO [351/365] 04ad613d-3c78-4b3d-8de2-53aa9f2a5133: does not qualify; 0.9 s; peak memory 675 MiB.
2026-09-18T03:02:16Z INFO [352/365] 04ae398a-4477-4c10-a7fd-f3cf13d5b632: does not qualify; 1.2 s; peak memory 675 MiB.
2026-09-18T03:02:17Z INFO [353/365] 04ae815e-f3e7-40e4-b79d-e03a2bff86db: does not qualify; 1.2 s; peak memory 675 MiB.
2026-09-18T03:02:18Z INFO [354/365] 04b06fa3-ee62-4990-8945-2a8bda0552c4: does not qualify; 1.5 s; peak memory 675 MiB.
2026-09-18T03:02:20Z INFO [355/365] 04b16d63-c704-4e4e-a267-cf507bff60cf: does not qualify; 1.1 s; peak memory 675 MiB.
2026-09-18T03:02:21Z INFO [356/365] 04b1c815-e1bc-41e8-b297-1464cdf52407: does not qualify; 1.3 s; peak memory 675 MiB.
2026-09-18T03:02:22Z INFO [357/365] 04b26644-5c62-4615-a4f3-6925c332be11: does not qualify; 1.6 s; peak memory 675 MiB.
2026-09-18T03:02:24Z INFO [358/365] 04b266b5-528d-4eb8-9d63-008adcbd81ae: does not qualify; 1.5 s; peak memory 675 MiB.
2026-09-18T03:02:25Z INFO [359/365] 04b2da74-bb11-488e-a0bb-37672b38c199: does not qualify; 0.7 s; peak memory 675 MiB.
2026-09-18T03:02:26Z INFO [360/365] 04b2f716-0e24-4aae-987d-967bdfaa09ab: does not qualify; 1.3 s; peak memory 675 MiB.
2026-09-18T03:02:27Z INFO [361/365] 04b34ab5-e052-4bc3-97f8-5d956578c576: does not qualify; 0.9 s; peak memory 675 MiB.
2026-09-18T03:02:28Z INFO [362/365] 04b46447-3c27-4b1d-9f16-09da6932fbe7: does not qualify; 1.1 s; peak memory 675 MiB.
2026-09-18T03:02:29Z INFO [363/365] 04b57191-d0fd-4692-a9c0-8d1ee3652f66: does not qualify; 1.2 s; peak memory 675 MiB.
2026-09-18T03:02:32Z INFO [364/365] 04b581eb-0ad7-4f9a-8283-a3455367f83c: does not qualify; 3.0 s; peak memory 675 MiB.
2026-09-18T03:02:38Z INFO [365/365] 04b60a86-3ff8-48f0-a77d-f88c36eceeb4: does not qualify; 5.5 s; peak memory 683 MiB.
2026-09-18T03:02:38Z INFO Wrote 49147 records to /tmp/derivatives/qualifying_lfp_content_ids.jsonl (365 new, 0 failed) in 12.8 min (peak memory 683 MiB).
