2026-09-17T10:51:20Z INFO Logging to /tmp/logs/update_2026-09-17T10-51-20Z.log.
2026-09-17T10:51:20Z INFO Update qualifying-lfp-content-ids (base directory /tmp).
2026-09-17T10:51:22Z INFO Processing 722 items (47303 already recorded).
2026-09-17T10:51:23Z INFO [1/722] 00bc4719-5d4b-444f-a07c-c981f471f076: does not qualify; 1.6 s; peak memory 223 MiB.
2026-09-17T10:51:24Z INFO [2/722] 00bc9c2a-2fd8-4f17-9a0b-7c17654aba5a: does not qualify; 0.4 s; peak memory 223 MiB.
2026-09-17T10:51:32Z INFO [3/722] 00bcd4b0-40e3-412a-9ede-146475e749fc: does not qualify; 8.0 s; peak memory 256 MiB.
2026-09-17T10:51:33Z INFO [4/722] 00bcf886-b201-497e-8abc-edab488c724e: does not qualify; 1.1 s; peak memory 256 MiB.
2026-09-17T10:51:33Z INFO [5/722] 00bd9647-a8a6-4456-8fba-e1a9c5e38d74: does not qualify; 0.3 s; peak memory 256 MiB.
2026-09-17T10:51:36Z INFO [6/722] 00bebf01-1758-4148-8285-3f2cb8134607: does not qualify; 3.2 s; peak memory 256 MiB.
2026-09-17T10:51:37Z INFO [7/722] 00bf9832-4bc5-43b9-b937-dcbdf7509fac: does not qualify; 0.7 s; peak memory 256 MiB.
2026-09-17T10:51:41Z INFO [8/722] 00bfb795-73cb-45d6-aea9-76f7562740d0: does not qualify; 4.0 s; peak memory 256 MiB.
2026-09-17T10:51:42Z INFO [9/722] 00c03cfb-4e25-453a-8e90-83aa02b5eb9c: does not qualify; 0.8 s; peak memory 256 MiB.
2026-09-17T10:51:42Z INFO [10/722] 00c1e7af-21c4-4fdb-8bb3-04a6949216af: does not qualify; 0.6 s; peak memory 256 MiB.
2026-09-17T10:51:43Z INFO [11/722] 00c2f2c8-0e4b-4f91-af88-59ee422fa2b0: does not qualify; 0.7 s; peak memory 256 MiB.
2026-09-17T10:51:44Z INFO [12/722] 00c3c8ce-6113-4c42-b2ea-c87d3f59c749: does not qualify; 0.6 s; peak memory 256 MiB.
2026-09-17T10:51:44Z INFO [13/722] 00c3ed0c-a05e-4bff-8ce5-351802b9d2f9: does not qualify; 0.6 s; peak memory 256 MiB.
2026-09-17T10:51:45Z INFO [14/722] 00c4a28b-678d-42e4-923d-82ed42becfac: does not qualify; 0.6 s; peak memory 256 MiB.
2026-09-17T10:51:45Z INFO [15/722] 00c4b58d-8e54-4653-bb22-9dd84aa64373: does not qualify; 0.4 s; peak memory 256 MiB.
2026-09-17T10:51:46Z INFO [16/722] 00c512bc-2776-49a7-9cd8-e3bedd13b648: does not qualify; 0.5 s; peak memory 256 MiB.
2026-09-17T10:51:46Z INFO [17/722] 00c52bd7-3e7d-4b25-8d46-318c8b914118: does not qualify; 0.6 s; peak memory 256 MiB.
2026-09-17T10:51:47Z INFO [18/722] 00c54ad6-3858-47f4-b134-b350a8d75b91: does not qualify; 0.6 s; peak memory 256 MiB.
2026-09-17T10:51:48Z INFO [19/722] 00c6f4c3-417e-41fc-a6f5-21143f9775cd: does not qualify; 0.6 s; peak memory 256 MiB.
2026-09-17T10:51:48Z INFO [20/722] 00c71a29-a9dd-4cf7-8d75-cf74e7e7bd0f: does not qualify; 0.6 s; peak memory 256 MiB.
2026-09-17T10:51:49Z INFO [21/722] 00c90215-4958-4363-b71e-42a7c1d34753: does not qualify; 0.5 s; peak memory 256 MiB.
2026-09-17T10:51:56Z INFO [22/722] 00c9acde-66bf-4428-a9da-bbf2c3cf0ef2: does not qualify; 7.3 s; peak memory 256 MiB.
2026-09-17T10:51:57Z INFO [23/722] 00cafcaf-1dbe-4f14-bf89-98c0e11b25ea: does not qualify; 0.8 s; peak memory 256 MiB.
2026-09-17T10:51:57Z INFO [24/722] 00cb290d-7127-403f-9b31-78fa8b520956: does not qualify; 0.4 s; peak memory 256 MiB.
2026-09-17T10:51:58Z INFO [25/722] 00cbdb39-a4c8-4344-a7f9-4e80ba64cabe: does not qualify; 1.0 s; peak memory 256 MiB.
2026-09-17T10:51:59Z INFO [26/722] 00cc3f3e-7d92-4446-87e5-d2b8dfe2c44d: does not qualify; 0.7 s; peak memory 256 MiB.
2026-09-17T10:52:00Z INFO [27/722] 00cd99bb-df96-4eb3-aa93-755f8bcfbc45: does not qualify; 0.7 s; peak memory 256 MiB.
2026-09-17T10:52:04Z INFO [28/722] 00cdcca0-d101-442e-8b3c-1f9b2d799217: does not qualify; 4.3 s; peak memory 256 MiB.
2026-09-17T10:52:05Z INFO [29/722] 00cdde13-1af0-4818-8508-437f491e2e63: does not qualify; 0.6 s; peak memory 256 MiB.
2026-09-17T10:52:05Z INFO [30/722] 00ce0ee8-27e4-4fdb-a843-6491c8ab4f8b: does not qualify; 0.4 s; peak memory 256 MiB.
2026-09-17T10:52:06Z INFO [31/722] 00ce6b6b-007e-4eff-9361-e68cd5f5846c: does not qualify; 0.9 s; peak memory 256 MiB.
2026-09-17T10:52:07Z INFO [32/722] 00cebd0c-662c-46d6-af46-bc78fa1b73aa: does not qualify; 0.8 s; peak memory 256 MiB.
2026-09-17T10:52:07Z INFO [33/722] 00ceee85-3e23-47ba-9fd7-c9201009fce1: does not qualify; 0.8 s; peak memory 256 MiB.
2026-09-17T10:52:08Z INFO [34/722] 00d0334f-bb86-4744-b8cc-5bd68e913487: does not qualify; 0.7 s; peak memory 256 MiB.
2026-09-17T10:52:09Z INFO [35/722] 00d09513-062f-4e72-af6a-559680acabc8: qualifies; 1.0 s; peak memory 257 MiB.
2026-09-17T10:52:10Z INFO [36/722] 00d0d310-139e-4d57-a557-d5eb9a979281: does not qualify; 1.0 s; peak memory 257 MiB.
2026-09-17T10:52:11Z INFO [37/722] 00d13b50-6433-4707-a6a9-d9c16015a409: does not qualify; 0.8 s; peak memory 257 MiB.
2026-09-17T10:52:11Z INFO [38/722] 00d1d19f-1467-4db3-a0c2-a12cf6fd221b: does not qualify; 0.7 s; peak memory 257 MiB.
2026-09-17T10:52:12Z INFO [39/722] 00d1f80a-49a2-403e-ab61-8eb88836e19f: does not qualify; 0.8 s; peak memory 257 MiB.
2026-09-17T10:52:13Z INFO [40/722] 00d2ba7b-4542-4ab5-97b9-70a397616ecc: does not qualify; 0.6 s; peak memory 257 MiB.
2026-09-17T10:52:14Z INFO [41/722] 00d32975-7a6b-47b5-9359-b5c0fd17d5bc: does not qualify; 1.2 s; peak memory 257 MiB.
2026-09-17T10:52:17Z INFO [42/722] 00d39580-28bb-486c-8d6d-57c41e16047f: does not qualify; 2.9 s; peak memory 257 MiB.
2026-09-17T10:52:18Z INFO [43/722] 00d3bccd-df44-4f48-aace-1d2a4efc6279: does not qualify; 0.6 s; peak memory 257 MiB.
2026-09-17T10:52:18Z INFO [44/722] 00d3ce21-45be-4436-b4f2-2e68e1a70d3b: does not qualify; 0.5 s; peak memory 257 MiB.
2026-09-17T10:52:19Z INFO [45/722] 00d483b0-ccb7-4e78-885b-cd4db5c1cd89: does not qualify; 0.5 s; peak memory 257 MiB.
2026-09-17T10:52:19Z INFO [46/722] 00d4bdb5-ecd1-427d-8d0f-56c5090b0125: does not qualify; 0.7 s; peak memory 257 MiB.
2026-09-17T10:52:20Z INFO [47/722] 00d64c47-6cbd-4470-aa07-58d57fe6c605: does not qualify; 1.0 s; peak memory 257 MiB.
2026-09-17T10:52:21Z INFO [48/722] 00d6a8a6-53df-4446-9ab1-0c5eb75b525d: does not qualify; 0.6 s; peak memory 257 MiB.
2026-09-17T10:52:22Z INFO [49/722] 00d6caf5-4961-49bf-ba70-e7d25d359636: does not qualify; 1.6 s; peak memory 257 MiB.
2026-09-17T10:52:23Z INFO [50/722] 00d6ef30-3234-4ed2-a4fc-1fb2fb693f0f: does not qualify; 0.9 s; peak memory 257 MiB.
2026-09-17T10:52:24Z INFO [50/722] 00d6ef30-3234-4ed2-a4fc-1fb2fb693f0f: checkpointed 47353 records.
2026-09-17T10:52:24Z INFO [51/722] 00d6fbc5-3583-4538-b35d-f161fa71da1e: does not qualify; 0.4 s; peak memory 257 MiB.
2026-09-17T10:52:25Z INFO [52/722] 00d70377-af7c-4da9-912b-632b73073365: does not qualify; 0.7 s; peak memory 257 MiB.
2026-09-17T10:52:26Z INFO [53/722] 00d7734b-1157-4d15-adba-a46be3cb3b34: does not qualify; 1.0 s; peak memory 257 MiB.
2026-09-17T10:52:26Z INFO [54/722] 00d7fb66-bf4d-49f2-97b5-5e27224a5ab2: does not qualify; 0.6 s; peak memory 257 MiB.
2026-09-17T10:52:30Z INFO [55/722] 00d82b72-3333-4b76-8236-cb441bf21910: does not qualify; 3.3 s; peak memory 257 MiB.
2026-09-17T10:52:30Z INFO [56/722] 00d84089-106e-487e-9873-4b36197ac8b4: does not qualify; 0.6 s; peak memory 257 MiB.
2026-09-17T10:52:31Z INFO [57/722] 00d93501-b476-4f7c-af2c-d978a9aaea7c: does not qualify; 0.7 s; peak memory 257 MiB.
2026-09-17T10:52:33Z INFO [58/722] 00d94c66-5b91-4dfd-b457-8828179479b4: does not qualify; 2.3 s; peak memory 257 MiB.
2026-09-17T10:52:34Z INFO [59/722] 00d9b34c-4da2-4caa-9183-1ca86a925434: does not qualify; 0.4 s; peak memory 257 MiB.
2026-09-17T10:52:35Z INFO [60/722] 00dad842-7fc6-4e37-b079-f0dcb53cad34: does not qualify; 1.7 s; peak memory 257 MiB.
2026-09-17T10:52:36Z INFO [61/722] 00db0483-7800-4c09-a0a0-ccf780eb0f47: does not qualify; 0.4 s; peak memory 257 MiB.
2026-09-17T10:52:37Z INFO [62/722] 00dbee6c-a59b-4baf-8699-e2cefa280f50: does not qualify; 0.8 s; peak memory 257 MiB.
2026-09-17T10:52:37Z INFO [63/722] 00dcce94-0a99-4dff-8b6e-4738ce577f3b: does not qualify; 0.6 s; peak memory 257 MiB.
2026-09-17T10:52:38Z INFO [64/722] 00dccfe6-f90c-4a0e-8848-661921ea866a: does not qualify; 0.9 s; peak memory 257 MiB.
2026-09-17T10:52:39Z INFO [65/722] 00dd7f14-2a6a-42ec-a359-10d59dad7776: does not qualify; 0.8 s; peak memory 257 MiB.
2026-09-17T10:52:40Z INFO [66/722] 00dd829b-f53d-4f9f-ae6a-60ce49ced24a: does not qualify; 1.5 s; peak memory 257 MiB.
2026-09-17T10:52:45Z INFO [67/722] 00de7183-ba9c-4dea-8b61-55d33242aa97: does not qualify; 4.4 s; peak memory 257 MiB.
2026-09-17T10:52:45Z INFO [68/722] 00decbf8-5388-452f-a032-f7424f751292: does not qualify; 0.6 s; peak memory 257 MiB.
2026-09-17T10:52:51Z INFO [69/722] 00defa40-523e-45e4-b53b-d1ea6be90e8f: does not qualify; 5.6 s; peak memory 257 MiB.
2026-09-17T10:52:52Z INFO [70/722] 00df00fe-8e1c-4f4c-a251-1d0b6c949e0b: does not qualify; 0.8 s; peak memory 257 MiB.
2026-09-17T10:52:54Z INFO [71/722] 00df80f5-348c-48b2-aa08-88271781e309: does not qualify; 2.5 s; peak memory 257 MiB.
2026-09-17T10:52:55Z INFO [72/722] 00df8d64-7676-4813-a175-3435ad29ba79: does not qualify; 0.7 s; peak memory 257 MiB.
2026-09-17T10:52:56Z INFO [73/722] 00e044fb-a907-4a30-9d78-ab6b24d0aad2: does not qualify; 0.6 s; peak memory 257 MiB.
2026-09-17T10:52:56Z INFO [74/722] 00e119df-f151-406e-9fa7-7be68140841b: does not qualify; 0.7 s; peak memory 257 MiB.
2026-09-17T10:52:57Z INFO [75/722] 00e18dc1-f0d5-466e-96f7-69f085d7acf5: does not qualify; 0.6 s; peak memory 257 MiB.
2026-09-17T10:52:58Z INFO [76/722] 00e25bac-8e8b-4a46-93a9-65465693ba28: does not qualify; 1.5 s; peak memory 257 MiB.
2026-09-17T10:52:59Z INFO [77/722] 00e30226-ede7-46d3-b235-f84f33f735b9: does not qualify; 0.7 s; peak memory 257 MiB.
2026-09-17T10:53:04Z INFO [78/722] 00e32547-2b19-4c2e-a437-713b64cf3c19: does not qualify; 4.6 s; peak memory 441 MiB.
2026-09-17T10:53:04Z INFO [79/722] 00e32beb-7882-43ef-a1d7-3d6906746a4a: does not qualify; 0.7 s; peak memory 441 MiB.
2026-09-17T10:53:05Z INFO [80/722] 00e35ffe-1da0-47f2-86d7-a92642383292: does not qualify; 0.7 s; peak memory 441 MiB.
2026-09-17T10:53:06Z INFO [81/722] 00e4a807-4bdf-4c95-bc2c-189d5b2ab832: does not qualify; 0.8 s; peak memory 441 MiB.
2026-09-17T10:53:06Z INFO [82/722] 00e4bbb3-d844-4629-9a29-ad768f9d1958: does not qualify; 0.5 s; peak memory 441 MiB.
2026-09-17T10:53:09Z INFO [83/722] 00e4d7ac-d1cd-453f-8043-07b202ba33e3: does not qualify; 2.8 s; peak memory 441 MiB.
2026-09-17T10:53:14Z INFO [84/722] 00e57006-b9d0-4ea3-aa6f-d65ac7efdef7: does not qualify; 5.1 s; peak memory 478 MiB.
2026-09-17T10:53:15Z INFO [85/722] 00e597c5-5d0e-4313-9933-4d664578c3f3: does not qualify; 0.6 s; peak memory 478 MiB.
2026-09-17T10:53:16Z INFO [86/722] 00e665af-d2f9-43cc-b766-5563d58bddc0: does not qualify; 0.6 s; peak memory 478 MiB.
2026-09-17T10:53:16Z INFO [87/722] 00e6f8a9-94c1-46d6-9130-cd0a61661d45: does not qualify; 0.7 s; peak memory 478 MiB.
2026-09-17T10:53:18Z INFO [88/722] 00e77da4-6db6-40ee-8f42-e3011ac39b18: does not qualify; 1.4 s; peak memory 478 MiB.
2026-09-17T10:53:19Z INFO [89/722] 00e78b14-09ea-4787-a855-99b5de62fdd9: does not qualify; 0.9 s; peak memory 478 MiB.
2026-09-17T10:53:19Z INFO [90/722] 00e78d86-f3ac-4fbf-ab55-cb49b02d7e95: does not qualify; 0.6 s; peak memory 478 MiB.
2026-09-17T10:53:22Z INFO [91/722] 00e877a1-010f-498d-8805-6a685bdb62fd: does not qualify; 2.9 s; peak memory 480 MiB.
2026-09-17T10:53:23Z INFO [92/722] 00e8817d-f2c6-4b5c-9716-d42895c4491c: does not qualify; 0.6 s; peak memory 480 MiB.
2026-09-17T10:53:26Z INFO [93/722] 00e88f98-37ce-42df-8972-36180e157bff: does not qualify; 3.4 s; peak memory 480 MiB.
2026-09-17T10:53:27Z INFO [94/722] 00e9e1fd-4a13-4b40-b74f-0c4a199a2733: does not qualify; 1.0 s; peak memory 480 MiB.
2026-09-17T10:53:29Z INFO [95/722] 00ea0b78-d4b6-4919-ae56-3017d42d930a: does not qualify; 1.9 s; peak memory 480 MiB.
2026-09-17T10:53:30Z INFO [96/722] 00ea1d30-0248-46f0-951c-c4d98bfb38a2: qualifies; 1.0 s; peak memory 480 MiB.
2026-09-17T10:53:31Z INFO [97/722] 00ea608d-745f-441b-9f11-b9d896c8fa20: does not qualify; 0.6 s; peak memory 480 MiB.
2026-09-17T10:53:31Z INFO [98/722] 00ea884a-60ee-4909-b21e-efa74d93f85b: does not qualify; 0.5 s; peak memory 480 MiB.
2026-09-17T10:53:32Z INFO [99/722] 00eb216e-45f9-48b0-8314-f13c6add1f2b: does not qualify; 1.0 s; peak memory 480 MiB.
2026-09-17T10:53:33Z INFO [100/722] 00ec0b66-b497-4496-bacb-f6d86f4488c2: does not qualify; 0.5 s; peak memory 480 MiB.
2026-09-17T10:53:33Z INFO [100/722] 00ec0b66-b497-4496-bacb-f6d86f4488c2: checkpointed 47403 records.
2026-09-17T10:53:33Z INFO [101/722] 00ec6a12-2be2-4088-a232-ef655e68afbe: does not qualify; 0.4 s; peak memory 480 MiB.
2026-09-17T10:53:37Z INFO [102/722] 00ecdf3a-ddf8-4068-94b0-ffdd0ce83bc0: does not qualify; 3.6 s; peak memory 609 MiB.
2026-09-17T10:53:37Z INFO [103/722] 00ed368f-6331-43ce-870b-65f0860d3ebc: does not qualify; 0.6 s; peak memory 609 MiB.
2026-09-17T10:53:38Z INFO [104/722] 00ee1248-ed02-4e30-a619-972f236f2460: does not qualify; 1.1 s; peak memory 609 MiB.
2026-09-17T10:53:39Z INFO [105/722] 00ef4748-35a7-481d-bbf5-a2a2141926a1: does not qualify; 0.5 s; peak memory 609 MiB.
2026-09-17T10:53:40Z INFO [106/722] 00efd4e9-31c2-48cc-ae74-485c7ab792e3: does not qualify; 0.6 s; peak memory 609 MiB.
2026-09-17T10:53:40Z INFO [107/722] 00f05350-9849-4ded-828a-ae23fe6d94ea: does not qualify; 0.5 s; peak memory 609 MiB.
2026-09-17T10:53:41Z INFO [108/722] 00f108a0-fe32-46fd-a81d-f7b8841529d3: does not qualify; 0.7 s; peak memory 609 MiB.
2026-09-17T10:53:44Z INFO [109/722] 00f1832b-1a44-4ecd-8744-6b067667b91f: does not qualify; 3.0 s; peak memory 609 MiB.
2026-09-17T10:53:46Z INFO [110/722] 00f1f5ec-1793-4f24-84af-2e6aa757ed50: does not qualify; 2.4 s; peak memory 609 MiB.
2026-09-17T10:53:46Z INFO [111/722] 00f23e61-8723-475e-9a89-e8b112df8f58: does not qualify; 0.5 s; peak memory 609 MiB.
2026-09-17T10:53:47Z INFO [112/722] 00f28ea4-86bd-4aa3-8c6d-d9de489f168e: does not qualify; 0.5 s; peak memory 609 MiB.
2026-09-17T10:53:50Z INFO [113/722] 00f30533-8e54-4ed8-9d56-f1cc0f851edb: does not qualify; 3.2 s; peak memory 609 MiB.
2026-09-17T10:53:51Z INFO [114/722] 00f50f6a-2327-40ef-9478-0a9f6ed95c75: does not qualify; 0.6 s; peak memory 609 MiB.
2026-09-17T10:53:51Z INFO [115/722] 00f61082-b984-4dae-891f-6ee46202c443: does not qualify; 0.5 s; peak memory 609 MiB.
2026-09-17T10:53:52Z INFO [116/722] 00f698ba-c812-45f3-b7d5-5341a93dbffd: does not qualify; 0.7 s; peak memory 609 MiB.
2026-09-17T10:53:53Z INFO [117/722] 00f7507d-57fc-40e7-b2c8-5d98a09f4295: does not qualify; 0.6 s; peak memory 609 MiB.
2026-09-17T10:53:53Z INFO [118/722] 00f775dc-f1e9-46e0-ae3d-555c7023badf: does not qualify; 0.6 s; peak memory 609 MiB.
2026-09-17T10:53:56Z INFO [119/722] 00f83574-6dd7-4cfe-a7ed-4d11b29d73ef: does not qualify; 2.5 s; peak memory 609 MiB.
2026-09-17T10:53:57Z INFO [120/722] 00f894f2-153f-4eca-bd24-f2e9067226bd: does not qualify; 0.7 s; peak memory 609 MiB.
2026-09-17T10:53:57Z INFO [121/722] 00f95ccd-2ff3-4152-b21a-79d4996643f2: does not qualify; 0.8 s; peak memory 609 MiB.
2026-09-17T10:54:00Z INFO [122/722] 00fb2571-330a-4dbe-be2b-6739516c67e2: does not qualify; 2.6 s; peak memory 609 MiB.
2026-09-17T10:54:01Z INFO [123/722] 00fc5840-72f6-486c-9ca9-e8adfe121307: does not qualify; 1.5 s; peak memory 609 MiB.
2026-09-17T10:54:03Z INFO [124/722] 00fd6f3f-7389-46f0-91b1-b9750e3d478b: does not qualify; 1.1 s; peak memory 609 MiB.
2026-09-17T10:54:03Z INFO [125/722] 00ff0a29-635b-4f9c-80f3-0f18b4986e68: does not qualify; 0.7 s; peak memory 609 MiB.
2026-09-17T10:54:04Z INFO [126/722] 00ff136b-a0e8-482a-9e73-edb8bbae83c2: does not qualify; 1.2 s; peak memory 609 MiB.
2026-09-17T10:54:05Z INFO [127/722] 00ff136d-5b2a-43ad-8588-541cbb28a46a: does not qualify; 1.0 s; peak memory 609 MiB.
2026-09-17T10:54:06Z INFO [128/722] 00ff2686-17be-45c3-aa5d-8e374a60ce6f: does not qualify; 0.8 s; peak memory 609 MiB.
2026-09-17T10:54:07Z INFO [129/722] 00ff5542-eb6f-49ab-879a-889ca920fb20: does not qualify; 0.7 s; peak memory 609 MiB.
2026-09-17T10:54:07Z INFO [130/722] 00ff6bef-0169-44f4-8535-26f77519af8b: does not qualify; 0.4 s; peak memory 609 MiB.
2026-09-17T10:54:08Z INFO [131/722] 01005cf0-a42d-4112-aabc-ae2dabba70e5: does not qualify; 0.8 s; peak memory 609 MiB.
2026-09-17T10:54:12Z INFO [132/722] 0100a91b-d524-457c-a70d-b3c870ae171b: does not qualify; 4.3 s; peak memory 609 MiB.
2026-09-17T10:54:15Z INFO [133/722] 0100e6d8-1162-4dee-9735-c41726c63d6b: does not qualify; 2.8 s; peak memory 609 MiB.
2026-09-17T10:54:21Z INFO [134/722] 0100f4b1-a2b1-4af7-ada7-85328dc98787: does not qualify; 6.2 s; peak memory 609 MiB.
2026-09-17T10:54:22Z INFO [135/722] 01025cd8-7d55-4400-94c0-6aa478d9172a: does not qualify; 0.5 s; peak memory 609 MiB.
2026-09-17T10:54:27Z INFO [136/722] 0102c2f3-60a4-488e-b6fc-69b1f51dc9e6: does not qualify; 5.2 s; peak memory 609 MiB.
2026-09-17T10:54:35Z INFO [137/722] 0102d8f3-96a1-4245-8852-260eb453b315: does not qualify; 7.6 s; peak memory 609 MiB.
2026-09-17T10:54:35Z INFO [138/722] 01030806-9bec-4b0a-9c9d-240d2ca125f4: does not qualify; 0.7 s; peak memory 609 MiB.
2026-09-17T10:54:38Z INFO [139/722] 01038b1e-9eef-44b2-a1f0-9fbd0155d170: does not qualify; 2.4 s; peak memory 609 MiB.
2026-09-17T10:54:39Z INFO [140/722] 01044701-340e-4c44-8e08-5f6b7da34583: does not qualify; 1.1 s; peak memory 609 MiB.
2026-09-17T10:54:40Z INFO [141/722] 01045c4a-1ce3-4459-a40b-819d3a863974: does not qualify; 1.2 s; peak memory 609 MiB.
2026-09-17T10:54:41Z INFO [142/722] 0104da1f-358b-4d16-9571-de561481e67c: does not qualify; 0.8 s; peak memory 609 MiB.
2026-09-17T10:54:43Z INFO [143/722] 010514e6-3364-49dd-ba94-a2da82d827e1: does not qualify; 1.7 s; peak memory 609 MiB.
2026-09-17T10:54:43Z INFO [144/722] 0105529d-76f8-42db-9b70-8b59801d2b75: does not qualify; 0.4 s; peak memory 609 MiB.
2026-09-17T10:54:44Z INFO [145/722] 01056ad1-d6a9-44b8-94a7-f4b89ca78877: does not qualify; 0.6 s; peak memory 609 MiB.
2026-09-17T10:54:44Z INFO [146/722] 01056e6a-dcdf-4d7d-9231-6db8d504fc83: does not qualify; 0.5 s; peak memory 609 MiB.
2026-09-17T10:54:45Z INFO [147/722] 0105931d-8c86-47df-8d33-4f24f473fbc3: does not qualify; 0.7 s; peak memory 609 MiB.
2026-09-17T10:54:47Z INFO [148/722] 0105f19f-2167-48c1-9223-d3a163c532b2: does not qualify; 2.4 s; peak memory 609 MiB.
2026-09-17T10:54:48Z INFO [149/722] 010667e7-5860-4c78-9a2e-b67a654cf66c: does not qualify; 0.6 s; peak memory 609 MiB.
2026-09-17T10:54:48Z INFO [150/722] 010709c4-2a25-4267-b135-510763ea4dcf: does not qualify; 0.5 s; peak memory 609 MiB.
2026-09-17T10:54:48Z INFO [150/722] 010709c4-2a25-4267-b135-510763ea4dcf: checkpointed 47453 records.
2026-09-17T10:54:49Z INFO [151/722] 01093dc5-ae22-479e-ac42-77e45e19de62: does not qualify; 0.4 s; peak memory 609 MiB.
2026-09-17T10:54:50Z INFO [152/722] 0109ede8-3875-4c29-8d7d-8c333c64cda3: does not qualify; 0.8 s; peak memory 609 MiB.
2026-09-17T10:54:50Z INFO [153/722] 010a1067-7a24-47ee-b891-55aa45f87d9a: does not qualify; 0.5 s; peak memory 609 MiB.
2026-09-17T10:54:50Z INFO [154/722] 010a53d6-39c7-4b24-8157-b0ab2ed3cb2c: does not qualify; 0.3 s; peak memory 609 MiB.
2026-09-17T10:54:54Z INFO [155/722] 010a711a-2fdf-4253-a451-8d7dd0a71c43: qualifies; 3.1 s; peak memory 609 MiB.
2026-09-17T10:54:54Z INFO [156/722] 010ae818-ed18-4b65-b537-8d801ae5f84e: does not qualify; 0.6 s; peak memory 609 MiB.
2026-09-17T10:54:58Z INFO [157/722] 010b3dae-21e0-42d3-bb12-9c2602f26d81: does not qualify; 4.0 s; peak memory 609 MiB.
2026-09-17T10:54:59Z INFO [158/722] 010b43c3-3562-4d54-9bf0-5f3df1c441fa: does not qualify; 0.7 s; peak memory 609 MiB.
2026-09-17T10:55:02Z INFO [159/722] 010cc507-f24c-407e-8d56-4ce70c9f2257: does not qualify; 2.7 s; peak memory 609 MiB.
2026-09-17T10:55:03Z INFO [160/722] 010df9a3-db61-49f2-83f3-1a061485bd21: does not qualify; 1.5 s; peak memory 609 MiB.
2026-09-17T10:55:04Z INFO [161/722] 010f19ac-f9d8-4174-b9a3-f0e4ef86427c: does not qualify; 0.4 s; peak memory 609 MiB.
2026-09-17T10:55:04Z INFO [162/722] 010f401f-cc8a-4719-bd4a-03396e670118: does not qualify; 0.6 s; peak memory 609 MiB.
2026-09-17T10:55:05Z INFO [163/722] 010f4a33-1b6d-4518-8b79-0eaa9fe882e7: does not qualify; 0.6 s; peak memory 609 MiB.
2026-09-17T10:55:05Z INFO [164/722] 010f4d0f-cb96-470a-aac8-fc387ae725fd: does not qualify; 0.5 s; peak memory 609 MiB.
2026-09-17T10:55:06Z INFO [165/722] 010fc173-e16f-4e45-84e0-c1d6c122a736: does not qualify; 0.7 s; peak memory 609 MiB.
2026-09-17T10:55:07Z INFO [166/722] 01107436-49df-4047-9ff5-737e348ebd7a: does not qualify; 0.7 s; peak memory 609 MiB.
2026-09-17T10:55:07Z INFO [167/722] 0111310d-408b-48d8-a873-6a7f0e3d1583: does not qualify; 0.5 s; peak memory 609 MiB.
2026-09-17T10:55:08Z INFO [168/722] 01119d8b-fe6b-43cb-b6e7-2306674a674b: does not qualify; 0.6 s; peak memory 609 MiB.
2026-09-17T10:55:30Z INFO [169/722] 0111a5c2-66e7-48e8-a37f-83034140add2: does not qualify; 22.6 s; peak memory 609 MiB.
2026-09-17T10:55:31Z INFO [170/722] 0111e881-5a76-44a2-ad25-de2d837d3c81: does not qualify; 0.5 s; peak memory 609 MiB.
2026-09-17T10:55:34Z INFO [171/722] 01122841-e353-4f69-a11c-0a870d191f42: qualifies; 3.0 s; peak memory 609 MiB.
2026-09-17T10:55:34Z INFO [172/722] 0112fb69-cae0-4771-9d5b-8c588af92ab2: does not qualify; 0.5 s; peak memory 609 MiB.
2026-09-17T10:55:35Z INFO [173/722] 0114464f-6b6e-404c-9bd6-fa20f5d301c6: does not qualify; 0.9 s; peak memory 609 MiB.
2026-09-17T10:55:38Z INFO [174/722] 01151426-24bc-437b-8d4d-edc2c27cfb9b: does not qualify; 3.0 s; peak memory 609 MiB.
2026-09-17T10:55:40Z INFO [175/722] 01152842-31e5-4950-b814-e5bad0e0db64: does not qualify; 1.6 s; peak memory 609 MiB.
2026-09-17T10:55:40Z INFO [176/722] 0115ef99-4141-4fcc-bb71-0423f8cc3e7c: does not qualify; 0.7 s; peak memory 609 MiB.
2026-09-17T10:55:41Z INFO [177/722] 01167503-75bb-4f12-9bae-21d800f7e280: does not qualify; 0.5 s; peak memory 609 MiB.
2026-09-17T10:55:42Z INFO [178/722] 011681d7-6634-4a7a-b09c-5f16cca3aafa: does not qualify; 0.6 s; peak memory 609 MiB.
2026-09-17T10:55:42Z INFO [179/722] 011697f0-e3be-4b5a-a3a3-7e1ff29ee15a: does not qualify; 0.5 s; peak memory 609 MiB.
2026-09-17T10:55:44Z INFO [180/722] 0116b7d1-86dd-4407-8bc3-4d3190283793: does not qualify; 1.5 s; peak memory 609 MiB.
2026-09-17T10:55:44Z INFO [181/722] 01178be1-44d8-4079-bcca-35114b8733b0: does not qualify; 0.5 s; peak memory 609 MiB.
2026-09-17T10:55:47Z INFO [182/722] 01179baa-feae-404e-b3e8-447f7172fedb: does not qualify; 2.8 s; peak memory 609 MiB.
2026-09-17T10:55:48Z INFO [183/722] 0118309c-d7a5-4f5c-97c9-7ebf24e60dce: does not qualify; 0.6 s; peak memory 609 MiB.
2026-09-17T10:55:48Z INFO [184/722] 0118548d-5a16-451f-848a-ea3660e497ee: does not qualify; 0.6 s; peak memory 609 MiB.
2026-09-17T10:55:49Z INFO [185/722] 0118eaf5-0707-4688-b9d2-05a8706b8169: does not qualify; 0.7 s; peak memory 609 MiB.
2026-09-17T10:55:49Z INFO [186/722] 011907c7-6339-41d2-b46d-5151f7e8f88e: does not qualify; 0.6 s; peak memory 609 MiB.
2026-09-17T10:55:51Z INFO [187/722] 011910c9-2e6c-419a-81fc-ed052187fa28: does not qualify; 1.2 s; peak memory 609 MiB.
2026-09-17T10:55:51Z INFO [188/722] 01198562-ea7d-479b-aab9-45fe3f8f35bd: does not qualify; 0.5 s; peak memory 609 MiB.
2026-09-17T10:55:52Z INFO [189/722] 01198c70-480f-4a07-a57a-368fd6df0a4a: does not qualify; 0.6 s; peak memory 609 MiB.
2026-09-17T10:55:52Z INFO [190/722] 0119be57-ec5a-4c90-95f1-681c52a6a7f9: does not qualify; 0.6 s; peak memory 609 MiB.
2026-09-17T10:56:58Z INFO [191/722] 011a04c3-e2c1-4abc-ad03-7c2858c2598c: qualifies; 65.5 s; peak memory 609 MiB.
2026-09-17T10:56:59Z INFO [192/722] 011a55e9-3311-4a51-ad6c-aef7c60bcf11: does not qualify; 0.7 s; peak memory 609 MiB.
2026-09-17T10:56:59Z INFO [193/722] 011b72a5-5238-4bb0-be36-82cd7d31ee75: does not qualify; 0.6 s; peak memory 609 MiB.
2026-09-17T10:57:03Z INFO [194/722] 011c2eaf-24a6-4ed7-87fc-667d1034aaf6: does not qualify; 4.4 s; peak memory 609 MiB.
2026-09-17T10:57:08Z INFO [195/722] 011ca13d-d85a-4b89-a88c-7fde5d92d665: does not qualify; 4.6 s; peak memory 609 MiB.
2026-09-17T10:57:09Z INFO [196/722] 011cf9a0-e87e-4f79-95f9-67997b479608: does not qualify; 0.8 s; peak memory 609 MiB.
2026-09-17T10:57:10Z INFO [197/722] 011d5655-a0f3-4aa8-b3b7-da1a5b5634e6: does not qualify; 1.3 s; peak memory 609 MiB.
2026-09-17T10:57:13Z INFO [198/722] 011dab7b-cf65-4993-b70a-c9569dff1126: does not qualify; 3.1 s; peak memory 609 MiB.
2026-09-17T10:57:14Z INFO [199/722] 011f37eb-3309-4457-a1c9-ead15b5d9c4f: does not qualify; 0.9 s; peak memory 609 MiB.
2026-09-17T10:57:15Z INFO [200/722] 011f424f-b0ef-43ab-a9c8-9d987f531192: does not qualify; 0.8 s; peak memory 609 MiB.
2026-09-17T10:57:15Z INFO [200/722] 011f424f-b0ef-43ab-a9c8-9d987f531192: checkpointed 47503 records.
2026-09-17T10:57:19Z INFO [201/722] 01217700-2d0b-4001-b9f6-b7eae1530655: does not qualify; 4.2 s; peak memory 609 MiB.
2026-09-17T10:57:22Z INFO [202/722] 0121ea6f-66e1-4c48-89ec-72868e1f6bb0: does not qualify; 3.1 s; peak memory 609 MiB.
2026-09-17T10:57:32Z INFO [203/722] 01227298-1dda-4f97-84ed-477c393ec322: does not qualify; 9.3 s; peak memory 609 MiB.
2026-09-17T10:57:32Z INFO [204/722] 0122ad05-5c07-42da-9b86-3b4c0d6d14ec: does not qualify; 0.6 s; peak memory 609 MiB.
2026-09-17T10:57:34Z INFO [205/722] 01231b55-48c5-4a2f-995b-4d4c1bcaa126: does not qualify; 1.7 s; peak memory 609 MiB.
2026-09-17T10:57:35Z INFO [206/722] 0123f7c5-c73d-4fd1-a564-ae764b3a1d42: does not qualify; 0.6 s; peak memory 609 MiB.
2026-09-17T10:57:35Z INFO [207/722] 01246bac-5d36-46ac-80e2-10d9fc0d6d1a: does not qualify; 0.7 s; peak memory 609 MiB.
2026-09-17T10:57:38Z INFO [208/722] 012471ec-0c0a-40b8-8886-6ba2d14a7820: does not qualify; 2.4 s; peak memory 609 MiB.
2026-09-17T10:57:39Z INFO [209/722] 01248047-4865-4396-ac72-f9459f5776b1: does not qualify; 0.9 s; peak memory 609 MiB.
2026-09-17T10:57:39Z INFO [210/722] 01250de4-b2d4-4319-83e8-f74e35d68340: does not qualify; 0.8 s; peak memory 609 MiB.
2026-09-17T10:57:40Z INFO [211/722] 0125ee10-1c79-4dff-b3ee-53da43b646f4: does not qualify; 1.1 s; peak memory 609 MiB.
2026-09-17T10:57:41Z INFO [212/722] 01260494-2547-4b3b-aeb1-dc90cb10763f: does not qualify; 0.9 s; peak memory 609 MiB.
2026-09-17T10:57:42Z INFO [213/722] 01267434-b611-4d15-8590-afd79ab244ac: does not qualify; 0.5 s; peak memory 609 MiB.
2026-09-17T10:57:42Z INFO [214/722] 01273496-159e-4a52-8a04-48efa87627a9: does not qualify; 0.5 s; peak memory 609 MiB.
2026-09-17T10:57:43Z INFO [215/722] 0127d732-0506-4135-8f61-99f98312f555: does not qualify; 0.9 s; peak memory 609 MiB.
2026-09-17T10:57:44Z INFO [216/722] 0127ddcf-62e0-44a3-ae8d-34ec2f9b10e6: does not qualify; 0.7 s; peak memory 609 MiB.
2026-09-17T10:57:45Z INFO [217/722] 0127fa6d-cd02-4c7a-84e2-6b30978450a8: does not qualify; 0.8 s; peak memory 609 MiB.
2026-09-17T10:57:45Z INFO [218/722] 0128128a-07ee-4d39-9b80-0a6d2baac29a: does not qualify; 0.7 s; peak memory 609 MiB.
2026-09-17T10:57:46Z INFO [219/722] 01285052-d01a-4261-b5d8-a1f184b231b1: does not qualify; 0.5 s; peak memory 609 MiB.
2026-09-17T10:57:47Z INFO [220/722] 01287558-80a8-47a0-81d7-ab479896330b: does not qualify; 0.7 s; peak memory 609 MiB.
2026-09-17T10:57:47Z INFO [221/722] 0128ad39-1fa3-4cc4-906d-3a6a6a2df1fd: does not qualify; 0.6 s; peak memory 609 MiB.
2026-09-17T10:57:48Z INFO [222/722] 01290fe4-1297-4621-80b6-6e79f338c29d: does not qualify; 0.6 s; peak memory 609 MiB.
2026-09-17T10:57:49Z INFO [223/722] 012928eb-3301-473a-baf4-162e48f3ab38: does not qualify; 0.8 s; peak memory 609 MiB.
2026-09-17T10:57:49Z INFO [224/722] 012b0764-f32c-4230-8b74-59b25998c702: does not qualify; 0.7 s; peak memory 609 MiB.
2026-09-17T10:57:50Z INFO [225/722] 012b5715-e870-4e24-93c0-f003c7fde412: does not qualify; 0.7 s; peak memory 609 MiB.
2026-09-17T10:57:51Z INFO [226/722] 012bfaa2-8f3d-4a96-abd8-7c4a4d1433fe: does not qualify; 0.7 s; peak memory 609 MiB.
2026-09-17T10:57:51Z INFO [227/722] 012d4597-06be-4a31-a904-74587f9be965: does not qualify; 0.6 s; peak memory 609 MiB.
2026-09-17T10:57:52Z INFO [228/722] 012e4305-f133-461d-a60d-5380568a0a83: does not qualify; 0.9 s; peak memory 609 MiB.
2026-09-17T10:57:53Z INFO [229/722] 012e6a3c-1890-40d4-8de3-2e1d007ab8ed: does not qualify; 0.6 s; peak memory 609 MiB.
2026-09-17T10:57:53Z INFO [230/722] 012f9ce2-3933-4317-aa98-eca8e7da8e60: does not qualify; 0.5 s; peak memory 609 MiB.
2026-09-17T10:57:54Z INFO [231/722] 01309169-ae2e-419d-9b2a-34622ba13d69: does not qualify; 0.7 s; peak memory 609 MiB.
2026-09-17T10:58:03Z INFO [232/722] 0130b998-ee1d-4068-a32d-6d83d8059ac6: does not qualify; 9.2 s; peak memory 609 MiB.
2026-09-17T10:58:04Z INFO [233/722] 01310ed8-6b4a-4016-be13-7060d1b5be24: does not qualify; 0.6 s; peak memory 609 MiB.
2026-09-17T10:58:04Z INFO [234/722] 01319b03-376e-42fe-94a0-294a870c7e1e: does not qualify; 0.5 s; peak memory 609 MiB.
2026-09-17T10:58:09Z INFO [235/722] 01320703-8017-4ab6-a724-c0bca3b4fe48: does not qualify; 4.5 s; peak memory 609 MiB.
2026-09-17T10:58:15Z INFO [236/722] 0132306a-a8da-4847-bc51-7d13538cabf1: does not qualify; 6.3 s; peak memory 609 MiB.
2026-09-17T10:58:16Z INFO [237/722] 01335491-c0a9-47a3-9b05-a86988894ec8: does not qualify; 0.5 s; peak memory 609 MiB.
2026-09-17T10:58:16Z INFO [238/722] 0134355c-bed0-4e41-9902-ec7a6eb0745d: does not qualify; 0.5 s; peak memory 609 MiB.
2026-09-17T10:58:19Z INFO [239/722] 0134d6f4-28a9-4910-a605-c50a878e67c0: does not qualify; 2.3 s; peak memory 609 MiB.
2026-09-17T10:58:19Z INFO [240/722] 0135148d-1fb6-4285-88d4-e9a555c2d6ed: does not qualify; 0.8 s; peak memory 609 MiB.
2026-09-17T10:58:20Z INFO [241/722] 013622ba-9066-466c-a110-f1e6d6976ea6: does not qualify; 0.7 s; peak memory 609 MiB.
2026-09-17T10:58:21Z INFO [242/722] 01369381-a089-46ca-a30d-ad3863fcd2bc: does not qualify; 1.1 s; peak memory 609 MiB.
2026-09-17T10:58:22Z INFO [243/722] 0136c854-1a12-43c3-8ac6-87f1c0db4db2: does not qualify; 0.4 s; peak memory 609 MiB.
2026-09-17T10:58:22Z INFO [244/722] 013708b0-9dff-494a-b857-5f4bac9d8b27: does not qualify; 0.9 s; peak memory 609 MiB.
2026-09-17T10:58:23Z INFO [245/722] 01373927-de1b-4447-a56b-e201969366e5: does not qualify; 0.7 s; peak memory 609 MiB.
2026-09-17T10:58:24Z INFO [246/722] 0137a0df-2ced-4ec8-8331-cae9ac88f074: does not qualify; 0.6 s; peak memory 609 MiB.
2026-09-17T10:58:24Z INFO [247/722] 0137bee4-f70b-441e-b50b-3264e2a0c857: does not qualify; 0.4 s; peak memory 609 MiB.
2026-09-17T10:58:27Z INFO [248/722] 01383972-296d-4723-8ddd-99cf38207972: does not qualify; 3.2 s; peak memory 609 MiB.
2026-09-17T10:58:29Z INFO [249/722] 01391180-57f9-4c2c-97a7-ba754a34e1bd: does not qualify; 1.3 s; peak memory 609 MiB.
2026-09-17T10:58:29Z INFO [250/722] 01391cc5-fae1-4cc5-ab24-8a7a12f4662e: does not qualify; 0.5 s; peak memory 609 MiB.
2026-09-17T10:58:29Z INFO [250/722] 01391cc5-fae1-4cc5-ab24-8a7a12f4662e: checkpointed 47553 records.
2026-09-17T10:58:30Z INFO [251/722] 0139423f-b39a-4240-895f-05cf77d06caf: does not qualify; 0.5 s; peak memory 609 MiB.
2026-09-17T10:58:30Z INFO [252/722] 0139c9fc-08b8-4d50-a98c-11ffabe56303: does not qualify; 0.5 s; peak memory 609 MiB.
2026-09-17T10:58:31Z INFO [253/722] 013ac0c9-0f04-42b2-87e0-a8f3eaf8b743: does not qualify; 0.6 s; peak memory 609 MiB.
2026-09-17T10:58:32Z INFO [254/722] 013be054-7a3c-4137-843b-68a966189011: does not qualify; 1.1 s; peak memory 609 MiB.
2026-09-17T10:58:33Z INFO [255/722] 013c48c1-0bec-49ad-ab14-48a3f456e76f: does not qualify; 0.5 s; peak memory 609 MiB.
2026-09-17T10:58:33Z INFO [256/722] 013cfc78-2b64-4122-82b0-5fe0bd1884bd: does not qualify; 0.7 s; peak memory 609 MiB.
2026-09-17T10:58:34Z INFO [257/722] 013da430-ee76-4848-bf77-988a1e3dfe86: does not qualify; 0.9 s; peak memory 609 MiB.
2026-09-17T10:58:35Z INFO [258/722] 013e08bc-34d6-4a83-a8a4-8fc9addcf318: does not qualify; 0.6 s; peak memory 609 MiB.
2026-09-17T10:58:40Z INFO [259/722] 013e1535-148a-4217-82d6-e077d5f5263b: does not qualify; 5.4 s; peak memory 609 MiB.
2026-09-17T10:58:43Z INFO [260/722] 013eba67-2f1f-40db-966f-b64408fa314a: does not qualify; 3.2 s; peak memory 609 MiB.
2026-09-17T10:58:44Z INFO [261/722] 013ee48b-6f74-48f7-98d4-9d861fb113fd: does not qualify; 0.8 s; peak memory 609 MiB.
2026-09-17T10:58:45Z INFO [262/722] 013f1071-43d5-42ae-a99a-7e7afd1b39bd: does not qualify; 0.5 s; peak memory 609 MiB.
2026-09-17T10:58:48Z INFO [263/722] 013fc33d-33c5-40aa-ac66-132fc17458a5: does not qualify; 3.4 s; peak memory 685 MiB.
2026-09-17T10:58:48Z INFO [264/722] 01408484-ca0e-48f3-b4c7-507ce7ea576b: does not qualify; 0.4 s; peak memory 685 MiB.
2026-09-17T10:58:53Z INFO [265/722] 01409a5b-c41d-4264-96f8-944867e896ac: does not qualify; 4.4 s; peak memory 685 MiB.
2026-09-17T10:58:53Z INFO [266/722] 0141518a-c7d5-4c37-a8ea-9ac78d807509: does not qualify; 0.7 s; peak memory 685 MiB.
2026-09-17T10:58:54Z INFO [267/722] 0141687b-bbc1-47cb-a367-386766cfc3f1: does not qualify; 1.0 s; peak memory 685 MiB.
2026-09-17T10:58:55Z INFO [268/722] 0141bd01-81a7-410e-b678-9da56a66ffb5: does not qualify; 0.8 s; peak memory 685 MiB.
2026-09-17T10:58:56Z INFO [269/722] 0141c543-4ba7-4ad1-93e5-83971c3b898d: does not qualify; 0.4 s; peak memory 685 MiB.
2026-09-17T11:00:08Z INFO [270/722] 0141f2c9-067f-4d00-843e-8b3b6f23bd35: does not qualify; 72.2 s; peak memory 1116 MiB.
2026-09-17T11:00:09Z INFO [271/722] 0142cbd3-3414-403d-ad3c-5bba33381fb2: does not qualify; 0.9 s; peak memory 1116 MiB.
2026-09-17T11:00:10Z INFO [272/722] 01434485-9be7-4442-a13d-4c64f97c30c4: does not qualify; 0.7 s; peak memory 1116 MiB.
2026-09-17T11:00:10Z INFO [273/722] 0143f0e7-3dee-4b26-b050-037014ab6be3: does not qualify; 0.4 s; peak memory 1116 MiB.
2026-09-17T11:00:11Z INFO [274/722] 01442407-dbf8-4db9-a640-249bb9ea6732: does not qualify; 0.7 s; peak memory 1116 MiB.
2026-09-17T11:00:21Z INFO [275/722] 0144372f-7055-4a1d-9c46-06fa28c33f7d: does not qualify; 9.9 s; peak memory 1116 MiB.
2026-09-17T11:00:21Z INFO [276/722] 0144ed76-32d4-423f-938f-92ab52d0220f: does not qualify; 0.6 s; peak memory 1116 MiB.
2026-09-17T11:00:23Z INFO [277/722] 01454550-ecf4-4830-83f8-e382c734c430: does not qualify; 1.4 s; peak memory 1116 MiB.
2026-09-17T11:00:25Z INFO [278/722] 0145984b-4086-4fab-b108-1e37e75dd060: does not qualify; 2.5 s; peak memory 1116 MiB.
2026-09-17T11:00:26Z INFO [279/722] 0145c47e-6660-43f6-8cb3-221236e8aeb2: does not qualify; 1.3 s; peak memory 1116 MiB.
2026-09-17T11:00:27Z INFO [280/722] 01468d42-dec0-40b6-993d-f141c90b9879: does not qualify; 0.5 s; peak memory 1116 MiB.
2026-09-17T11:00:28Z INFO [281/722] 01469870-88c7-4a6d-89c8-b7850ce40f7a: does not qualify; 1.4 s; peak memory 1116 MiB.
2026-09-17T11:00:29Z INFO [282/722] 0147872d-d853-4210-b794-c1a511812873: does not qualify; 0.6 s; peak memory 1116 MiB.
2026-09-17T11:00:30Z INFO [283/722] 0147ac93-0858-4197-ac62-96e0a369a8df: does not qualify; 0.8 s; peak memory 1116 MiB.
2026-09-17T11:00:30Z INFO [284/722] 0147b9dd-7f25-40fa-9863-359519928a19: does not qualify; 0.5 s; peak memory 1116 MiB.
2026-09-17T11:00:31Z INFO [285/722] 01483937-f0e4-46de-82ee-090ae41de0de: does not qualify; 1.3 s; peak memory 1116 MiB.
2026-09-17T11:00:32Z INFO [286/722] 01494c8f-99e2-47c4-9f6b-75731a9e92ca: does not qualify; 0.5 s; peak memory 1116 MiB.
2026-09-17T11:00:38Z INFO [287/722] 014baab9-d881-4b79-a9f6-8cb6d87ccd26: does not qualify; 5.7 s; peak memory 1116 MiB.
2026-09-17T11:00:38Z INFO [288/722] 014c6212-5e6a-487d-af00-4ea33e74fc47: does not qualify; 0.6 s; peak memory 1116 MiB.
2026-09-17T11:00:39Z INFO [289/722] 014c6358-166e-451d-8c84-8fc33ebc91f7: does not qualify; 0.5 s; peak memory 1116 MiB.
2026-09-17T11:00:41Z INFO [290/722] 014d43a1-cc66-4919-ad1e-4d3d184c789f: does not qualify; 1.8 s; peak memory 1116 MiB.
2026-09-17T11:00:41Z INFO [291/722] 014d46cc-b30f-4d02-9cbf-dbf29a9c3160: does not qualify; 0.9 s; peak memory 1116 MiB.
2026-09-17T11:00:42Z INFO [292/722] 014ee524-355b-474c-8e9a-d232beced00b: does not qualify; 0.7 s; peak memory 1116 MiB.
2026-09-17T11:00:43Z INFO [293/722] 014eea14-8bb8-4cb8-90fd-f60dcd9094ff: does not qualify; 0.6 s; peak memory 1116 MiB.
2026-09-17T11:00:44Z INFO [294/722] 01505972-99b4-4686-bc0a-f0d081c6b951: does not qualify; 1.6 s; peak memory 1116 MiB.
2026-09-17T11:00:45Z INFO [295/722] 0150a3a4-949b-4b5c-9647-07e73b95c3f8: does not qualify; 1.1 s; peak memory 1116 MiB.
2026-09-17T11:00:47Z INFO [296/722] 01511a0a-3a72-4a58-ade2-d17bdad04743: does not qualify; 1.6 s; peak memory 1116 MiB.
2026-09-17T11:00:48Z INFO [297/722] 01513d25-0368-47d5-b35a-efad91197084: does not qualify; 0.8 s; peak memory 1116 MiB.
2026-09-17T11:00:49Z INFO [298/722] 0151b0fd-ac0a-4c74-97e0-56c99b426d7c: does not qualify; 1.3 s; peak memory 1116 MiB.
2026-09-17T11:00:50Z INFO [299/722] 015351a9-cc97-43af-8780-444e540b48d2: does not qualify; 0.5 s; peak memory 1116 MiB.
2026-09-17T11:00:51Z INFO [300/722] 0154f625-0795-4f8e-b94a-323fac86b8d4: does not qualify; 1.2 s; peak memory 1116 MiB.
2026-09-17T11:00:51Z INFO [300/722] 0154f625-0795-4f8e-b94a-323fac86b8d4: checkpointed 47603 records.
2026-09-17T11:00:52Z INFO [301/722] 0155be04-2ae5-4d0e-b5a5-9cccb96599fb: does not qualify; 0.7 s; peak memory 1116 MiB.
2026-09-17T11:00:53Z INFO [302/722] 0155dd13-f233-44fc-9944-8e152f866f5a: does not qualify; 1.3 s; peak memory 1116 MiB.
2026-09-17T11:00:54Z INFO [303/722] 01564de4-cb29-4df3-afb4-f59fd6e24d00: does not qualify; 0.6 s; peak memory 1116 MiB.
2026-09-17T11:00:54Z INFO [304/722] 0158f927-93f2-47e7-8622-73f7ee9901bd: does not qualify; 0.7 s; peak memory 1116 MiB.
2026-09-17T11:00:55Z INFO [305/722] 0159ca81-1ddf-40b5-b68e-a87ae288c649: does not qualify; 1.1 s; peak memory 1116 MiB.
2026-09-17T11:00:56Z INFO [306/722] 015ceb69-73b4-4cc0-a668-f5c88c9ca8e1: does not qualify; 0.7 s; peak memory 1116 MiB.
2026-09-17T11:00:57Z INFO [307/722] 015d3538-11d9-4480-be74-858fa90b9519: does not qualify; 0.4 s; peak memory 1116 MiB.
2026-09-17T11:00:57Z INFO [308/722] 016080b7-5d79-46ca-915c-0dd3e51bb7ef: does not qualify; 0.6 s; peak memory 1116 MiB.
2026-09-17T11:01:01Z INFO [309/722] 01614321-216e-408d-bcf5-f530a8cc7911: does not qualify; 4.4 s; peak memory 1116 MiB.
2026-09-17T11:01:02Z INFO [310/722] 01617801-b828-487d-a76f-bd3d0b3f2833: does not qualify; 0.8 s; peak memory 1116 MiB.
2026-09-17T11:01:03Z INFO [311/722] 016226cf-7163-45f2-a972-a9eb86e46f45: does not qualify; 0.7 s; peak memory 1116 MiB.
2026-09-17T11:01:04Z INFO [312/722] 01635e44-92c0-49d2-9d32-c1e24e5ed63b: does not qualify; 0.6 s; peak memory 1116 MiB.
2026-09-17T11:01:04Z INFO [313/722] 01654ab6-85b2-4090-93cd-243c76f958f2: does not qualify; 0.5 s; peak memory 1116 MiB.
2026-09-17T11:01:05Z INFO [314/722] 016593f7-dbb4-4e31-a160-a1d87848cb70: does not qualify; 1.1 s; peak memory 1116 MiB.
2026-09-17T11:01:06Z INFO [315/722] 0165a860-50af-4b3a-a3f5-ba1561b57740: does not qualify; 0.8 s; peak memory 1116 MiB.
2026-09-17T11:01:07Z INFO [316/722] 0165fe54-d969-422c-8d65-5269c5585822: does not qualify; 0.6 s; peak memory 1116 MiB.
2026-09-17T11:01:08Z INFO [317/722] 01670587-9146-47a0-af2c-b9f20e037d94: does not qualify; 1.1 s; peak memory 1116 MiB.
2026-09-17T11:01:09Z INFO [318/722] 0167318b-208f-4134-a056-150413458acd: does not qualify; 0.7 s; peak memory 1116 MiB.
2026-09-17T11:01:09Z INFO [319/722] 01684179-1b50-4e37-b3cd-4b9dfc6d48de: does not qualify; 0.8 s; peak memory 1116 MiB.
2026-09-17T11:01:11Z INFO [320/722] 01692953-8b53-4b41-9e22-d2bf079220ed: does not qualify; 1.3 s; peak memory 1116 MiB.
2026-09-17T11:01:16Z INFO [321/722] 016b3638-80ea-43a5-8af5-c74b77b34973: does not qualify; 5.8 s; peak memory 1116 MiB.
2026-09-17T11:01:17Z INFO [322/722] 016b9ad4-52c0-400c-8b88-07df3d30fc68: qualifies; 1.0 s; peak memory 1116 MiB.
2026-09-17T11:01:18Z INFO [323/722] 016d27e0-4f7e-478b-83ca-07847cdfb6cb: does not qualify; 0.7 s; peak memory 1116 MiB.
2026-09-17T11:01:24Z INFO [324/722] 016d83ab-d58c-430d-ab52-8704571e27ad: does not qualify; 5.5 s; peak memory 1116 MiB.
2026-09-17T11:01:24Z INFO [325/722] 016f1b2e-cb0b-42d8-9b44-20206ed9889f: does not qualify; 0.6 s; peak memory 1116 MiB.
2026-09-17T11:01:25Z INFO [326/722] 016f7489-47a2-4f3c-89b9-5ef9b5198eb7: does not qualify; 1.1 s; peak memory 1116 MiB.
2026-09-17T11:01:29Z INFO [327/722] 016f9562-af66-4068-a497-80e999ad283d: does not qualify; 3.2 s; peak memory 1116 MiB.
2026-09-17T11:01:29Z INFO [328/722] 016fb5ef-ad30-40d1-8c4b-1ab352a06b4b: does not qualify; 0.6 s; peak memory 1116 MiB.
2026-09-17T11:01:30Z INFO [329/722] 01704a22-b47f-4392-bd06-4eacae583f0d: does not qualify; 0.6 s; peak memory 1116 MiB.
2026-09-17T11:01:32Z INFO [330/722] 017175d8-5327-467a-b526-23e2d812ab5f: does not qualify; 1.8 s; peak memory 1116 MiB.
2026-09-17T11:01:32Z INFO [331/722] 01730789-0a78-432a-bc2c-48a78e65b34e: does not qualify; 0.6 s; peak memory 1116 MiB.
2026-09-17T11:01:33Z INFO [332/722] 0173f0ee-9936-4355-a147-eee78a60d7c3: does not qualify; 0.8 s; peak memory 1116 MiB.
2026-09-17T11:01:34Z INFO [333/722] 01742df5-5a4d-4fde-850b-db8c17d0108b: does not qualify; 1.4 s; peak memory 1116 MiB.
2026-09-17T11:01:35Z INFO [334/722] 0175a8e2-b7ba-4174-afb6-24ac5dc9287a: does not qualify; 0.7 s; peak memory 1116 MiB.
2026-09-17T11:01:36Z INFO [335/722] 017653bf-96b2-42fa-aaba-1a3de36d8770: does not qualify; 0.8 s; peak memory 1116 MiB.
2026-09-17T11:01:37Z INFO [336/722] 017699a2-60a9-4faf-ad18-7ad7babb2f10: does not qualify; 0.7 s; peak memory 1116 MiB.
2026-09-17T11:01:37Z INFO [337/722] 0178e049-ffa0-497b-82cb-7c4071edcb0b: does not qualify; 0.7 s; peak memory 1116 MiB.
2026-09-17T11:01:38Z INFO [338/722] 0178eeb1-6e4a-4694-b38b-f48b3e52a4e3: qualifies; 1.0 s; peak memory 1116 MiB.
2026-09-17T11:01:39Z INFO [339/722] 01790510-2636-4d3b-9eac-f695ce3c8b85: does not qualify; 0.6 s; peak memory 1116 MiB.
2026-09-17T11:01:40Z INFO [340/722] 01793a4f-4d43-4755-bad2-d050de232a5d: does not qualify; 0.6 s; peak memory 1116 MiB.
2026-09-17T11:01:41Z INFO [341/722] 01794d50-6e56-4e78-9afe-33f2323b97ec: does not qualify; 1.4 s; peak memory 1116 MiB.
2026-09-17T11:01:42Z INFO [342/722] 01796c65-e3e0-422d-91ce-3700e1dd7ca4: does not qualify; 0.9 s; peak memory 1116 MiB.
2026-09-17T11:01:42Z INFO [343/722] 017ac6f4-c993-47e1-82b3-ef7f096a78bd: does not qualify; 0.6 s; peak memory 1116 MiB.
2026-09-17T11:01:43Z INFO [344/722] 017b6ac1-6a8e-4261-9f86-665904b06d40: does not qualify; 1.0 s; peak memory 1116 MiB.
2026-09-17T11:01:44Z INFO [345/722] 017cd7c5-3e31-43f2-b906-c32c01e829bc: does not qualify; 0.5 s; peak memory 1116 MiB.
2026-09-17T11:01:45Z INFO [346/722] 017cde11-dd3d-499f-b58f-aa8e6e3f4073: does not qualify; 1.2 s; peak memory 1116 MiB.
2026-09-17T11:01:47Z INFO [347/722] 017d0979-c3dc-4696-aa1d-733ec4253f96: does not qualify; 2.1 s; peak memory 1116 MiB.
2026-09-17T11:01:49Z INFO [348/722] 017dd68f-6b8b-4161-a37b-7fc5853a9b80: does not qualify; 1.2 s; peak memory 1116 MiB.
2026-09-17T11:01:49Z INFO [349/722] 017edff1-9e0a-4f87-9e41-3abf7f4d6a9b: does not qualify; 0.7 s; peak memory 1116 MiB.
2026-09-17T11:01:50Z INFO [350/722] 017ef914-cb0c-41af-a422-696440e4c518: does not qualify; 0.9 s; peak memory 1116 MiB.
2026-09-17T11:01:50Z INFO [350/722] 017ef914-cb0c-41af-a422-696440e4c518: checkpointed 47653 records.
2026-09-17T11:01:54Z INFO [351/722] 017f6bc6-da08-4a8c-9d4b-ac0ce5cd3f50: does not qualify; 3.8 s; peak memory 1116 MiB.
2026-09-17T11:01:54Z INFO [352/722] 017fbc24-f0d0-45f1-8e61-17e5dd9c5153: does not qualify; 0.4 s; peak memory 1116 MiB.
2026-09-17T11:01:59Z INFO [353/722] 01802ab2-6dc8-4ba2-a894-a15bb83e08f9: does not qualify; 4.3 s; peak memory 1116 MiB.
2026-09-17T11:02:04Z INFO [354/722] 018257de-08fa-4f96-bf90-20151376558a: does not qualify; 5.4 s; peak memory 1116 MiB.
2026-09-17T11:02:05Z INFO [355/722] 018298a4-9baf-4d20-a1ec-901ce86de7d6: does not qualify; 0.6 s; peak memory 1116 MiB.
2026-09-17T11:02:05Z INFO [356/722] 01830669-e8c1-4bc1-9b22-4462f59c8888: does not qualify; 0.6 s; peak memory 1116 MiB.
2026-09-17T11:02:06Z INFO [357/722] 01831468-b7ed-46b1-8116-3ec727d04550: does not qualify; 0.7 s; peak memory 1116 MiB.
2026-09-17T11:02:07Z INFO [358/722] 01847af6-54fb-4a7b-92c6-cd900ab3690b: does not qualify; 0.7 s; peak memory 1116 MiB.
2026-09-17T11:02:07Z INFO [359/722] 0185f47f-4a2f-42b0-bd93-b5f8de237e90: does not qualify; 0.6 s; peak memory 1116 MiB.
2026-09-17T11:02:08Z INFO [360/722] 01870f90-0bf3-4225-8c12-114ed7b4964a: does not qualify; 0.7 s; peak memory 1116 MiB.
2026-09-17T11:02:09Z INFO [361/722] 01871115-d8ba-438c-9ae6-c5874897990f: does not qualify; 0.6 s; peak memory 1116 MiB.
2026-09-17T11:02:09Z INFO [362/722] 018973b6-23dc-4a53-8db8-44856b772844: does not qualify; 0.7 s; peak memory 1116 MiB.
2026-09-17T11:02:10Z INFO [363/722] 018994b4-0bd4-437f-9c71-0b9d1d939f5f: does not qualify; 0.6 s; peak memory 1116 MiB.
2026-09-17T11:02:17Z INFO [364/722] 018a6d2e-7f61-484f-b6d5-48e40722dbd8: does not qualify; 6.9 s; peak memory 1116 MiB.
2026-09-17T11:02:17Z INFO [365/722] 018af6a9-1e58-4192-acca-db6145be1283: does not qualify; 0.5 s; peak memory 1116 MiB.
2026-09-17T11:02:19Z INFO [366/722] 018bedf4-f044-4e26-ae49-b5db7d74c3e7: does not qualify; 1.1 s; peak memory 1116 MiB.
2026-09-17T11:02:19Z INFO [367/722] 018bef29-6273-45f1-a641-4c07a508bfc7: does not qualify; 0.7 s; peak memory 1116 MiB.
2026-09-17T11:02:22Z INFO [368/722] 018c102d-1a21-4b98-80bd-2f26888768a1: does not qualify; 2.6 s; peak memory 1116 MiB.
2026-09-17T11:02:22Z INFO [369/722] 018d2e07-5483-4e5f-bac9-c634ba67c007: does not qualify; 0.6 s; peak memory 1116 MiB.
2026-09-17T11:02:23Z INFO [370/722] 018db095-a0bb-47a4-952a-ec6ac50c46f4: does not qualify; 0.7 s; peak memory 1116 MiB.
2026-09-17T11:02:24Z INFO [371/722] 018e64d4-ec2e-4818-9a48-076f7143570e: does not qualify; 0.6 s; peak memory 1116 MiB.
2026-09-17T11:02:25Z INFO [372/722] 018f9274-1cf6-4abc-a1a0-cf219ad95b7d: does not qualify; 1.5 s; peak memory 1116 MiB.
2026-09-17T11:02:27Z INFO [373/722] 0192becd-daef-43b6-86de-fe0d3746a06b: does not qualify; 1.5 s; peak memory 1116 MiB.
2026-09-17T11:02:32Z INFO [374/722] 0193617c-ea14-4be8-a0a5-f3afe5bf0c7c: does not qualify; 5.0 s; peak memory 1116 MiB.
2026-09-17T11:02:32Z INFO [375/722] 01939228-e558-47f4-9d4a-f11198ef602a: does not qualify; 0.6 s; peak memory 1116 MiB.
2026-09-17T11:02:33Z INFO [376/722] 0193a55b-ae7d-4286-b1d8-5b01d2f09934: does not qualify; 0.9 s; peak memory 1116 MiB.
2026-09-17T11:02:34Z INFO [377/722] 01945961-5cc0-49c6-9784-77e1e9028668: does not qualify; 0.5 s; peak memory 1116 MiB.
2026-09-17T11:02:34Z INFO [378/722] 01947fdb-4099-485a-861b-aa1bb9c3cd1e: does not qualify; 0.6 s; peak memory 1116 MiB.
2026-09-17T11:02:35Z INFO [379/722] 0194bb9e-491e-47f8-a40f-0b5215aae072: does not qualify; 0.6 s; peak memory 1116 MiB.
2026-09-17T11:02:36Z INFO [380/722] 01958900-163b-4d62-842a-707822d1007e: does not qualify; 0.6 s; peak memory 1116 MiB.
2026-09-17T11:02:36Z INFO [381/722] 0195d19a-7945-4663-8535-0ca4fbeddb4c: does not qualify; 0.7 s; peak memory 1116 MiB.
2026-09-17T11:02:37Z INFO [382/722] 01964398-131f-4b08-8c5b-addd326a090b: does not qualify; 0.6 s; peak memory 1116 MiB.
2026-09-17T11:02:37Z INFO [383/722] 01964782-2208-4457-98c9-00e592d80173: does not qualify; 0.6 s; peak memory 1116 MiB.
2026-09-17T11:02:41Z INFO [384/722] 0196a80d-d4ae-4da7-a3d5-e0e241c23c4d: does not qualify; 3.8 s; peak memory 1116 MiB.
2026-09-17T11:02:47Z INFO [385/722] 0196c315-ee01-4c53-b23c-95816b98fbf9: does not qualify; 5.6 s; peak memory 1116 MiB.
2026-09-17T11:02:51Z INFO [386/722] 0196c777-d343-4e0e-a349-af071769b7be: does not qualify; 3.9 s; peak memory 1116 MiB.
2026-09-17T11:02:51Z INFO [387/722] 01971bc4-1a70-459b-a056-60f76d4b3186: does not qualify; 0.6 s; peak memory 1116 MiB.
2026-09-17T11:02:52Z INFO [388/722] 01976b17-2dd3-415c-aca9-958f920a5007: does not qualify; 0.4 s; peak memory 1116 MiB.
2026-09-17T11:02:53Z INFO [389/722] 0197b3cd-827d-42aa-9644-7ef8c39f4503: does not qualify; 0.9 s; peak memory 1116 MiB.
2026-09-17T11:02:56Z INFO [390/722] 019859be-be94-4d9e-81f0-50314734ad07: does not qualify; 3.0 s; peak memory 1116 MiB.
2026-09-17T11:02:57Z INFO [391/722] 01998551-cd9a-44cc-b2b5-297af7aebcdd: does not qualify; 1.0 s; peak memory 1116 MiB.
2026-09-17T11:02:57Z INFO [392/722] 019a4fa9-4157-4efd-877a-0cc055328668: does not qualify; 0.6 s; peak memory 1116 MiB.
2026-09-17T11:02:58Z INFO [393/722] 019abf0d-3097-4a41-ae90-1ce0f1a07df2: does not qualify; 0.8 s; peak memory 1116 MiB.
2026-09-17T11:03:09Z INFO [394/722] 019b6009-e0ae-40a2-ad7f-5e9fc62a1d84: does not qualify; 10.5 s; peak memory 1116 MiB.
2026-09-17T11:03:12Z INFO [395/722] 019c40b2-c740-4a74-b297-7ec1dd008b7d: does not qualify; 3.7 s; peak memory 1116 MiB.
2026-09-17T11:03:15Z INFO [396/722] 019e25ef-59eb-489a-8d5d-ce9dd5758f0f: does not qualify; 2.7 s; peak memory 1116 MiB.
2026-09-17T11:03:18Z INFO [397/722] 019fac19-f9d3-424a-95eb-51708621a9ba: qualifies; 2.8 s; peak memory 1116 MiB.
2026-09-17T11:03:18Z INFO [398/722] 01a00d0e-26f0-4a86-8545-567d4e373828: does not qualify; 0.8 s; peak memory 1116 MiB.
2026-09-17T11:03:19Z INFO [399/722] 01a047e1-469b-462c-a104-ba25df64a484: does not qualify; 0.8 s; peak memory 1116 MiB.
2026-09-17T11:03:21Z INFO [400/722] 01a10350-5def-41fa-ba4a-1cd9f453e43f: does not qualify; 1.8 s; peak memory 1116 MiB.
2026-09-17T11:03:21Z INFO [400/722] 01a10350-5def-41fa-ba4a-1cd9f453e43f: checkpointed 47703 records.
2026-09-17T11:03:22Z INFO [401/722] 01a2535b-7ee4-4c29-8d96-7d653ea2ef56: does not qualify; 0.5 s; peak memory 1116 MiB.
2026-09-17T11:03:22Z INFO [402/722] 01a330d8-1049-45ad-b2b4-242d32c26da7: does not qualify; 0.6 s; peak memory 1116 MiB.
2026-09-17T11:03:23Z INFO [403/722] 01a39d18-954e-423b-a6fb-e44d6945fc71: does not qualify; 0.9 s; peak memory 1116 MiB.
2026-09-17T11:03:24Z INFO [404/722] 01a3f041-a8b0-419e-95da-8c6a9d490d14: does not qualify; 0.8 s; peak memory 1116 MiB.
2026-09-17T11:03:27Z INFO [405/722] 01a47967-b0ff-4146-8f1b-143ba91c1116: does not qualify; 3.1 s; peak memory 1233 MiB.
2026-09-17T11:03:27Z INFO [406/722] 01a58631-8cd1-46ce-8009-bef057f867c5: does not qualify; 0.3 s; peak memory 1233 MiB.
2026-09-17T11:03:28Z INFO [407/722] 01a713fb-078a-45f9-9a41-40bd36f506b2: does not qualify; 0.4 s; peak memory 1233 MiB.
2026-09-17T11:03:29Z INFO [408/722] 01a83c41-b631-4f45-9285-a334cc0df133: does not qualify; 0.8 s; peak memory 1233 MiB.
2026-09-17T11:03:29Z INFO [409/722] 01a932cd-ee2b-4ac2-8771-eaa8890a7d82: does not qualify; 0.4 s; peak memory 1233 MiB.
2026-09-17T11:03:33Z INFO [410/722] 01a987ae-2490-4bb4-b706-578096b2f435: does not qualify; 4.1 s; peak memory 1233 MiB.
2026-09-17T11:03:34Z INFO [411/722] 01a9ee05-aeb8-46c4-847c-4c65595902e6: does not qualify; 0.8 s; peak memory 1233 MiB.
2026-09-17T11:03:35Z INFO [412/722] 01aa8dfe-9b3f-4c3d-8166-e42e197c8534: does not qualify; 1.2 s; peak memory 1233 MiB.
2026-09-17T11:03:36Z INFO [413/722] 01aa8f28-e0b1-4bda-9a75-f7b312ff7fbe: does not qualify; 0.7 s; peak memory 1233 MiB.
2026-09-17T11:03:37Z INFO [414/722] 01aab354-09b5-4d5c-8537-c5b7522fb482: does not qualify; 0.6 s; peak memory 1233 MiB.
2026-09-17T11:03:38Z INFO [415/722] 01abb95d-effe-4b41-868d-d4d6d6b5b704: does not qualify; 1.2 s; peak memory 1233 MiB.
2026-09-17T11:03:40Z INFO [416/722] 01abe7a1-48e1-42c7-bd39-14c2b46c89b9: does not qualify; 2.0 s; peak memory 1233 MiB.
2026-09-17T11:03:40Z INFO [417/722] 01abe883-c101-4128-b885-9ed7b772a288: does not qualify; 0.5 s; peak memory 1233 MiB.
2026-09-17T11:03:41Z INFO [418/722] 01ac90d3-2605-47e1-9091-96b2541e267a: does not qualify; 0.9 s; peak memory 1233 MiB.
2026-09-17T11:03:42Z INFO [419/722] 01add43d-9ec3-499f-89d5-744a9fd8fb37: does not qualify; 1.0 s; peak memory 1233 MiB.
2026-09-17T11:03:43Z INFO [420/722] 01adf9fe-3a64-4d76-8033-83d6cdcdaa90: does not qualify; 0.5 s; peak memory 1233 MiB.
2026-09-17T11:03:43Z INFO [421/722] 01adfa22-2213-45be-ab22-111a2aac89d1: does not qualify; 0.7 s; peak memory 1233 MiB.
2026-09-17T11:03:44Z INFO [422/722] 01ae2905-0556-4c17-b8c8-3b5c22119799: does not qualify; 0.6 s; peak memory 1233 MiB.
2026-09-17T11:03:45Z INFO [423/722] 01ae8d9d-81f6-45b1-a088-bf14dd4dabf0: does not qualify; 1.1 s; peak memory 1233 MiB.
2026-09-17T11:03:46Z INFO [424/722] 01afdb71-8b1f-40fa-bdab-5605c2d19770: does not qualify; 0.6 s; peak memory 1233 MiB.
2026-09-17T11:03:49Z INFO [425/722] 01b1aad4-fc19-4ec3-8d81-1223df34112e: does not qualify; 2.9 s; peak memory 1233 MiB.
2026-09-17T11:03:49Z INFO [426/722] 01b232bc-1be7-4a5f-a34a-528599105834: does not qualify; 0.5 s; peak memory 1233 MiB.
2026-09-17T11:03:50Z INFO [427/722] 01b2760b-aa16-43ae-aaec-e3f04cd41bf2: does not qualify; 0.7 s; peak memory 1233 MiB.
2026-09-17T11:03:50Z INFO [428/722] 01b2b255-3c06-4760-99a6-5b176bd42413: does not qualify; 0.6 s; peak memory 1233 MiB.
2026-09-17T11:03:51Z INFO [429/722] 01b38848-b706-4835-8e84-05cc2f9d36f4: does not qualify; 0.8 s; peak memory 1233 MiB.
2026-09-17T11:03:53Z INFO [430/722] 01b3ae7d-5c01-4696-84e3-68e2c40e8d8e: does not qualify; 2.0 s; peak memory 1233 MiB.
2026-09-17T11:03:54Z INFO [431/722] 01b40f4f-b6f1-4828-9ec5-27ce0ab772aa: does not qualify; 0.6 s; peak memory 1233 MiB.
2026-09-17T11:03:54Z INFO [432/722] 01b4114b-b786-451d-9c38-259e0d1958d1: does not qualify; 0.6 s; peak memory 1233 MiB.
2026-09-17T11:03:55Z INFO [433/722] 01b43055-a9a0-4948-8929-dec1e26d14f3: does not qualify; 0.4 s; peak memory 1233 MiB.
2026-09-17T11:03:58Z INFO [434/722] 01b6018f-56c4-4ef2-b157-dd333269f38f: does not qualify; 3.4 s; peak memory 1297 MiB.
2026-09-17T11:03:59Z INFO [435/722] 01b63eb4-e883-466a-8c0d-0742e4cb3fb4: does not qualify; 1.0 s; peak memory 1297 MiB.
2026-09-17T11:04:03Z INFO [436/722] 01b68123-c763-4221-b703-b8a31dd86563: does not qualify; 3.8 s; peak memory 1306 MiB.
2026-09-17T11:04:04Z INFO [437/722] 01b6a673-3869-47e2-90cd-6452203ff028: does not qualify; 1.2 s; peak memory 1306 MiB.
2026-09-17T11:04:08Z INFO [438/722] 01b6cd71-bff4-46be-8e45-7cada00621cb: does not qualify; 3.6 s; peak memory 1306 MiB.
2026-09-17T11:04:10Z INFO [439/722] 01b70917-af8d-478f-ad35-8e6ef90347ee: does not qualify; 2.4 s; peak memory 1306 MiB.
2026-09-17T11:04:14Z INFO [440/722] 01b78bc1-0851-4914-b6e0-48ae2bb99159: does not qualify; 4.3 s; peak memory 1306 MiB.
2026-09-17T11:04:15Z INFO [441/722] 01b802a8-cbca-4276-be75-55a78919f828: does not qualify; 0.6 s; peak memory 1306 MiB.
2026-09-17T11:04:15Z INFO [442/722] 01b9ac09-0848-4f03-9c3e-be2e042650f5: does not qualify; 0.5 s; peak memory 1306 MiB.
2026-09-17T11:04:16Z INFO [443/722] 01bb6273-bba2-4b36-abbd-e9457b21bbdd: does not qualify; 0.7 s; peak memory 1306 MiB.
2026-09-17T11:04:19Z INFO [444/722] 01bba655-c0d3-401f-b12a-0d9ff207234b: does not qualify; 2.9 s; peak memory 1306 MiB.
2026-09-17T11:04:19Z INFO [445/722] 01bd39d9-b86b-4f75-9319-b5aa3074a163: does not qualify; 0.6 s; peak memory 1306 MiB.
2026-09-17T11:04:20Z INFO [446/722] 01bd448f-3e12-4e14-a5cf-8e7b9180f33f: does not qualify; 0.8 s; peak memory 1306 MiB.
2026-09-17T11:04:21Z INFO [447/722] 01bd830d-5a6d-44cb-9c97-b937d23c73a4: does not qualify; 0.6 s; peak memory 1306 MiB.
2026-09-17T11:04:22Z INFO [448/722] 01be92f1-45b7-483b-a3d4-3a333461426a: does not qualify; 1.5 s; peak memory 1306 MiB.
2026-09-17T11:04:23Z INFO [449/722] 01bee568-ec33-4708-bb54-bf0e650d97ab: does not qualify; 0.6 s; peak memory 1306 MiB.
2026-09-17T11:04:23Z INFO [450/722] 01bf3d90-8875-433d-a884-7430a88652b7: does not qualify; 0.7 s; peak memory 1306 MiB.
2026-09-17T11:04:24Z INFO [450/722] 01bf3d90-8875-433d-a884-7430a88652b7: checkpointed 47753 records.
2026-09-17T11:04:25Z INFO [451/722] 01c01afb-3ec0-4c5e-8bb2-cf3a30237342: does not qualify; 1.2 s; peak memory 1306 MiB.
2026-09-17T11:04:25Z INFO [452/722] 01c0f04e-cd29-4087-adf7-5d26c3abe03e: does not qualify; 0.7 s; peak memory 1306 MiB.
2026-09-17T11:04:26Z INFO [453/722] 01c20aac-3915-486f-b721-510ff13167c0: does not qualify; 0.6 s; peak memory 1306 MiB.
2026-09-17T11:04:27Z INFO [454/722] 01c24560-d396-460d-ba7b-0c9119b98e45: does not qualify; 0.8 s; peak memory 1306 MiB.
2026-09-17T11:04:27Z INFO [455/722] 01c421db-a4a2-4db0-aabc-f7b1d16ef95d: does not qualify; 0.6 s; peak memory 1306 MiB.
2026-09-17T11:04:28Z INFO [456/722] 01c443bd-2ff6-40f6-b012-0fc541e09263: does not qualify; 0.7 s; peak memory 1306 MiB.
2026-09-17T11:04:29Z INFO [457/722] 01c44992-1870-4c73-b5e6-e135d6dc4b35: does not qualify; 0.7 s; peak memory 1306 MiB.
2026-09-17T11:04:32Z INFO [458/722] 01c46ec7-0d31-4aa7-9e3a-c94405140fc3: does not qualify; 3.4 s; peak memory 1306 MiB.
2026-09-17T11:04:33Z INFO [459/722] 01c47b93-9598-430f-993b-ea5720723267: does not qualify; 0.7 s; peak memory 1306 MiB.
2026-09-17T11:04:33Z INFO [460/722] 01c498ce-bffb-4d49-bb48-db3eb0dcde5f: does not qualify; 0.5 s; peak memory 1306 MiB.
2026-09-17T11:04:34Z INFO [461/722] 01c4aa21-76ee-43d0-abd1-415ba96e313c: does not qualify; 0.5 s; peak memory 1306 MiB.
2026-09-17T11:04:35Z INFO [462/722] 01c4b069-ad1e-4d3b-b02b-206a642b514b: does not qualify; 1.3 s; peak memory 1306 MiB.
2026-09-17T11:04:44Z INFO [463/722] 01c543b6-b59f-451d-9fd3-bbbbdaaea2d6: does not qualify; 8.4 s; peak memory 1306 MiB.
2026-09-17T11:04:44Z INFO [464/722] 01c5daf5-feda-4793-aa5d-3807964f74d3: does not qualify; 0.7 s; peak memory 1306 MiB.
2026-09-17T11:04:45Z INFO [465/722] 01c6c53f-8109-4f36-8167-4d1c874384e7: does not qualify; 0.7 s; peak memory 1306 MiB.
2026-09-17T11:04:45Z INFO [466/722] 01c6c8fb-54d1-4bb7-ba6f-396b0c42ffaa: does not qualify; 0.5 s; peak memory 1306 MiB.
2026-09-17T11:04:50Z INFO [467/722] 01c6e4d5-0816-4dc4-9675-14d94eae3e35: does not qualify; 4.1 s; peak memory 1306 MiB.
2026-09-17T11:04:50Z INFO [468/722] 01c7ab41-6356-4117-844c-25d18b4a94c8: does not qualify; 0.6 s; peak memory 1306 MiB.
2026-09-17T11:04:51Z INFO [469/722] 01c88a1e-bbe8-4e95-bf8d-c616f95ecd2a: does not qualify; 0.3 s; peak memory 1306 MiB.
2026-09-17T11:04:51Z INFO [470/722] 01c8a192-cfc4-4b19-a8f0-df98f0bc3ff8: does not qualify; 0.5 s; peak memory 1306 MiB.
2026-09-17T11:04:52Z INFO [471/722] 01cc5397-7946-470d-bb79-62d184466e81: does not qualify; 0.7 s; peak memory 1306 MiB.
2026-09-17T11:04:52Z INFO [472/722] 01cc627c-111c-4a33-9fa2-680d1b025792: does not qualify; 0.5 s; peak memory 1306 MiB.
2026-09-17T11:04:53Z INFO [473/722] 01cd083b-07f2-48aa-8fe5-40c751622fb7: does not qualify; 0.9 s; peak memory 1306 MiB.
2026-09-17T11:04:54Z INFO [474/722] 01cd0c14-ee71-41ae-9b87-8e233165df4b: does not qualify; 0.5 s; peak memory 1306 MiB.
2026-09-17T11:04:56Z INFO [475/722] 01cddea8-0a84-4011-88d0-e4dfbc279bfe: does not qualify; 1.9 s; peak memory 1306 MiB.
2026-09-17T11:04:57Z INFO [476/722] 01ce65ed-fa55-40e2-a674-99d8fba208dd: does not qualify; 1.0 s; peak memory 1306 MiB.
2026-09-17T11:04:57Z INFO [477/722] 01ce9b33-cdfe-45e0-906a-464a68f6c7fb: does not qualify; 0.6 s; peak memory 1306 MiB.
2026-09-17T11:05:00Z INFO [478/722] 01cefff8-4056-4309-a8cf-44827762a9d9: does not qualify; 2.5 s; peak memory 1306 MiB.
2026-09-17T11:05:01Z INFO [479/722] 01cf0a15-2795-4e7f-8d12-98becc478054: does not qualify; 0.9 s; peak memory 1306 MiB.
2026-09-17T11:05:04Z INFO [480/722] 01cf1926-4040-461d-93c0-517f723625a3: does not qualify; 3.2 s; peak memory 1306 MiB.
2026-09-17T11:05:05Z INFO [481/722] 01cf69f9-54b5-4bfa-acb1-4f3da6006ef5: does not qualify; 0.8 s; peak memory 1306 MiB.
2026-09-17T11:05:09Z INFO [482/722] 01cfb219-0156-4c42-acc1-f15e272a930a: does not qualify; 4.5 s; peak memory 1306 MiB.
2026-09-17T11:05:11Z INFO [483/722] 01cfcb4c-98b2-46ef-a5e9-5dbcb40bd320: does not qualify; 2.1 s; peak memory 1306 MiB.
2026-09-17T11:05:12Z INFO [484/722] 01d1715b-5fc9-4c1a-b950-9915ab358df2: does not qualify; 0.6 s; peak memory 1306 MiB.
2026-09-17T11:05:12Z INFO [485/722] 01d2159a-7237-43e7-b8ef-2c5d88510ea4: does not qualify; 0.5 s; peak memory 1306 MiB.
2026-09-17T11:05:13Z INFO [486/722] 01d23a42-5bf4-4a0f-b4ca-1bcd2f4a10bf: does not qualify; 0.6 s; peak memory 1306 MiB.
2026-09-17T11:05:14Z INFO [487/722] 01d26fa8-5207-4f98-955a-cfb48e1b85ae: does not qualify; 0.9 s; peak memory 1306 MiB.
2026-09-17T11:05:17Z INFO [488/722] 01d35f87-479a-455c-96bb-a0c36c4c9c21: does not qualify; 3.7 s; peak memory 1306 MiB.
2026-09-17T11:05:21Z INFO [489/722] 01d373c1-9f8d-4e8d-877a-c4133e72903c: does not qualify; 3.3 s; peak memory 1306 MiB.
2026-09-17T11:05:22Z INFO [490/722] 01d3953c-bd16-451d-9dd2-a7457134d000: does not qualify; 1.1 s; peak memory 1306 MiB.
2026-09-17T11:05:24Z INFO [491/722] 01d3d972-007e-46a0-94fe-2dd1fb9f57e5: does not qualify; 2.6 s; peak memory 1306 MiB.
2026-09-17T11:05:25Z INFO [492/722] 01d3e5f9-cf74-4093-ba37-3e37fad3ce2b: does not qualify; 0.7 s; peak memory 1306 MiB.
2026-09-17T11:05:26Z INFO [493/722] 01d40d36-b792-4984-895a-8a54da5b4047: does not qualify; 0.6 s; peak memory 1306 MiB.
2026-09-17T11:05:27Z INFO [494/722] 01d56715-da05-4379-9e81-e9cd766b1df6: does not qualify; 1.4 s; peak memory 1306 MiB.
2026-09-17T11:05:28Z INFO [495/722] 01d6cc77-cea1-4aac-b8ed-1b13d9540ac0: does not qualify; 0.9 s; peak memory 1306 MiB.
2026-09-17T11:05:29Z INFO [496/722] 01d75056-a99a-4791-a182-bd8651f2e705: does not qualify; 1.0 s; peak memory 1306 MiB.
2026-09-17T11:05:30Z INFO [497/722] 01d82f9e-6a1f-49ec-9ad0-1d3c9842602f: does not qualify; 1.4 s; peak memory 1306 MiB.
2026-09-17T11:05:31Z INFO [498/722] 01d966c6-8e7e-47df-bfdc-55b828398f51: does not qualify; 0.9 s; peak memory 1306 MiB.
2026-09-17T11:05:32Z INFO [499/722] 01d9ec8b-7750-41ee-b3d3-f7c4483ace88: does not qualify; 0.7 s; peak memory 1306 MiB.
2026-09-17T11:05:33Z INFO [500/722] 01da1d11-ee46-47bd-a9f8-a1aba09dd5c8: does not qualify; 0.6 s; peak memory 1306 MiB.
2026-09-17T11:05:33Z INFO [500/722] 01da1d11-ee46-47bd-a9f8-a1aba09dd5c8: checkpointed 47803 records.
2026-09-17T11:05:34Z INFO [501/722] 01db49f2-a069-4993-8cd4-e132d56e918c: does not qualify; 0.7 s; peak memory 1306 MiB.
2026-09-17T11:05:38Z INFO [502/722] 01dba8c4-bb09-4d7c-8ac5-4d1b75eb754c: does not qualify; 4.1 s; peak memory 1306 MiB.
2026-09-17T11:05:38Z INFO [503/722] 01dbab67-ffec-405d-ad86-9004848fb989: does not qualify; 0.6 s; peak memory 1306 MiB.
2026-09-17T11:05:42Z INFO [504/722] 01dbecbf-f48c-4dc6-b13c-99bcb330fee2: does not qualify; 3.7 s; peak memory 1306 MiB.
2026-09-17T11:05:43Z INFO [505/722] 01dcb018-0718-4a80-a33c-5cbe545e1416: does not qualify; 0.7 s; peak memory 1306 MiB.
2026-09-17T11:05:43Z INFO [506/722] 01dcc649-90d3-41c6-ad9f-55daaedc0a49: does not qualify; 0.4 s; peak memory 1306 MiB.
2026-09-17T11:05:44Z INFO [507/722] 01dd13d5-d04a-4666-81ff-525e6d8ea957: does not qualify; 0.8 s; peak memory 1306 MiB.
2026-09-17T11:05:45Z INFO [508/722] 01dd4bd1-3c53-4a20-8bc4-ffee84a816f4: does not qualify; 0.8 s; peak memory 1306 MiB.
2026-09-17T11:05:46Z INFO [509/722] 01ddc88f-20dd-4676-9499-0367d329eb6e: qualifies; 1.1 s; peak memory 1306 MiB.
2026-09-17T11:05:48Z INFO [510/722] 01dde307-ca96-416f-9b45-57a80469dde8: does not qualify; 2.7 s; peak memory 1306 MiB.
2026-09-17T11:05:49Z INFO [511/722] 01ddfc53-b6bb-4a19-994f-edff9c47263e: does not qualify; 0.7 s; peak memory 1306 MiB.
2026-09-17T11:05:50Z INFO [512/722] 01de80e8-4efd-4e25-83d2-ff9cc98a42e7: does not qualify; 0.7 s; peak memory 1306 MiB.
2026-09-17T11:05:50Z INFO [513/722] 01dec86b-f2a7-442d-b42b-3ff501e93276: does not qualify; 0.4 s; peak memory 1306 MiB.
2026-09-17T11:05:51Z INFO [514/722] 01decf8f-dd7f-47c3-8a18-9e202b8ad2e8: does not qualify; 0.8 s; peak memory 1306 MiB.
2026-09-17T11:05:52Z INFO [515/722] 01dfaa5a-b260-475d-adb3-6639e665d174: does not qualify; 1.2 s; peak memory 1306 MiB.
2026-09-17T11:05:56Z INFO [516/722] 01e1eb7f-3461-429e-baa4-e800d2b01196: does not qualify; 3.5 s; peak memory 1306 MiB.
2026-09-17T11:05:59Z INFO [517/722] 01e1ec82-e7cd-4d1d-ae22-089c16bdefe8: does not qualify; 3.4 s; peak memory 1306 MiB.
2026-09-17T11:06:01Z INFO [518/722] 01e28f5c-77ea-42b8-9a43-752d11842a55: does not qualify; 1.8 s; peak memory 1306 MiB.
2026-09-17T11:06:02Z INFO [519/722] 01e2a106-cc37-49f9-b814-a5f2679e38ae: does not qualify; 0.8 s; peak memory 1306 MiB.
2026-09-17T11:06:03Z INFO [520/722] 01e2a9a8-2123-460c-b050-be35c88db2da: does not qualify; 0.9 s; peak memory 1306 MiB.
2026-09-17T11:06:03Z INFO [521/722] 01e2e0b4-a5fc-41cd-bd7a-2b2051dbd210: does not qualify; 0.4 s; peak memory 1306 MiB.
2026-09-17T11:06:04Z INFO [522/722] 01e3e6ff-7312-4932-8fc7-5d8d5b57b7c0: does not qualify; 0.6 s; peak memory 1306 MiB.
2026-09-17T11:06:05Z INFO [523/722] 01e4960e-0e71-4352-8455-03619c1791ea: does not qualify; 1.6 s; peak memory 1306 MiB.
2026-09-17T11:06:06Z INFO [524/722] 01e4d96d-ca50-4abb-9c6a-c22dac0d4381: does not qualify; 0.7 s; peak memory 1306 MiB.
2026-09-17T11:06:07Z INFO [525/722] 01e5caf3-97ed-45e9-9301-de5480987e34: does not qualify; 0.7 s; peak memory 1306 MiB.
2026-09-17T11:06:08Z INFO [526/722] 01e6d1aa-3869-4fe7-a5b2-a24f5084aade: does not qualify; 1.0 s; peak memory 1306 MiB.
2026-09-17T11:06:08Z INFO [527/722] 01e732fd-5b78-4082-92eb-84654e6d4f5c: does not qualify; 0.6 s; peak memory 1306 MiB.
2026-09-17T11:06:10Z INFO [528/722] 01e739e9-a40b-4b38-ab4d-722852972c70: does not qualify; 1.5 s; peak memory 1306 MiB.
2026-09-17T11:06:19Z INFO [529/722] 01e800cb-fa40-4dd8-a5ce-fe7c9b8feb50: does not qualify; 8.9 s; peak memory 1306 MiB.
2026-09-17T11:06:19Z INFO [530/722] 01e817b7-b6f5-47ad-9881-ed2752d3f81b: does not qualify; 0.5 s; peak memory 1306 MiB.
2026-09-17T11:06:20Z INFO [531/722] 01e842e6-9300-4893-bf5a-cdf5c3d144f9: does not qualify; 0.6 s; peak memory 1306 MiB.
2026-09-17T11:06:20Z INFO [532/722] 01e876b1-7e62-45a5-b5aa-c8ac85bb5a4a: does not qualify; 0.7 s; peak memory 1306 MiB.
2026-09-17T11:06:21Z INFO [533/722] 01e89a2e-91aa-4ffc-9dc7-42b827366595: does not qualify; 0.6 s; peak memory 1306 MiB.
2026-09-17T11:06:22Z INFO [534/722] 01e97c2d-5bbe-46a7-aef7-fa53c1bca24c: does not qualify; 0.8 s; peak memory 1306 MiB.
2026-09-17T11:06:24Z INFO [535/722] 01e97ef0-29db-41a1-a7b4-759090b8699e: does not qualify; 2.7 s; peak memory 1306 MiB.
2026-09-17T11:06:25Z INFO [536/722] 01e9935f-f732-4426-a107-de64be9cd4cf: does not qualify; 0.6 s; peak memory 1306 MiB.
2026-09-17T11:06:25Z INFO [537/722] 01e9ee3e-efd0-4f7b-bdfb-4f329d869e45: does not qualify; 0.5 s; peak memory 1306 MiB.
2026-09-17T11:06:26Z INFO [538/722] 01ea40f6-1b3a-4f4b-a06c-aa52166c70de: does not qualify; 0.4 s; peak memory 1306 MiB.
2026-09-17T11:06:31Z INFO [539/722] 01ea770b-13f9-4d63-b4e2-441537cecae8: does not qualify; 4.7 s; peak memory 1306 MiB.
2026-09-17T11:06:31Z INFO [540/722] 01eb4937-a7b9-442b-92f1-3f7ef62ced21: does not qualify; 0.7 s; peak memory 1306 MiB.
2026-09-17T11:06:34Z INFO [541/722] 01eb513e-a21b-465b-94c5-70df6bde39c3: does not qualify; 3.2 s; peak memory 1306 MiB.
2026-09-17T11:07:03Z INFO [542/722] 01eb69f6-5d1d-4afa-acd8-0a16cec7dc5d: does not qualify; 28.6 s; peak memory 1306 MiB.
2026-09-17T11:07:04Z INFO [543/722] 01eb7909-29d9-41de-aae0-02d41974f4f5: does not qualify; 0.7 s; peak memory 1306 MiB.
2026-09-17T11:07:04Z INFO [544/722] 01eba086-3165-4b39-9fbe-8b2515c29ff0: does not qualify; 0.5 s; peak memory 1306 MiB.
2026-09-17T11:07:05Z INFO [545/722] 01ebd676-ae68-4caa-a4ff-57bc794ba8f6: does not qualify; 0.4 s; peak memory 1306 MiB.
2026-09-17T11:07:05Z INFO [546/722] 01ec4f42-7f36-4360-adfc-3549f27806ce: does not qualify; 0.6 s; peak memory 1306 MiB.
2026-09-17T11:07:10Z INFO [547/722] 01ec51b1-7c42-4f54-ba52-864cccec6ee7: does not qualify; 4.9 s; peak memory 1306 MiB.
2026-09-17T11:07:11Z INFO [548/722] 01ecdc69-c753-49b5-b0c3-8bd0cd5c0556: does not qualify; 0.7 s; peak memory 1306 MiB.
2026-09-17T11:07:11Z INFO [549/722] 01ed7d4e-710e-49d0-8c0f-804bbca70236: does not qualify; 0.5 s; peak memory 1306 MiB.
2026-09-17T11:07:12Z INFO [550/722] 01ee0166-eb0d-4c07-99b6-5a6e9d99ad37: does not qualify; 0.5 s; peak memory 1306 MiB.
2026-09-17T11:07:12Z INFO [550/722] 01ee0166-eb0d-4c07-99b6-5a6e9d99ad37: checkpointed 47853 records.
2026-09-17T11:07:12Z INFO [551/722] 01ee39e8-1db6-4271-9e13-15b1c9ec3842: does not qualify; 0.4 s; peak memory 1306 MiB.
2026-09-17T11:07:13Z INFO [552/722] 01ee4cc0-f4aa-49b7-a61c-52115b6a35ad: does not qualify; 0.8 s; peak memory 1306 MiB.
2026-09-17T11:07:16Z INFO [553/722] 01ef3e50-3d0e-4d65-a856-479b6f0f260c: does not qualify; 2.7 s; peak memory 1306 MiB.
2026-09-17T11:07:17Z INFO [554/722] 01ef6e3e-fe97-4130-b0e4-c6af194eb11d: does not qualify; 1.2 s; peak memory 1306 MiB.
2026-09-17T11:07:18Z INFO [555/722] 01ef7f09-0476-490f-9834-5df2f5d872ba: does not qualify; 0.9 s; peak memory 1306 MiB.
2026-09-17T11:07:19Z INFO [556/722] 01f025eb-0c91-403b-8778-11df54222152: does not qualify; 0.8 s; peak memory 1306 MiB.
2026-09-17T11:07:19Z INFO [557/722] 01f04582-2adc-44b3-8d63-a799f15d9c34: does not qualify; 0.7 s; peak memory 1306 MiB.
2026-09-17T11:07:20Z INFO [558/722] 01f0ca66-b0fd-4dc2-a9e3-5f768240999c: does not qualify; 0.9 s; peak memory 1306 MiB.
2026-09-17T11:07:23Z INFO [559/722] 01f18173-0b58-4d78-b1b9-eaee5bd1ce42: does not qualify; 3.0 s; peak memory 1306 MiB.
2026-09-17T11:07:24Z INFO [560/722] 01f1fe5d-f618-48ab-a746-4d9993d5c801: does not qualify; 0.7 s; peak memory 1306 MiB.
2026-09-17T11:07:24Z INFO [561/722] 01f2d409-6235-41b8-9f74-9f58711ae411: does not qualify; 0.4 s; peak memory 1306 MiB.
2026-09-17T11:07:30Z INFO [562/722] 01f37333-8ac6-4f47-b4fc-58f80f85b4a7: does not qualify; 5.6 s; peak memory 1306 MiB.
2026-09-17T11:07:30Z INFO [563/722] 01f38d04-3a46-48a7-8e3a-7d50fa08f362: does not qualify; 0.5 s; peak memory 1306 MiB.
2026-09-17T11:07:41Z INFO [564/722] 01f3d4cb-344e-425f-8d3c-66c8ff1aa73e: does not qualify; 11.0 s; peak memory 1306 MiB.
2026-09-17T11:07:43Z INFO [565/722] 01f431a7-3637-4cbb-9192-8fb174f7aff0: does not qualify; 1.5 s; peak memory 1306 MiB.
2026-09-17T11:07:44Z INFO [566/722] 01f45287-02e7-4261-aa40-459953d232f0: does not qualify; 0.9 s; peak memory 1306 MiB.
2026-09-17T11:07:44Z INFO [567/722] 01f492b3-e3a0-4e96-9f47-de4a028504cf: does not qualify; 0.6 s; peak memory 1306 MiB.
2026-09-17T11:07:46Z INFO [568/722] 01f4e554-43ef-4c65-b8c7-e93be0724edd: does not qualify; 1.6 s; peak memory 1306 MiB.
2026-09-17T11:07:48Z INFO [569/722] 01f576c2-aa5d-49ed-8810-5c07e23f39a2: does not qualify; 2.1 s; peak memory 1306 MiB.
2026-09-17T11:07:50Z INFO [570/722] 01f57f70-b30e-4aaf-a769-a7a1c22d3670: does not qualify; 1.8 s; peak memory 1306 MiB.
2026-09-17T11:07:51Z INFO [571/722] 01f6afa1-149d-4717-bdcb-6b0dd4c32354: does not qualify; 1.0 s; peak memory 1306 MiB.
2026-09-17T11:07:51Z INFO [572/722] 01f6eea8-5fae-4c76-bde4-6537c882f4b0: does not qualify; 0.3 s; peak memory 1306 MiB.
2026-09-17T11:07:52Z INFO [573/722] 01f7c7d5-75d8-4aa2-b8c1-245ab298a704: does not qualify; 0.4 s; peak memory 1306 MiB.
2026-09-17T11:07:52Z INFO [574/722] 01f8895d-2c37-4156-b2c5-26c10d319ef3: does not qualify; 0.7 s; peak memory 1306 MiB.
2026-09-17T11:07:53Z INFO [575/722] 01f8cf1c-b84d-437b-9acb-8c002f012939: does not qualify; 0.6 s; peak memory 1306 MiB.
2026-09-17T11:07:54Z INFO [576/722] 01f9f7a6-057c-44ea-8a24-7ed9926d39cd: does not qualify; 1.1 s; peak memory 1306 MiB.
2026-09-17T11:07:55Z INFO [577/722] 01fa0c90-3ca5-4bca-bd2a-398d12002348: does not qualify; 0.8 s; peak memory 1306 MiB.
2026-09-17T11:07:56Z INFO [578/722] 01fa3e1e-0cc7-42d2-b29f-4b4515d64b3c: does not qualify; 1.1 s; peak memory 1306 MiB.
2026-09-17T11:07:57Z INFO [579/722] 01fb16ad-47a0-4b78-9fd3-1dfcdb8373ea: does not qualify; 1.0 s; peak memory 1306 MiB.
2026-09-17T11:07:58Z INFO [580/722] 01fcc753-dcff-4d51-bdcd-517a4fa5a06a: does not qualify; 0.8 s; peak memory 1306 MiB.
2026-09-17T11:07:59Z INFO [581/722] 01fcd800-f2e6-4d59-b793-9da1287e83e1: does not qualify; 0.8 s; peak memory 1306 MiB.
2026-09-17T11:07:59Z INFO [582/722] 01fd2952-63c5-4855-8960-d991ba6fd96c: does not qualify; 0.6 s; peak memory 1306 MiB.
2026-09-17T11:08:00Z INFO [583/722] 01fd37f4-6af9-46cd-9457-1eeaa3addd6e: does not qualify; 0.4 s; peak memory 1306 MiB.
2026-09-17T11:08:00Z INFO [584/722] 01fe967a-5a98-4aef-a975-105f1080673a: does not qualify; 0.8 s; peak memory 1306 MiB.
2026-09-17T11:08:05Z INFO [585/722] 01fecb69-389a-4e48-9857-c3cf8e478dd4: does not qualify; 4.7 s; peak memory 1306 MiB.
2026-09-17T11:08:06Z INFO [586/722] 0200159b-5cef-4f6f-a19e-da04194b688f: does not qualify; 0.7 s; peak memory 1306 MiB.
2026-09-17T11:08:06Z INFO [587/722] 02002359-552d-40c1-95b3-1b1c9df991c6: does not qualify; 0.4 s; peak memory 1306 MiB.
2026-09-17T11:08:07Z INFO [588/722] 020072db-36d6-44cc-a0c5-9a11304345be: does not qualify; 0.6 s; peak memory 1306 MiB.
2026-09-17T11:08:07Z INFO [589/722] 0200e900-6fed-484b-a901-55d241443864: does not qualify; 0.7 s; peak memory 1306 MiB.
2026-09-17T11:08:12Z INFO [590/722] 02013b4b-5642-48c7-ab6f-839d5e1877c4: does not qualify; 4.2 s; peak memory 1306 MiB.
2026-09-17T11:08:13Z INFO [591/722] 02013d9e-52bd-4a4e-a51a-7d36bd4e63d6: does not qualify; 1.2 s; peak memory 1306 MiB.
2026-09-17T11:08:13Z INFO [592/722] 02018c69-d2de-4dab-9878-774fcb8cab7c: does not qualify; 0.8 s; peak memory 1306 MiB.
2026-09-17T11:08:14Z INFO [593/722] 0201c128-f439-420a-a618-0ae9a439724f: does not qualify; 0.6 s; peak memory 1306 MiB.
2026-09-17T11:08:15Z INFO [594/722] 020205b2-c64f-4ea9-81d0-39d8bbe39d73: does not qualify; 0.5 s; peak memory 1306 MiB.
2026-09-17T11:11:55Z INFO [595/722] 02026466-ada5-432e-a1bb-a0a471ff2712: does not qualify; 220.2 s; peak memory 1306 MiB.
2026-09-17T11:11:58Z INFO [596/722] 0202d809-0b81-4d6a-b5d1-14427511a493: does not qualify; 3.5 s; peak memory 1306 MiB.
2026-09-17T11:11:59Z INFO [597/722] 0202e9fb-450c-4da1-bf7c-ceb782960a0f: does not qualify; 0.7 s; peak memory 1306 MiB.
2026-09-17T11:12:02Z INFO [598/722] 0203c1f4-b206-4701-b178-059324565f31: does not qualify; 3.4 s; peak memory 1306 MiB.
2026-09-17T11:12:03Z INFO [599/722] 0204dc1b-d5be-447e-a66a-c2e85d7ff02b: does not qualify; 0.7 s; peak memory 1306 MiB.
2026-09-17T11:12:04Z INFO [600/722] 0206cb4c-0d32-49ae-94cc-fc49159fe548: does not qualify; 0.7 s; peak memory 1306 MiB.
2026-09-17T11:12:04Z INFO [600/722] 0206cb4c-0d32-49ae-94cc-fc49159fe548: checkpointed 47903 records.
2026-09-17T11:12:04Z INFO [601/722] 0206e05a-84f3-4276-8ca8-42c63dc0fd3d: does not qualify; 0.4 s; peak memory 1306 MiB.
2026-09-17T11:12:05Z INFO [602/722] 0206e0b8-3993-4b25-ba45-81e6ddf48e29: does not qualify; 0.5 s; peak memory 1306 MiB.
2026-09-17T11:12:05Z INFO [603/722] 0209714e-5ea9-4cc1-b8d8-0605118a4f07: does not qualify; 0.5 s; peak memory 1306 MiB.
2026-09-17T11:12:06Z INFO [604/722] 02099db8-dc9a-4f06-bc2c-cb80aeebc57f: does not qualify; 1.1 s; peak memory 1306 MiB.
2026-09-17T11:12:07Z INFO [605/722] 020ac9fa-db6c-48e7-a442-d430acd488dc: does not qualify; 0.7 s; peak memory 1306 MiB.
2026-09-17T11:12:08Z INFO [606/722] 020b2974-3364-46f3-9e4a-5a1dc31dd549: does not qualify; 0.6 s; peak memory 1306 MiB.
2026-09-17T11:12:08Z INFO [607/722] 020b3a38-0a03-40d9-891a-039e2589e51e: does not qualify; 0.6 s; peak memory 1306 MiB.
2026-09-17T11:12:09Z INFO [608/722] 020c9347-39d5-454c-ab0d-17ebbdfa8336: does not qualify; 0.6 s; peak memory 1306 MiB.
2026-09-17T11:12:13Z INFO [609/722] 020d84ca-4c32-4c98-8345-35c3d13dd1b5: does not qualify; 4.2 s; peak memory 1306 MiB.
2026-09-17T11:12:14Z INFO [610/722] 020dd284-1b36-4959-affe-dc24f26f447e: does not qualify; 1.0 s; peak memory 1306 MiB.
2026-09-17T11:12:15Z INFO [611/722] 020e2949-5097-4f2d-9924-058b328dff84: does not qualify; 0.9 s; peak memory 1306 MiB.
2026-09-17T11:12:16Z INFO [612/722] 020e377b-013e-4d90-8e52-992b6f090f36: does not qualify; 1.2 s; peak memory 1306 MiB.
2026-09-17T11:12:17Z INFO [613/722] 020f33a0-a509-4021-8ada-4c83d2d3cd23: does not qualify; 0.7 s; peak memory 1306 MiB.
2026-09-17T11:12:18Z INFO [614/722] 020fb2c7-1e4e-4188-ad5f-328941671a23: does not qualify; 0.8 s; peak memory 1306 MiB.
2026-09-17T11:12:18Z INFO [615/722] 021078ad-6fe0-45e4-9fb6-4404fc7ea904: does not qualify; 0.6 s; peak memory 1306 MiB.
2026-09-17T11:12:19Z INFO [616/722] 02116997-1d31-45c8-9613-0daca1846bbb: does not qualify; 0.4 s; peak memory 1306 MiB.
2026-09-17T11:12:19Z INFO [617/722] 0211b58a-7025-4833-a441-6aba113c9c6b: does not qualify; 0.5 s; peak memory 1306 MiB.
2026-09-17T11:12:20Z INFO [618/722] 0211ccb0-e683-40ce-9016-5489dc082535: does not qualify; 0.6 s; peak memory 1306 MiB.
2026-09-17T11:12:20Z INFO [619/722] 021271f6-7aed-447a-baae-7a5060f502e4: does not qualify; 0.5 s; peak memory 1306 MiB.
2026-09-17T11:12:21Z INFO [620/722] 0212cdb4-e383-43dd-bb19-9fc006551315: does not qualify; 0.7 s; peak memory 1306 MiB.
2026-09-17T11:12:22Z INFO [621/722] 02131dd5-b976-456f-9743-660b1b7b7d00: does not qualify; 0.7 s; peak memory 1306 MiB.
2026-09-17T11:12:25Z INFO [622/722] 02134707-6800-4572-97a5-732cd4d9c309: does not qualify; 3.1 s; peak memory 1306 MiB.
2026-09-17T11:12:25Z INFO [623/722] 0213673b-eddc-4db0-8c07-1e477bb8b66a: does not qualify; 0.7 s; peak memory 1306 MiB.
2026-09-17T11:12:26Z INFO [624/722] 021388a2-19e0-4b6b-945d-2ee0d3a39930: does not qualify; 0.8 s; peak memory 1306 MiB.
2026-09-17T11:12:27Z INFO [625/722] 021433c3-33a4-4860-aafc-5f2a9650e89f: does not qualify; 0.6 s; peak memory 1306 MiB.
2026-09-17T11:12:27Z INFO [626/722] 0214ab45-a5da-4d07-9748-838f3ec9b46b: does not qualify; 0.4 s; peak memory 1306 MiB.
2026-09-17T11:12:29Z INFO [627/722] 021553cd-c5da-4b33-9019-0abf92c9af28: does not qualify; 1.4 s; peak memory 1306 MiB.
2026-09-17T11:12:30Z INFO [628/722] 0215df30-d9e8-4e30-aa42-fc63febd68a0: does not qualify; 0.9 s; peak memory 1306 MiB.
2026-09-17T11:12:30Z INFO [629/722] 02162606-2fd4-49f1-a967-4aa1b8e7f3c5: does not qualify; 0.6 s; peak memory 1306 MiB.
2026-09-17T11:12:31Z INFO [630/722] 0217144a-17da-4ce6-baa4-1b74b9bc1d33: does not qualify; 0.5 s; peak memory 1306 MiB.
2026-09-17T11:12:31Z INFO [631/722] 0217599f-e8df-4d9c-a471-b139a575195f: does not qualify; 0.6 s; peak memory 1306 MiB.
2026-09-17T11:12:35Z INFO [632/722] 0218437c-a7c5-4969-b886-b9c7ced671ae: does not qualify; 3.4 s; peak memory 1306 MiB.
2026-09-17T11:12:35Z INFO [633/722] 02192944-f638-4616-9e45-6b7438119c8f: does not qualify; 0.5 s; peak memory 1306 MiB.
2026-09-17T11:12:36Z INFO [634/722] 0219635a-c536-4dd6-906e-ce90231ac0d1: does not qualify; 0.5 s; peak memory 1306 MiB.
2026-09-17T11:12:36Z INFO [635/722] 0219a005-d38e-4491-a5da-fdad94f99c02: does not qualify; 0.6 s; peak memory 1306 MiB.
2026-09-17T11:12:38Z INFO [636/722] 0219aecc-9f52-48e2-9e9f-405debad6534: does not qualify; 2.2 s; peak memory 1306 MiB.
2026-09-17T11:12:39Z INFO [637/722] 021a3fa8-1ba3-45a4-ba50-015ffa00ff89: does not qualify; 0.7 s; peak memory 1306 MiB.
2026-09-17T11:12:40Z INFO [638/722] 021a63dc-c8ba-4116-998c-dcfe2029b5b5: does not qualify; 0.8 s; peak memory 1306 MiB.
2026-09-17T11:12:43Z INFO [639/722] 021ba67d-f6c1-4b2a-aace-2ef31436dc12: does not qualify; 3.2 s; peak memory 1306 MiB.
2026-09-17T11:12:44Z INFO [640/722] 021c0c00-71bc-4a70-88f1-1058f89da08d: does not qualify; 0.7 s; peak memory 1306 MiB.
2026-09-17T11:12:44Z INFO [641/722] 021c7269-7dfa-439a-86b3-e0942494b823: does not qualify; 0.7 s; peak memory 1306 MiB.
2026-09-17T11:12:45Z INFO [642/722] 021f8583-dafb-49e9-bb86-767bdd6d36cd: does not qualify; 0.7 s; peak memory 1306 MiB.
2026-09-17T11:12:46Z INFO [643/722] 02200e9e-efac-4fa7-ab06-e93e672eb6c1: does not qualify; 1.4 s; peak memory 1306 MiB.
2026-09-17T11:12:48Z INFO [644/722] 022066a5-3000-4262-b90e-0f55e59c39be: does not qualify; 1.4 s; peak memory 1306 MiB.
2026-09-17T11:12:53Z INFO [645/722] 02214a03-32bd-48d4-b7f4-5bf97b00a1df: does not qualify; 5.7 s; peak memory 1306 MiB.
2026-09-17T11:12:57Z INFO [646/722] 02217475-9830-4f02-b35c-a6dccc8e8aa8: does not qualify; 3.5 s; peak memory 1306 MiB.
2026-09-17T11:12:58Z INFO [647/722] 0221f874-5c13-480d-ac4d-5099d8a85b7a: does not qualify; 0.5 s; peak memory 1306 MiB.
2026-09-17T11:12:58Z INFO [648/722] 02244ba2-685c-4ac0-baf5-0f61ebef75d3: does not qualify; 0.6 s; peak memory 1306 MiB.
2026-09-17T11:12:59Z INFO [649/722] 02253495-3c34-47ab-9121-d3e74909f5c9: does not qualify; 0.7 s; peak memory 1306 MiB.
2026-09-17T11:12:59Z INFO [650/722] 0225c5b9-3b9a-4af2-8765-009a3a65b30c: does not qualify; 0.4 s; peak memory 1306 MiB.
2026-09-17T11:12:59Z INFO [650/722] 0225c5b9-3b9a-4af2-8765-009a3a65b30c: checkpointed 47953 records.
2026-09-17T11:13:00Z INFO [651/722] 0225e258-b1f5-4649-aa11-b50389972297: does not qualify; 0.6 s; peak memory 1306 MiB.
2026-09-17T11:13:01Z INFO [652/722] 022611a0-c9b5-49b0-9e63-877d2c228171: does not qualify; 0.7 s; peak memory 1306 MiB.
2026-09-17T11:13:02Z INFO [653/722] 02262a07-b9e8-473e-8c77-79d24e0bd5af: does not qualify; 1.0 s; peak memory 1306 MiB.
2026-09-17T11:13:03Z INFO [654/722] 02268c7b-9fa3-4c41-bdf3-81b04989e0c0: does not qualify; 1.1 s; peak memory 1306 MiB.
2026-09-17T11:13:03Z INFO [655/722] 0226bdce-75ce-43b2-92e0-39000dbd3c81: does not qualify; 0.7 s; peak memory 1306 MiB.
2026-09-17T11:13:04Z INFO [656/722] 02286594-b159-455b-9d4b-4cda00f62a37: does not qualify; 0.7 s; peak memory 1306 MiB.
2026-09-17T11:13:05Z INFO [657/722] 0228e127-31ef-493c-9ab6-7ed874426dbb: does not qualify; 0.5 s; peak memory 1306 MiB.
2026-09-17T11:13:05Z INFO [658/722] 0229b01d-c981-45d9-b461-26e6da04a154: does not qualify; 0.5 s; peak memory 1306 MiB.
2026-09-17T11:13:06Z INFO [659/722] 022a2b7a-8cb7-4514-9afc-8df0d20dbd15: does not qualify; 0.6 s; peak memory 1306 MiB.
2026-09-17T11:13:06Z INFO [660/722] 022c682c-f4af-4c60-a4f8-e9217c1c62a2: does not qualify; 0.7 s; peak memory 1306 MiB.
2026-09-17T11:13:07Z INFO [661/722] 022e1f46-b049-4c83-9a3c-3bbdd4a41077: does not qualify; 0.7 s; peak memory 1306 MiB.
2026-09-17T11:13:09Z INFO [662/722] 022e8135-8686-48f0-b454-2668124ca593: does not qualify; 1.8 s; peak memory 1306 MiB.
2026-09-17T11:13:09Z INFO [663/722] 022ec9c5-ec21-4513-bcd3-2e835e4cd506: does not qualify; 0.4 s; peak memory 1306 MiB.
2026-09-17T11:13:10Z INFO [664/722] 022f150d-16e8-45d4-97b4-6181d63fd51f: does not qualify; 0.9 s; peak memory 1306 MiB.
2026-09-17T11:13:18Z INFO [665/722] 022f339d-9d26-426b-9ef1-ca63eb47d5ad: does not qualify; 8.0 s; peak memory 1306 MiB.
2026-09-17T11:13:19Z INFO [666/722] 022f8eb4-53ae-4af9-9bdc-674aae1edb51: does not qualify; 0.6 s; peak memory 1306 MiB.
2026-09-17T11:13:19Z INFO [667/722] 02309b5a-860c-4df0-a7be-857ff5d255b5: does not qualify; 0.6 s; peak memory 1306 MiB.
2026-09-17T11:13:20Z INFO [668/722] 0230eb57-d071-4bcc-9a22-6834afa40a85: does not qualify; 0.5 s; peak memory 1306 MiB.
2026-09-17T11:13:20Z INFO [669/722] 02311f29-addb-49c5-98a6-c442fb85b402: does not qualify; 0.3 s; peak memory 1306 MiB.
2026-09-17T11:13:21Z INFO [670/722] 02314e29-612a-4dc3-a24e-5af89266b939: does not qualify; 1.1 s; peak memory 1306 MiB.
2026-09-17T11:13:22Z INFO [671/722] 0231748a-c88e-46b1-a553-bfae358aeb70: does not qualify; 0.7 s; peak memory 1306 MiB.
2026-09-17T11:13:23Z INFO [672/722] 02328483-d31b-4de9-888a-574b619d2c97: does not qualify; 0.6 s; peak memory 1306 MiB.
2026-09-17T11:13:23Z INFO [673/722] 0232c59a-ac44-447d-9063-ad2a1856fa92: does not qualify; 0.4 s; peak memory 1306 MiB.
2026-09-17T11:13:24Z INFO [674/722] 0232edf3-d4db-44e4-ac0b-bca8596ed8c4: does not qualify; 0.6 s; peak memory 1306 MiB.
2026-09-17T11:13:24Z INFO [675/722] 0234fc59-3c5a-4238-8e00-b8639b27b2a8: does not qualify; 0.7 s; peak memory 1306 MiB.
2026-09-17T11:13:25Z INFO [676/722] 023522fa-48b1-4c9e-9a8b-37fb699f601f: does not qualify; 0.6 s; peak memory 1306 MiB.
2026-09-17T11:13:26Z INFO [677/722] 02353ebe-f8dc-4283-925c-03fcd22d8178: does not qualify; 0.9 s; peak memory 1306 MiB.
2026-09-17T11:13:26Z INFO [678/722] 023567f7-ce9d-4898-b402-2a07c9a0c61a: does not qualify; 0.6 s; peak memory 1306 MiB.
2026-09-17T11:13:27Z INFO [679/722] 02366416-a104-4f5a-9322-49a59a543094: does not qualify; 0.8 s; peak memory 1306 MiB.
2026-09-17T11:13:28Z INFO [680/722] 02384071-60ea-4822-9424-8f6d5d102b9c: does not qualify; 0.9 s; peak memory 1306 MiB.
2026-09-17T11:13:34Z INFO [681/722] 02384416-3bd6-4b38-bdd6-0b113df75307: does not qualify; 5.9 s; peak memory 1306 MiB.
2026-09-17T11:13:37Z INFO [682/722] 02391096-53ee-4f1f-b0fc-949452447198: does not qualify; 3.2 s; peak memory 1306 MiB.
2026-09-17T11:13:38Z INFO [683/722] 02399f2b-f3b5-4150-95bb-24db73e74493: does not qualify; 0.6 s; peak memory 1306 MiB.
2026-09-17T11:13:39Z INFO [684/722] 023aa742-1af9-4e46-93e9-7acf2d5d6259: does not qualify; 0.8 s; peak memory 1306 MiB.
2026-09-17T11:13:40Z INFO [685/722] 023ab37d-1bd1-44e0-88df-a0ef3acba32d: does not qualify; 1.4 s; peak memory 1306 MiB.
2026-09-17T11:13:41Z INFO [686/722] 023accbf-1eec-4548-9a9e-d33bd5d81eba: does not qualify; 0.6 s; peak memory 1306 MiB.
2026-09-17T11:13:42Z INFO [687/722] 023b8db2-1a14-44b5-9772-62a39003552d: does not qualify; 1.6 s; peak memory 1306 MiB.
2026-09-17T11:13:43Z INFO [688/722] 023be53b-62a9-4348-8491-a5635f7b2c8a: does not qualify; 0.7 s; peak memory 1306 MiB.
2026-09-17T11:13:44Z INFO [689/722] 023cd4ec-9f12-4acc-a100-31fc438c60a9: does not qualify; 0.6 s; peak memory 1306 MiB.
2026-09-17T11:13:50Z INFO [690/722] 023d394c-5b65-49f8-b2dc-e848e442157a: does not qualify; 6.8 s; peak memory 1306 MiB.
2026-09-17T11:13:51Z INFO [691/722] 023de8d7-011a-49df-ab78-450790e357e5: does not qualify; 0.5 s; peak memory 1306 MiB.
2026-09-17T11:13:52Z INFO [692/722] 023e2f62-a1b6-46e0-bf97-a552e16263cb: does not qualify; 0.8 s; peak memory 1306 MiB.
2026-09-17T11:13:52Z INFO [693/722] 023ed86e-9ccc-4f5e-89d4-75f8f3f61647: does not qualify; 0.7 s; peak memory 1306 MiB.
2026-09-17T11:13:54Z INFO [694/722] 023f13e6-5a20-46e4-90d3-bd40165f0b3e: does not qualify; 1.3 s; peak memory 1306 MiB.
2026-09-17T11:13:54Z INFO [695/722] 023f6326-2c0c-4725-a2c8-4b3583889d50: does not qualify; 0.5 s; peak memory 1306 MiB.
2026-09-17T11:13:55Z INFO [696/722] 023fef0f-fd7e-41ea-89be-fe513f8a92c9: does not qualify; 0.9 s; peak memory 1306 MiB.
2026-09-17T11:13:56Z INFO [697/722] 023ff1ca-0551-4307-b268-d50aeab24783: does not qualify; 0.8 s; peak memory 1306 MiB.
2026-09-17T11:13:57Z INFO [698/722] 02407b32-7320-4fd5-8859-34ac126b314b: does not qualify; 0.8 s; peak memory 1306 MiB.
2026-09-17T11:13:57Z INFO [699/722] 02411261-31e4-4c48-bff0-ad538f6f2bd4: does not qualify; 0.4 s; peak memory 1306 MiB.
2026-09-17T11:13:58Z INFO [700/722] 02422670-f4fb-4366-98ee-9d194ca98183: does not qualify; 1.0 s; peak memory 1306 MiB.
2026-09-17T11:13:58Z INFO [700/722] 02422670-f4fb-4366-98ee-9d194ca98183: checkpointed 48003 records.
2026-09-17T11:13:59Z INFO [701/722] 024319c7-263e-4d84-a82e-9c902772332c: does not qualify; 0.8 s; peak memory 1306 MiB.
2026-09-17T11:14:00Z INFO [702/722] 02439c1d-d548-4c8f-ab65-d050373789d2: does not qualify; 1.0 s; peak memory 1306 MiB.
2026-09-17T11:14:01Z INFO [703/722] 0244990f-1c79-4fcb-af48-11e466967bf9: does not qualify; 0.7 s; peak memory 1306 MiB.
2026-09-17T11:14:06Z INFO [704/722] 02452938-7c44-4f8f-a7a7-4be1b8af13be: does not qualify; 5.6 s; peak memory 1306 MiB.
2026-09-17T11:14:07Z INFO [705/722] 0245bdf4-38ea-4c16-83c6-79ce769c0b53: does not qualify; 0.7 s; peak memory 1306 MiB.
2026-09-17T11:14:08Z INFO [706/722] 0245e7c2-2f04-42a1-9302-4ff778105167: does not qualify; 0.6 s; peak memory 1306 MiB.
2026-09-17T11:14:08Z INFO [707/722] 0246d73f-65cd-43ac-bfce-54c34aaad5f4: does not qualify; 0.6 s; peak memory 1306 MiB.
2026-09-17T11:14:09Z INFO [708/722] 0247201e-6f40-485e-96d0-1f8d1540f624: does not qualify; 0.5 s; peak memory 1306 MiB.
2026-09-17T11:14:09Z INFO [709/722] 024735c1-6631-4c96-8aa1-cf2fbbd0b10c: does not qualify; 0.7 s; peak memory 1306 MiB.
2026-09-17T11:14:10Z INFO [710/722] 0248d9ba-aa14-4dd5-85f9-38b106897ba6: does not qualify; 0.8 s; peak memory 1306 MiB.
2026-09-17T11:14:11Z INFO [711/722] 0248ebf7-dd32-4621-adbc-62b03bf0da27: does not qualify; 0.4 s; peak memory 1306 MiB.
2026-09-17T11:14:11Z INFO [712/722] 0249de9b-bb18-44b3-9ef6-0ac2f47a2505: does not qualify; 0.6 s; peak memory 1306 MiB.
2026-09-17T11:14:15Z INFO [713/722] 024a433d-a791-4d22-95ef-d8ee83418dec: does not qualify; 3.7 s; peak memory 1306 MiB.
2026-09-17T11:14:17Z INFO [714/722] 024aeec4-c011-4e7a-bbc3-cc2a56f81abe: does not qualify; 2.4 s; peak memory 1306 MiB.
2026-09-17T11:14:18Z INFO [715/722] 024af1bc-a710-4b93-8f36-403e5a9050c9: does not qualify; 0.5 s; peak memory 1306 MiB.
2026-09-17T11:14:18Z INFO [716/722] 024b57be-36e6-4381-8014-ebfdbd3672f7: does not qualify; 0.7 s; peak memory 1306 MiB.
2026-09-17T11:14:27Z INFO [717/722] 024c16ec-2d6b-4f08-98d7-ea9cbe98a7e9: does not qualify; 8.9 s; peak memory 1306 MiB.
2026-09-17T11:14:28Z INFO [718/722] 024c8ff9-866c-40a0-bfc1-3f31ba9e8506: does not qualify; 0.6 s; peak memory 1306 MiB.
2026-09-17T11:14:29Z INFO [719/722] 024c929f-ae68-47de-90a0-2a31d64822b0: does not qualify; 0.8 s; peak memory 1306 MiB.
2026-09-17T11:14:30Z INFO [720/722] 024c9e5b-e169-4639-8951-7a0a7960e4e7: does not qualify; 0.9 s; peak memory 1306 MiB.
2026-09-17T11:14:30Z INFO [721/722] 024cd809-fee8-45f9-b486-e268805d2d2f: does not qualify; 0.4 s; peak memory 1306 MiB.
2026-09-17T11:14:32Z INFO [722/722] 024e6a13-f90b-42ee-92ed-e841997a105d: does not qualify; 1.5 s; peak memory 1306 MiB.
2026-09-17T11:14:32Z INFO Wrote 48025 records to /tmp/derivatives/qualifying_lfp_content_ids.jsonl (722 new, 0 failed) in 23.2 min (peak memory 1306 MiB).
