2026-09-20T03:00:21Z INFO Logging to /tmp/logs/update_2026-09-20T03-00-21Z.log.
2026-09-20T03:00:21Z INFO Update qualifying-lfp-content-ids (base directory /tmp).
2026-09-20T03:00:22Z INFO Processing 380 items (50988 already recorded).
2026-09-20T03:00:23Z INFO [1/380] 0898be14-ae35-4173-89b8-5664f9265fac: does not qualify; 1.3 s; peak memory 221 MiB.
2026-09-20T03:00:25Z INFO [2/380] 0899659b-632a-4625-8c47-c604d52c4ec4: does not qualify; 1.5 s; peak memory 225 MiB.
2026-09-20T03:00:26Z INFO [3/380] 0899bb25-53b3-44a9-9bca-c69d2fec79e6: does not qualify; 1.3 s; peak memory 225 MiB.
2026-09-20T03:00:28Z INFO [4/380] 089a0ee7-db2a-4c57-a98f-df97d5239ac6: does not qualify; 1.5 s; peak memory 225 MiB.
2026-09-20T03:00:29Z INFO [5/380] 089a48a4-b0ff-496a-b956-813aec478d4f: does not qualify; 0.9 s; peak memory 225 MiB.
2026-09-20T03:00:30Z INFO [6/380] 089ad34a-4f83-428a-87a5-9b4ebc77a77f: does not qualify; 1.0 s; peak memory 225 MiB.
2026-09-20T03:00:31Z INFO [7/380] 089bbcdb-5bfc-496f-ab70-739052bcf2ae: does not qualify; 1.3 s; peak memory 226 MiB.
2026-09-20T03:00:32Z INFO [8/380] 089bd9fe-59a3-4606-985a-ae814213356a: does not qualify; 1.0 s; peak memory 226 MiB.
2026-09-20T03:00:52Z INFO [9/380] 089ce0d8-aa11-4422-b702-d7efe07b74ec: does not qualify; 20.5 s; peak memory 366 MiB.
2026-09-20T03:00:57Z INFO [10/380] 089d02a4-e17c-4fc6-94b4-6344ef0b7409: does not qualify; 5.0 s; peak memory 366 MiB.
2026-09-20T03:00:58Z INFO [11/380] 089d4abe-40df-4f1f-bfc2-10a38008d6ee: does not qualify; 1.0 s; peak memory 366 MiB.
2026-09-20T03:01:00Z INFO [12/380] 089d5105-149e-41fe-ae11-ddbc019ba88c: does not qualify; 1.1 s; peak memory 366 MiB.
2026-09-20T03:01:08Z INFO [13/380] 089ebc19-73b4-48fb-aa6b-fa12f7f2c189: qualifies; 8.6 s; peak memory 366 MiB.
2026-09-20T03:01:09Z INFO [14/380] 089efcd5-8f97-4fd8-9161-5bf0819146a5: does not qualify; 1.3 s; peak memory 366 MiB.
2026-09-20T03:01:11Z INFO [15/380] 089f199d-92ce-45c9-a01f-61a48bc3daac: does not qualify; 1.2 s; peak memory 366 MiB.
2026-09-20T03:01:12Z INFO [16/380] 089f4a7f-f925-489f-8514-9057f7d3d49f: does not qualify; 1.8 s; peak memory 366 MiB.
2026-09-20T03:01:13Z INFO [17/380] 089fe784-6455-49fe-8e6e-34fb5f759199: does not qualify; 1.0 s; peak memory 366 MiB.
2026-09-20T03:01:14Z INFO [18/380] 08a030d4-5816-466d-aeaa-1a255883ceb5: does not qualify; 0.9 s; peak memory 366 MiB.
2026-09-20T03:01:15Z INFO [19/380] 08a0e7b2-6fc7-435e-b7c3-231296a531b6: does not qualify; 0.8 s; peak memory 366 MiB.
2026-09-20T03:01:17Z INFO [20/380] 08a16538-08cd-4d71-989e-5e77fa016460: does not qualify; 1.9 s; peak memory 366 MiB.
2026-09-20T03:01:18Z INFO [21/380] 08a1b7e6-284b-47c4-97d4-8b467e309dfe: does not qualify; 1.1 s; peak memory 366 MiB.
2026-09-20T03:01:19Z INFO [22/380] 08a20add-4d94-4287-9dc3-ad9d98dd438b: does not qualify; 1.2 s; peak memory 366 MiB.
2026-09-20T03:01:22Z INFO [23/380] 08a3aa36-957b-4992-bb70-4bae722f6f5c: does not qualify; 2.3 s; peak memory 366 MiB.
2026-09-20T03:01:22Z INFO [24/380] 08a3c91d-ed69-4c77-9e85-840f00edde31: does not qualify; 0.9 s; peak memory 366 MiB.
2026-09-20T03:01:24Z INFO [25/380] 08a4245f-41b6-4e78-be4d-e40c1a1fcc47: does not qualify; 1.1 s; peak memory 366 MiB.
2026-09-20T03:01:30Z INFO [26/380] 08a4b61f-9b8c-4fd5-abfc-819e97bfc1a7: does not qualify; 6.0 s; peak memory 366 MiB.
2026-09-20T03:01:31Z INFO [27/380] 08a4ebae-704c-4f5d-8de5-0cc75eca27b9: does not qualify; 1.3 s; peak memory 366 MiB.
2026-09-20T03:01:32Z INFO [28/380] 08a619b6-16d4-4a82-ae96-4a9f6a76175b: does not qualify; 1.0 s; peak memory 366 MiB.
2026-09-20T03:01:33Z INFO [29/380] 08a6642d-a3e3-4506-975a-402610871a6e: does not qualify; 0.8 s; peak memory 366 MiB.
2026-09-20T03:01:34Z INFO [30/380] 08a704af-76fd-4644-b066-d6fd8a4e93e5: does not qualify; 1.0 s; peak memory 366 MiB.
2026-09-20T03:01:34Z INFO [31/380] 08a70bcc-05c6-4f06-a742-d21a909aedc5: does not qualify; 0.7 s; peak memory 366 MiB.
2026-09-20T03:01:35Z INFO [32/380] 08a71f4f-d90d-4b1b-95d6-2da76ca62da2: does not qualify; 1.1 s; peak memory 366 MiB.
2026-09-20T03:01:36Z INFO [33/380] 08a8817c-a65b-4fa4-b600-bfdad529516c: does not qualify; 1.0 s; peak memory 366 MiB.
2026-09-20T03:01:37Z INFO [34/380] 08a8e683-81f5-4012-ba08-eba1a0579f4c: does not qualify; 0.7 s; peak memory 366 MiB.
2026-09-20T03:01:39Z INFO [35/380] 08a8fb76-78e4-45e0-8df3-a5a8236d02b5: does not qualify; 1.4 s; peak memory 366 MiB.
2026-09-20T03:01:43Z INFO [36/380] 08a958a5-75d1-4f02-b6b9-7505eb18c9b0: does not qualify; 4.3 s; peak memory 366 MiB.
2026-09-20T03:01:43Z INFO [37/380] 08a96b90-c941-419b-bf64-fc9533abe4a9: does not qualify; 0.7 s; peak memory 366 MiB.
2026-09-20T03:01:52Z INFO [38/380] 08aa9dc3-aca2-465a-9209-9f7c4b989fdd: does not qualify; 8.6 s; peak memory 366 MiB.
2026-09-20T03:01:55Z INFO [39/380] 08aaa6ed-67b2-4faf-b215-72f3e8c50300: does not qualify; 2.7 s; peak memory 366 MiB.
2026-09-20T03:01:56Z INFO [40/380] 08aaaae1-8e22-4f1a-9db7-c064a82966f0: does not qualify; 1.1 s; peak memory 366 MiB.
2026-09-20T03:01:57Z INFO [41/380] 08ab40d8-51f8-4cec-9c48-d428ce7b7074: does not qualify; 1.3 s; peak memory 366 MiB.
2026-09-20T03:01:59Z INFO [42/380] 08ab8376-42c0-4f10-b908-3f641b188c76: does not qualify; 1.4 s; peak memory 366 MiB.
2026-09-20T03:01:59Z INFO [43/380] 08ac4ef8-26f1-45b9-af83-d33b6330dd77: does not qualify; 0.9 s; peak memory 366 MiB.
2026-09-20T03:02:01Z INFO [44/380] 08ac64dd-d873-4e4c-b728-32ef98e1ac79: does not qualify; 1.2 s; peak memory 366 MiB.
2026-09-20T03:02:02Z INFO [45/380] 08ac9830-4cc3-47ab-8767-24e26c29ca3b: does not qualify; 1.0 s; peak memory 366 MiB.
2026-09-20T03:02:03Z INFO [46/380] 08acb4d1-f026-4890-91f5-7e8a5cc44d22: does not qualify; 1.1 s; peak memory 366 MiB.
2026-09-20T03:02:04Z INFO [47/380] 08ad17f8-c76a-4924-a24f-c0c9b98aab76: does not qualify; 1.2 s; peak memory 366 MiB.
2026-09-20T03:02:10Z INFO [48/380] 08ad9b6f-faa8-4744-95de-e279991e782f: does not qualify; 5.6 s; peak memory 366 MiB.
2026-09-20T03:02:11Z INFO [49/380] 08aec36e-73e0-4dfe-9e67-167657839931: does not qualify; 1.2 s; peak memory 366 MiB.
2026-09-20T03:02:12Z INFO [50/380] 08b01214-2af6-4602-9259-f1632508dc05: does not qualify; 0.8 s; peak memory 366 MiB.
2026-09-20T03:02:12Z INFO [50/380] 08b01214-2af6-4602-9259-f1632508dc05: checkpointed 51038 records.
2026-09-20T03:02:12Z INFO [51/380] 08b1cd54-7359-442f-a9b0-0d991c180b6f: does not qualify; 0.7 s; peak memory 366 MiB.
2026-09-20T03:02:14Z INFO [52/380] 08b25532-cb58-4b3a-8208-4a80e1a2ad4c: does not qualify; 1.3 s; peak memory 366 MiB.
2026-09-20T03:02:15Z INFO [53/380] 08b255b6-08ca-4151-b13a-ed88113166cf: does not qualify; 1.3 s; peak memory 366 MiB.
2026-09-20T03:02:25Z INFO [54/380] 08b2bc6d-0ae5-4087-ab7e-2fab0d7527ca: does not qualify; 10.0 s; peak memory 366 MiB.
2026-09-20T03:02:26Z INFO [55/380] 08b2c281-c914-42a0-bfca-c17ba1c96f82: does not qualify; 1.0 s; peak memory 366 MiB.
2026-09-20T03:02:27Z INFO [56/380] 08b3c8c9-4722-47ad-89db-58dbfade377b: does not qualify; 1.0 s; peak memory 366 MiB.
2026-09-20T03:02:28Z INFO [57/380] 08b3df21-9dde-4c20-b11f-41918f31955f: does not qualify; 0.8 s; peak memory 366 MiB.
2026-09-20T03:02:29Z INFO [58/380] 08b4cf72-7180-4d2f-b568-9ab5d742566b: does not qualify; 0.8 s; peak memory 366 MiB.
2026-09-20T03:02:29Z INFO [59/380] 08b5a0bd-0c49-4f1e-a6b0-14f532f2f27e: does not qualify; 0.9 s; peak memory 366 MiB.
2026-09-20T03:02:31Z INFO [60/380] 08b7c24b-a5f6-4621-896c-8e6877ef5685: does not qualify; 1.2 s; peak memory 366 MiB.
2026-09-20T03:02:31Z INFO [61/380] 08b879db-a252-4da9-a4fc-7dea905b23d5: does not qualify; 0.7 s; peak memory 366 MiB.
2026-09-20T03:03:53Z INFO [62/380] 08b887e2-fe7d-4e7c-b37e-89f514576184: qualifies; 81.9 s; peak memory 5973 MiB.
2026-09-20T03:03:58Z INFO [63/380] 08b8c508-fa2f-4e84-ab95-c7a32831167d: does not qualify; 5.0 s; peak memory 5973 MiB.
2026-09-20T03:03:59Z INFO [64/380] 08ba57ef-a3b5-4256-9b68-7ed375a768c0: does not qualify; 0.9 s; peak memory 5973 MiB.
2026-09-20T03:04:01Z INFO [65/380] 08ba74d1-9da1-4a5c-9c21-8960c21a1d38: does not qualify; 1.4 s; peak memory 5973 MiB.
2026-09-20T03:04:04Z INFO [66/380] 08baba3c-a7b6-49e7-88f9-130e9733afd7: does not qualify; 2.9 s; peak memory 5973 MiB.
2026-09-20T03:04:04Z INFO [67/380] 08bcdcc2-4abf-4d72-ad9a-79e18d573592: does not qualify; 0.9 s; peak memory 5973 MiB.
2026-09-20T03:04:06Z INFO [68/380] 08bd98e8-cedb-4438-8be8-9143eacc8d38: does not qualify; 1.5 s; peak memory 5973 MiB.
2026-09-20T03:04:09Z INFO [69/380] 08bddb1b-3a6c-4eac-a904-e7ebb2dde5f5: does not qualify; 2.6 s; peak memory 5973 MiB.
2026-09-20T03:04:11Z INFO [70/380] 08bdde18-ab53-4087-b98e-b43ac0ca0ea2: does not qualify; 2.5 s; peak memory 5973 MiB.
2026-09-20T03:04:13Z INFO [71/380] 08bddfeb-86ca-4954-9892-6ebc1295b62e: does not qualify; 2.2 s; peak memory 5973 MiB.
2026-09-20T03:04:19Z INFO [72/380] 08bef113-4f28-46a5-814e-1a591d446b59: does not qualify; 5.2 s; peak memory 5973 MiB.
2026-09-20T03:04:20Z INFO [73/380] 08bf1500-d261-4e69-a87e-5d45fadd9672: does not qualify; 1.4 s; peak memory 5973 MiB.
2026-09-20T03:04:25Z INFO [74/380] 08bf3dbd-e66b-40d5-91fa-912b617c8e3a: does not qualify; 4.9 s; peak memory 5973 MiB.
2026-09-20T03:04:33Z INFO [75/380] 08bfa495-6462-4797-a9f1-db5f350eac6d: does not qualify; 8.5 s; peak memory 5973 MiB.
2026-09-20T03:04:37Z INFO [76/380] 08c04799-cf65-4481-bf52-71369e093872: does not qualify; 3.7 s; peak memory 5973 MiB.
2026-09-20T03:04:38Z INFO [77/380] 08c077a6-ba1d-4c96-b835-489c9b7288a6: does not qualify; 1.2 s; peak memory 5973 MiB.
2026-09-20T03:04:39Z INFO [78/380] 08c092b9-d7ff-4329-9827-71f29b319d68: does not qualify; 0.8 s; peak memory 5973 MiB.
2026-09-20T03:04:40Z INFO [79/380] 08c151e6-c3be-4164-91a7-ad4c58cbb0d8: does not qualify; 1.0 s; peak memory 5973 MiB.
2026-09-20T03:04:41Z INFO [80/380] 08c17d3f-d32c-44b1-bedc-8c3493caae70: does not qualify; 1.2 s; peak memory 5973 MiB.
2026-09-20T03:04:49Z INFO [81/380] 08c22356-5153-4662-907e-744d7e0ffd27: does not qualify; 7.9 s; peak memory 5973 MiB.
2026-09-20T03:04:50Z INFO [82/380] 08c3c40f-a015-4558-98fc-fefdcfd48f9f: does not qualify; 1.0 s; peak memory 5973 MiB.
2026-09-20T03:04:51Z INFO [83/380] 08c3e455-48c7-475e-bfbc-6bdad9755519: does not qualify; 1.2 s; peak memory 5973 MiB.
2026-09-20T03:04:52Z INFO [84/380] 08c40b2b-0a36-4c3c-a104-15b455e9d212: does not qualify; 1.4 s; peak memory 5973 MiB.
2026-09-20T03:04:53Z INFO [85/380] 08c56fd2-4de9-4b38-b08a-3889131d9e1f: does not qualify; 0.8 s; peak memory 5973 MiB.
2026-09-20T03:04:54Z INFO [86/380] 08c5aeab-61c5-4740-b868-395d37c99ebb: does not qualify; 1.0 s; peak memory 5973 MiB.
2026-09-20T03:04:56Z INFO [87/380] 08c690b2-be3d-4e62-b05c-122fc5662bb2: does not qualify; 1.6 s; peak memory 5973 MiB.
2026-09-20T03:04:57Z INFO [88/380] 08c79fe8-aeba-4dd2-be13-dfc4f8680b96: qualifies; 1.5 s; peak memory 5973 MiB.
2026-09-20T03:04:59Z INFO [89/380] 08c831fe-bf43-4147-90e5-b66b0871e57f: does not qualify; 1.2 s; peak memory 5973 MiB.
2026-09-20T03:04:59Z INFO [90/380] 08c8588f-3ff3-4e33-b0f1-bcea4415ea72: does not qualify; 0.8 s; peak memory 5973 MiB.
2026-09-20T03:05:01Z INFO [91/380] 08c966d5-5542-4d11-8b99-9a8a707cc658: does not qualify; 1.4 s; peak memory 5973 MiB.
2026-09-20T03:05:02Z INFO [92/380] 08c96f40-7417-4a2a-9202-59f4ec61eaef: does not qualify; 0.8 s; peak memory 5973 MiB.
2026-09-20T03:05:07Z INFO [93/380] 08cb3bd6-a316-49f5-b903-5f715afc8a4f: does not qualify; 5.1 s; peak memory 5973 MiB.
2026-09-20T03:05:18Z INFO [94/380] 08cb6d93-e43f-4e2c-b500-902fa4b84e60: does not qualify; 11.3 s; peak memory 5973 MiB.
2026-09-20T03:05:21Z INFO [95/380] 08cc8b57-4e3a-4fdf-b848-668f84bc6c3a: does not qualify; 3.4 s; peak memory 5973 MiB.
2026-09-20T03:05:22Z INFO [96/380] 08cc9215-ee76-4688-897e-436006d71976: does not qualify; 0.8 s; peak memory 5973 MiB.
2026-09-20T03:05:23Z INFO [97/380] 08cd36f0-3571-43bc-82c3-5c1cf855d19e: does not qualify; 0.7 s; peak memory 5973 MiB.
2026-09-20T03:05:27Z INFO [98/380] 08cd6c82-17c3-4fa2-bc82-4103f3e3050a: does not qualify; 3.7 s; peak memory 5973 MiB.
2026-09-20T03:05:28Z INFO [99/380] 08cd6d4b-f8dc-4583-87d9-7fa55e0d63af: does not qualify; 1.1 s; peak memory 5973 MiB.
2026-09-20T03:05:29Z INFO [100/380] 08cdc315-592c-44b3-9a1a-f755642f1427: does not qualify; 0.9 s; peak memory 5973 MiB.
2026-09-20T03:05:29Z INFO [100/380] 08cdc315-592c-44b3-9a1a-f755642f1427: checkpointed 51088 records.
2026-09-20T03:05:29Z INFO [101/380] 08cdc8d2-0e3e-47db-9da4-3402a7a004fe: does not qualify; 0.7 s; peak memory 5973 MiB.
2026-09-20T03:05:30Z INFO [102/380] 08cdfc8c-f34b-4b67-bdbe-3ebbf9c93824: does not qualify; 0.7 s; peak memory 5973 MiB.
2026-09-20T03:05:31Z INFO [103/380] 08ce5118-9f3c-4489-ad0e-5c42c8a246af: does not qualify; 1.1 s; peak memory 5973 MiB.
2026-09-20T03:05:32Z INFO [104/380] 08ce5eee-3f40-4b1d-bc79-106b730f7aed: does not qualify; 1.1 s; peak memory 5973 MiB.
2026-09-20T03:05:34Z INFO [105/380] 08ce7d84-e466-430a-a54e-51d7c74d9860: does not qualify; 1.6 s; peak memory 5973 MiB.
2026-09-20T03:05:39Z INFO [106/380] 08d05fed-98b6-4a80-910c-985638fc8442: does not qualify; 4.7 s; peak memory 5973 MiB.
2026-09-20T03:05:41Z INFO [107/380] 08d0a5bf-3bf0-455b-a114-5ee056ead9f3: does not qualify; 2.2 s; peak memory 5973 MiB.
2026-09-20T03:05:41Z INFO [108/380] 08d0d061-e73c-43c0-a70c-b1272cfe03f0: does not qualify; 0.8 s; peak memory 5973 MiB.
2026-09-20T03:05:43Z INFO [109/380] 08d11f74-ed20-415e-a341-ea7a126121ba: does not qualify; 1.4 s; peak memory 5973 MiB.
2026-09-20T03:05:44Z INFO [110/380] 08d12504-0304-4c23-9a2f-17ef4c52088a: does not qualify; 0.9 s; peak memory 5973 MiB.
2026-09-20T03:05:48Z INFO [111/380] 08d135fb-071a-4e37-8e98-116649946747: does not qualify; 4.2 s; peak memory 5973 MiB.
2026-09-20T03:05:49Z INFO [112/380] 08d169d2-9255-4be5-b9eb-b0e48debda7d: does not qualify; 0.9 s; peak memory 5973 MiB.
2026-09-20T03:05:50Z INFO [113/380] 08d26189-31fa-45b3-8ad3-024cf59dc74c: does not qualify; 0.6 s; peak memory 5973 MiB.
2026-09-20T03:05:51Z INFO [114/380] 08d26757-c3f8-4bbe-9914-5df862d060e9: does not qualify; 1.6 s; peak memory 5973 MiB.
2026-09-20T03:05:52Z INFO [115/380] 08d31910-1e27-4e5e-bfc8-072d8429539d: does not qualify; 0.7 s; peak memory 5973 MiB.
2026-09-20T03:05:53Z INFO [116/380] 08d48be9-e98b-485a-91af-4c5dfeb21f4d: does not qualify; 0.9 s; peak memory 5973 MiB.
2026-09-20T03:05:55Z INFO [117/380] 08d4aeb2-ab52-4789-8d28-c4ca4c0cfba7: does not qualify; 2.3 s; peak memory 5973 MiB.
2026-09-20T03:05:56Z INFO [118/380] 08d4fc16-180b-4539-85a0-063d965d5608: does not qualify; 1.3 s; peak memory 5973 MiB.
2026-09-20T03:05:57Z INFO [119/380] 08d65518-c538-4ad1-a3cd-c9b6c82bcb24: does not qualify; 0.7 s; peak memory 5973 MiB.
2026-09-20T03:05:58Z INFO [120/380] 08d6c5b6-2aad-4b9f-adcc-956bf6f2e7f6: does not qualify; 1.3 s; peak memory 5973 MiB.
2026-09-20T03:05:59Z INFO [121/380] 08d6c838-6ef3-4de7-bb3d-f5ae89507cfd: does not qualify; 1.0 s; peak memory 5973 MiB.
2026-09-20T03:06:00Z INFO [122/380] 08d6df98-8227-4228-811d-d30c03901b40: does not qualify; 1.0 s; peak memory 5973 MiB.
2026-09-20T03:06:08Z INFO [123/380] 08d721fd-012c-45bf-aa2e-cd2ece6b23f4: does not qualify; 7.8 s; peak memory 5973 MiB.
2026-09-20T03:06:09Z INFO [124/380] 08d7794f-79ad-47e5-9994-5895082b99a1: does not qualify; 0.9 s; peak memory 5973 MiB.
2026-09-20T03:06:10Z INFO [125/380] 08d7e54c-88a4-4f00-89a5-344c0c93281e: does not qualify; 0.9 s; peak memory 5973 MiB.
2026-09-20T03:06:18Z INFO [126/380] 08d7f5bd-d179-4e76-a0a6-356d02a3af33: does not qualify; 7.9 s; peak memory 5973 MiB.
2026-09-20T03:06:19Z INFO [127/380] 08d81115-427d-47c8-b76e-92bacc5c2703: does not qualify; 1.0 s; peak memory 5973 MiB.
2026-09-20T03:06:25Z INFO [128/380] 08d86979-cca0-46a9-94fc-49ce15eab986: does not qualify; 6.6 s; peak memory 5973 MiB.
2026-09-20T03:06:26Z INFO [129/380] 08d97053-352f-4def-bedb-4102990e7c71: does not qualify; 0.9 s; peak memory 5973 MiB.
2026-09-20T03:06:31Z INFO [130/380] 08da5f7d-0fc8-4a47-a4cf-df36dce7b378: does not qualify; 4.5 s; peak memory 5973 MiB.
2026-09-20T03:06:32Z INFO [131/380] 08da8f5d-f558-4afc-9bc1-726c47c361d3: does not qualify; 1.1 s; peak memory 5973 MiB.
2026-09-20T03:06:33Z INFO [132/380] 08dab2ba-7b97-4274-89e6-eee3a4559bbe: does not qualify; 1.1 s; peak memory 5973 MiB.
2026-09-20T03:06:34Z INFO [133/380] 08dabbef-6f92-4170-93e4-baeb7695e51c: does not qualify; 1.2 s; peak memory 5973 MiB.
2026-09-20T03:06:36Z INFO [134/380] 08dbbe47-7116-408f-a055-13e4e93304ca: does not qualify; 1.8 s; peak memory 5973 MiB.
2026-09-20T03:06:37Z INFO [135/380] 08dc9c5e-6d59-4246-bfea-822d35b5f4bf: does not qualify; 1.5 s; peak memory 5973 MiB.
2026-09-20T03:06:38Z INFO [136/380] 08dcf7fe-9799-479d-ad05-75af2870c505: does not qualify; 0.8 s; peak memory 5973 MiB.
2026-09-20T03:06:40Z INFO [137/380] 08dd8352-a465-4f5c-b3db-a15b0f580747: does not qualify; 2.2 s; peak memory 5973 MiB.
2026-09-20T03:06:42Z INFO [138/380] 08de1f7f-6ceb-42b2-ba3b-e53290103343: does not qualify; 1.4 s; peak memory 5973 MiB.
2026-09-20T03:06:43Z INFO [139/380] 08de811b-1ccc-43be-bdd9-0b9d838fcc7d: does not qualify; 1.0 s; peak memory 5973 MiB.
2026-09-20T03:06:44Z INFO [140/380] 08df129a-47a0-4588-b7ef-b6745e4e2a63: does not qualify; 1.5 s; peak memory 5973 MiB.
2026-09-20T03:06:45Z INFO [141/380] 08df20e4-3370-4dd1-9e46-9097246559dc: does not qualify; 0.9 s; peak memory 5973 MiB.
2026-09-20T03:06:46Z INFO [142/380] 08e109ae-5f23-4cf8-934c-79e3c4ef8bea: does not qualify; 1.0 s; peak memory 5973 MiB.
2026-09-20T03:06:47Z INFO [143/380] 08e119a6-3677-4485-8acd-d9440a5a831d: does not qualify; 0.7 s; peak memory 5973 MiB.
2026-09-20T03:06:48Z INFO [144/380] 08e13029-cf2e-440d-8b5b-341a150ebb05: does not qualify; 0.8 s; peak memory 5973 MiB.
2026-09-20T03:06:49Z INFO [145/380] 08e26b4f-e23d-4a18-9df3-754de144d6df: does not qualify; 1.3 s; peak memory 5973 MiB.
2026-09-20T03:06:50Z INFO [146/380] 08e3de8c-94de-4db6-96b3-9ca7f17de437: does not qualify; 0.9 s; peak memory 5973 MiB.
2026-09-20T03:06:51Z INFO [147/380] 08e3ec2d-be1a-4e04-9ea5-ed3d24e79670: does not qualify; 0.8 s; peak memory 5973 MiB.
2026-09-20T03:06:55Z INFO [148/380] 08e4a452-5574-41b6-8758-935b3b95820b: does not qualify; 4.6 s; peak memory 5973 MiB.
2026-09-20T03:06:56Z INFO [149/380] 08e59224-f8f4-4a46-a247-abebb430e087: does not qualify; 0.7 s; peak memory 5973 MiB.
2026-09-20T03:06:57Z INFO [150/380] 08e5a000-0500-4083-aa99-47e4e53d684e: does not qualify; 0.7 s; peak memory 5973 MiB.
2026-09-20T03:06:57Z INFO [150/380] 08e5a000-0500-4083-aa99-47e4e53d684e: checkpointed 51138 records.
2026-09-20T03:06:58Z INFO [151/380] 08e69f3c-4c07-4753-886b-8a653e678c7c: does not qualify; 1.1 s; peak memory 5973 MiB.
2026-09-20T03:07:00Z INFO [152/380] 08e70550-23a8-4fc2-a31d-1699e14c977c: does not qualify; 2.1 s; peak memory 5973 MiB.
2026-09-20T03:07:06Z INFO [153/380] 08e7facd-e0da-4679-869a-2690ab6f4be0: does not qualify; 5.4 s; peak memory 5973 MiB.
2026-09-20T03:07:11Z INFO [154/380] 08e87489-9aef-4e19-92f2-4248d1e1c560: does not qualify; 5.1 s; peak memory 5973 MiB.
2026-09-20T03:07:16Z INFO [155/380] 08e8f32e-c698-4d22-b963-b29cbeaa43e8: does not qualify; 5.6 s; peak memory 5973 MiB.
2026-09-20T03:07:17Z INFO [156/380] 08e92695-6bbc-400b-b4b3-97913fddd42d: does not qualify; 0.7 s; peak memory 5973 MiB.
2026-09-20T03:07:19Z INFO [157/380] 08ea1571-8912-4535-89ac-5e9e6647e80e: does not qualify; 1.7 s; peak memory 5973 MiB.
2026-09-20T03:07:20Z INFO [158/380] 08ea1c4c-528e-4898-9899-ba7bc6693037: does not qualify; 1.7 s; peak memory 5973 MiB.
2026-09-20T03:07:25Z INFO [159/380] 08ea54e4-d466-43ed-9c72-39ea4e4e6322: does not qualify; 4.3 s; peak memory 5973 MiB.
2026-09-20T03:07:27Z INFO [160/380] 08ea5ef4-96f3-47f0-9993-e43fcd4586d0: does not qualify; 2.2 s; peak memory 5973 MiB.
2026-09-20T03:07:28Z INFO [161/380] 08ea9d0e-678d-4737-a563-8749f86d1b13: does not qualify; 1.1 s; peak memory 5973 MiB.
2026-09-20T03:07:29Z INFO [162/380] 08eb03fe-ea93-4b60-9e36-c10560de8113: does not qualify; 1.0 s; peak memory 5973 MiB.
2026-09-20T03:07:30Z INFO [163/380] 08eb4e23-ac06-4a98-8d6a-b1129ccd8e66: does not qualify; 0.9 s; peak memory 5973 MiB.
2026-09-20T03:07:32Z INFO [164/380] 08eb84a9-f4e4-4a90-948f-0d09daeee9f0: does not qualify; 2.4 s; peak memory 5973 MiB.
2026-09-20T03:07:33Z INFO [165/380] 08eba4f8-0fdd-4abc-a124-11ca95e3231f: does not qualify; 0.8 s; peak memory 5973 MiB.
2026-09-20T03:07:34Z INFO [166/380] 08ec5fe2-4e07-4f23-946b-89016e625ae9: does not qualify; 1.2 s; peak memory 5973 MiB.
2026-09-20T03:07:39Z INFO [167/380] 08ecf617-c7c4-4ad9-b665-053db70801aa: does not qualify; 4.9 s; peak memory 5973 MiB.
2026-09-20T03:07:40Z INFO [168/380] 08ed56e1-b3ec-4753-9191-1efc086c4e8f: does not qualify; 0.8 s; peak memory 5973 MiB.
2026-09-20T03:07:41Z INFO [169/380] 08ed8a5b-dd4d-4dff-ab56-f30b85ca38ee: does not qualify; 0.9 s; peak memory 5973 MiB.
2026-09-20T03:07:42Z INFO [170/380] 08edd889-5e2a-497a-909b-2c7b90cc682f: does not qualify; 0.8 s; peak memory 5973 MiB.
2026-09-20T03:07:42Z INFO [171/380] 08ee0e96-c44e-477b-974f-731984fec76a: does not qualify; 0.8 s; peak memory 5973 MiB.
2026-09-20T03:07:43Z INFO [172/380] 08ee1a2d-ebc7-4b7c-8915-e0da2f280363: does not qualify; 0.9 s; peak memory 5973 MiB.
2026-09-20T03:07:44Z INFO [173/380] 08ef1715-ebd5-4afb-b4ca-48f1846b4369: does not qualify; 0.8 s; peak memory 5973 MiB.
2026-09-20T03:07:45Z INFO [174/380] 08ef18bd-1e75-4302-be07-29bda6cbef06: does not qualify; 0.8 s; peak memory 5973 MiB.
2026-09-20T03:07:46Z INFO [175/380] 08ef1cdd-c67e-47b8-8eb5-b5149ec45bf8: does not qualify; 0.8 s; peak memory 5973 MiB.
2026-09-20T03:07:49Z INFO [176/380] 08ef619d-189b-401f-b9ff-b50a9d1f29e3: does not qualify; 3.6 s; peak memory 5973 MiB.
2026-09-20T03:07:50Z INFO [177/380] 08ef7fd5-8088-4a0b-9518-fa929edef951: does not qualify; 0.7 s; peak memory 5973 MiB.
2026-09-20T03:07:51Z INFO [178/380] 08efe47a-2912-45b4-a088-cf471be33d7e: does not qualify; 0.6 s; peak memory 5973 MiB.
2026-09-20T03:07:52Z INFO [179/380] 08eff9b7-4295-4cff-a1bf-c00235252783: does not qualify; 0.9 s; peak memory 5973 MiB.
2026-09-20T03:07:52Z INFO [180/380] 08f0264f-c709-4409-986b-d1d23dff6cd0: does not qualify; 0.7 s; peak memory 5973 MiB.
2026-09-20T03:07:53Z INFO [181/380] 08f04ddc-9465-4124-99a7-e101bf024b6e: does not qualify; 1.2 s; peak memory 5973 MiB.
2026-09-20T03:07:54Z INFO [182/380] 08f08110-110a-4c51-a1b2-78220576a5ea: does not qualify; 0.8 s; peak memory 5973 MiB.
2026-09-20T03:07:55Z INFO [183/380] 08f0a77f-603f-46f1-955b-ac994e79a176: does not qualify; 0.9 s; peak memory 5973 MiB.
2026-09-20T03:07:56Z INFO [184/380] 08f0c050-25f3-49cd-94a8-d83ace9c26f5: does not qualify; 1.0 s; peak memory 5973 MiB.
2026-09-20T03:08:03Z INFO [185/380] 08f1d849-9a84-436e-b270-7add15eccd37: does not qualify; 7.4 s; peak memory 5973 MiB.
2026-09-20T03:08:05Z INFO [186/380] 08f20ad1-cb84-483d-855b-647ff6e2cf1c: does not qualify; 1.1 s; peak memory 5973 MiB.
2026-09-20T03:09:41Z INFO [187/380] 08f23724-a9be-4365-9e4a-66dd788a3f0b: does not qualify; 96.6 s; peak memory 5973 MiB.
2026-09-20T03:09:43Z INFO [188/380] 08f23d69-e0b6-4c2e-945c-3f3b7329c924: does not qualify; 1.4 s; peak memory 5973 MiB.
2026-09-20T03:09:44Z INFO [189/380] 08f2f6e7-17fd-4312-94cf-16bb43818e92: does not qualify; 1.5 s; peak memory 5973 MiB.
2026-09-20T03:09:45Z INFO [190/380] 08f34c44-d6b3-4b5f-b6f3-73e36eda0e59: does not qualify; 1.1 s; peak memory 5973 MiB.
2026-09-20T03:09:46Z INFO [191/380] 08f359a2-acf0-470c-a567-83c577b114f7: does not qualify; 0.6 s; peak memory 5973 MiB.
2026-09-20T03:09:52Z INFO [192/380] 08f4af56-cdeb-4408-88f1-3c9f48822dda: does not qualify; 6.4 s; peak memory 5973 MiB.
2026-09-20T03:09:53Z INFO [193/380] 08f6ad66-30fe-4bd3-a1e4-6f8a4522858e: does not qualify; 0.9 s; peak memory 5973 MiB.
2026-09-20T03:09:55Z INFO [194/380] 08f7470c-0bb1-459d-b8a8-5cf77a658f7d: does not qualify; 1.4 s; peak memory 5973 MiB.
2026-09-20T03:09:56Z INFO [195/380] 08f76c97-a3e6-4c94-9b57-312232814b22: does not qualify; 1.0 s; peak memory 5973 MiB.
2026-09-20T03:09:56Z INFO [196/380] 08f77e52-4716-4587-b5b1-97abc0d1bb36: does not qualify; 0.9 s; peak memory 5973 MiB.
2026-09-20T03:09:58Z INFO [197/380] 08f822d0-c311-4b7b-a538-d86a669a1425: does not qualify; 1.4 s; peak memory 5973 MiB.
2026-09-20T03:09:59Z INFO [198/380] 08f84741-d3c6-4c05-950f-547633dbd30d: does not qualify; 1.0 s; peak memory 5973 MiB.
2026-09-20T03:10:00Z INFO [199/380] 08f86cd6-e614-48f4-90ac-da7e6d9fac8a: does not qualify; 1.1 s; peak memory 5973 MiB.
2026-09-20T03:10:01Z INFO [200/380] 08f870d2-dd31-4c9c-83f5-efcef92f972d: does not qualify; 1.1 s; peak memory 5973 MiB.
2026-09-20T03:10:01Z INFO [200/380] 08f870d2-dd31-4c9c-83f5-efcef92f972d: checkpointed 51188 records.
2026-09-20T03:10:02Z INFO [201/380] 08f8774e-d489-4c89-9f5f-8c52822dcc46: does not qualify; 0.9 s; peak memory 5973 MiB.
2026-09-20T03:10:03Z INFO [202/380] 08f87e25-6685-4050-959c-5f4f092c02c1: does not qualify; 1.5 s; peak memory 5973 MiB.
2026-09-20T03:10:04Z INFO [203/380] 08f9b4bb-2e6c-4ea2-932a-6cf5243ad6e5: does not qualify; 1.0 s; peak memory 5973 MiB.
2026-09-20T03:10:06Z INFO [204/380] 08fa2223-fb14-49cb-8b0c-8f01db9b0209: does not qualify; 1.2 s; peak memory 5973 MiB.
2026-09-20T03:10:06Z INFO [205/380] 08fa64bb-523e-410e-898a-090d4fe07b51: does not qualify; 0.8 s; peak memory 5973 MiB.
2026-09-20T03:10:08Z INFO [206/380] 08fab2d6-a0df-46b3-a5ed-c42f864fb2ba: does not qualify; 1.5 s; peak memory 5973 MiB.
2026-09-20T03:10:09Z INFO [207/380] 08fb0007-e004-4dee-a668-ad14ed014b7f: does not qualify; 1.2 s; peak memory 5973 MiB.
2026-09-20T03:10:10Z INFO [208/380] 08fb1040-1b84-4814-8fb7-af4767561d88: does not qualify; 0.8 s; peak memory 5973 MiB.
2026-09-20T03:10:11Z INFO [209/380] 08fb9d81-4375-431f-9d7c-429cabf51986: does not qualify; 0.8 s; peak memory 5973 MiB.
2026-09-20T03:10:11Z INFO [210/380] 08fc4364-4016-424c-8d26-000339a15df2: does not qualify; 0.7 s; peak memory 5973 MiB.
2026-09-20T03:10:14Z INFO [211/380] 08fd8850-3a50-4c42-b652-b3e0d35d16dc: does not qualify; 2.1 s; peak memory 5973 MiB.
2026-09-20T03:10:14Z INFO [212/380] 08fda99a-01ab-4176-9546-073734de664f: does not qualify; 0.7 s; peak memory 5973 MiB.
2026-09-20T03:10:15Z INFO [213/380] 08ff0d43-f20e-4ed5-8b97-1b97a97f93f4: does not qualify; 0.9 s; peak memory 5973 MiB.
2026-09-20T03:10:17Z INFO [214/380] 09005235-8c64-4d60-b8de-905598de830a: does not qualify; 1.8 s; peak memory 5973 MiB.
2026-09-20T03:10:18Z INFO [215/380] 09012602-d498-4532-883c-b70dd4b2e2e8: does not qualify; 0.8 s; peak memory 5973 MiB.
2026-09-20T03:10:19Z INFO [216/380] 090142c1-b0ce-4016-9134-094612f202b2: qualifies; 1.3 s; peak memory 5973 MiB.
2026-09-20T03:10:23Z INFO [217/380] 09015e61-ee5e-4dbb-89f6-b86d5c964396: does not qualify; 3.7 s; peak memory 5973 MiB.
2026-09-20T03:10:24Z INFO [218/380] 09018444-4dd2-48b5-aaf3-bd1d485f818d: does not qualify; 1.2 s; peak memory 5973 MiB.
2026-09-20T03:10:25Z INFO [219/380] 0902a643-596e-49af-8e7f-a9c205d04ce5: does not qualify; 0.6 s; peak memory 5973 MiB.
2026-09-20T03:10:31Z INFO [220/380] 0902b6ab-037b-4202-85f5-7614e1d78818: does not qualify; 6.3 s; peak memory 5973 MiB.
2026-09-20T03:10:32Z INFO [221/380] 09030112-3ceb-4ef3-9791-b255b2800c5d: does not qualify; 0.9 s; peak memory 5973 MiB.
2026-09-20T03:10:33Z INFO [222/380] 09040166-c97c-4f81-93b9-fe6521bd2f9c: does not qualify; 0.6 s; peak memory 5973 MiB.
2026-09-20T03:10:34Z INFO [223/380] 0904bc61-0407-4d02-8a1b-1c830bfe97d1: does not qualify; 1.0 s; peak memory 5973 MiB.
2026-09-20T03:10:37Z INFO [224/380] 09067f67-228a-4b5a-8e83-254078d526f6: qualifies; 3.5 s; peak memory 5973 MiB.
2026-09-20T03:10:38Z INFO [225/380] 0906cd85-9c9c-4c73-88f3-24c9dc343923: does not qualify; 1.3 s; peak memory 5973 MiB.
2026-09-20T03:10:39Z INFO [226/380] 0906fb69-6e83-449b-be9b-e485ca30743d: does not qualify; 0.9 s; peak memory 5973 MiB.
2026-09-20T03:10:41Z INFO [227/380] 09073220-fbea-45d2-9a39-2cc61fcdc2a1: does not qualify; 1.6 s; peak memory 5973 MiB.
2026-09-20T03:10:42Z INFO [228/380] 0907a192-5efa-4def-ad95-75cee37b90d9: does not qualify; 0.9 s; peak memory 5973 MiB.
2026-09-20T03:10:42Z INFO [229/380] 0907b25e-7804-4436-a38f-f790134068d0: does not qualify; 0.7 s; peak memory 5973 MiB.
2026-09-20T03:10:44Z INFO [230/380] 0907e77e-0299-40e0-ad97-f8d6f2c7b70f: does not qualify; 1.6 s; peak memory 5973 MiB.
2026-09-20T03:10:50Z INFO [231/380] 090961ab-0da3-45d5-adba-976ffc482370: does not qualify; 5.6 s; peak memory 5973 MiB.
2026-09-20T03:10:50Z INFO [232/380] 09098862-83ea-4cd5-9b68-aff1970eb313: does not qualify; 0.7 s; peak memory 5973 MiB.
2026-09-20T03:10:53Z INFO [233/380] 09099fa5-78a7-4af0-a7b2-4b0327ae35e0: does not qualify; 2.4 s; peak memory 5973 MiB.
2026-09-20T03:10:57Z INFO [234/380] 090a9b0d-e6c7-44a8-a64d-4fbdcc6e675d: does not qualify; 4.6 s; peak memory 5973 MiB.
2026-09-20T03:10:58Z INFO [235/380] 090aedb6-4fc8-4aad-9b45-b1ee91f0bd47: does not qualify; 1.2 s; peak memory 5973 MiB.
2026-09-20T03:11:01Z INFO [236/380] 090c4d34-4df2-4cb4-bdd9-f5daf75facb4: does not qualify; 2.2 s; peak memory 5973 MiB.
2026-09-20T03:11:01Z INFO [237/380] 090cc65f-e8b5-413e-a327-54abf36341cf: does not qualify; 0.7 s; peak memory 5973 MiB.
2026-09-20T03:11:02Z INFO [238/380] 090d7617-220a-4e03-a144-2f9fd9ed36da: does not qualify; 1.0 s; peak memory 5973 MiB.
2026-09-20T03:11:04Z INFO [239/380] 090e28c3-fecc-4440-b2a6-152d9ce998ce: does not qualify; 1.6 s; peak memory 5973 MiB.
2026-09-20T03:11:05Z INFO [240/380] 090e5be7-dc29-4b13-bc8d-1ae022003b81: does not qualify; 0.7 s; peak memory 5973 MiB.
2026-09-20T03:11:05Z INFO [241/380] 090e970c-e7ca-41ee-ae9d-bd4845a673c8: does not qualify; 0.8 s; peak memory 5973 MiB.
2026-09-20T03:11:10Z INFO [242/380] 090f2d68-fd47-4104-b772-5a36eb2453f5: does not qualify; 5.1 s; peak memory 5973 MiB.
2026-09-20T03:11:15Z INFO [243/380] 09100d36-48cc-4780-a7fa-204ac29f99ff: does not qualify; 4.9 s; peak memory 5973 MiB.
2026-09-20T03:11:16Z INFO [244/380] 0910e831-682d-4b0a-8d29-6f6260620fcf: does not qualify; 1.1 s; peak memory 5973 MiB.
2026-09-20T03:11:17Z INFO [245/380] 0910fbee-e30e-444e-a9e4-39f3b311df2a: does not qualify; 0.8 s; peak memory 5973 MiB.
2026-09-20T03:11:18Z INFO [246/380] 09113650-f9dc-4382-ae58-5af66dab4dc4: does not qualify; 1.0 s; peak memory 5973 MiB.
2026-09-20T03:11:19Z INFO [247/380] 09120648-bfe6-48dc-9234-50dfae31ddf3: does not qualify; 0.8 s; peak memory 5973 MiB.
2026-09-20T03:11:20Z INFO [248/380] 091213d8-261c-4b05-829c-b36190184cf4: does not qualify; 1.1 s; peak memory 5973 MiB.
2026-09-20T03:11:25Z INFO [249/380] 09127771-b041-49c0-afa4-3a5a34a16340: does not qualify; 5.2 s; peak memory 5973 MiB.
2026-09-20T03:11:26Z INFO [250/380] 0912ec4c-e4f0-43b0-9abd-09be0e645acb: does not qualify; 1.1 s; peak memory 5973 MiB.
2026-09-20T03:11:27Z INFO [250/380] 0912ec4c-e4f0-43b0-9abd-09be0e645acb: checkpointed 51238 records.
2026-09-20T03:11:27Z INFO [251/380] 0913610a-a4a5-46df-ac1f-54acc2ce1bfb: does not qualify; 0.6 s; peak memory 5973 MiB.
2026-09-20T03:11:28Z INFO [252/380] 09142761-dd66-42aa-a4e6-b344ab01f4f2: does not qualify; 1.2 s; peak memory 5973 MiB.
2026-09-20T03:11:31Z INFO [253/380] 09143e5b-2c0c-4a7f-b4a7-3369b7817248: does not qualify; 2.4 s; peak memory 5973 MiB.
2026-09-20T03:11:32Z INFO [254/380] 09144fd8-cb93-4fe7-932c-f1823ea18367: does not qualify; 0.8 s; peak memory 5973 MiB.
2026-09-20T03:11:33Z INFO [255/380] 09151aba-e8e4-43f2-b8ca-f64dd9e5cd09: does not qualify; 1.1 s; peak memory 5973 MiB.
2026-09-20T03:11:34Z INFO [256/380] 0915cfce-373e-4ee6-b49a-fc0d5b55d360: does not qualify; 1.0 s; peak memory 5973 MiB.
2026-09-20T03:11:34Z INFO [257/380] 091634b5-1ac4-4e8a-8ee9-f55f28df0c35: does not qualify; 0.7 s; peak memory 5973 MiB.
2026-09-20T03:11:35Z INFO [258/380] 09167eea-0fad-4f77-9260-5af66eb25c8b: does not qualify; 0.8 s; peak memory 5973 MiB.
2026-09-20T03:11:36Z INFO [259/380] 09171f41-ec4b-448c-bad3-b371edb98787: does not qualify; 0.6 s; peak memory 5973 MiB.
2026-09-20T03:11:37Z INFO [260/380] 091730ae-5015-4a34-bd01-2386529cbcee: does not qualify; 0.9 s; peak memory 5973 MiB.
2026-09-20T03:11:37Z INFO [261/380] 09179d19-caa3-4cb1-b839-815b7fdb2a29: does not qualify; 0.8 s; peak memory 5973 MiB.
2026-09-20T03:11:38Z INFO [262/380] 0917c91c-72d6-412e-b9ef-13b8e22868f8: does not qualify; 0.8 s; peak memory 5973 MiB.
2026-09-20T03:11:39Z INFO [263/380] 0917d97d-4aa3-4881-89e1-2071af08c64a: does not qualify; 0.7 s; peak memory 5973 MiB.
2026-09-20T03:11:40Z INFO [264/380] 0919e532-0f1c-4c99-9c32-c699a90b062c: does not qualify; 0.7 s; peak memory 5973 MiB.
2026-09-20T03:11:41Z INFO [265/380] 091ae5bb-759b-479b-8c44-8a58d59aeeb4: does not qualify; 1.1 s; peak memory 5973 MiB.
2026-09-20T03:11:42Z INFO [266/380] 091b5170-94b6-483e-ac0a-e1d43f3a7d7d: does not qualify; 1.1 s; peak memory 5973 MiB.
2026-09-20T03:11:43Z INFO [267/380] 091b7cab-daca-4ddf-8ee6-194022105793: does not qualify; 0.9 s; peak memory 5973 MiB.
2026-09-20T03:11:44Z INFO [268/380] 091b9a0c-9b6b-4754-9b0d-19de6b6b33e5: does not qualify; 0.8 s; peak memory 5973 MiB.
2026-09-20T03:11:44Z INFO [269/380] 091cde92-06ce-48af-85b4-9228c47ffcae: does not qualify; 0.7 s; peak memory 5973 MiB.
2026-09-20T03:11:45Z INFO [270/380] 091ed9e6-43a3-43f0-8983-b6b45d67638c: does not qualify; 0.7 s; peak memory 5973 MiB.
2026-09-20T03:11:46Z INFO [271/380] 091ee0ca-35be-4dce-8a2f-61958ca3bb06: does not qualify; 1.0 s; peak memory 5973 MiB.
2026-09-20T03:11:48Z INFO [272/380] 0920347c-ca33-42fb-8e03-a33e58f649a2: does not qualify; 1.5 s; peak memory 5973 MiB.
2026-09-20T03:11:48Z INFO [273/380] 09204a08-351e-4969-912f-120182162f0e: does not qualify; 0.7 s; peak memory 5973 MiB.
2026-09-20T03:11:50Z INFO [274/380] 092118e1-e22b-483d-b3b1-4703327ae070: does not qualify; 1.3 s; peak memory 5973 MiB.
2026-09-20T03:11:51Z INFO [275/380] 0921d7f0-8aab-4cf2-b8e0-b8df6fd2d971: does not qualify; 1.3 s; peak memory 5973 MiB.
2026-09-20T03:11:52Z INFO [276/380] 0922352f-40f3-4259-beba-8a1c526a8d7c: does not qualify; 0.8 s; peak memory 5973 MiB.
2026-09-20T03:11:52Z INFO [277/380] 09224bb3-8c6e-4530-9ade-ffdbcebd10a4: does not qualify; 0.8 s; peak memory 5973 MiB.
2026-09-20T03:11:56Z INFO [278/380] 092290e3-1e35-48bc-a1c5-6a76a9170b32: does not qualify; 3.7 s; peak memory 5973 MiB.
2026-09-20T03:11:57Z INFO [279/380] 09234304-e5e6-4778-abdd-d6d64eaa447c: does not qualify; 0.8 s; peak memory 5973 MiB.
2026-09-20T03:11:59Z INFO [280/380] 0924acdd-1390-46ab-8e46-16c342383e2a: does not qualify; 2.4 s; peak memory 5973 MiB.
2026-09-20T03:12:01Z INFO [281/380] 0924b117-fd21-4d43-a48c-a2e17ded749f: does not qualify; 1.9 s; peak memory 5973 MiB.
2026-09-20T03:12:07Z INFO [282/380] 09259830-8f17-4af9-ae39-8b42344aa6ed: does not qualify; 5.5 s; peak memory 5973 MiB.
2026-09-20T03:12:08Z INFO [283/380] 0925a38d-a073-4c94-a4ab-efebd6362d72: does not qualify; 1.1 s; peak memory 5973 MiB.
2026-09-20T03:12:09Z INFO [284/380] 0925f9c6-2bb7-462b-bdc3-ea9e304e4f18: does not qualify; 1.5 s; peak memory 5973 MiB.
2026-09-20T03:12:11Z INFO [285/380] 09267478-3633-4747-8bc6-8856d9d51218: does not qualify; 1.0 s; peak memory 5973 MiB.
2026-09-20T03:12:12Z INFO [286/380] 09272d8e-6125-4976-9af7-06ff7123b736: does not qualify; 1.2 s; peak memory 5973 MiB.
2026-09-20T03:12:13Z INFO [287/380] 0927a006-576d-4827-8c8c-30725dcf1997: does not qualify; 0.9 s; peak memory 5973 MiB.
2026-09-20T03:12:14Z INFO [288/380] 09286aa2-08b0-40f5-9a8e-072fd7073e15: does not qualify; 1.8 s; peak memory 5973 MiB.
2026-09-20T03:12:15Z INFO [289/380] 0928eed2-7d64-4dab-aa88-7bf62a9daf64: does not qualify; 1.1 s; peak memory 5973 MiB.
2026-09-20T03:12:16Z INFO [290/380] 092a3a4c-6d89-4a21-b8ae-3f70c09aee1b: does not qualify; 0.9 s; peak memory 5973 MiB.
2026-09-20T03:12:17Z INFO [291/380] 092a8945-7d0d-424e-9259-7228360f1f44: does not qualify; 0.9 s; peak memory 5973 MiB.
2026-09-20T03:12:18Z INFO [292/380] 092b9969-f18a-4ceb-85b3-7ffc2ce3cd1f: does not qualify; 0.8 s; peak memory 5973 MiB.
2026-09-20T03:12:20Z INFO [293/380] 092bf812-90fd-4493-a62a-14e7faaf8d61: does not qualify; 1.9 s; peak memory 5973 MiB.
2026-09-20T03:12:21Z INFO [294/380] 092cba63-eef5-4c3f-b8cd-dac8b9db8482: does not qualify; 1.0 s; peak memory 5973 MiB.
2026-09-20T03:12:22Z INFO [295/380] 092d2f5c-14f5-4a5e-b8c1-88331a00847f: does not qualify; 0.8 s; peak memory 5973 MiB.
2026-09-20T03:12:23Z INFO [296/380] 092e5fa7-a36a-45a1-869a-c277fd8cfa38: does not qualify; 1.2 s; peak memory 5973 MiB.
2026-09-20T03:12:26Z INFO [297/380] 092ee3fe-f547-4f51-a5be-02c6b9f634dd: does not qualify; 2.8 s; peak memory 5973 MiB.
2026-09-20T03:12:28Z INFO [298/380] 092f0423-eb08-4697-8356-7a991761b8f4: does not qualify; 2.0 s; peak memory 5973 MiB.
2026-09-20T03:12:30Z INFO [299/380] 093049e3-4a44-4705-9563-9deebe0570ed: does not qualify; 2.4 s; peak memory 5973 MiB.
2026-09-20T03:12:31Z INFO [300/380] 09309710-7953-4215-a409-921c31119ce3: does not qualify; 0.9 s; peak memory 5973 MiB.
2026-09-20T03:12:31Z INFO [300/380] 09309710-7953-4215-a409-921c31119ce3: checkpointed 51288 records.
2026-09-20T03:12:33Z INFO [301/380] 09312675-37fc-4db6-ac0c-ff99e155f30a: does not qualify; 1.7 s; peak memory 5973 MiB.
2026-09-20T03:12:34Z INFO [302/380] 0931d85d-402c-4b7b-b7ce-d3959b57f3d6: does not qualify; 0.9 s; peak memory 5973 MiB.
2026-09-20T03:12:41Z INFO [303/380] 09321ad9-04dd-4d1b-8b0d-ffe0ba722cbb: does not qualify; 6.9 s; peak memory 5973 MiB.
2026-09-20T03:12:42Z INFO [304/380] 09329f5a-376a-4ae9-94c8-0df85869beda: does not qualify; 1.1 s; peak memory 5973 MiB.
2026-09-20T03:12:43Z INFO [305/380] 0932aadb-17f5-47a2-b541-562cb3653eeb: does not qualify; 1.1 s; peak memory 5973 MiB.
2026-09-20T03:12:44Z INFO [306/380] 093368c0-df0e-4d78-bbf1-089bd361bd30: does not qualify; 1.0 s; peak memory 5973 MiB.
2026-09-20T03:12:45Z INFO [307/380] 0934ef55-6c17-41d0-9e35-5ec807719b41: does not qualify; 1.1 s; peak memory 5973 MiB.
2026-09-20T03:12:49Z INFO [308/380] 09356f63-a24c-4e14-90e5-10996ae666bb: does not qualify; 3.7 s; peak memory 5973 MiB.
2026-09-20T03:12:50Z INFO [309/380] 0936c2fe-4072-46f7-ab56-53b6a7346658: does not qualify; 0.9 s; peak memory 5973 MiB.
2026-09-20T03:12:51Z INFO [310/380] 09377439-87b0-4757-9a12-6fc1176cac0d: does not qualify; 1.2 s; peak memory 5973 MiB.
2026-09-20T03:12:52Z INFO [311/380] 09385bc4-8f18-4978-a704-dbd43448423c: does not qualify; 1.2 s; peak memory 5973 MiB.
2026-09-20T03:12:53Z INFO [312/380] 0939c469-666a-4de7-9771-549c7399e120: does not qualify; 0.8 s; peak memory 5973 MiB.
2026-09-20T03:12:55Z INFO [313/380] 093a065f-a6d7-4ff7-8653-905f3c681ca1: does not qualify; 2.3 s; peak memory 5973 MiB.
2026-09-20T03:12:59Z INFO [314/380] 093a123b-5483-4ebc-87a5-9a1b10f4d5ec: does not qualify; 4.1 s; peak memory 5973 MiB.
2026-09-20T03:13:00Z INFO [315/380] 093a3c94-9384-42f3-80df-2aa2764a3fbf: does not qualify; 0.8 s; peak memory 5973 MiB.
2026-09-20T03:13:03Z INFO [316/380] 093b3a4c-ad0a-4227-bdee-a7ad03649679: does not qualify; 2.8 s; peak memory 5973 MiB.
2026-09-20T03:13:04Z INFO [317/380] 093b8bd7-25ee-4ac6-99c0-4331bf77be93: does not qualify; 1.0 s; peak memory 5973 MiB.
2026-09-20T03:13:05Z INFO [318/380] 093bf5e8-e14d-4d7d-ad5d-a0d5e6ea93e5: does not qualify; 1.3 s; peak memory 5973 MiB.
2026-09-20T03:13:10Z INFO [319/380] 093cb4f9-880a-494c-aae3-284863b3ab7c: does not qualify; 4.8 s; peak memory 5973 MiB.
2026-09-20T03:13:11Z INFO [320/380] 093cfa93-8c3d-427f-9a50-89afde6b7439: does not qualify; 0.9 s; peak memory 5973 MiB.
2026-09-20T03:13:14Z INFO [321/380] 093e3bb6-1336-4035-9c3f-d84362be24c7: does not qualify; 3.0 s; peak memory 5973 MiB.
2026-09-20T03:13:27Z INFO [322/380] 093e79b6-6e12-496c-85c3-0424cd44513e: does not qualify; 13.1 s; peak memory 5973 MiB.
2026-09-20T03:13:28Z INFO [323/380] 093eab9f-26a9-4a6f-8af7-994749a1e317: does not qualify; 0.7 s; peak memory 5973 MiB.
2026-09-20T03:13:30Z INFO [324/380] 09400f07-1df6-492c-a81c-51d3c3fa973d: does not qualify; 2.1 s; peak memory 5973 MiB.
2026-09-20T03:13:31Z INFO [325/380] 0940964a-a96e-4c8d-bf02-50dc5ee65879: does not qualify; 0.8 s; peak memory 5973 MiB.
2026-09-20T03:13:41Z INFO [326/380] 0940b241-3901-439f-becf-328e3e9cb427: does not qualify; 10.1 s; peak memory 5973 MiB.
2026-09-20T03:13:41Z INFO [327/380] 0941141f-cbdc-43a5-9b3a-437b6d1d82ef: does not qualify; 0.7 s; peak memory 5973 MiB.
2026-09-20T03:13:44Z INFO [328/380] 09412692-df96-4be0-8e30-896b01f90615: does not qualify; 2.7 s; peak memory 5973 MiB.
2026-09-20T03:13:48Z INFO [329/380] 0942e709-8b0e-4a77-ba3d-615cf25c15ab: does not qualify; 3.9 s; peak memory 5973 MiB.
2026-09-20T03:13:53Z INFO [330/380] 09451a78-8d6a-4911-bc38-83f2c8e23a0e: does not qualify; 5.3 s; peak memory 5973 MiB.
2026-09-20T03:13:55Z INFO [331/380] 0945217e-2721-441f-80ad-ff21400633b9: does not qualify; 1.2 s; peak memory 5973 MiB.
2026-09-20T03:13:55Z INFO [332/380] 09459563-dbf0-4757-873e-191bb4e0b3e4: does not qualify; 0.7 s; peak memory 5973 MiB.
2026-09-20T03:13:56Z INFO [333/380] 0946b9f3-a2d6-49c6-838b-8f00e7ef52e0: does not qualify; 0.9 s; peak memory 5973 MiB.
2026-09-20T03:14:02Z INFO [334/380] 09470cd2-2c7f-401d-9bf6-ddfbfb36f214: does not qualify; 5.9 s; peak memory 5973 MiB.
2026-09-20T03:14:03Z INFO [335/380] 094752b3-9a95-4dfd-a139-7290f80892d8: does not qualify; 0.9 s; peak memory 5973 MiB.
2026-09-20T03:14:04Z INFO [336/380] 09476d6c-8346-44c5-a710-ad14c7d0cb7a: does not qualify; 0.8 s; peak memory 5973 MiB.
2026-09-20T03:14:05Z INFO [337/380] 0947ff51-dfe1-422f-a3cd-a57cae774c54: does not qualify; 0.9 s; peak memory 5973 MiB.
2026-09-20T03:14:06Z INFO [338/380] 09491397-1b85-4279-9774-9479ebbc7fd4: does not qualify; 1.0 s; peak memory 5973 MiB.
2026-09-20T03:14:06Z INFO [339/380] 094a045e-612d-4c21-8b36-3e61938f0381: does not qualify; 0.8 s; peak memory 5973 MiB.
2026-09-20T03:14:07Z INFO [340/380] 094a4560-c779-4e37-9dcf-151f82468f96: does not qualify; 0.8 s; peak memory 5973 MiB.
2026-09-20T03:14:08Z INFO [341/380] 094a6e73-2a3d-498b-a720-7d9c4d12133b: does not qualify; 0.9 s; peak memory 5973 MiB.
2026-09-20T03:14:13Z INFO [342/380] 094aafeb-f6d0-425e-8515-8c64b7255ba8: does not qualify; 5.1 s; peak memory 5973 MiB.
2026-09-20T03:14:14Z INFO [343/380] 094c08f3-4338-4fed-bf08-3b9a014accbc: does not qualify; 1.3 s; peak memory 5973 MiB.
2026-09-20T03:14:15Z INFO [344/380] 094c0bb6-0092-45f9-bbce-11dfbac78b4c: does not qualify; 0.8 s; peak memory 5973 MiB.
2026-09-20T03:14:17Z INFO [345/380] 094d13c5-dcbd-4fa4-b627-ac420ef5e7cd: does not qualify; 2.1 s; peak memory 5973 MiB.
2026-09-20T03:14:18Z INFO [346/380] 094d1bed-ee8e-4752-84a0-a90ce5542962: does not qualify; 1.1 s; peak memory 5973 MiB.
2026-09-20T03:14:19Z INFO [347/380] 094d2f66-84b1-4e91-9ffd-11ef3486fcec: does not qualify; 1.0 s; peak memory 5973 MiB.
2026-09-20T03:14:20Z INFO [348/380] 094da687-128b-4abd-ab47-035390f014f7: does not qualify; 0.7 s; peak memory 5973 MiB.
2026-09-20T03:14:21Z INFO [349/380] 094deb8f-3512-467b-adc0-067405804369: does not qualify; 1.1 s; peak memory 5973 MiB.
2026-09-20T03:14:22Z INFO [350/380] 094e55fc-e2c5-4bf9-a23e-9c58b7090cd9: does not qualify; 1.2 s; peak memory 5973 MiB.
2026-09-20T03:14:22Z INFO [350/380] 094e55fc-e2c5-4bf9-a23e-9c58b7090cd9: checkpointed 51338 records.
2026-09-20T03:14:24Z INFO [351/380] 094e808e-e155-4178-abb6-546acbf47386: does not qualify; 1.1 s; peak memory 5973 MiB.
2026-09-20T03:14:25Z INFO [352/380] 095070f9-5195-44a6-a9eb-6596cd2f4917: does not qualify; 1.5 s; peak memory 5973 MiB.
2026-09-20T03:14:26Z INFO [353/380] 09510a19-ac5a-4bb3-afa9-6bbb9238be07: does not qualify; 0.9 s; peak memory 5973 MiB.
2026-09-20T03:14:27Z INFO [354/380] 095240ae-acd7-4072-95c4-86c1254cf61e: does not qualify; 1.4 s; peak memory 5973 MiB.
2026-09-20T03:14:28Z INFO [355/380] 0952bde1-5c3e-4616-b62d-6ddfa168e3ab: does not qualify; 0.8 s; peak memory 5973 MiB.
2026-09-20T03:14:29Z INFO [356/380] 0953546f-4600-4a47-b38a-1250b1c22f88: does not qualify; 1.0 s; peak memory 5973 MiB.
2026-09-20T03:14:32Z INFO [357/380] 09535572-acc5-4b3f-83e2-a19f0468c32c: does not qualify; 2.4 s; peak memory 5973 MiB.
2026-09-20T03:14:37Z INFO [358/380] 0954dd90-3fae-4208-83cf-6e800b395fff: does not qualify; 5.1 s; peak memory 5973 MiB.
2026-09-20T03:14:44Z INFO [359/380] 09559d87-c40e-448d-8ae7-ab9df93dcb1c: does not qualify; 7.7 s; peak memory 5973 MiB.
2026-09-20T03:14:45Z INFO [360/380] 095604e1-29b7-4226-b2c7-e21661ee6920: does not qualify; 0.9 s; peak memory 5973 MiB.
2026-09-20T03:14:46Z INFO [361/380] 095704bf-ad93-4c5a-88bd-b68ef2e202f2: does not qualify; 0.9 s; peak memory 5973 MiB.
2026-09-20T03:14:52Z INFO [362/380] 09576f3b-3072-4a7e-a5dc-9832a6d28cb8: does not qualify; 5.6 s; peak memory 5973 MiB.
2026-09-20T03:14:52Z INFO [363/380] 0958e296-cd39-4d0f-94d2-19626e57d09e: does not qualify; 0.8 s; peak memory 5973 MiB.
2026-09-20T03:14:53Z INFO [364/380] 0958e964-5fec-4ff0-8650-c1cd5a09287c: does not qualify; 0.8 s; peak memory 5973 MiB.
2026-09-20T03:14:54Z INFO [365/380] 0958f03f-0a67-455c-a6a7-66454a01520d: does not qualify; 0.9 s; peak memory 5973 MiB.
2026-09-20T03:14:56Z INFO [366/380] 09592b12-2484-4466-897d-bb8e00496aae: does not qualify; 1.9 s; peak memory 5973 MiB.
2026-09-20T03:14:57Z INFO [367/380] 09595921-d88f-440b-ab42-6cd655240be2: does not qualify; 1.0 s; peak memory 5973 MiB.
2026-09-20T03:14:58Z INFO [368/380] 095a66ac-542a-42d6-88a3-1df6eb7a92e8: does not qualify; 0.8 s; peak memory 5973 MiB.
2026-09-20T03:14:59Z INFO [369/380] 095b91bd-15fe-4198-a64f-cbff3059abc7: does not qualify; 1.2 s; peak memory 5973 MiB.
2026-09-20T03:15:00Z INFO [370/380] 095cc933-7e9e-4cc4-b4ac-e0b9d99dd85e: does not qualify; 1.0 s; peak memory 5973 MiB.
2026-09-20T03:15:01Z INFO [371/380] 095ce7e7-2687-4be6-9c16-02925fe06bf9: does not qualify; 1.1 s; peak memory 5973 MiB.
2026-09-20T03:15:02Z INFO [372/380] 095d346c-93ea-4cee-9fa9-28a81faa6876: does not qualify; 1.2 s; peak memory 5973 MiB.
2026-09-20T03:15:03Z INFO [373/380] 095ea4d0-f3a5-4195-bcb3-ca6eee953c77: does not qualify; 1.2 s; peak memory 5973 MiB.
2026-09-20T03:15:04Z INFO [374/380] 0960f56d-26fe-47f0-8c21-a93724834033: does not qualify; 1.0 s; peak memory 5973 MiB.
2026-09-20T03:15:05Z INFO [375/380] 096201c7-54a9-48af-b780-142fbcadc494: does not qualify; 1.1 s; peak memory 5973 MiB.
2026-09-20T03:15:13Z INFO [376/380] 09620f27-0c29-4bfb-9bea-8b2842e6ad01: does not qualify; 7.0 s; peak memory 5973 MiB.
2026-09-20T03:15:20Z INFO [377/380] 09629b88-1cca-4235-9de5-2c508c6a4ef4: does not qualify; 7.4 s; peak memory 5973 MiB.
2026-09-20T03:15:21Z INFO [378/380] 0962bd7a-9582-4cdd-bff4-6c7865ae3809: does not qualify; 0.9 s; peak memory 5973 MiB.
2026-09-20T03:15:22Z INFO [379/380] 096304fd-2532-4817-8410-94a8752cb371: does not qualify; 0.8 s; peak memory 5973 MiB.
2026-09-20T03:15:22Z INFO [380/380] 0963f020-e329-46b7-bc30-664292eb5f80: does not qualify; 0.8 s; peak memory 5973 MiB.
2026-09-20T03:15:22Z INFO Wrote 51368 records to /tmp/derivatives/qualifying_lfp_content_ids.jsonl (380 new, 0 failed) in 15.0 min (peak memory 5973 MiB).
