2026-09-21T11:47:45Z INFO Logging to /tmp/logs/update_2026-09-21T11-47-45Z.log.
2026-09-21T11:47:45Z INFO Update qualifying-lfp-content-ids (base directory /tmp).
2026-09-21T11:47:47Z INFO Processing 367 items (52494 already recorded).
2026-09-21T11:47:53Z INFO [1/367] 0bbcea62-4814-424c-8235-a91142dfcfec: does not qualify; 6.1 s; peak memory 228 MiB.
2026-09-21T11:47:56Z INFO [2/367] 0bbd1683-6581-49ac-82e1-c84eab485531: does not qualify; 2.6 s; peak memory 228 MiB.
2026-09-21T11:47:58Z INFO [3/367] 0bbd6962-0ba4-4a61-94b4-161a3d4a5efb: does not qualify; 2.1 s; peak memory 228 MiB.
2026-09-21T11:48:00Z INFO [4/367] 0bbf052e-3878-46a3-a14d-57df85586f72: does not qualify; 2.0 s; peak memory 228 MiB.
2026-09-21T11:48:11Z INFO [5/367] 0bbf8c8e-a200-4f9b-9edc-3b12a6033178: does not qualify; 10.9 s; peak memory 241 MiB.
2026-09-21T11:48:23Z INFO [6/367] 0bc1a430-05a1-4a8a-a541-d5726602326c: does not qualify; 12.7 s; peak memory 476 MiB.
2026-09-21T11:48:26Z INFO [7/367] 0bc1d8d2-92ff-4324-86b8-2699a1980ad0: does not qualify; 2.6 s; peak memory 476 MiB.
2026-09-21T11:48:28Z INFO [8/367] 0bc20038-2aa0-4089-8940-6b4d988457ab: does not qualify; 2.0 s; peak memory 476 MiB.
2026-09-21T11:48:29Z INFO [9/367] 0bc34c6e-b471-4c8c-9e72-72ec064b4a37: does not qualify; 1.6 s; peak memory 476 MiB.
2026-09-21T11:48:36Z INFO [10/367] 0bc3cd29-cbe4-4c8b-8319-328890f73918: does not qualify; 6.4 s; peak memory 476 MiB.
2026-09-21T11:48:38Z INFO [11/367] 0bc52c99-bf98-47d6-a856-e05133a2751d: does not qualify; 2.3 s; peak memory 476 MiB.
2026-09-21T11:48:40Z INFO [12/367] 0bc5a608-7e35-4511-82d5-c333916c3a32: does not qualify; 2.0 s; peak memory 476 MiB.
2026-09-21T11:48:42Z INFO [13/367] 0bc5f9f4-c30e-454e-9cb1-bbf8aed651c9: does not qualify; 1.6 s; peak memory 476 MiB.
2026-09-21T11:48:43Z INFO [14/367] 0bc6ed24-1620-4f22-bf77-0e8af77f2a7d: does not qualify; 1.4 s; peak memory 476 MiB.
2026-09-21T11:48:45Z INFO [15/367] 0bc71404-b447-40c2-a6cf-200646978f6c: does not qualify; 1.4 s; peak memory 476 MiB.
2026-09-21T11:48:46Z INFO [16/367] 0bc802cf-682e-4859-abc5-f3cf159b3c42: does not qualify; 1.7 s; peak memory 476 MiB.
2026-09-21T11:48:47Z INFO [17/367] 0bc868d2-7e80-44be-b450-8d6acbfa1fe0: does not qualify; 1.1 s; peak memory 476 MiB.
2026-09-21T11:48:55Z INFO [18/367] 0bc9d397-c0d9-45be-a3ed-cc668becca7c: does not qualify; 8.0 s; peak memory 508 MiB.
2026-09-21T11:48:57Z INFO [19/367] 0bcabc6b-7110-49e5-bf4a-5fcf279f27c3: does not qualify; 2.1 s; peak memory 508 MiB.
2026-09-21T11:49:01Z INFO [20/367] 0bcc3ff1-3109-4980-a980-93244175dc86: qualifies; 3.8 s; peak memory 508 MiB.
2026-09-21T11:49:03Z INFO [21/367] 0bcc781d-1da7-45bf-b8e2-26028deb4a22: does not qualify; 2.1 s; peak memory 508 MiB.
2026-09-21T11:49:07Z INFO [22/367] 0bcdf64b-04d1-4031-ba0a-52115cfba457: does not qualify; 3.7 s; peak memory 508 MiB.
2026-09-21T11:49:08Z INFO [23/367] 0bce13d4-d38d-47a7-8140-64403104e7b7: does not qualify; 1.3 s; peak memory 508 MiB.
2026-09-21T11:49:10Z INFO [24/367] 0bce704c-2716-46eb-8323-6d481f9d28cf: does not qualify; 1.7 s; peak memory 508 MiB.
2026-09-21T11:49:11Z INFO [25/367] 0bce8b8a-1351-436d-9059-5e5af7133fdf: does not qualify; 1.3 s; peak memory 508 MiB.
2026-09-21T11:49:13Z INFO [26/367] 0bced898-a6cb-4b74-a680-718b5f70ae23: does not qualify; 1.7 s; peak memory 508 MiB.
2026-09-21T11:49:14Z INFO [27/367] 0bcefb1f-b534-4275-ad68-fed0ae35e43e: does not qualify; 1.4 s; peak memory 508 MiB.
2026-09-21T11:49:21Z INFO [28/367] 0bcf3a53-8598-411f-9575-7e0f905c1371: does not qualify; 6.5 s; peak memory 508 MiB.
2026-09-21T11:49:23Z INFO [29/367] 0bcfde87-1431-4b9a-b359-e7d0a4426b34: does not qualify; 2.4 s; peak memory 508 MiB.
2026-09-21T11:49:25Z INFO [30/367] 0bcff009-ec8c-4060-a214-132e66aeda93: does not qualify; 2.0 s; peak memory 508 MiB.
2026-09-21T11:49:27Z INFO [31/367] 0bd0e18d-db46-40db-94e4-6326a019e6c7: does not qualify; 2.2 s; peak memory 508 MiB.
2026-09-21T11:49:29Z INFO [32/367] 0bd172d4-eafc-4575-be62-903787f57485: does not qualify; 1.4 s; peak memory 508 MiB.
2026-09-21T11:49:31Z INFO [33/367] 0bd1fa67-a538-45d6-84eb-2d36abd19471: does not qualify; 1.8 s; peak memory 508 MiB.
2026-09-21T11:49:32Z INFO [34/367] 0bd2bda9-6858-4e94-bfb9-b6758dd0322e: does not qualify; 1.3 s; peak memory 508 MiB.
2026-09-21T11:49:34Z INFO [35/367] 0bd31b03-7918-4150-bda2-087cc8b3e14a: does not qualify; 2.1 s; peak memory 508 MiB.
2026-09-21T11:49:38Z INFO [36/367] 0bd36935-95e5-4e4d-ad1f-39966eaa06b8: does not qualify; 4.1 s; peak memory 508 MiB.
2026-09-21T11:49:40Z INFO [37/367] 0bd40234-a176-4928-94d8-8da531f0f595: does not qualify; 1.4 s; peak memory 508 MiB.
2026-09-21T11:49:41Z INFO [38/367] 0bd4c714-54a7-4037-a340-74930d0b581e: does not qualify; 1.5 s; peak memory 508 MiB.
2026-09-21T11:49:43Z INFO [39/367] 0bd5c22c-21a9-434c-a899-f5f658bb0413: does not qualify; 1.7 s; peak memory 508 MiB.
2026-09-21T11:49:45Z INFO [40/367] 0bd689c6-8085-4f00-848d-55ec8dc3e76f: does not qualify; 2.3 s; peak memory 508 MiB.
2026-09-21T11:49:46Z INFO [41/367] 0bd723d1-19b6-467f-8022-f1dbc32c4b43: does not qualify; 1.4 s; peak memory 508 MiB.
2026-09-21T11:49:51Z INFO [42/367] 0bd774c0-db6d-49a6-86c9-39356ebacc4d: does not qualify; 4.5 s; peak memory 508 MiB.
2026-09-21T11:49:53Z INFO [43/367] 0bd77fbd-e33f-4363-92ef-adfbc104d939: does not qualify; 1.9 s; peak memory 508 MiB.
2026-09-21T11:49:54Z INFO [44/367] 0bd7b8ca-5f3a-4006-a80c-0ccaa10ee260: does not qualify; 1.6 s; peak memory 508 MiB.
2026-09-21T11:49:56Z INFO [45/367] 0bd8a181-8f54-4aa7-beb5-d6c066d7fe19: does not qualify; 1.9 s; peak memory 508 MiB.
2026-09-21T11:49:58Z INFO [46/367] 0bd98929-2cdb-4fc6-a7e4-8eaeac2ea978: does not qualify; 1.6 s; peak memory 508 MiB.
2026-09-21T11:50:00Z INFO [47/367] 0bd9d269-df68-4864-883f-3bcb15551fc7: does not qualify; 2.0 s; peak memory 508 MiB.
2026-09-21T11:50:03Z INFO [48/367] 0bda658b-44e1-440b-b57a-773509d7a5ee: does not qualify; 2.7 s; peak memory 508 MiB.
2026-09-21T11:50:04Z INFO [49/367] 0bda89c4-99a8-47fd-9322-fe4c3af9fce6: does not qualify; 1.5 s; peak memory 508 MiB.
2026-09-21T11:50:06Z INFO [50/367] 0bdb5005-a976-4724-b1d6-8d85d9755053: does not qualify; 1.9 s; peak memory 508 MiB.
2026-09-21T11:50:06Z INFO [50/367] 0bdb5005-a976-4724-b1d6-8d85d9755053: checkpointed 52544 records.
2026-09-21T11:50:08Z INFO [51/367] 0bdb884b-79a5-4290-abc4-9448098db9d1: does not qualify; 1.9 s; peak memory 508 MiB.
2026-09-21T11:50:11Z INFO [52/367] 0bdc44aa-d27a-4935-a3fe-60f302fa798e: does not qualify; 2.8 s; peak memory 508 MiB.
2026-09-21T11:50:14Z INFO [53/367] 0bdc4685-162c-4ede-ae70-5424ca2f549c: does not qualify; 3.4 s; peak memory 508 MiB.
2026-09-21T11:50:16Z INFO [54/367] 0bdd04b3-0270-4289-a8e9-0a50898cf708: does not qualify; 1.9 s; peak memory 508 MiB.
2026-09-21T11:50:18Z INFO [55/367] 0bdd54c4-f1b7-4d4b-8680-693c9077917f: does not qualify; 2.1 s; peak memory 508 MiB.
2026-09-21T11:50:20Z INFO [56/367] 0bde8a3e-7ce7-4e76-a67c-b85b4faed006: does not qualify; 1.9 s; peak memory 508 MiB.
2026-09-21T11:50:22Z INFO [57/367] 0bded34a-db3f-46bf-a4f8-cf8147a4d337: does not qualify; 1.8 s; peak memory 508 MiB.
2026-09-21T11:50:23Z INFO [58/367] 0bdee252-beff-450b-94d2-3551dcbca431: does not qualify; 1.3 s; peak memory 508 MiB.
2026-09-21T11:50:25Z INFO [59/367] 0be04d93-44a9-46bb-b29e-9b2ff36744d9: does not qualify; 2.0 s; peak memory 508 MiB.
2026-09-21T11:50:27Z INFO [60/367] 0be051ee-8a61-4261-9bf4-f469e11fcbe4: does not qualify; 1.4 s; peak memory 508 MiB.
2026-09-21T11:50:28Z INFO [61/367] 0be0746d-3ed4-4bf9-95ed-6aa392c0239b: does not qualify; 1.5 s; peak memory 508 MiB.
2026-09-21T11:50:36Z INFO [62/367] 0be08bea-389a-4daf-a90c-acc311e9a6c0: does not qualify; 7.8 s; peak memory 508 MiB.
2026-09-21T11:50:38Z INFO [63/367] 0be0a808-d09d-466e-ac8b-3de399d48cdc: does not qualify; 1.7 s; peak memory 508 MiB.
2026-09-21T11:50:39Z INFO [64/367] 0be1b660-0217-4bd8-9733-72807129e6a4: does not qualify; 1.5 s; peak memory 508 MiB.
2026-09-21T11:50:43Z INFO [65/367] 0be1c9f1-a074-482b-beaf-8035fafe307e: does not qualify; 3.6 s; peak memory 508 MiB.
2026-09-21T11:50:45Z INFO [66/367] 0be23455-a494-4d6b-89d2-4a52ca720b57: does not qualify; 2.4 s; peak memory 508 MiB.
2026-09-21T11:50:46Z INFO [67/367] 0be3f5f4-5629-4dd4-acea-aceb0a8d31a3: does not qualify; 1.3 s; peak memory 508 MiB.
2026-09-21T11:50:48Z INFO [68/367] 0be52d2b-6db6-49c9-a7d4-ca06b5726a91: does not qualify; 1.8 s; peak memory 508 MiB.
2026-09-21T11:50:50Z INFO [69/367] 0be595e1-acb1-433d-b50b-e860c8f70be9: does not qualify; 2.2 s; peak memory 508 MiB.
2026-09-21T11:50:54Z INFO [70/367] 0be5dc3b-eae7-406c-ad48-3f09389267ff: does not qualify; 4.0 s; peak memory 508 MiB.
2026-09-21T11:50:56Z INFO [71/367] 0be60064-ba6c-4a9f-95a8-0b1e1f7a3ce9: does not qualify; 1.4 s; peak memory 508 MiB.
2026-09-21T11:51:09Z INFO [72/367] 0be719c1-00c0-4756-823b-08f15b40391b: does not qualify; 12.9 s; peak memory 508 MiB.
2026-09-21T11:51:10Z INFO [73/367] 0be93f18-8608-4df2-a594-97c67759ffff: does not qualify; 1.8 s; peak memory 508 MiB.
2026-09-21T11:51:12Z INFO [74/367] 0be940c2-8c26-47da-9947-889855e1918d: does not qualify; 1.9 s; peak memory 508 MiB.
2026-09-21T11:51:21Z INFO [75/367] 0be95fc6-b2f9-446b-87ee-2a47175b127c: does not qualify; 8.9 s; peak memory 607 MiB.
2026-09-21T11:51:23Z INFO [76/367] 0be999a5-81a1-45cb-83d3-198b6a32ab60: does not qualify; 1.5 s; peak memory 607 MiB.
2026-09-21T11:51:33Z INFO [77/367] 0bea007c-0c61-4de2-b33b-5e2d3a13923b: does not qualify; 10.8 s; peak memory 607 MiB.
2026-09-21T11:51:35Z INFO [78/367] 0beabc9c-0c5c-4890-a145-ab85be33897f: does not qualify; 2.0 s; peak memory 607 MiB.
2026-09-21T11:51:37Z INFO [79/367] 0beb5b14-3df6-4ec4-837b-9ccaded562c7: does not qualify; 1.8 s; peak memory 607 MiB.
2026-09-21T11:51:40Z INFO [80/367] 0bebd8db-4ad3-4d35-b60a-b85931f34f15: does not qualify; 2.7 s; peak memory 607 MiB.
2026-09-21T11:51:41Z INFO [81/367] 0beca01a-54bd-4714-9b64-f4fcd92c9dcc: does not qualify; 1.4 s; peak memory 607 MiB.
2026-09-21T11:51:43Z INFO [82/367] 0bed09d6-f58a-4715-9f5b-d87f3f43b501: does not qualify; 1.5 s; peak memory 607 MiB.
2026-09-21T11:51:45Z INFO [83/367] 0bee4f44-a071-44b7-a6a9-0c562f8d92c7: does not qualify; 1.8 s; peak memory 607 MiB.
2026-09-21T11:51:47Z INFO [84/367] 0bee5ab4-db69-4f92-a5f5-dd7a20ed91df: does not qualify; 2.0 s; peak memory 607 MiB.
2026-09-21T11:51:53Z INFO [85/367] 0bee8a84-5d66-4337-a23e-9bb555b415cd: does not qualify; 5.9 s; peak memory 607 MiB.
2026-09-21T11:51:55Z INFO [86/367] 0beea927-1d05-4951-b370-5d0df14cbcba: does not qualify; 2.4 s; peak memory 607 MiB.
2026-09-21T11:51:56Z INFO [87/367] 0bef848c-7a1d-423f-8f66-dae0a33c8b0a: does not qualify; 1.4 s; peak memory 607 MiB.
2026-09-21T11:51:58Z INFO [88/367] 0bf03275-5079-4594-bee4-4858fc3bf2d2: does not qualify; 1.8 s; peak memory 607 MiB.
2026-09-21T11:52:00Z INFO [89/367] 0bf03b84-2593-439e-9ea9-965d3762846d: does not qualify; 1.4 s; peak memory 607 MiB.
2026-09-21T11:52:01Z INFO [90/367] 0bf0a692-94b5-4149-8eeb-8344431d8c0d: does not qualify; 1.9 s; peak memory 607 MiB.
2026-09-21T11:52:03Z INFO [91/367] 0bf1bcb2-c64a-45d3-b40b-ad4fa6b79f58: does not qualify; 1.4 s; peak memory 607 MiB.
2026-09-21T11:52:05Z INFO [92/367] 0bf202ee-0bf6-43e4-b3fe-d14c83898694: does not qualify; 2.0 s; peak memory 607 MiB.
2026-09-21T11:52:12Z INFO [93/367] 0bf20ba6-3809-417e-a3af-a8b7156fe10d: does not qualify; 7.5 s; peak memory 607 MiB.
2026-09-21T11:52:14Z INFO [94/367] 0bf22d77-708e-4291-aa74-4e75379cd50e: does not qualify; 1.4 s; peak memory 607 MiB.
2026-09-21T11:52:21Z INFO [95/367] 0bf23b1a-82bd-43f9-ae05-b7599ff7fd26: does not qualify; 7.6 s; peak memory 607 MiB.
2026-09-21T11:52:23Z INFO [96/367] 0bf26de9-8ca8-4331-982a-e27a709aca9a: does not qualify; 1.9 s; peak memory 607 MiB.
2026-09-21T11:52:25Z INFO [97/367] 0bf353bf-6c3f-47d7-b438-a21cab303c12: does not qualify; 1.4 s; peak memory 607 MiB.
2026-09-21T11:52:28Z INFO [98/367] 0bf47f3a-2b67-44c7-a298-51c260d9ae47: does not qualify; 3.7 s; peak memory 607 MiB.
2026-09-21T11:52:36Z INFO [99/367] 0bf49b27-f4e6-4008-9d37-fb48dfd4ebc0: does not qualify; 7.8 s; peak memory 607 MiB.
2026-09-21T11:52:38Z INFO [100/367] 0bf4a089-1ea1-47b6-9bcb-b52b844e7701: does not qualify; 1.5 s; peak memory 607 MiB.
2026-09-21T11:52:38Z INFO [100/367] 0bf4a089-1ea1-47b6-9bcb-b52b844e7701: checkpointed 52594 records.
2026-09-21T11:52:41Z INFO [101/367] 0bf6026d-f890-474c-8ee7-6ab80e95bb00: does not qualify; 3.1 s; peak memory 607 MiB.
2026-09-21T11:52:43Z INFO [102/367] 0bf71dd5-b42d-4773-a39e-45c764aa08f6: does not qualify; 2.4 s; peak memory 607 MiB.
2026-09-21T11:52:51Z INFO [103/367] 0bf7bf21-e55f-4072-a589-0554640d196b: does not qualify; 7.9 s; peak memory 607 MiB.
2026-09-21T11:52:58Z INFO [104/367] 0bf88989-2452-4f92-9471-25b7c30f5844: does not qualify; 6.9 s; peak memory 607 MiB.
2026-09-21T11:53:01Z INFO [105/367] 0bf8be3f-b74b-4b3b-8111-1f6385598eba: does not qualify; 2.7 s; peak memory 607 MiB.
2026-09-21T11:53:02Z INFO [106/367] 0bf950da-e9b8-4185-ae2b-1a153db299ea: does not qualify; 1.5 s; peak memory 607 MiB.
2026-09-21T11:53:04Z INFO [107/367] 0bf97fe4-9258-4985-8974-117918874f90: does not qualify; 2.1 s; peak memory 607 MiB.
2026-09-21T11:53:06Z INFO [108/367] 0bfaf92c-a454-4a4d-a112-a6b22ec7321a: does not qualify; 1.7 s; peak memory 607 MiB.
2026-09-21T11:53:08Z INFO [109/367] 0bfb384e-9d4d-40db-bffb-b3dbb69bd189: does not qualify; 1.8 s; peak memory 607 MiB.
2026-09-21T11:53:14Z INFO [110/367] 0bfbd075-9b6f-455d-94c1-4de5324913fd: does not qualify; 6.0 s; peak memory 607 MiB.
2026-09-21T11:53:15Z INFO [111/367] 0bfc1b50-42be-403e-ba76-73eb2a9d6439: does not qualify; 1.6 s; peak memory 607 MiB.
2026-09-21T11:53:17Z INFO [112/367] 0bfc3322-7d9e-453b-8d53-e54c0c5d6eb9: does not qualify; 1.5 s; peak memory 607 MiB.
2026-09-21T11:53:19Z INFO [113/367] 0bfcac95-a1f8-433d-b727-ff1f636939b9: does not qualify; 2.3 s; peak memory 607 MiB.
2026-09-21T11:53:43Z INFO [114/367] 0bfcc967-d709-4ea1-b982-0c61ae7a58f2: does not qualify; 23.4 s; peak memory 607 MiB.
2026-09-21T11:53:44Z INFO [115/367] 0bfd45a4-99c1-4941-90d7-4e9bf3d8f42b: does not qualify; 1.4 s; peak memory 607 MiB.
2026-09-21T11:53:46Z INFO [116/367] 0bfd6a65-129a-4865-9af6-dc2fdd45a2c2: does not qualify; 2.1 s; peak memory 607 MiB.
2026-09-21T11:53:55Z INFO [117/367] 0bfd9050-c49d-42a3-9067-d8b6c3aa7e4c: does not qualify; 8.9 s; peak memory 660 MiB.
2026-09-21T11:53:59Z INFO [118/367] 0bfd9ae1-7e17-4221-848a-4f6d558494bb: does not qualify; 3.8 s; peak memory 660 MiB.
2026-09-21T11:54:01Z INFO [119/367] 0bfe049c-bb8b-4007-83c0-bf6d8df01702: does not qualify; 1.9 s; peak memory 660 MiB.
2026-09-21T11:54:02Z INFO [120/367] 0bfe656d-5275-451c-a1c5-15b57e4e922e: does not qualify; 1.5 s; peak memory 660 MiB.
2026-09-21T11:54:04Z INFO [121/367] 0bfe9c7a-a991-41f3-a5cd-85737a14ae52: does not qualify; 1.4 s; peak memory 660 MiB.
2026-09-21T11:54:05Z INFO [122/367] 0bfef0d4-8219-4432-a3dc-44cac6fbce48: does not qualify; 1.8 s; peak memory 660 MiB.
2026-09-21T11:54:11Z INFO [123/367] 0bfefd5b-ad99-4e48-973e-d440d5458645: does not qualify; 5.8 s; peak memory 660 MiB.
2026-09-21T11:54:21Z INFO [124/367] 0c0086e2-bf72-4dae-8de6-2c317816fea8: does not qualify; 10.0 s; peak memory 660 MiB.
2026-09-21T11:54:23Z INFO [125/367] 0c01c2e2-c0d7-4375-945e-9abd47741968: does not qualify; 1.4 s; peak memory 660 MiB.
2026-09-21T11:54:29Z INFO [126/367] 0c01db87-564c-49eb-b459-e48b0867216c: does not qualify; 6.5 s; peak memory 660 MiB.
2026-09-21T11:54:34Z INFO [127/367] 0c0244aa-10cc-40dd-a189-819cb2bd20b5: does not qualify; 4.3 s; peak memory 660 MiB.
2026-09-21T11:54:36Z INFO [128/367] 0c02d440-5747-4207-bf75-726b8966e231: does not qualify; 1.9 s; peak memory 660 MiB.
2026-09-21T11:54:37Z INFO [129/367] 0c033e16-687b-483b-a370-a4b25d7eefcb: does not qualify; 1.9 s; peak memory 660 MiB.
2026-09-21T11:54:39Z INFO [130/367] 0c036435-f5e1-4b02-8cee-61edbf7790cf: does not qualify; 1.4 s; peak memory 660 MiB.
2026-09-21T11:54:45Z INFO [131/367] 0c03d995-e16f-4a8a-b14e-61f65a4102d6: does not qualify; 6.5 s; peak memory 660 MiB.
2026-09-21T11:54:47Z INFO [132/367] 0c056b43-6267-48ae-b2bf-0ec117c12194: does not qualify; 1.5 s; peak memory 660 MiB.
2026-09-21T11:54:48Z INFO [133/367] 0c05f8d7-4db4-4e87-8197-025322337f19: does not qualify; 1.5 s; peak memory 660 MiB.
2026-09-21T11:54:50Z INFO [134/367] 0c06ba2d-380c-4171-82d5-0c5f075e7b3b: does not qualify; 1.5 s; peak memory 660 MiB.
2026-09-21T11:54:51Z INFO [135/367] 0c073c33-97f8-4353-be2c-b2fe76aa6fc5: does not qualify; 1.4 s; peak memory 660 MiB.
2026-09-21T11:54:59Z INFO [136/367] 0c079a8b-4343-4566-ac18-af39d1bca5dc: does not qualify; 8.0 s; peak memory 660 MiB.
2026-09-21T11:55:01Z INFO [137/367] 0c0873ee-8af0-40af-90c6-913fbcbc1f93: does not qualify; 1.7 s; peak memory 660 MiB.
2026-09-21T11:55:02Z INFO [138/367] 0c08e2b1-efc9-473f-8b05-6131a84a1936: does not qualify; 1.5 s; peak memory 660 MiB.
2026-09-21T11:55:07Z INFO [139/367] 0c09694b-0f96-4e65-aaf1-af1f7f4a3187: does not qualify; 4.9 s; peak memory 660 MiB.
2026-09-21T11:55:09Z INFO [140/367] 0c0a789b-c523-4280-a8fe-93225d9277d7: does not qualify; 1.4 s; peak memory 660 MiB.
2026-09-21T11:55:10Z INFO [141/367] 0c0a837a-849f-4d35-b2d6-f1bc992dbe1d: does not qualify; 1.5 s; peak memory 660 MiB.
2026-09-21T11:55:19Z INFO [142/367] 0c0ad8a8-60c1-4148-a1b3-666f36fc16aa: does not qualify; 8.8 s; peak memory 660 MiB.
2026-09-21T11:55:21Z INFO [143/367] 0c0c20fd-c4ca-43c0-b103-8ba372f3a7d7: does not qualify; 1.9 s; peak memory 660 MiB.
2026-09-21T11:55:24Z INFO [144/367] 0c0c5077-0950-451d-8c9f-448165156bf7: does not qualify; 3.5 s; peak memory 660 MiB.
2026-09-21T11:55:37Z INFO [145/367] 0c0dbb76-efe6-4339-8b1b-c09a84b384c5: does not qualify; 12.3 s; peak memory 660 MiB.
2026-09-21T11:55:38Z INFO [146/367] 0c0dce25-3030-42f5-ae76-81fd98a7b7c5: does not qualify; 1.8 s; peak memory 660 MiB.
2026-09-21T11:55:43Z INFO [147/367] 0c0e0290-843e-44c4-861e-f33a7346f108: does not qualify; 5.0 s; peak memory 660 MiB.
2026-09-21T11:55:46Z INFO [148/367] 0c0e67e4-7f3c-449f-a18e-2b5577a9ff71: does not qualify; 2.3 s; peak memory 660 MiB.
2026-09-21T11:55:47Z INFO [149/367] 0c0e784f-95ac-4835-a11b-937ac1344eb1: does not qualify; 1.2 s; peak memory 660 MiB.
2026-09-21T11:55:49Z INFO [150/367] 0c0ea99d-f66a-41a5-b905-8332196e402f: does not qualify; 2.4 s; peak memory 660 MiB.
2026-09-21T11:55:49Z INFO [150/367] 0c0ea99d-f66a-41a5-b905-8332196e402f: checkpointed 52644 records.
2026-09-21T11:55:51Z INFO [151/367] 0c0f3236-b508-42c9-93dd-6ef403f97a7e: does not qualify; 1.7 s; peak memory 660 MiB.
2026-09-21T11:55:53Z INFO [152/367] 0c0f91f5-7cf7-4e84-be71-35bec34d05a0: does not qualify; 2.0 s; peak memory 660 MiB.
2026-09-21T11:55:58Z INFO [153/367] 0c102576-35cd-40ca-9780-64e6bfc18e6f: does not qualify; 5.0 s; peak memory 660 MiB.
2026-09-21T11:56:00Z INFO [154/367] 0c10ebf2-ee30-4df4-b78e-e2b3fead1ff6: does not qualify; 2.2 s; peak memory 660 MiB.
2026-09-21T11:56:02Z INFO [155/367] 0c115bca-a458-4138-b185-40a39089a2c6: does not qualify; 1.7 s; peak memory 660 MiB.
2026-09-21T11:56:04Z INFO [156/367] 0c122516-de0b-4f6a-b25e-637936b38f1b: does not qualify; 1.4 s; peak memory 660 MiB.
2026-09-21T11:56:06Z INFO [157/367] 0c125d2c-6908-435e-abed-6000af90c265: does not qualify; 2.1 s; peak memory 660 MiB.
2026-09-21T11:56:24Z INFO [158/367] 0c12e027-075f-4baf-b3ea-c1d666f2e83b: does not qualify; 18.0 s; peak memory 660 MiB.
2026-09-21T11:56:27Z INFO [159/367] 0c12fb8d-0a95-4dab-9330-49901190edf9: does not qualify; 2.8 s; peak memory 660 MiB.
2026-09-21T11:56:36Z INFO [160/367] 0c1307af-2500-40e4-b57d-2b121af63801: does not qualify; 9.0 s; peak memory 660 MiB.
2026-09-21T11:56:37Z INFO [161/367] 0c1346ca-c08f-45fb-8c53-6a31863dbb9f: does not qualify; 1.8 s; peak memory 660 MiB.
2026-09-21T11:56:39Z INFO [162/367] 0c135bf5-edec-45aa-b4d2-10c84f441c4f: does not qualify; 1.4 s; peak memory 660 MiB.
2026-09-21T11:56:40Z INFO [163/367] 0c137387-db8e-4ff4-8d0e-f47390dc1b3a: does not qualify; 1.8 s; peak memory 660 MiB.
2026-09-21T11:56:43Z INFO [164/367] 0c15757f-c7d3-4f46-9968-fca05f2d83ff: does not qualify; 2.6 s; peak memory 660 MiB.
2026-09-21T11:56:45Z INFO [165/367] 0c15f4dd-1915-41d0-935a-762313e2361c: does not qualify; 1.8 s; peak memory 660 MiB.
2026-09-21T11:56:47Z INFO [166/367] 0c161373-8c7b-41c1-94ba-149bcac86151: does not qualify; 1.8 s; peak memory 660 MiB.
2026-09-21T11:56:48Z INFO [167/367] 0c165511-5cd7-4ada-b4e3-e7cd704ff6fc: does not qualify; 1.4 s; peak memory 660 MiB.
2026-09-21T11:56:49Z INFO [168/367] 0c175264-ac4f-4899-8874-2e9dd65fbe2c: does not qualify; 1.4 s; peak memory 660 MiB.
2026-09-21T11:56:56Z INFO [169/367] 0c17bd42-c80b-487a-abec-118c3fcdfff6: does not qualify; 6.9 s; peak memory 660 MiB.
2026-09-21T11:57:00Z INFO [170/367] 0c185c30-4a76-4d9f-95f8-d0c845ed335d: does not qualify; 3.9 s; peak memory 660 MiB.
2026-09-21T11:57:03Z INFO [171/367] 0c188a9f-0d21-4db2-9287-2eb0a899629f: does not qualify; 3.1 s; peak memory 660 MiB.
2026-09-21T11:57:07Z INFO [172/367] 0c189b85-4d97-4e25-8a55-f40acc35c8ad: does not qualify; 3.4 s; peak memory 660 MiB.
2026-09-21T11:57:11Z INFO [173/367] 0c18f685-e0d0-4b06-894a-6e0c4d46a5fd: does not qualify; 4.2 s; peak memory 660 MiB.
2026-09-21T11:57:12Z INFO [174/367] 0c19531f-3dfa-456c-94dd-5869cae76b07: does not qualify; 1.3 s; peak memory 660 MiB.
2026-09-21T11:57:14Z INFO [175/367] 0c1964db-af3e-45f2-ad71-fc6f203d8a5e: does not qualify; 1.5 s; peak memory 660 MiB.
2026-09-21T11:57:15Z INFO [176/367] 0c1995ad-8ace-4f19-9db1-a3d1d3b9ef92: does not qualify; 1.4 s; peak memory 660 MiB.
2026-09-21T11:57:16Z INFO [177/367] 0c19eb56-475a-4e66-a744-d3f009f6c89a: does not qualify; 1.4 s; peak memory 660 MiB.
2026-09-21T11:57:18Z INFO [178/367] 0c1a64bb-ce45-48a2-9046-5a09a96857e2: does not qualify; 1.1 s; peak memory 660 MiB.
2026-09-21T11:57:19Z INFO [179/367] 0c1bbf44-ea24-4034-b7db-c48cb0117ce9: does not qualify; 1.4 s; peak memory 660 MiB.
2026-09-21T11:57:20Z INFO [180/367] 0c1d18c6-4fbd-483b-a941-ec6ff93c56b6: does not qualify; 1.4 s; peak memory 660 MiB.
2026-09-21T11:57:22Z INFO [181/367] 0c1d3186-f133-4c85-bfd2-608e674f094f: does not qualify; 2.0 s; peak memory 660 MiB.
2026-09-21T11:57:24Z INFO [182/367] 0c1d3a75-80cc-40be-909b-47f689574314: does not qualify; 1.6 s; peak memory 660 MiB.
2026-09-21T11:57:26Z INFO [183/367] 0c1dbc83-abd5-4a87-81a0-9c769d636d78: does not qualify; 1.8 s; peak memory 660 MiB.
2026-09-21T11:57:27Z INFO [184/367] 0c1e7f56-e99b-4a80-b453-62731774d62e: does not qualify; 1.5 s; peak memory 660 MiB.
2026-09-21T11:57:29Z INFO [185/367] 0c1f488e-b933-404e-9102-8454afd22ff8: does not qualify; 1.8 s; peak memory 660 MiB.
2026-09-21T11:57:31Z INFO [186/367] 0c1f7977-4049-4279-becf-81a491449cb6: does not qualify; 1.9 s; peak memory 660 MiB.
2026-09-21T11:57:33Z INFO [187/367] 0c1fecd7-71bb-4909-9ac6-b2b291fdf7ff: does not qualify; 1.6 s; peak memory 660 MiB.
2026-09-21T11:57:35Z INFO [188/367] 0c2034c4-4d53-40e0-bbeb-9d2de2da13e5: does not qualify; 2.7 s; peak memory 660 MiB.
2026-09-21T11:57:37Z INFO [189/367] 0c205f9a-b005-4ce0-959a-d834fb9ca45c: does not qualify; 1.9 s; peak memory 660 MiB.
2026-09-21T11:57:38Z INFO [190/367] 0c20b1b8-1eae-4318-bfea-4e593a8c70e2: does not qualify; 1.2 s; peak memory 660 MiB.
2026-09-21T11:57:50Z INFO [191/367] 0c211a57-00cf-4440-b4bb-40a7fb1b0b76: does not qualify; 12.0 s; peak memory 660 MiB.
2026-09-21T11:58:00Z INFO [192/367] 0c218002-08ab-4c8f-bfeb-7f4c06900275: qualifies; 10.1 s; peak memory 660 MiB.
2026-09-21T11:58:02Z INFO [193/367] 0c218614-5284-40ce-90eb-befc6b8623c7: does not qualify; 1.6 s; peak memory 660 MiB.
2026-09-21T11:58:04Z INFO [194/367] 0c21fda6-dd33-429a-878f-7e59ecb98835: does not qualify; 2.1 s; peak memory 660 MiB.
2026-09-21T11:58:06Z INFO [195/367] 0c22582a-1382-4fdb-8acb-c8c7a37d2e5b: does not qualify; 1.7 s; peak memory 660 MiB.
2026-09-21T11:58:09Z INFO [196/367] 0c22c2d0-643d-473e-8fe3-6804107cd649: qualifies; 3.5 s; peak memory 660 MiB.
2026-09-21T11:58:10Z INFO [197/367] 0c233b06-8199-4906-8d59-ebe52dd35c29: does not qualify; 1.2 s; peak memory 660 MiB.
2026-09-21T11:58:26Z INFO [198/367] 0c244f35-63e9-4447-a485-ef7e5b5a2f15: does not qualify; 15.6 s; peak memory 660 MiB.
2026-09-21T11:58:27Z INFO [199/367] 0c253b79-798e-4156-aa6a-b5ceac61c6ec: does not qualify; 1.3 s; peak memory 660 MiB.
2026-09-21T11:58:29Z INFO [200/367] 0c2560bc-855c-49ec-9e72-ea2101a569e5: does not qualify; 1.7 s; peak memory 660 MiB.
2026-09-21T11:58:29Z INFO [200/367] 0c2560bc-855c-49ec-9e72-ea2101a569e5: checkpointed 52694 records.
2026-09-21T11:58:30Z INFO [201/367] 0c258baa-bf9d-4ad9-9e34-1af53801cac7: does not qualify; 1.2 s; peak memory 660 MiB.
2026-09-21T11:58:43Z INFO [202/367] 0c259574-7e6e-4a73-b840-8dc5dffac887: does not qualify; 12.4 s; peak memory 660 MiB.
2026-09-21T11:58:57Z INFO [203/367] 0c26d8b3-47a4-4f9e-af91-f1254154e90d: does not qualify; 13.9 s; peak memory 660 MiB.
2026-09-21T11:59:00Z INFO [204/367] 0c27d3b1-bd7b-48f7-909b-4eb624be119e: does not qualify; 3.2 s; peak memory 660 MiB.
2026-09-21T11:59:02Z INFO [205/367] 0c27dfa9-8b92-4fb0-b7e4-cc13e0d22f76: does not qualify; 1.9 s; peak memory 660 MiB.
2026-09-21T11:59:05Z INFO [206/367] 0c285d0b-0356-48a5-b530-25248ee631db: does not qualify; 3.6 s; peak memory 660 MiB.
2026-09-21T11:59:13Z INFO [207/367] 0c2881d4-0f5c-45f0-9e3d-7f9d7cf3b14e: does not qualify; 8.0 s; peak memory 660 MiB.
2026-09-21T11:59:15Z INFO [208/367] 0c2918eb-756e-467f-9bde-20a90e73fbb7: does not qualify; 1.4 s; peak memory 660 MiB.
2026-09-21T11:59:17Z INFO [209/367] 0c298b3e-1e8e-437c-9f69-7929f9fc9176: does not qualify; 2.1 s; peak memory 660 MiB.
2026-09-21T11:59:18Z INFO [210/367] 0c2a11a2-4af8-47f9-91cb-bf5283e3beb4: does not qualify; 1.1 s; peak memory 660 MiB.
2026-09-21T11:59:19Z INFO [211/367] 0c2a2895-fedb-4001-abc3-033eb1b86ee2: does not qualify; 1.4 s; peak memory 660 MiB.
2026-09-21T11:59:23Z INFO [212/367] 0c2a7727-e386-436e-a9e6-1be373cbe1a1: does not qualify; 3.6 s; peak memory 660 MiB.
2026-09-21T11:59:25Z INFO [213/367] 0c2a9099-90e9-486a-99df-e45198c78fdd: does not qualify; 1.9 s; peak memory 660 MiB.
2026-09-21T11:59:28Z INFO [214/367] 0c2aefbe-8745-4fb4-a5e7-e0f86be6fed1: does not qualify; 2.9 s; peak memory 660 MiB.
2026-09-21T11:59:36Z INFO [215/367] 0c2b7c5a-64bb-4c47-9841-f086c1d485cf: does not qualify; 8.1 s; peak memory 660 MiB.
2026-09-21T11:59:38Z INFO [216/367] 0c2b8ace-e714-4bbc-9abe-50b4be604f74: does not qualify; 1.8 s; peak memory 660 MiB.
2026-09-21T11:59:51Z INFO [217/367] 0c2c9d23-1898-4d90-a204-5a47104cf464: does not qualify; 13.7 s; peak memory 660 MiB.
2026-09-21T11:59:53Z INFO [218/367] 0c2dc47f-74d7-4c90-a459-9aedf41a50fb: does not qualify; 1.9 s; peak memory 660 MiB.
2026-09-21T11:59:55Z INFO [219/367] 0c2dd405-4691-46d9-84fe-1bd9748207fa: does not qualify; 1.4 s; peak memory 660 MiB.
2026-09-21T12:00:10Z INFO [220/367] 0c2e6b21-3a7a-4d3e-aff9-8209de52d859: does not qualify; 15.6 s; peak memory 660 MiB.
2026-09-21T12:00:12Z INFO [221/367] 0c2f12da-f77d-4472-8168-9ffcdec981eb: does not qualify; 1.3 s; peak memory 660 MiB.
2026-09-21T12:00:14Z INFO [222/367] 0c2f6a53-65a8-4a20-86c6-0e8a80a1e5c4: does not qualify; 1.9 s; peak memory 660 MiB.
2026-09-21T12:00:21Z INFO [223/367] 0c3023a0-4608-4014-a551-f235963cea8f: does not qualify; 7.3 s; peak memory 660 MiB.
2026-09-21T12:00:30Z INFO [224/367] 0c302811-481c-43b9-bdc3-4fc1f068ba03: does not qualify; 9.2 s; peak memory 660 MiB.
2026-09-21T12:00:31Z INFO [225/367] 0c3073ec-5a3c-426a-934f-2824f5f2ebac: does not qualify; 1.2 s; peak memory 660 MiB.
2026-09-21T12:00:32Z INFO [226/367] 0c307c25-c1da-4016-80e7-fe9b02b61a10: does not qualify; 1.2 s; peak memory 660 MiB.
2026-09-21T12:00:43Z INFO [227/367] 0c312f10-ecac-445b-bb9d-383e7a33cf5b: does not qualify; 10.6 s; peak memory 660 MiB.
2026-09-21T12:00:44Z INFO [228/367] 0c314b2a-0a81-40d7-85e3-6cb2fe9a4afb: does not qualify; 1.5 s; peak memory 660 MiB.
2026-09-21T12:00:46Z INFO [229/367] 0c3180ef-f0ef-4a17-9f52-d6dd99183d0c: does not qualify; 1.8 s; peak memory 660 MiB.
2026-09-21T12:00:48Z INFO [230/367] 0c31a2a1-bcc0-4e8b-bee8-cfbf9cd4f952: does not qualify; 2.1 s; peak memory 660 MiB.
2026-09-21T12:00:50Z INFO [231/367] 0c31f0fd-c1b0-4c10-a9af-577ad9785ddf: does not qualify; 2.0 s; peak memory 660 MiB.
2026-09-21T12:00:52Z INFO [232/367] 0c320f9a-f355-4e49-ab89-7d24fe723229: does not qualify; 1.6 s; peak memory 660 MiB.
2026-09-21T12:00:54Z INFO [233/367] 0c32abbf-4ed4-4c2b-b7a1-76d4b1231dc6: does not qualify; 1.9 s; peak memory 660 MiB.
2026-09-21T12:01:04Z INFO [234/367] 0c32ba22-5c3d-4617-b23a-0549b5308976: does not qualify; 10.2 s; peak memory 660 MiB.
2026-09-21T12:01:06Z INFO [235/367] 0c332388-e72f-424b-b939-1abbb45b54c8: does not qualify; 2.1 s; peak memory 660 MiB.
2026-09-21T12:01:12Z INFO [236/367] 0c3323d3-8d6c-423d-afc5-6816085638fa: does not qualify; 6.2 s; peak memory 660 MiB.
2026-09-21T12:01:19Z INFO [237/367] 0c33273c-7e50-41e7-a907-a41a3f92af98: does not qualify; 6.3 s; peak memory 660 MiB.
2026-09-21T12:01:20Z INFO [238/367] 0c352a93-fbc5-4d40-a692-5ec4802a185d: does not qualify; 1.5 s; peak memory 660 MiB.
2026-09-21T12:01:22Z INFO [239/367] 0c353231-0a0b-4cc8-9902-40fb8cd53301: does not qualify; 1.9 s; peak memory 660 MiB.
2026-09-21T12:01:24Z INFO [240/367] 0c355f8a-898e-4f3f-ac3e-4bf50d7327d0: does not qualify; 2.2 s; peak memory 660 MiB.
2026-09-21T12:01:26Z INFO [241/367] 0c36120d-201a-4fcd-b5e7-4325c3a25728: does not qualify; 2.2 s; peak memory 660 MiB.
2026-09-21T12:01:30Z INFO [242/367] 0c378574-f1ab-47e0-9b62-0fda95233ac3: does not qualify; 3.9 s; peak memory 660 MiB.
2026-09-21T12:01:32Z INFO [243/367] 0c37e4b5-6998-48a5-b69a-ce26311ca583: does not qualify; 1.6 s; peak memory 660 MiB.
2026-09-21T12:01:34Z INFO [244/367] 0c380276-2d2d-4c73-9a36-4a2dcaaa9ecc: does not qualify; 2.3 s; peak memory 660 MiB.
2026-09-21T12:01:35Z INFO [245/367] 0c3954ce-a4c7-42ca-a931-d806b87a20ff: does not qualify; 1.3 s; peak memory 660 MiB.
2026-09-21T12:01:38Z INFO [246/367] 0c3a9dc6-e15c-415c-bb51-a0b7d2aa7106: does not qualify; 2.0 s; peak memory 660 MiB.
2026-09-21T12:01:43Z INFO [247/367] 0c3aa9e0-f690-48ba-91b4-594569fabb4b: does not qualify; 5.8 s; peak memory 660 MiB.
2026-09-21T12:01:45Z INFO [248/367] 0c3b5ab4-5f17-444e-8d5f-6498218cbf38: does not qualify; 1.4 s; peak memory 660 MiB.
2026-09-21T12:01:46Z INFO [249/367] 0c3bc5c5-803f-4015-ab57-e615a03747f8: does not qualify; 1.4 s; peak memory 660 MiB.
2026-09-21T12:01:48Z INFO [250/367] 0c3bdb99-6878-43db-a299-b1b7f227ce63: does not qualify; 1.5 s; peak memory 660 MiB.
2026-09-21T12:01:48Z INFO [250/367] 0c3bdb99-6878-43db-a299-b1b7f227ce63: checkpointed 52744 records.
2026-09-21T12:01:49Z INFO [251/367] 0c3cc089-36f8-4ec9-a261-3079d08292c1: does not qualify; 1.5 s; peak memory 660 MiB.
2026-09-21T12:01:53Z INFO [252/367] 0c3fa781-e2c9-47d2-a47d-a7aeec52dc0b: does not qualify; 3.4 s; peak memory 660 MiB.
2026-09-21T12:01:55Z INFO [253/367] 0c407976-b496-4dad-a851-f2a80b909a8c: does not qualify; 1.9 s; peak memory 660 MiB.
2026-09-21T12:01:56Z INFO [254/367] 0c409837-8bdd-45aa-aaae-fa16e758b9df: does not qualify; 1.8 s; peak memory 660 MiB.
2026-09-21T12:01:58Z INFO [255/367] 0c4133fd-1b0f-4a3b-a38a-25de7ba1846a: does not qualify; 1.7 s; peak memory 660 MiB.
2026-09-21T12:02:02Z INFO [256/367] 0c41945e-d1b3-47bf-9102-a1719071133a: does not qualify; 3.6 s; peak memory 660 MiB.
2026-09-21T12:02:04Z INFO [257/367] 0c431ab9-3b5e-45c2-8417-8fa0eb6841a9: does not qualify; 2.2 s; peak memory 660 MiB.
2026-09-21T12:02:05Z INFO [258/367] 0c4321a0-4971-4185-a5c5-350d1c3fafcf: does not qualify; 1.3 s; peak memory 660 MiB.
2026-09-21T12:02:07Z INFO [259/367] 0c438512-f9d8-457b-abf3-d1f6e29f9b25: does not qualify; 1.8 s; peak memory 660 MiB.
2026-09-21T12:02:11Z INFO [260/367] 0c44e10e-df35-4f89-9ecb-7638695ce93b: does not qualify; 3.3 s; peak memory 660 MiB.
2026-09-21T12:02:12Z INFO [261/367] 0c45fcf8-cb56-4a5c-b64d-f0109d2dccb7: does not qualify; 1.1 s; peak memory 660 MiB.
2026-09-21T12:02:20Z INFO [262/367] 0c464fdd-c7d4-4e02-9d85-3f427325c6b3: does not qualify; 8.1 s; peak memory 660 MiB.
2026-09-21T12:02:25Z INFO [263/367] 0c4771b5-4e0e-40ce-a998-16de710c5482: does not qualify; 5.7 s; peak memory 660 MiB.
2026-09-21T12:02:27Z INFO [264/367] 0c480ffe-fd86-4941-8ab5-169aad4b3bc1: does not qualify; 1.2 s; peak memory 660 MiB.
2026-09-21T12:02:28Z INFO [265/367] 0c48149f-09d1-4e4d-9c89-ed0add94f64c: does not qualify; 1.7 s; peak memory 660 MiB.
2026-09-21T12:02:36Z INFO [266/367] 0c4855c4-92ed-4192-8e5e-5622faa188b9: does not qualify; 7.7 s; peak memory 660 MiB.
2026-09-21T12:02:38Z INFO [267/367] 0c48b01d-76ac-413e-b2ef-ce388026b0cb: does not qualify; 1.9 s; peak memory 660 MiB.
2026-09-21T12:02:40Z INFO [268/367] 0c49827e-7d9b-403c-b44a-2228c1e6af84: does not qualify; 2.2 s; peak memory 660 MiB.
2026-09-21T12:02:44Z INFO [269/367] 0c499789-5a19-4101-9efc-42359477ca2f: does not qualify; 3.8 s; peak memory 660 MiB.
2026-09-21T12:02:49Z INFO [270/367] 0c4b0ea3-2224-4613-af4b-39a81761d6c2: does not qualify; 4.9 s; peak memory 660 MiB.
2026-09-21T12:02:56Z INFO [271/367] 0c4d59b8-816e-433e-9be9-d68679ad46b3: does not qualify; 7.0 s; peak memory 660 MiB.
2026-09-21T12:02:57Z INFO [272/367] 0c4da781-28f1-4abd-868c-4a1871e30df8: does not qualify; 1.2 s; peak memory 660 MiB.
2026-09-21T12:03:01Z INFO [273/367] 0c4ea4a7-a657-49a4-995c-07e19a8ad4c6: does not qualify; 3.4 s; peak memory 660 MiB.
2026-09-21T12:03:10Z INFO [274/367] 0c4f9b49-de10-4615-b425-3646e5ec1725: does not qualify; 9.4 s; peak memory 660 MiB.
2026-09-21T12:03:12Z INFO [275/367] 0c4ff800-1903-4449-af49-74c6687686ed: does not qualify; 1.9 s; peak memory 660 MiB.
2026-09-21T12:03:22Z INFO [276/367] 0c507981-09e4-4094-858e-2ef4d22e8963: does not qualify; 10.0 s; peak memory 660 MiB.
2026-09-21T12:03:24Z INFO [277/367] 0c50a121-ed07-4691-ae70-e9b0c69bfbe4: does not qualify; 2.0 s; peak memory 660 MiB.
2026-09-21T12:03:33Z INFO [278/367] 0c525f6c-404f-4bd4-88ed-2694e83e5667: does not qualify; 9.2 s; peak memory 660 MiB.
2026-09-21T12:03:35Z INFO [279/367] 0c52b260-b23b-44fd-a966-41d9d7bbe447: does not qualify; 1.9 s; peak memory 660 MiB.
2026-09-21T12:03:37Z INFO [280/367] 0c5328bb-5a9c-40df-a54c-7c0b26e75a9f: does not qualify; 1.8 s; peak memory 660 MiB.
2026-09-21T12:03:39Z INFO [281/367] 0c535f8a-15b9-4320-82ce-71ce766fcf06: does not qualify; 2.6 s; peak memory 660 MiB.
2026-09-21T12:03:42Z INFO [282/367] 0c542ab4-2a46-4b4a-9957-9716ef7e37a9: does not qualify; 2.4 s; peak memory 660 MiB.
2026-09-21T12:03:43Z INFO [283/367] 0c54e835-cf7f-49d3-988b-89b2bffee393: does not qualify; 1.4 s; peak memory 660 MiB.
2026-09-21T12:03:45Z INFO [284/367] 0c556efe-c3e5-457e-903b-fc61ee620f89: does not qualify; 1.5 s; peak memory 660 MiB.
2026-09-21T12:03:46Z INFO [285/367] 0c570702-b0d2-4d4e-bbca-03049344ccbc: does not qualify; 1.2 s; peak memory 660 MiB.
2026-09-21T12:03:57Z INFO [286/367] 0c571fe5-da5d-4f37-ac4f-dc8c4d35a829: does not qualify; 11.6 s; peak memory 660 MiB.
2026-09-21T12:03:59Z INFO [287/367] 0c579ef8-7201-40cc-8908-1ef01067e894: does not qualify; 1.7 s; peak memory 660 MiB.
2026-09-21T12:04:01Z INFO [288/367] 0c57d1c1-99bb-459b-a13d-2ad942983206: does not qualify; 1.8 s; peak memory 660 MiB.
2026-09-21T12:04:03Z INFO [289/367] 0c58534e-101e-4d79-ab8c-8d1930a4b485: does not qualify; 2.0 s; peak memory 660 MiB.
2026-09-21T12:04:05Z INFO [290/367] 0c58d8a4-7973-49e6-82c4-c7b8fd7b167f: does not qualify; 2.2 s; peak memory 660 MiB.
2026-09-21T12:04:06Z INFO [291/367] 0c58e8f2-304c-4544-bc09-8041b9e3bce0: does not qualify; 1.3 s; peak memory 660 MiB.
2026-09-21T12:04:09Z INFO [292/367] 0c5b13a3-eb42-42da-af92-5fbcf5534fe4: does not qualify; 2.2 s; peak memory 660 MiB.
2026-09-21T12:04:10Z INFO [293/367] 0c5b4734-e6ec-436a-a4ee-05b7277ed0fa: does not qualify; 1.9 s; peak memory 660 MiB.
2026-09-21T12:04:13Z INFO [294/367] 0c5b4de0-f201-41ed-9afc-68abb1bb82c7: does not qualify; 2.2 s; peak memory 660 MiB.
2026-09-21T12:04:14Z INFO [295/367] 0c5c58c0-cf97-4695-bb4b-6fb92b859c37: does not qualify; 1.5 s; peak memory 660 MiB.
2026-09-21T12:04:15Z INFO [296/367] 0c5d3c11-6c0c-4f2f-99a7-0078b1a010c8: does not qualify; 1.4 s; peak memory 660 MiB.
2026-09-21T12:04:17Z INFO [297/367] 0c5d9c96-261d-4dea-b392-b916437d1603: does not qualify; 1.7 s; peak memory 660 MiB.
2026-09-21T12:04:19Z INFO [298/367] 0c5ddfcf-7d50-4d3e-8d3d-caf0fef678db: does not qualify; 1.5 s; peak memory 660 MiB.
2026-09-21T12:04:20Z INFO [299/367] 0c5e733e-cb3f-45d5-ba00-0803ef377120: does not qualify; 1.8 s; peak memory 660 MiB.
2026-09-21T12:04:22Z INFO [300/367] 0c5eb826-6d32-4d63-bee3-67f375c4544d: does not qualify; 2.0 s; peak memory 660 MiB.
2026-09-21T12:04:23Z INFO [300/367] 0c5eb826-6d32-4d63-bee3-67f375c4544d: checkpointed 52794 records.
2026-09-21T12:04:24Z INFO [301/367] 0c5f8309-f79d-4fb2-8e96-49d1d7e0caf9: does not qualify; 1.5 s; peak memory 660 MiB.
2026-09-21T12:04:26Z INFO [302/367] 0c60812a-6085-4930-ace0-c7548ef5a301: does not qualify; 2.1 s; peak memory 660 MiB.
2026-09-21T12:04:28Z INFO [303/367] 0c612837-51b8-4f11-8123-a707476c6ef6: does not qualify; 1.6 s; peak memory 660 MiB.
2026-09-21T12:04:29Z INFO [304/367] 0c61a69a-4751-4c3b-8e56-fe2aeba29068: does not qualify; 1.5 s; peak memory 660 MiB.
2026-09-21T12:04:31Z INFO [305/367] 0c61cae7-6bda-4dad-8ca5-0f5f08cecf7b: does not qualify; 1.6 s; peak memory 660 MiB.
2026-09-21T12:04:45Z INFO [306/367] 0c61d606-b845-40b3-a391-e1943ebf50ce: does not qualify; 14.3 s; peak memory 660 MiB.
2026-09-21T12:04:47Z INFO [307/367] 0c627432-87fc-4bf1-9923-32c918d97eb3: does not qualify; 1.9 s; peak memory 660 MiB.
2026-09-21T12:04:49Z INFO [308/367] 0c62967c-04b2-4887-a204-d256ae4efe3f: does not qualify; 1.9 s; peak memory 660 MiB.
2026-09-21T12:04:51Z INFO [309/367] 0c62b415-943a-4993-a231-37aa317abac4: does not qualify; 2.5 s; peak memory 660 MiB.
2026-09-21T12:04:53Z INFO [310/367] 0c62ddf1-2d91-4635-895f-8ab34aac59bc: does not qualify; 1.7 s; peak memory 660 MiB.
2026-09-21T12:05:05Z INFO [311/367] 0c638c41-e227-45d5-a861-7ffe1519db5d: does not qualify; 11.7 s; peak memory 660 MiB.
2026-09-21T12:05:07Z INFO [312/367] 0c63bb7a-ef4c-4138-8769-9fc04547a778: does not qualify; 2.2 s; peak memory 660 MiB.
2026-09-21T12:05:09Z INFO [313/367] 0c63e1b0-5fd0-41b8-b82e-c5e51501b3fc: does not qualify; 1.6 s; peak memory 660 MiB.
2026-09-21T12:05:10Z INFO [314/367] 0c6423a8-7849-46c0-929a-5a1630eebe21: does not qualify; 1.5 s; peak memory 660 MiB.
2026-09-21T12:05:12Z INFO [315/367] 0c64467b-6f56-4af1-ac06-c31f84e4fa38: does not qualify; 1.6 s; peak memory 660 MiB.
2026-09-21T12:05:13Z INFO [316/367] 0c64e785-3589-4082-a517-7a5e45a1c4ce: does not qualify; 1.6 s; peak memory 660 MiB.
2026-09-21T12:05:23Z INFO [317/367] 0c6558f0-3685-4b98-952b-491353838feb: does not qualify; 10.0 s; peak memory 660 MiB.
2026-09-21T12:05:25Z INFO [318/367] 0c65c066-d2e1-48c5-8d16-da755d0f3b9a: does not qualify; 1.8 s; peak memory 660 MiB.
2026-09-21T12:05:28Z INFO [319/367] 0c6673c0-58b9-4b97-bc3e-3b1464e81a9d: does not qualify; 2.5 s; peak memory 660 MiB.
2026-09-21T12:05:29Z INFO [320/367] 0c667e71-cfc2-494b-ac37-15220c12f999: does not qualify; 1.5 s; peak memory 660 MiB.
2026-09-21T12:05:32Z INFO [321/367] 0c66bf2d-8db2-4cce-9734-1dc986e94b3a: does not qualify; 2.9 s; peak memory 660 MiB.
2026-09-21T12:05:35Z INFO [322/367] 0c66d1e9-cbdd-4104-bd25-d66e5d417647: does not qualify; 2.8 s; peak memory 660 MiB.
2026-09-21T12:05:37Z INFO [323/367] 0c6755b0-76b2-4dba-b083-e0107d8757fa: does not qualify; 1.8 s; peak memory 660 MiB.
2026-09-21T12:05:38Z INFO [324/367] 0c675791-1538-44a6-ab60-590f38099dc3: does not qualify; 1.3 s; peak memory 660 MiB.
2026-09-21T12:05:41Z INFO [325/367] 0c68091b-1cd2-42c1-82b7-86c80e46ca35: does not qualify; 2.3 s; peak memory 660 MiB.
2026-09-21T12:05:42Z INFO [326/367] 0c696697-571b-442f-a731-57e6b56afb3b: does not qualify; 1.4 s; peak memory 660 MiB.
2026-09-21T12:06:06Z INFO [327/367] 0c69bad3-03d6-4e0e-91d0-b89a356fd06a: does not qualify; 23.6 s; peak memory 660 MiB.
2026-09-21T12:06:07Z INFO [328/367] 0c6b17fe-6af8-4523-956c-86cba5b063e9: does not qualify; 1.1 s; peak memory 660 MiB.
2026-09-21T12:06:13Z INFO [329/367] 0c6b441f-8ca6-4bd6-9b95-c0d633c1cfd9: does not qualify; 6.3 s; peak memory 660 MiB.
2026-09-21T12:06:15Z INFO [330/367] 0c6b9c8a-1ac0-4863-b92f-c8a9d0e51fbd: does not qualify; 2.2 s; peak memory 660 MiB.
2026-09-21T12:06:16Z INFO [331/367] 0c6bcf65-d15b-45ae-8775-335d78dc1bd1: does not qualify; 1.2 s; peak memory 660 MiB.
2026-09-21T12:06:18Z INFO [332/367] 0c6bfa95-e3ff-430f-a5b7-d5fc0b57a8ef: does not qualify; 1.5 s; peak memory 660 MiB.
2026-09-21T12:06:20Z INFO [333/367] 0c6cf122-8c19-496d-af3c-1d07e7fcbf58: does not qualify; 1.7 s; peak memory 660 MiB.
2026-09-21T12:06:21Z INFO [334/367] 0c6d0b9d-40ce-44ec-bad5-3321b4a2ae63: does not qualify; 1.5 s; peak memory 660 MiB.
2026-09-21T12:06:23Z INFO [335/367] 0c6d5b88-9d68-484e-8cdb-4dd598744511: does not qualify; 1.4 s; peak memory 660 MiB.
2026-09-21T12:06:24Z INFO [336/367] 0c6eedce-e3eb-4ebe-84aa-2e80b309432b: does not qualify; 1.2 s; peak memory 660 MiB.
2026-09-21T12:06:25Z INFO [337/367] 0c704488-24be-4d7c-b6b2-6bea095cf3de: does not qualify; 1.1 s; peak memory 660 MiB.
2026-09-21T12:06:26Z INFO [338/367] 0c704c57-b119-493a-b842-f90df44c3d5f: does not qualify; 1.4 s; peak memory 660 MiB.
2026-09-21T12:06:28Z INFO [339/367] 0c732853-4cb9-42b3-a7d2-79574755196d: does not qualify; 1.6 s; peak memory 660 MiB.
2026-09-21T12:06:30Z INFO [340/367] 0c73df42-fffa-4dd4-9467-0779046a9a33: does not qualify; 1.8 s; peak memory 660 MiB.
2026-09-21T12:06:31Z INFO [341/367] 0c73ee85-8fc9-4ddc-ad7d-a88bfe4e620b: does not qualify; 1.7 s; peak memory 660 MiB.
2026-09-21T12:06:33Z INFO [342/367] 0c741342-6d89-4ace-99c0-afc99391cd25: does not qualify; 1.7 s; peak memory 660 MiB.
2026-09-21T12:06:35Z INFO [343/367] 0c745431-bcaf-4912-b015-8f0a9e663a23: does not qualify; 1.7 s; peak memory 660 MiB.
2026-09-21T12:06:37Z INFO [344/367] 0c749ee1-c4d7-483b-b4e9-ba1b7baab02a: does not qualify; 2.0 s; peak memory 660 MiB.
2026-09-21T12:06:38Z INFO [345/367] 0c758475-98bf-4905-aa5d-3a7770d3c91c: does not qualify; 1.3 s; peak memory 660 MiB.
2026-09-21T12:06:39Z INFO [346/367] 0c759dce-0d25-42dd-9bdf-9d7f69ae2164: does not qualify; 1.4 s; peak memory 660 MiB.
2026-09-21T12:06:42Z INFO [347/367] 0c76eab9-8f9f-40c8-9ca2-a586b9074dd2: does not qualify; 2.8 s; peak memory 660 MiB.
2026-09-21T12:06:46Z INFO [348/367] 0c771081-e0eb-4bd1-8ea9-611483813b49: does not qualify; 3.9 s; peak memory 660 MiB.
2026-09-21T12:06:53Z INFO [349/367] 0c779355-620f-4f39-9726-2ccc17096fc7: does not qualify; 7.1 s; peak memory 660 MiB.
2026-09-21T12:07:02Z INFO [350/367] 0c7860a1-bee4-4e69-89c9-62eff4112bbb: does not qualify; 8.5 s; peak memory 660 MiB.
2026-09-21T12:07:02Z INFO [350/367] 0c7860a1-bee4-4e69-89c9-62eff4112bbb: checkpointed 52844 records.
2026-09-21T12:07:05Z INFO [351/367] 0c78a2ff-ed0e-413d-a7a4-915b48b362a3: does not qualify; 3.0 s; peak memory 660 MiB.
2026-09-21T12:07:06Z INFO [352/367] 0c7969a6-b665-40c7-9746-745449dc1761: does not qualify; 1.6 s; peak memory 660 MiB.
2026-09-21T12:07:08Z INFO [353/367] 0c7a7468-057a-4722-b475-539b064d7325: does not qualify; 1.8 s; peak memory 660 MiB.
2026-09-21T12:07:12Z INFO [354/367] 0c7b9d85-cfc0-47e9-b528-90e5ea2d9aaf: does not qualify; 3.7 s; peak memory 660 MiB.
2026-09-21T12:07:14Z INFO [355/367] 0c7ba3df-8404-4622-9f20-14b8daaaed7c: does not qualify; 1.9 s; peak memory 660 MiB.
2026-09-21T12:07:15Z INFO [356/367] 0c7e7a39-6a3f-433b-824d-d6c7dcdc11d9: does not qualify; 1.4 s; peak memory 660 MiB.
2026-09-21T12:07:18Z INFO [357/367] 0c8007ad-873a-4544-a8ae-f193e27f2994: does not qualify; 2.9 s; peak memory 660 MiB.
2026-09-21T12:07:19Z INFO [358/367] 0c800d5c-a284-426c-8059-c2543d82ed32: does not qualify; 1.2 s; peak memory 660 MiB.
2026-09-21T12:07:22Z INFO [359/367] 0c80b49d-c8b2-40a7-bb99-e399dce92175: does not qualify; 2.2 s; peak memory 660 MiB.
2026-09-21T12:07:32Z INFO [360/367] 0c80fa5b-19ca-45a3-8cd3-df57a8b21574: does not qualify; 10.0 s; peak memory 660 MiB.
2026-09-21T12:07:33Z INFO [361/367] 0c81697d-4bf4-487b-9830-9b8f647ae17b: does not qualify; 1.6 s; peak memory 660 MiB.
2026-09-21T12:07:35Z INFO [362/367] 0c81b2f1-e767-4c9a-b6fe-f7ecc0720a41: does not qualify; 1.7 s; peak memory 660 MiB.
2026-09-21T12:07:36Z INFO [363/367] 0c81c6e4-2323-4b7c-b62f-8ae74d23898f: does not qualify; 1.2 s; peak memory 660 MiB.
2026-09-21T12:07:38Z INFO [364/367] 0c828fd4-4140-440e-b486-24f3296199e6: does not qualify; 1.5 s; peak memory 660 MiB.
2026-09-21T12:07:40Z INFO [365/367] 0c8299f9-0afd-4ad6-b8e6-736541aaa6e0: does not qualify; 2.2 s; peak memory 660 MiB.
2026-09-21T12:07:42Z INFO [366/367] 0c82aac9-8234-4ccd-9a2f-414c4da4d7d7: does not qualify; 1.8 s; peak memory 660 MiB.
2026-09-21T12:07:44Z INFO [367/367] 0c83f4da-96dc-4e5e-b0b5-9c0789fa727a: does not qualify; 2.1 s; peak memory 660 MiB.
2026-09-21T12:07:44Z INFO Wrote 52861 records to /tmp/derivatives/qualifying_lfp_content_ids.jsonl (367 new, 0 failed) in 19.9 min (peak memory 660 MiB).
